passed: tests__fixtures__levels__home_showcase
passed: tests__fixtures__levels__office_asset_review
passed: tests__fixtures__levels__pool_showcase
passed: tests__fixtures__levels__outdoor_kit_showcase
passed: assets__levels__winter
passed: assets__levels__lantern_hollow
passed: assets__levels__model_zoo
passed: assets__levels__movement_test
passed: assets__levels__places_demo
passed: levels__blizzard_review
passed: levels__geometry_intentional
passed: levels__home_showcase
passed: levels__level0_pit
passed: levels__snowfall_contrast
passed: tests__fixtures__levels__art_style_hero
passed: tests__fixtures__levels__art_style_hero_atmosphere
passed: tests__fixtures__levels__art_style_hero_aurora
passed: tests__fixtures__levels__art_style_hero_night
passed: tests__fixtures__levels__art_style_hero_refined
passed: tests__fixtures__levels__art_style_hero_stage4_comparison
passed: tests__fixtures__levels__art_style_hero_stage4_entities
passed: tests__fixtures__levels__art_style_hero_stage4_movement
passed: tests__fixtures__levels__art_style_hero_stage4_switchable
passed: tests__fixtures__levels__art_style_hero_storm
passed: tests__fixtures__levels__art_style_hero_transparency
passed: tests__fixtures__levels__asset_polish_showcase
passed: tests__fixtures__levels__capacity_dense
passed: tests__fixtures__levels__entity_showcase
passed: tests__fixtures__levels__fog_void_validation
passed: tests__fixtures__levels__geometry_broken
passed: tests__fixtures__levels__geometry_intentional
passed: tests__fixtures__levels__halloween_entities
expected-named-loader-rejection: tests__fixtures__levels__invalid__geometry_invalid
passed: tests__fixtures__levels__level0_pit
passed: tests__fixtures__levels__lighting_diagnostic
passed: tests__fixtures__levels__lighting_isolation
passed: tests__fixtures__levels__lighting_quality
passed: tests__fixtures__levels__lighting_repair_cases
passed: tests__fixtures__levels__prop_showcase
passed: tests__fixtures__levels__prop_stress
passed: tests__fixtures__levels__rendering_diagnostic
passed: tests__fixtures__levels__repair__clean
passed: tests__fixtures__levels__repair__gap_review
passed: tests__fixtures__levels__repair__wall_step_x
passed: tests__fixtures__levels__repair__wall_step_z
passed: tests__fixtures__levels__round_pool_and_proximity_fade
passed: tests__fixtures__levels__test_room
passed: tests__fixtures__levels__vertical_diagnostic
passed: tests__fixtures__levels__water_transmission
