   Compiling places v0.8.0 (/Users/connordawkins/Documents/GitHub/Places)
    Finished `test` profile [optimized + debuginfo] target(s) in 37.43s
     Running unittests src/lib.rs (target/debug/deps/places-4d06d8c90f45374a)

running 28 tests
test geometry_check::tests::ghost_face_support_rejects_unsupported_and_partial_boxes ... ok
test geometry_check::tests::ghost_face_support_preserves_real_holes_between_coplanar_fragments ... ok
test geometry_check::tests::ghost_face_support_requires_coplanarity_and_positive_area ... ok
test geometry_check::tests::ghost_face_support_accepts_containing_triangle_with_outside_centroid ... ok
test geometry_check::tests::checker_arguments_and_reports_are_stable ... ok
test geometry_check::tests::repair_arguments_are_stable ... ok
test geometry_check::tests::the_authority_can_be_either_side ... ok
test geometry_check::tests::a_thickness_transition_is_review_only ... ok
test geometry_check::tests::ambiguous_authority_and_oversized_shifts_are_review_only ... ok
test geometry_check::tests::a_doorway_lintel_participates_in_the_joint ... ok
test geometry_check::tests::the_emitted_matcher_flags_a_missing_or_undeclared_joint_face ... ok
test geometry_check::tests::large_coordinates_and_small_features_keep_the_classification ... ok
test geometry_check::tests::a_correct_shared_edge_and_a_perpendicular_corner_are_not_joints ... ok
test geometry_check::tests::a_rigid_wall_step_is_an_auto_repairable_error ... ok
test geometry_check::tests::a_coplanar_gap_is_a_review_warning_and_a_covered_gap_is_not ... ok
test geometry_check::tests::the_maintained_clean_levels_have_no_wall_joints ... ok
test geometry_check::tests::the_invalid_fixture_is_rejected_and_the_checker_still_names_the_problems ... ok
test geometry_check::tests::duplicate_placements_and_dressing_layers_are_reported ... ok
test geometry_check::tests::the_plane_tolerance_boundary_is_one_millimetre ... ok
test geometry_check::tests::the_broken_fixture_reports_its_planted_defects ... ok
test geometry_check::tests::water_basin_skirts_do_not_duplicate_the_divider_faces ... ok
test geometry_check::tests::the_planner_repairs_the_fixture_with_the_coupled_edits ... ok
test geometry_check::tests::hero_collision_partitions_have_real_face_support ... ok
test geometry_check::tests::the_intentional_fixture_is_clean ... ok
test geometry_check::tests::walking_crouching_and_landing_at_curved_surfaces ... ok
test geometry_check::tests::rendering_diagnostic_panels_do_not_overlap_the_base_wall ... ok
test geometry_check::tests::curved_primitives_generate_tight_collision_and_material_variety ... ok
test geometry_check::tests::the_shipped_demo_reports_only_the_confirmed_wall_step ... ok

test result: ok. 28 passed; 0 failed; 0 ignored; 0 measured; 2132 filtered out; finished in 50.35s

