ACTUAL_COMMAND ['docker', 'exec', 'places-art-style-stage7-linux-v1', 'cargo', 'check', '--locked', '--workspace', '--all-targets', '--all-features']
   Compiling proc-macro2 v1.0.107
   Compiling quote v1.0.47
   Compiling unicode-ident v1.0.26
    Checking cfg-if v1.0.5
   Compiling cfg_aliases v0.2.2
    Checking foldhash v0.2.0
    Checking equivalent v1.0.2
   Compiling autocfg v1.5.1
   Compiling libc v0.2.189
   Compiling thiserror v2.0.21
   Compiling libm v0.2.16
   Compiling num-traits v0.2.19
    Checking hashbrown v0.17.1
    Checking bitflags v2.13.2
   Compiling syn v3.0.6
   Compiling syn v2.0.119
    Checking indexmap v2.14.2
   Compiling zerocopy v0.8.58
   Compiling vcpkg v0.2.15
   Compiling pkg-config v0.3.34
    Checking rustc-hash v1.1.0
    Checking log v0.4.34
   Compiling thiserror-impl v2.0.21
   Compiling bytemuck_derive v1.12.1
   Compiling naga v30.0.1
    Checking raw-window-handle v0.6.2
    Checking bit-vec v0.9.1
   Compiling zerocopy-derive v0.8.58
    Checking unicode-width v0.2.2
   Compiling ash v0.38.0+1.3.281
   Compiling parking_lot_core v0.9.12
   Compiling version_check v0.9.5
    Checking bytemuck v1.25.2
    Checking naga-types v30.0.1
   Compiling generic-array v0.14.7
    Checking codespan-reporting v0.13.1
    Checking bit-set v0.10.0
    Checking spirv v0.4.0+sdk-1.4.341.0
    Checking libloading v0.8.9
    Checking scopeguard v1.2.0
    Checking allocator-api2 v0.2.21
    Checking smallvec v1.16.1
    Checking simd-adler32 v0.3.10
    Checking static_assertions v1.1.0
    Checking once_cell v1.21.4
    Checking arrayvec v0.7.8
    Checking wgpu-types v30.0.1
    Checking hashbrown v0.16.1
    Checking lock_api v0.4.14
   Compiling sdl3-sys v0.7.1+SDL-3.4.16
   Compiling wgpu-hal v30.0.1
   Compiling crc32fast v1.5.2
    Checking adler2 v2.0.1
    Checking presser v0.3.1
    Checking typenum v1.20.1
    Checking parking_lot v0.12.5
    Checking ordered-float v5.5.0
    Checking renderdoc-sys v1.1.0
   Compiling serde_core v1.0.229
    Checking profiling v1.0.18
    Checking miniz_oxide v0.9.1
   Compiling wgpu-core v30.0.1
    Checking half v2.7.1
   Compiling litrs v1.0.0
   Compiling zmij v1.0.23
    Checking zlib-rs v0.6.8
   Compiling sdl3 v0.20.0
   Compiling document-features v0.2.12
    Checking flate2 v1.1.10
    Checking block-buffer v0.10.4
    Checking crypto-common v0.1.7
   Compiling wgpu v30.0.1
    Checking memchr v2.8.3
   Compiling serde v1.0.229
   Compiling serde_json v1.0.151
    Checking digest v0.10.7
    Checking miniz_oxide v0.8.9
    Checking fdeflate v0.3.7
   Compiling serde_derive v1.0.229
    Checking wgpu-naga-bridge v30.0.1
    Checking cpufeatures v0.2.17
    Checking gpu-allocator v0.28.0
    Checking typed-path v0.12.3
    Checking itoa v1.0.18
    Checking zip v8.6.0
    Checking sha2 v0.10.9
    Checking png v0.18.1
    Checking wgpu-core-deps-windows-linux-android v30.0.1
    Checking pollster v1.0.1
    Checking glam v0.29.3
    Checking places v0.8.0 (/source)
    Finished `dev` profile [optimized + debuginfo] target(s) in 27.06s
ACTUAL_COMMAND ['docker', 'exec', 'places-art-style-stage7-linux-v1', 'cargo', 'clippy', '--locked', '--workspace', '--all-targets', '--all-features', '--', '-D', 'warnings']
    Checking places v0.8.0 (/source)
    Finished `dev` profile [optimized + debuginfo] target(s) in 22.68s
ACTUAL_COMMAND ['docker', 'exec', 'places-art-style-stage7-linux-v1', 'cargo', 'clippy', '--locked', '--release', '--workspace', '--all-targets', '--all-features', '--', '-D', 'warnings']
   Compiling proc-macro2 v1.0.107
   Compiling quote v1.0.47
   Compiling unicode-ident v1.0.26
   Compiling libc v0.2.189
   Compiling thiserror v2.0.21
   Compiling libm v0.2.16
   Compiling cfg_aliases v0.2.2
   Compiling autocfg v1.5.1
   Compiling zerocopy v0.8.58
    Checking cfg-if v1.0.5
   Compiling naga v30.0.1
   Compiling num-traits v0.2.19
   Compiling ash v0.38.0+1.3.281
   Compiling parking_lot_core v0.9.12
   Compiling syn v3.0.6
   Compiling syn v2.0.119
   Compiling version_check v0.9.5
   Compiling vcpkg v0.2.15
   Compiling generic-array v0.14.7
   Compiling pkg-config v0.3.34
    Checking foldhash v0.2.0
   Compiling wgpu-hal v30.0.1
   Compiling crc32fast v1.5.2
    Checking equivalent v1.0.2
    Checking hashbrown v0.17.1
   Compiling serde_core v1.0.229
    Checking bitflags v2.13.2
    Checking indexmap v2.14.2
   Compiling sdl3-sys v0.7.1+SDL-3.4.16
   Compiling thiserror-impl v2.0.21
   Compiling bytemuck_derive v1.12.1
   Compiling zerocopy-derive v0.8.58
   Compiling wgpu-core v30.0.1
    Checking rustc-hash v1.1.0
    Checking log v0.4.34
   Compiling zmij v1.0.23
   Compiling litrs v1.0.0
    Checking naga-types v30.0.1
    Checking bit-vec v0.9.1
   Compiling document-features v0.2.12
    Checking unicode-width v0.2.2
    Checking raw-window-handle v0.6.2
    Checking codespan-reporting v0.13.1
    Checking bit-set v0.10.0
    Checking bytemuck v1.25.2
    Checking spirv v0.4.0+sdk-1.4.341.0
    Checking libloading v0.8.9
   Compiling wgpu v30.0.1
   Compiling sdl3 v0.20.0
    Checking simd-adler32 v0.3.10
    Checking scopeguard v1.2.0
    Checking smallvec v1.16.1
   Compiling serde v1.0.229
   Compiling serde_json v1.0.151
    Checking allocator-api2 v0.2.21
    Checking static_assertions v1.1.0
    Checking once_cell v1.21.4
    Checking arrayvec v0.7.8
    Checking wgpu-types v30.0.1
    Checking hashbrown v0.16.1
    Checking lock_api v0.4.14
   Compiling serde_derive v1.0.229
    Checking half v2.7.1
    Checking typenum v1.20.1
    Checking adler2 v2.0.1
    Checking presser v0.3.1
    Checking parking_lot v0.12.5
    Checking ordered-float v5.5.0
    Checking profiling v1.0.18
    Checking renderdoc-sys v1.1.0
    Checking miniz_oxide v0.9.1
    Checking zlib-rs v0.6.8
    Checking flate2 v1.1.10
    Checking wgpu-naga-bridge v30.0.1
    Checking crypto-common v0.1.7
    Checking block-buffer v0.10.4
    Checking memchr v2.8.3
    Checking gpu-allocator v0.28.0
    Checking digest v0.10.7
    Checking miniz_oxide v0.8.9
    Checking fdeflate v0.3.7
    Checking cpufeatures v0.2.17
    Checking wgpu-core-deps-windows-linux-android v30.0.1
    Checking typed-path v0.12.3
    Checking itoa v1.0.18
    Checking zip v8.6.0
    Checking sha2 v0.10.9
    Checking png v0.18.1
    Checking glam v0.29.3
    Checking pollster v1.0.1
    Checking places v0.8.0 (/source)
    Finished `release` profile [optimized] target(s) in 33.10s
Actual Linux ARM64 all-target checking and strict debug/release Clippy passed; linking/tests/Vulkan runtime remain separate checks.
