    Updating crates.io index
 Downloading crates ...
  Downloaded equivalent v1.0.2
  Downloaded generic-array v0.14.7
  Downloaded zip v8.6.0
  Downloaded wgpu-core-deps-apple v30.0.1
  Downloaded document-features v0.2.12
  Downloaded rustc-hash v1.1.0
  Downloaded windows-numerics v0.3.1
  Downloaded wasm-bindgen-macro v0.2.128
  Downloaded wgpu-naga-bridge v30.0.1
  Downloaded cfg_aliases v0.2.2
  Downloaded digest v0.10.7
  Downloaded version_check v0.9.5
  Downloaded wasm-bindgen-futures v0.4.78
  Downloaded crypto-common v0.1.7
  Downloaded cfg-if v1.0.5
  Downloaded windows-collections v0.3.2
  Downloaded windows-result v0.4.1
  Downloaded pollster v1.0.1
  Downloaded android_system_properties v0.1.6
  Downloaded adler2 v2.0.1
  Downloaded block-buffer v0.10.4
  Downloaded wgpu-core-deps-windows-linux-android v30.0.1
  Downloaded naga-types v30.0.1
  Downloaded raw-window-metal v1.1.0
  Downloaded scopeguard v1.2.0
  Downloaded windows-link v0.2.1
  Downloaded windows-strings v0.5.1
  Downloaded parking_lot_core v0.9.12
  Downloaded crunchy v0.2.4
  Downloaded renderdoc-sys v1.1.0
  Downloaded itoa v1.0.18
  Downloaded wasm-bindgen-shared v0.2.128
  Downloaded range-alloc v0.1.5
  Downloaded cpufeatures v0.2.17
  Downloaded pkg-config v0.3.34
  Downloaded litrs v1.0.0
  Downloaded zmij v1.0.23
  Downloaded fdeflate v0.3.7
  Downloaded windows-implement v0.60.2
  Downloaded profiling v1.0.18
  Downloaded windows-threading v0.2.1
  Downloaded windows-interface v0.59.3
  Downloaded futures-task v0.3.34
  Downloaded futures-core v0.3.34
  Downloaded slab v0.4.12
  Downloaded simd-adler32 v0.3.10
  Downloaded autocfg v1.5.1
  Downloaded smallvec v1.16.1
  Downloaded lock_api v0.4.14
  Downloaded bytemuck_derive v1.12.1
  Downloaded objc2-quartz-core v0.3.2
  Downloaded bit-set v0.10.0
  Downloaded rustversion v1.0.23
  Downloaded thiserror-impl v2.0.21
  Downloaded sha2 v0.10.9
  Downloaded thiserror v2.0.21
  Downloaded quote v1.0.47
  Downloaded parking_lot v0.12.5
  Downloaded proc-macro2 v1.0.107
  Downloaded raw-window-handle v0.6.2
  Downloaded presser v0.3.1
  Downloaded redox_syscall v0.5.18
  Downloaded objc2-io-surface v0.3.2
  Downloaded foldhash v0.2.0
  Downloaded libloading v0.8.9
  Downloaded pin-project-lite v0.2.17
  Downloaded windows-future v0.3.2
  Downloaded windows-core v0.62.2
  Downloaded crc32fast v1.5.2
  Downloaded serde_derive v1.0.229
  Downloaded miniz_oxide v0.8.9
  Downloaded serde_core v1.0.229
  Downloaded bit-vec v0.9.1
  Downloaded serde v1.0.229
  Downloaded static_assertions v1.1.0
  Downloaded bitflags v2.13.2
  Downloaded block2 v0.6.2
  Downloaded unicode-ident v1.0.26
  Downloaded objc2-encode v4.1.0
  Downloaded once_cell v1.21.4
  Downloaded log v0.4.34
  Downloaded bytemuck v1.25.2
  Downloaded num-traits v0.2.19
  Downloaded arrayvec v0.7.8
  Downloaded ordered-float v5.5.0
  Downloaded dispatch2 v0.3.1
  Downloaded half v2.7.1
  Downloaded portable-atomic-util v0.2.8
  Downloaded gpu-allocator v0.28.0
  Downloaded spirv v0.4.0+sdk-1.4.341.0
  Downloaded allocator-api2 v0.2.21
  Downloaded flate2 v1.1.10
  Downloaded miniz_oxide v0.9.1
  Downloaded codespan-reporting v0.13.1
  Downloaded objc2-core-graphics v0.3.2
  Downloaded typenum v1.20.1
  Downloaded hashbrown v0.16.1
  Downloaded png v0.18.1
  Downloaded bumpalo v3.20.3
  Downloaded wasm-bindgen v0.2.128
  Downloaded serde_json v1.0.151
  Downloaded vcpkg v0.2.15
  Downloaded memchr v2.8.3
  Downloaded js-sys v0.3.105
  Downloaded typed-path v0.12.3
  Downloaded indexmap v2.14.2
  Downloaded wasm-bindgen-macro-support v0.2.128
  Downloaded zerocopy-derive v0.8.58
  Downloaded wgpu-types v30.0.1
  Downloaded hashbrown v0.17.1
  Downloaded wgpu-core v30.0.1
  Downloaded libm v0.2.16
  Downloaded futures-util v0.3.34
  Downloaded objc2-core-foundation v0.3.2
  Downloaded zlib-rs v0.6.8
  Downloaded portable-atomic v1.15.0
  Downloaded wgpu v30.0.1
  Downloaded ash v0.38.0+1.3.281
  Downloaded objc2-metal v0.3.2
  Downloaded glam v0.29.3
  Downloaded sdl3-sys v0.7.1+SDL-3.4.16
  Downloaded unicode-width v0.2.2
  Downloaded zerocopy v0.8.58
  Downloaded sdl3 v0.20.0
  Downloaded objc2 v0.6.4
  Downloaded syn v2.0.119
  Downloaded objc2-foundation v0.3.2
  Downloaded syn v3.0.6
  Downloaded wgpu-hal v30.0.1
  Downloaded web-sys v0.3.105
  Downloaded naga v30.0.1
  Downloaded libc v0.2.189
  Downloaded windows v0.62.2
