{"argv": ["sh", "tools/verify.sh"], "cwd": "/Users/connordawkins/Documents/GitHub/Places", "started_utc": "2026-10-09T02:59:23.466498+00:00", "finished_utc": "2026-10-09T03:45:10.300455+00:00", "elapsed_seconds": 2746.8261987089645, "exit_code": 101, "environment_overrides": {"RUSTC_WRAPPER": ""}, "log": "/Users/connordawkins/Documents/GitHub/Places/docs/art-style/stage7/execution/normal-desktop-gate-v6.log"}
::z_axis_wall_caps_face_out_of_the_wall_solid ... ok
test test_support::fixture_coordinates_preserve_the_exact_integer_boundary ... ok
test ui::tests::bloom_toggles_immediately_and_independently_of_the_quality_level ... ok
test ui::tests::display_and_vsync_changes_ask_the_window_backend_to_reapply ... ok
test ui::tests::enter_toggles_the_advanced_group_and_left_right_is_ignored ... ok
test ui::tests::every_page_generates_exactly_the_rows_it_declares ... ok
test ui::tests::every_screen_draws_inside_the_reference_frame ... ok
test ui::tests::every_settings_row_activates_without_breaking_the_settings ... ok
test ui::tests::fit_text_truncates_without_exceeding_its_budget ... ok
test ui::tests::low_lighting_toggle_is_live_and_advanced_rows_explain_the_override ... ok
test ui::tests::restore_defaults_resets_every_persisted_preference_and_requests_every_apply ... ok
test ui::tests::status_messages_carry_their_own_error_flag ... ok
test ui::tests::text_width_counts_every_glyph_including_spaces_and_unknowns ... ok
test ui::tests::the_advanced_group_starts_collapsed ... ok
test ui::tests::the_advanced_selectors_cycle_all_three_values ... ok
test ui::tests::the_controls_page_shows_jump_and_mouse_sensitivity ... ok
test ui::tests::the_controls_page_shows_the_authoritative_bindings ... ok
test ui::tests::the_expanded_advanced_rows_show_only_player_facing_values ... ok
test ui::tests::the_filtering_selector_cycles_low_medium_high_independently ... ok
test ui::tests::the_menu_shows_effective_values_not_stale_saved_ones ... ok
test ui::tests::the_quality_selector_cycles_low_medium_high_and_requests_a_graphics ... ok
test ui::tests::the_rebind_prompt_fits_the_panel_for_every_action ... ok
test ui::tests::the_startup_screen_carries_the_preparation_status_not_the_menu ... ok
test ui::tests::vsync_is_applied_immediately_rather_than_at_restart ... ok
test weather::tests::defaults_are_opt_in_and_round_trip_in_semantics ... ok
test weather::tests::invalid_configuration_is_rejected_by_loader ... ok
test zoo_audit::collision_and_routes_work_kilometres_from_the_origin ... ok
test zoo_audit::the_2026_raised_caps_accept_content_past_their_former_boundary ... ok
test zoo_audit::the_beyond_former_limits_fixture_carries_content_the_old_caps_refused ... ok
test zoo_audit::the_beyond_former_limits_package_loads_through_the_reader ... ok
test zoo_audit::the_dense_capacity_fixture_holds_and_collides_at_scale ... ok
test zoo_audit::the_raised_caps_accept_content_past_the_old_boundary ... ok
test zoo_audit::the_zoo_contains_every_required_demonstration ... ok
test zoo_audit::the_zoo_displays_every_catalogued_placeable ... ok
test zoo_audit::the_zoo_instance_ids_are_stable_and_unique ... ok
test zoo_audit::the_zoo_is_well_lit_by_its_own_fixtures ... ok
test zoo_audit::the_zoo_light_props_really_illuminate ... ok
test zoo_audit::the_zoo_spawn_is_clear_and_on_the_floor ... ok
test surface_audit::the_shipped_demo_has_no_coincident_architecture_surfaces ... ok
test lighting::lightmap::tests::the_three_storey_tower_needs_the_raised_page_budget ... ok
test lighting::lightmap::tests::the_shipped_demo_fits_the_page_budget_at_both_profiles ... ok
test render::tests::the_demo_glazes_every_window_and_classifies_the_panes_translucent ... ok
test render::tests::the_demo_bakes_lightmaps_with_every_surface_vertex_charted ... ok
test render::tests::every_lightmapped_vertex_uv_lands_on_its_own_chart_corner ... ok
test render::tests::atlas_texels_carry_the_solver_values_and_dilated_borders ... ok
test render::tests::the_demo_routes_its_reflective_materials_to_a_plane_and_a_probe ... ok
test render::tests::demo_lightmap_low_end_distribution_at_reported_spots ... ok
test lighting::bake::range_audit::baked_light_range_audit_report ... ok
test render::tests::the_demo_bakes_inside_the_page_budget_on_every_level ... ok

failures:

---- loader::tests::the_geometry_revision_is_part_of_both_build_fingerprints stdout ----

thread 'loader::tests::the_geometry_revision_is_part_of_both_build_fingerprints' (19251546) panicked at src/loader/tests.rs:4857:5:
assertion `left == right` failed: water incident-HDR charts extend the seam and roof contracts at geometry revision 6
  left: 7
 right: 6

---- package::world::dependency_tests::the_original_embedded_demo_still_opens_without_an_asset_root stdout ----

thread 'package::world::dependency_tests::the_original_embedded_demo_still_opens_without_an_asset_root' (19251913) panicked at src/package/world/dependency_tests.rs:269:5:
package catalog.json could not be verified: could not read target/agent-work/package-dependencies/package-empty-assets-12026/catalog.json: No such file or directory (os error 2)


failures:
    loader::tests::the_geometry_revision_is_part_of_both_build_fingerprints
    package::world::dependency_tests::the_original_embedded_demo_still_opens_without_an_asset_root

test result: FAILED. 2167 passed; 2 failed; 26 ignored; 0 measured; 0 filtered out; finished in 511.38s

error: test failed, to rerun pass `--lib`

