    Finished `release` profile [optimized] target(s) in 0.19s
catalog: 353 assets (205 placeable), 5 themes
OK (0 warning(s))
prop                      tris  verts       tex      glb  notes
---------------------------------------------------------------
carved-pumpkin            1498   4494   256x256   332.2k (review)
core:armchair              476    923   256x256   181.1k
core:bed                   750   1337   256x256   125.4k (over target)
core:bookshelf             612    697   256x256   116.2k (over target)
core:cabinet               212    432   256x256   101.9k
core:cardboard_box          12     24   256x256   116.2k
core:chair                 704   1329   256x256   131.2k (over target)
core:couch                 544   1232   256x256   178.0k (over target)
core:crate                  80     91   256x256    96.9k
core:desk                  356    720   256x256   106.8k
core:exit_sign             396    778   256x256    66.3k
core:fridge                108    216   256x256   151.9k
core:hot_tub               384    768   128x128    36.3k
core:lamp                  448   1024   256x256   271.9k
core:painting_frame_landscape_01    48     96   256x256   124.1k
core:plant                 512   1168   256x256   174.2k (over target)
core:pool_chair            360    796   256x256    24.5k
core:pool_curtain_corner   564   1144   256x256    49.4k (over target)
core:pool_curtain_end      324    664   256x256    36.8k
core:pool_curtain_straight   612   1256   256x256    52.4k (over target)
core:pool_guardrail_corner   244    568   256x256    36.7k
core:pool_guardrail_end    152    352   256x256    31.1k
core:pool_guardrail_straight   212    488   256x256    34.6k
core:pool_ladder           608   1312   256x256    62.9k (over target)
core:pool_table            320    752   256x256    23.3k
core:rubber_duck           560   1248   256x256    73.3k (over target)
core:rug                    12     24   256x256   260.0k
core:sink                  242    447   256x256    80.2k
core:stop_sign              88    208   256x256    54.2k
core:stove                 142    282   256x256    98.9k
core:table                 340    480   256x256   120.9k
core:tv                     94    165   256x256    78.4k
core:vending_machine       252    504   256x256   114.6k
core:washer_drum           154    289   256x256   103.1k
core:washing_machine       164    294   256x256    56.6k
core:water_cooler          556   1144   256x256   108.9k (over target)
home:armchair              360    816   256x256    81.7k
home:ball_light            320    720   256x256    55.8k
home:book_stack            112    240   256x256    44.5k
home:bookshelf             384    768   256x256    78.9k
home:bowl                  480   1000     64x64    30.8k
home:cabinet_base          396    864   256x256    57.8k
home:cabinet_strip          24     48   256x256    36.7k
home:cabinet_wall          252    552   256x256    50.0k
home:coffee_table          184    384   256x256    75.9k
home:crt_tv                516   1160   256x256    89.2k (over target)
home:cushion                44     96   256x256    57.2k
home:dining_chair          204    432   256x256    77.3k
home:dining_chair_refined   324    752   256x256    85.6k
home:dining_table          140    288   256x256    73.7k
home:door_casing            72    144   256x256    38.5k
home:floor_lamp            224    488   256x256    49.3k
home:fork                  320    736     64x64    25.1k
home:kettle                308    696   256x256    53.8k
home:knife                 188    416     64x64    16.7k
home:landscape_frame        84    168   256x256    51.8k
home:mug                   420    928   256x256    59.7k
home:outlet                252    552   256x256    50.1k
home:plant_table           376    775     64x64    27.2k
home:plate                 400    840     64x64    26.5k
home:rug                    56    120   256x256    98.6k
home:sink                  668   1496   256x256    74.5k (over target)
home:sofa                  536   1200   256x256    91.7k (over target)
home:spoon                 336    736     64x64    25.2k
home:stove                 704   1680   256x256    79.2k (over target)
home:toaster               112    248   256x256    42.2k
home:tv_console            496   1056   256x256    86.4k
home:wall_switch           232    520   128x128    26.5k
mannequin                 1376   2969   256x256   347.7k (review)
outdoor:boundary_ridge      68    184   256x256    44.7k
outdoor:bush_low           144    336   256x256    67.9k
outdoor:bush_round         144    336   256x256    67.9k
outdoor:campfire_static    744   1810   128x128    80.8k (over target)
outdoor:collision_peg       12     24     32x32     2.9k
outdoor:concrete_step       20     40   128x128    29.8k
outdoor:fence_post          28     64   128x128    27.1k
outdoor:fence_two_rail      96    192   256x256    45.0k
outdoor:grass_patch_large    42     84   256x256    75.0k
outdoor:grass_patch_small    24     48   256x256    73.7k
outdoor:house_01_corner_trim    24     48   128x128    14.6k
outdoor:house_01_gable      32     66   256x256    50.0k
outdoor:house_01_porch_deck    92    184   256x256    54.5k
outdoor:house_01_porch_post    28     64   128x128    15.2k
outdoor:house_01_roof_ridge     8     18   128x128    13.5k
outdoor:house_01_roof_slope    36     72   256x256    50.2k
outdoor:house_01_wall_doorway   138    276   256x256    58.0k
outdoor:house_01_wall_solid    48     96   256x256    51.1k
outdoor:house_01_wall_window   180    360   256x256    61.1k
outdoor:house_02_corner_trim    36     72   128x128    24.0k
outdoor:house_02_gable      56    114   256x256    68.3k
outdoor:house_02_porch_deck    96    192   256x256    70.4k
outdoor:house_02_porch_post    40     88   128x128    24.4k
outdoor:house_02_roof_ridge    20     42   128x128    23.2k
outdoor:house_02_roof_slope    72    144   256x256    69.1k
outdoor:house_02_wall_doorway   132    264   256x256    72.3k
outdoor:house_02_wall_solid    48     96   256x256    67.9k
outdoor:house_02_wall_window   204    408   256x256    77.7k
outdoor:house_03_corner_trim    24     48   128x128    15.1k
outdoor:house_03_gable      56    114   256x256    53.4k
outdoor:house_03_porch_deck   132    264   256x256    59.2k
outdoor:house_03_porch_post    44    104   128x128    17.2k
outdoor:house_03_roof_ridge     8     18   128x128    14.0k
outdoor:house_03_roof_slope    36     72   256x256    51.8k
outdoor:house_03_wall_doorway   138    276   256x256    59.7k
outdoor:house_03_wall_solid    48     96   256x256    52.7k
outdoor:house_03_wall_window   192    384   256x256    63.7k
outdoor:house_04_corner_trim    36     72   128x128    18.1k
outdoor:house_04_gable      44     90   256x256    60.2k
outdoor:house_04_porch_deck    92    184   256x256    63.9k
outdoor:house_04_porch_post    48    104   128x128    20.1k
outdoor:house_04_roof_ridge     8     18   128x128    16.1k
outdoor:house_04_roof_slope    72    144   256x256    62.3k
outdoor:house_04_wall_doorway   138    276   256x256    67.4k
outdoor:house_04_wall_solid    48     96   256x256    60.5k
outdoor:house_04_wall_window   192    384   256x256    71.5k
outdoor:house_05_corner_trim    36     72   128x128    17.3k
outdoor:house_05_gable      44     90   256x256    58.4k
outdoor:house_05_porch_deck   140    280   256x256    65.7k
outdoor:house_05_porch_post    48    104   128x128    18.8k
outdoor:house_05_roof_ridge    20     42   128x128    16.2k
outdoor:house_05_roof_slope    84    168   256x256    61.4k
outdoor:house_05_wall_doorway   162    324   256x256    67.4k
outdoor:house_05_wall_solid    48     96   256x256    58.6k
outdoor:house_05_wall_window   336    672   256x256    80.6k
outdoor:house_corner_trim    24     48   128x128    18.2k
outdoor:house_roof_ridge     8     18   128x128    28.0k
outdoor:house_roof_slope    36     72   256x256   120.1k
outdoor:house_wall_doorway    84    168   256x256    42.5k
outdoor:house_wall_solid    48     96   256x256    40.6k
outdoor:house_wall_window   168    336   256x256    48.5k
outdoor:lamp_fence         176    428   256x256    39.8k
outdoor:lamp_stand         208    508   256x256    41.9k
outdoor:lamp_wall          212    512   256x256    42.0k
outdoor:masonry_pier       144    288   256x256    47.5k
outdoor:porch_canopy        76    184   256x256    44.7k
outdoor:porch_post          76    176   128x128    26.0k
outdoor:porch_railing_corner   112    248   128x128    31.9k
outdoor:porch_railing_end   252    584   128x128    44.5k
outdoor:porch_railing_straight   204    440   128x128    39.2k
outdoor:road_barrier        84    168   256x256    38.1k
outdoor:showcase_boulder    72    162   256x256    44.2k
outdoor:showcase_campfire   744   1810   128x128    83.1k (over target)
outdoor:showcase_curb       24     56   128x128    29.5k
outdoor:showcase_curb_ramp    16     40   128x128    29.1k
outdoor:showcase_road_dash    12     24   128x128    28.7k
outdoor:showcase_road_gate   600   1200   128x128    56.2k (over target)
outdoor:showcase_road_straight    48    104   128x128    30.8k
outdoor:showcase_road_unmarked    24     56   128x128    29.5k
outdoor:showcase_rock_face    72    162   256x256    44.2k
outdoor:showcase_rock_face_variant    72    162   256x256    44.2k
outdoor:showcase_sidewalk    24     56   128x128    29.5k
outdoor:showcase_sidewalk_corner    24     56   128x128    29.5k
outdoor:showcase_sidewalk_transition    24     56   128x128    29.5k
outdoor:showcase_stump_seat    96    216   128x128    30.1k
outdoor:streetlight        256    616   256x256    44.7k
outdoor:tree_01            768   1872   256x256   108.4k (over target)
outdoor:tree_02            720   1752   256x256   105.0k (over target)
outdoor:tree_03            708   1656   256x256   102.6k (over target)
pool:pool_bench            296    624   256x256    20.3k
pool:pool_drain            240    480   256x256    35.0k
pool:pool_service_door     236    492   256x256    17.4k
pumpkin-skeleton          2278   5698   256x256   555.6k (review)
rat                       1428   1846   256x256   288.4k (review)
sheet-ghost               1270   3810   256x256   297.3k (review)
sheet-ghost-cat            902   2706   256x256   237.4k (review)
skeleton                  1492   3214   256x256   238.5k (review)
spooner-man               1374   3019   256x256   692.0k (review)
winter:boulder_snow        108    252   256x256    47.4k
winter:door_hood_snow      166    370   256x256    79.5k
winter:drift_fence          60    140   256x256    82.8k
winter:drift_large          60    140   256x256    82.8k
winter:drift_medium         60    140   256x256    82.8k
winter:drift_small          60    140   256x256    82.8k
winter:drift_wall           60    140   256x256    82.8k
winter:entrance_frame      252    504   256x256    82.3k
winter:fence_post_snow      94    202   128x128    30.6k
winter:ice_fragment         24     60   256x256   115.1k
winter:icicle_cluster_mixed    56    168   256x256    83.6k
winter:icicle_cluster_sparse    24     72   256x256    81.1k
winter:icicle_long           8     24   256x256    79.9k
winter:icicle_medium         8     24   256x256    79.9k
winter:icicle_short          8     24   256x256    79.9k
winter:masonry_pier_snow   210    426   256x256    81.0k
winter:mound_irregular      60    140   256x256    82.8k
winter:railing_snow_corner   244    524   128x128    36.6k
winter:railing_snow_end    318    722   128x128    41.7k
winter:railing_snow_straight   336    716   128x128    41.6k
winter:rock_face_snow       96    222   256x256    46.6k
winter:snow_awning          66    138   256x256    82.7k
winter:snow_door_overhang    66    138   256x256    82.8k
winter:snow_ledge           66    138   256x256    82.7k
winter:snow_porch_edge      66    138   256x256    82.8k
winter:snow_post_cap        66    138   256x256    82.8k
winter:snow_rail_top        66    138   256x256    82.8k
winter:snow_roof_edge       66    138   256x256    82.8k
winter:snow_roof_slope      66    138   256x256    82.8k
winter:snow_stair_edge      66    138   256x256    82.8k
winter:stone_wall_snow     222    450   256x256    81.7k
winter:string_lights_long   760   1752   128x128    58.5k (over target)
winter:string_lights_medium   552   1272   128x128    46.0k (over target)
winter:string_lights_short   344    792   128x128    33.5k
winter:timber_lantern      224    532   256x256    85.2k
winter:tree_snow_01       1284   3240   256x256   144.0k (review)
winter:tree_snow_02       1380   3504   256x256   150.7k (review)
winter:window_frame         84    168   256x256    73.5k
---------------------------------------------------------------
total                    52414                  15523.6k  (205 props, 42340.0 KiB decoded RGBA)
budget: 500 triangles preferred, 800 review, 1500 shipped art max (engine 6000); texture native 256x256 (engine 1024, High/Medium sample 256 / Low 128); pack decoded memory <= 64 MiB
{"animated_models": 10, "clips": 29, "embedded_pngs": 207, "errors": 0, "maps": 50, "materials": 68, "models": 205, "standalone_pngs": 296}
Inventory: target/verification/asset-inventory.json; 18.74 s
{
 "carved-pumpkin": {
  "bytes": 340140,
  "problems": [],
  "clips": [
   {
    "name": "laugh",
    "duration": 2.4000000953674316,
    "channels": 4
   },
   {
    "name": "hop_forward",
    "duration": 1.2,
    "channels": 4
   }
  ],
  "joints": 4
 },
 "pumpkin-skeleton": {
  "bytes": 568928,
  "problems": [],
  "clips": [
   {
    "name": "walk",
    "duration": 1.4,
    "channels": 14
   },
   {
    "name": "collapse_reassemble",
    "duration": 12.0,
    "channels": 188
   }
  ],
  "joints": 94
 },
 "sheet-ghost": {
  "bytes": 304480,
  "problems": [],
  "clips": [
   {
    "name": "float_forward",
    "duration": 4.0,
    "channels": 3
   },
   {
    "name": "idle",
    "duration": 4.8,
    "channels": 3
   }
  ],
  "joints": 3
 },
 "sheet-ghost-cat": {
  "bytes": 243116,
  "problems": [],
  "clips": [
   {
    "name": "idle",
    "duration": 3.6,
    "channels": 5
   },
   {
    "name": "float_forward",
    "duration": 3.0,
    "channels": 5
   }
  ],
  "joints": 5
 }
}
halloween entity material contracts OK (check)
rat: 4 clips, loop/transition boundaries and skin weights OK
mannequin: 5 clips, loop/transition boundaries and skin weights OK
skeleton: 3 clips, loop/transition boundaries and skin weights OK
spooner-man: 7 clips, loop/transition boundaries and skin weights OK
carved-pumpkin: 2 clips, loop/transition boundaries and skin weights OK
pumpkin-skeleton: 2 clips, loop/transition boundaries and skin weights OK
sheet-ghost: 2 clips, loop/transition boundaries and skin weights OK
sheet-ghost-cat: 2 clips, loop/transition boundaries and skin weights OK
ok tests/fixtures/levels/outdoor_kit_showcase.json: current
/Users/connordawkins/Documents/GitHub/Places/assets/levels/places_demo.json: current with tools/levels/build_outdoor_route.py
Lantern Hollow source is deterministic and current
Lighting quality fixture and fixed cameras are current
Winter and severe review sources are deterministic and current
passed: assets__levels__lantern_hollow
passed: assets__levels__model_zoo
passed: assets__levels__movement_test
passed: assets__levels__places_demo
passed: assets__levels__winter
passed: levels__blizzard_review
passed: levels__geometry_intentional
passed: levels__home_showcase
passed: levels__level0_pit
passed: levels__snowfall_contrast
passed: tests__fixtures__levels__art_style_hero
passed: tests__fixtures__levels__art_style_hero_atmosphere
passed: tests__fixtures__levels__art_style_hero_aurora
passed: tests__fixtures__levels__art_style_hero_night
passed: tests__fixtures__levels__art_style_hero_refined
passed: tests__fixtures__levels__art_style_hero_stage4_comparison
passed: tests__fixtures__levels__art_style_hero_stage4_entities
passed: tests__fixtures__levels__art_style_hero_stage4_movement
passed: tests__fixtures__levels__art_style_hero_stage4_switchable
passed: tests__fixtures__levels__art_style_hero_storm
passed: tests__fixtures__levels__art_style_hero_transparency
passed: tests__fixtures__levels__asset_polish_showcase
