{"argv": ["sh", "tools/verify.sh"], "cwd": "/Users/connordawkins/Documents/GitHub/Places", "started_utc": "2026-10-09T03:47:35.282258+00:00", "finished_utc": "2026-10-09T04:06:30.437980+00:00", "elapsed_seconds": 1135.1502795419656, "exit_code": 1, "environment_overrides": {"RUSTC_WRAPPER": ""}, "log": "/Users/connordawkins/Documents/GitHub/Places/docs/art-style/stage7/execution/normal-desktop-gate-v7.log"}
ic batch(es) (floor 40 / ceiling 14 / wall 82 / light 25 / prop box 0 / decal 0), 305 prop batch(es)
[lighting] baked 14 room(s) / 14 baseline area(s) from 85 fixture(s): 1615 wall + 17181 slab + 1662 prop blocker(s), baselines 0.32..0.43 (avg 0.39)
[lightmaps] 10 page(s), 126624 chart(s), 4665539 chart texels, 10485760 page texels (163840 KiB), filled in 0.0 ms
[dynamic] 16 object(s): 26 draw call(s), 9233 vertices (the demonstration path; never part of the static bake); doors: 7/7
[loading] package identity level=wgpu_smoke_second variant=full sha256=3d27853ced2af6c8e71dc467faae0090890bdfcf8d419979aaa01269edd7c0a0 source=/Users/connordawkins/Documents/GitHub/Places/target/agent-work/wgpu-smoke/reload-state/levels/wgpu_smoke_second.placesmap
[loading] compiled-cache miss level=wgpu_smoke_second variant=full
[lightmaps] atlas array: 1 page(s) in 2 layer(s), 1024-texel edge, 16777216 bytes resident
[wgpu] world upload: 8 vertices, 12 indices, 2 draws in 1 chunk(s) (neutral mesh: 8 vertices, 12 indices, 2 ranges)
[wgpu] textures: 2 unique, 2 uploaded, 0 cache hits, 0 fallbacks, 0 missing of 2 draws (11184808 bytes resident, max edge 1024px, high filtering)
[wgpu] materials: 2 resolved (0 response, 0 reflection-eligible), 0 normal maps (0 uploaded, 0 cache hits), 2 opaque / 0 cutout / 0 translucent of 2 draws (enabled response, high level)
[wgpu] decals: 0 draw(s), 0 chunk(s), 1 sheet(s) (0 external, 0 diagnostic)
[loading] committed wgpu_smoke_second
[props] 94 models cached (0 failed), 30954 triangles, 20964 KiB of textures, 0 draw call(s)
[level] 8 static vertices, 0 prop vertices, 0 prop draw call(s), built in 0.5 ms (lighting 0.0 + props 0.0 + surfaces 0.0)
[spatial] 2 static batch(es) (floor 1 / ceiling 1 / wall 0 / light 0 / prop box 0 / decal 0), 0 prop batch(es)
[lighting] baked 1 room(s) / 1 baseline area(s) from 0 fixture(s): 0 wall + 5 slab + 0 prop blocker(s), baselines 0.10..0.10 (avg 0.10)
[lightmaps] 1 page(s), 2 chart(s), 8450 chart texels, 1048576 page texels (16384 KiB), filled in 0.0 ms
[dynamic] 0 object(s): 0 draw call(s), 0 vertices (the demonstration path; never part of the static bake); doors: 0/0
BENCH_SUMMARY {"level":"places_demo","frames":60,"swap_interval":1,"update_mean_ms":10.551,"render_mean_ms":8.739,"swap_mean_ms":0.020,"frame_mean_ms":19.309,"loop_mean_ms":19.347,"frame_median_ms":8.338,"loop_median_ms":8.361,"frame_p95_ms":15.541,"frame_p99_ms":25.344,"loop_p95_ms":15.543,"loop_p99_ms":25.375,"frame_min_ms":0.275,"frame_max_ms":608.773,"loop_min_ms":0.277,"loop_max_ms":608.773,"fps_median":119.60,"fps_p95":64.34,"fps_p99":39.41,"fps_1pct_low":39.41,"fps_mean":51.69,"measured_fps_mean":51.79,"worst_fps":1.64,"total_vertices":8,"visible_vertices":0,"culled_vertices":8,"total_batches":2,"visible_batches":0,"draw_calls":0,"vbo_bytes":608,"index_bytes":24,"texture_binds":0,"material_changes":0,"reflection_passes":0,"visible_indices":0}
BENCH_SUMMARY {"level":"places_demo","frames":60,"swap_interval":1,"update_mean_ms":10.551,"render_mean_ms":8.739,"swap_mean_ms":0.020,"frame_mean_ms":19.309,"loop_mean_ms":19.347,"frame_median_ms":8.338,"loop_median_ms":8.361,"frame_p95_ms":15.541,"frame_p99_ms":25.344,"loop_p95_ms":15.543,"loop_p99_ms":25.375,"frame_min_ms":0.275,"frame_max_ms":608.773,"loop_min_ms":0.277,"loop_max_ms":608.773,"fps_median":119.60,"fps_p95":64.34,"fps_p99":39.41,"fps_1pct_low":39.41,"fps_mean":51.69,"measured_fps_mean":51.79,"worst_fps":1.64,"total_vertices":8,"visible_vertices":0,"culled_vertices":8,"total_batches":2,"visible_batches":0,"draw_calls":0,"vbo_bytes":608,"index_bytes":24,"texture_binds":0,"material_changes":0,"reflection_passes":0,"visible_indices":0}


======================================================================
FAIL: test_ice_has_real_albedo_traction_backing_and_clear_shore_access (test_winter.WinterTests.test_ice_has_real_albedo_traction_backing_and_clear_shore_access)
----------------------------------------------------------------------
Traceback (most recent call last):
  File "/Users/connordawkins/Documents/GitHub/Places/tests/test_winter.py", line 29, in test_ice_has_real_albedo_traction_backing_and_clear_shore_access
    self.assertNotIn('reflection_mode', ice)
    ~~~~~~~~~~~~~~~~^^^^^^^^^^^^^^^^^^^^^^^^
AssertionError: 'reflection_mode' unexpectedly found in {'id': 'winter:ice_01', 'display_name': 'Frozen pond ice', 'asset_class': 'environment', 'theme': 'winter', 'asset_type': 'material', 'source': 'definition', 'surface': 'floor', 'texture': 'winter:tex_ice_01', 'tile_metres': 8, 'tint': [0.86, 0.93, 1], 'specular': 0.38, 'shine': 0.55, 'description': 'Solid slippery blue-gray frozen water: restrained cracks and cloudy facets, translucent body and broad highlights; no mirror reflections.', 'alpha_mode': 'blend', 'opacity': 0.84, 'ground_surface': 'ice', 'reflection_mode': 'probe', 'reflection_strength': 0.28}

----------------------------------------------------------------------
Ran 286 tests in 407.735s

FAILED (failures=3)

