{"argv": ["sh", "tools/verify.sh"], "cwd": "/Users/connordawkins/Documents/GitHub/Places", "started_utc": "2026-10-09T01:09:08.125536+00:00", "finished_utc": "2026-10-09T01:48:32.564588+00:00", "elapsed_seconds": 2364.4300122089917, "exit_code": 1, "environment_overrides": {"RUSTC_WRAPPER": ""}, "log": "/Users/connordawkins/Documents/GitHub/Places/docs/art-style/stage7/execution/normal-desktop-gate-v5.log"}
42340.0 KiB decoded RGBA)
budget: 500 triangles preferred, 800 review, 1500 shipped art max (engine 6000); texture native 256x256 (engine 1024, High/Medium sample 256 / Low 128); pack decoded memory <= 64 MiB
{"animated_models": 10, "clips": 29, "embedded_pngs": 207, "errors": 0, "maps": 50, "materials": 68, "models": 205, "standalone_pngs": 296}
Inventory: target/verification/asset-inventory.json; 18.93 s
{
 "carved-pumpkin": {
  "bytes": 340140,
  "problems": [],
  "clips": [
   {
    "name": "laugh",
    "duration": 2.4000000953674316,
    "channels": 4
   },
   {
    "name": "hop_forward",
    "duration": 1.2,
    "channels": 4
   }
  ],
  "joints": 4
 },
 "pumpkin-skeleton": {
  "bytes": 568928,
  "problems": [],
  "clips": [
   {
    "name": "walk",
    "duration": 1.4,
    "channels": 14
   },
   {
    "name": "collapse_reassemble",
    "duration": 12.0,
    "channels": 188
   }
  ],
  "joints": 94
 },
 "sheet-ghost": {
  "bytes": 304480,
  "problems": [],
  "clips": [
   {
    "name": "float_forward",
    "duration": 4.0,
    "channels": 3
   },
   {
    "name": "idle",
    "duration": 4.8,
    "channels": 3
   }
  ],
  "joints": 3
 },
 "sheet-ghost-cat": {
  "bytes": 243116,
  "problems": [],
  "clips": [
   {
    "name": "idle",
    "duration": 3.6,
    "channels": 5
   },
   {
    "name": "float_forward",
    "duration": 3.0,
    "channels": 5
   }
  ],
  "joints": 5
 }
}
halloween entity material contracts OK (check)
rat: 4 clips, loop/transition boundaries and skin weights OK
mannequin: 5 clips, loop/transition boundaries and skin weights OK
skeleton: 3 clips, loop/transition boundaries and skin weights OK
spooner-man: 7 clips, loop/transition boundaries and skin weights OK
carved-pumpkin: 2 clips, loop/transition boundaries and skin weights OK
pumpkin-skeleton: 2 clips, loop/transition boundaries and skin weights OK
sheet-ghost: 2 clips, loop/transition boundaries and skin weights OK
sheet-ghost-cat: 2 clips, loop/transition boundaries and skin weights OK
ok tests/fixtures/levels/outdoor_kit_showcase.json: current
/Users/connordawkins/Documents/GitHub/Places/assets/levels/places_demo.json: current with tools/levels/build_outdoor_route.py
Lantern Hollow source is deterministic and current
Lighting quality fixture and fixed cameras are current
Winter and severe review sources are deterministic and current
ok /Users/connordawkins/Documents/GitHub/Places/tests/fixtures/levels/capacity_dense.json
ok /Users/connordawkins/Documents/GitHub/Places/tests/fixtures/levels/capacity_beyond_former_limits.json
passed: tests__fixtures__levels__home_showcase
passed: tests__fixtures__levels__office_asset_review
passed: tests__fixtures__levels__pool_showcase
passed: tests__fixtures__levels__outdoor_kit_showcase
passed: assets__levels__winter
passed: assets__levels__lantern_hollow
passed: assets__levels__model_zoo
passed: assets__levels__movement_test
passed: assets__levels__places_demo
passed: levels__blizzard_review
passed: levels__geometry_intentional
passed: levels__home_showcase
passed: levels__level0_pit
passed: levels__snowfall_contrast
passed: tests__fixtures__levels__art_style_hero
passed: tests__fixtures__levels__art_style_hero_atmosphere
passed: tests__fixtures__levels__art_style_hero_aurora
passed: tests__fixtures__levels__art_style_hero_night
passed: tests__fixtures__levels__art_style_hero_refined
passed: tests__fixtures__levels__art_style_hero_stage4_comparison
passed: tests__fixtures__levels__art_style_hero_stage4_entities
passed: tests__fixtures__levels__art_style_hero_stage4_movement
passed: tests__fixtures__levels__art_style_hero_stage4_switchable
passed: tests__fixtures__levels__art_style_hero_storm
passed: tests__fixtures__levels__art_style_hero_transparency
passed: tests__fixtures__levels__asset_polish_showcase
failed: tests__fixtures__levels__capacity_dense
passed: tests__fixtures__levels__entity_showcase
passed: tests__fixtures__levels__fog_void_validation
passed: tests__fixtures__levels__geometry_broken
passed: tests__fixtures__levels__geometry_intentional
passed: tests__fixtures__levels__halloween_entities
expected-named-loader-rejection: tests__fixtures__levels__invalid__geometry_invalid
passed: tests__fixtures__levels__level0_pit
passed: tests__fixtures__levels__lighting_diagnostic
passed: tests__fixtures__levels__lighting_isolation
passed: tests__fixtures__levels__lighting_quality
passed: tests__fixtures__levels__lighting_repair_cases
passed: tests__fixtures__levels__prop_showcase
passed: tests__fixtures__levels__prop_stress
passed: tests__fixtures__levels__rendering_diagnostic
passed: tests__fixtures__levels__repair__clean
passed: tests__fixtures__levels__repair__gap_review
passed: tests__fixtures__levels__repair__wall_step_x
passed: tests__fixtures__levels__repair__wall_step_z
passed: tests__fixtures__levels__round_pool_and_proximity_fade
passed: tests__fixtures__levels__test_room
passed: tests__fixtures__levels__vertical_diagnostic
passed: tests__fixtures__levels__water_transmission

