ACTUAL_SERIAL_ALLOCATION latest-source-strict-v1 ['/Library/Frameworks/Python.framework/Versions/3.13/bin/python3', '/tmp/places-stage7-final-source-strict-v1.py']
{"argv": ["/Library/Frameworks/Python.framework/Versions/3.13/bin/python3", "/tmp/places-stage7-final-source-strict-v1.py"], "cwd": "/Users/connordawkins/Documents/GitHub/Places", "started_utc": "2026-10-09T05:04:07.645556+00:00", "finished_utc": "2026-10-09T05:04:32.761055+00:00", "elapsed_seconds": 25.115356958005577, "exit_code": 0, "environment_overrides": {"RUSTC_WRAPPER": ""}, "log": "/Users/connordawkins/Documents/GitHub/Places/docs/art-style/stage7/execution/latest-source-strict-v1.log"}
ACTUAL_SERIAL_ALLOCATION remaining-gpu-controls-v1 ['/Library/Frameworks/Python.framework/Versions/3.13/bin/python3', '/tmp/places-stage7-resume-gpu-controls-v1.py']
{"argv": ["/Library/Frameworks/Python.framework/Versions/3.13/bin/python3", "/tmp/places-stage7-resume-gpu-controls-v1.py"], "cwd": "/Users/connordawkins/Documents/GitHub/Places", "started_utc": "2026-10-09T05:04:32.810354+00:00", "finished_utc": "2026-10-09T05:04:34.241563+00:00", "elapsed_seconds": 1.430973417009227, "exit_code": 0, "environment_overrides": {"RUSTC_WRAPPER": ""}, "log": "/Users/connordawkins/Documents/GitHub/Places/docs/art-style/stage7/execution/remaining-gpu-controls-v1.log"}
ACTUAL_SERIAL_ALLOCATION compiled-demo-gpu-v1 ['/Library/Frameworks/Python.framework/Versions/3.13/bin/python3', '/tmp/places-stage7-compiled-demo-gpu-v1.py']
{"argv": ["/Library/Frameworks/Python.framework/Versions/3.13/bin/python3", "/tmp/places-stage7-compiled-demo-gpu-v1.py"], "cwd": "/Users/connordawkins/Documents/GitHub/Places", "started_utc": "2026-10-09T05:04:34.271250+00:00", "finished_utc": "2026-10-09T05:05:08.391802+00:00", "elapsed_seconds": 34.12041433400009, "exit_code": 0, "environment_overrides": {"RUSTC_WRAPPER": ""}, "log": "/Users/connordawkins/Documents/GitHub/Places/docs/art-style/stage7/execution/compiled-demo-gpu-v1.log"}
ACTUAL_SERIAL_ALLOCATION windows-link-plmp6-v1 ['/Library/Frameworks/Python.framework/Versions/3.13/bin/python3', '/tmp/places-stage7-windows-link-v2.py']
{"argv": ["/Library/Frameworks/Python.framework/Versions/3.13/bin/python3", "/tmp/places-stage7-windows-link-v2.py"], "cwd": "/Users/connordawkins/Documents/GitHub/Places", "started_utc": "2026-10-09T05:05:08.439386+00:00", "finished_utc": "2026-10-09T05:09:41.900752+00:00", "elapsed_seconds": 273.460910875001, "exit_code": 0, "environment_overrides": {"RUSTC_WRAPPER": ""}, "log": "/Users/connordawkins/Documents/GitHub/Places/docs/art-style/stage7/execution/windows-link-plmp6-v1.log"}
ACTUAL_SERIAL_ALLOCATION linux-link-tests-plmp6-v1 ['/Library/Frameworks/Python.framework/Versions/3.13/bin/python3', '/tmp/places-stage7-linux-build-tests-v2.py']
{"argv": ["/Library/Frameworks/Python.framework/Versions/3.13/bin/python3", "/tmp/places-stage7-linux-build-tests-v2.py"], "cwd": "/Users/connordawkins/Documents/GitHub/Places", "started_utc": "2026-10-09T05:09:41.975336+00:00", "finished_utc": "2026-10-09T05:30:03.690121+00:00", "elapsed_seconds": 1221.7107396250358, "exit_code": 1, "environment_overrides": {"RUSTC_WRAPPER": ""}, "log": "/Users/connordawkins/Documents/GitHub/Places/docs/art-style/stage7/execution/linux-link-tests-plmp6-v1.log"}
0)
  left: ReadOnlyFilesystem
 right: NotFound

---- settings::tests::test_advanced_overrides_persist_round_trip stdout ----

thread 'settings::tests::test_advanced_overrides_persist_round_trip' (10013) panicked at src/settings/tests.rs:1014:34:
save settings: Os { code: 30, kind: ReadOnlyFilesystem, message: "Read-only file system" }

---- settings::tests::test_ensure_saved_writes_defaults_only_once stdout ----

thread 'settings::tests::test_ensure_saved_writes_defaults_only_once' (10020) panicked at src/settings/tests.rs:443:5:
assertion `left == right` failed: could not clean test file target/agent-work/tests/settings/ensure-saved.json: Read-only file system (os error 30)
  left: ReadOnlyFilesystem
 right: NotFound

---- settings::tests::test_malformed_settings_file_is_preserved_and_recovered stdout ----

thread 'settings::tests::test_malformed_settings_file_is_preserved_and_recovered' (10022) panicked at src/settings/tests.rs:419:44:
write malformed settings: Os { code: 30, kind: ReadOnlyFilesystem, message: "Read-only file system" }

---- settings::tests::test_new_preferences_persist_round_trip stdout ----

thread 'settings::tests::test_new_preferences_persist_round_trip' (10025) panicked at src/settings/tests.rs:566:34:
save settings: Os { code: 30, kind: ReadOnlyFilesystem, message: "Read-only file system" }

---- settings::tests::test_quality_and_filtering_persist_round_trip stdout ----

thread 'settings::tests::test_quality_and_filtering_persist_round_trip' (10026) panicked at src/settings/tests.rs:324:42:
save settings: Os { code: 30, kind: ReadOnlyFilesystem, message: "Read-only file system" }

---- static_prop_lighting_tests::animated_sheet_ghosts_keep_probe_lighting_and_do_not_receive_static_atlas_coordinates stdout ----

thread 'static_prop_lighting_tests::animated_sheet_ghosts_keep_probe_lighting_and_do_not_receive_static_atlas_coordinates' (10069) panicked at src/static_prop_lighting_tests.rs:533:39:
called `Result::unwrap()` on an `Err` value: Os { code: 30, kind: ReadOnlyFilesystem, message: "Read-only file system" }


failures:
    compiler::tests::performance::changed_catalogue_invalidates_both_package_and_prepared_stage
    compiler::tests::performance::compiler_input_provenance_corruption_and_absence_rebuild_safely
    compiler::tests::performance::corrupt_cached_lighting_rebuilds_both_unchanged_and_metadata_only_inputs
    compiler::tests::performance::failed_source_and_invalid_worker_budget_preserve_last_valid_package
    compiler::tests::performance::metadata_navigation_reuse_has_no_orphans_and_matches_clean_at_one_and_many_workers
    compiler::tests::performance::presentation_reuse_matches_independent_full_archives_for_every_variant
    compiler::tests::performance::runtime_only_model_bytes_and_new_template_paths_make_currency_stale
    loader::tests::test_the_embedded_demo_is_always_listed_and_loadable
    package::world::dependency_tests::declared_optional_provenance_rejects_malformed_revision_role_and_digest
    package::world::dependency_tests::new_package_catalog_identity_rejects_same_size_edits_and_legacy_remains_supported
    package::world::dependency_tests::package_open_keeps_named_missing_and_resized_dependency_failures
    package::world::dependency_tests::package_open_rejects_same_size_png_and_glb_substitution
    package::world::dependency_tests::the_embedded_demo_requires_catalog_then_assets_only_with_an_installed_root
    render::tests::a_second_instance_of_a_multi_material_prop_still_batches
    render::tests::a_two_material_prop_becomes_two_draw_ranges_with_two_textures
    settings::tests::test_a_valid_settings_file_is_not_renamed
    settings::tests::test_advanced_overrides_persist_round_trip
    settings::tests::test_ensure_saved_writes_defaults_only_once
    settings::tests::test_malformed_settings_file_is_preserved_and_recovered
    settings::tests::test_new_preferences_persist_round_trip
    settings::tests::test_quality_and_filtering_persist_round_trip
    static_prop_lighting_tests::animated_sheet_ghosts_keep_probe_lighting_and_do_not_receive_static_atlas_coordinates

test result: FAILED. 2147 passed; 22 failed; 26 ignored; 0 measured; 0 filtered out; finished in 829.20s

error: test failed, to rerun pass `--lib`
Traceback (most recent call last):
  File "/tmp/places-stage7-linux-build-tests-v2.py", line 4, in <module>
    argv=['docker','exec',name,*command];print('ACTUAL_COMMAND',repr(argv),flush=True);subprocess.run(argv,check=True)
                                                                                       ~~~~~~~~~~~~~~^^^^^^^^^^^^^^^^^
  File "/Library/Frameworks/Python.framework/Versions/3.13/lib/python3.13/subprocess.py", line 577, in run
    raise CalledProcessError(retcode, process.args,
                             output=stdout, stderr=stderr)
subprocess.CalledProcessError: Command '['docker', 'exec', 'places-art-style-stage7-linux-v1', 'cargo', 'test', '--locked', '--workspace', '--all-features']' returned non-zero exit status 101.

Traceback (most recent call last):
  File "/tmp/places-stage7-post-gate-serial-v5.py", line 25, in <module>
    subprocess.run([sys.executable,"/tmp/places-stage7-command.py",label,*argv],cwd=root,check=True)
    ~~~~~~~~~~~~~~^^^^^^^^^^^^^^^^^^^^^^^^^^^^^^^^^^^^^^^^^^^^^^^^^^^^^^^^^^^^^^^^^^^^^^^^^^^^^^^^^^
  File "/Library/Frameworks/Python.framework/Versions/3.13/lib/python3.13/subprocess.py", line 577, in run
    raise CalledProcessError(retcode, process.args,
                             output=stdout, stderr=stderr)
subprocess.CalledProcessError: Command '['/Library/Frameworks/Python.framework/Versions/3.13/bin/python3', '/tmp/places-stage7-command.py', 'linux-link-tests-plmp6-v1', '/Library/Frameworks/Python.framework/Versions/3.13/bin/python3', '/tmp/places-stage7-linux-build-tests-v2.py']' returned non-zero exit status 1.
