{"argv": ["python3", "/tmp/places-stage7-post-gate-serial-v3.py"], "cwd": "/Users/connordawkins/Documents/GitHub/Places", "started_utc": "2026-10-09T04:40:13.650377+00:00", "finished_utc": "2026-10-09T04:50:50.461452+00:00", "elapsed_seconds": 636.8086734580575, "exit_code": 1, "environment_overrides": {"RUSTC_WRAPPER": ""}, "log": "/Users/connordawkins/Documents/GitHub/Places/docs/art-style/stage7/execution/post-gate-serial-v1.log"}
dit_report ... ok
test render::tests::the_demo_bakes_inside_the_page_budget_on_every_level ... ok

test result: ok. 2163 passed; 0 failed; 26 ignored; 0 measured; 0 filtered out; finished in 505.63s

     Running unittests src/main.rs (target/debug/deps/places-e2099ecb2b883af6)

running 0 tests

test result: ok. 0 passed; 0 failed; 0 ignored; 0 measured; 0 filtered out; finished in 0.00s

     Running unittests src/bin/places-compile.rs (target/debug/deps/places_compile-e9db90fa9884fe55)

running 1 test
test tests::explicit_worker_budget_is_positive_and_bounded ... ok

test result: ok. 1 passed; 0 failed; 0 ignored; 0 measured; 0 filtered out; finished in 0.00s

     Running tests/command_line.rs (target/debug/deps/command_line-79be9713aaec86a2)

running 1 test
test non_unicode_arguments_return_an_error_before_startup ... ok

test result: ok. 1 passed; 0 failed; 0 ignored; 0 measured; 0 filtered out; finished in 1.41s

     Running tests/list_levels.rs (target/debug/deps/list_levels-f7c5b46f693a860b)

running 3 tests
test repository_layout_lists_only_packages ... ok
test packaged_layout_lists_only_packages ... ok
test another_working_directory_lists_the_same_packages ... ok

test result: ok. 3 passed; 0 failed; 0 ignored; 0 measured; 0 filtered out; finished in 1.38s

     Running tests/macos_cpu_port.rs (target/debug/deps/macos_cpu_port-028e4edc2f762e64)

running 1 test
test repeated_cpu_samples_do_not_accumulate_host_port_references ... ok

test result: ok. 1 passed; 0 failed; 0 ignored; 0 measured; 0 filtered out; finished in 0.00s

   Doc-tests places

running 0 tests

test result: ok. 0 passed; 0 failed; 0 ignored; 0 measured; 0 filtered out; finished in 0.00s

ACTUAL_COMMAND ['cargo', 'test', '--locked', '--lib', '--all-features', 'entity_resources_restore_after_quality_cycles_and_map_reloads', '--', '--ignored', '--test-threads=1']
    Finished `test` profile [optimized + debuginfo] target(s) in 0.31s
     Running unittests src/lib.rs (target/debug/deps/places-4d06d8c90f45374a)

running 1 test
test render::wgpu::renderer::entity_lighting_tests::entity_resources_restore_after_quality_cycles_and_map_reloads ... ok

test result: ok. 1 passed; 0 failed; 0 ignored; 0 measured; 2194 filtered out; finished in 1.60s

ACTUAL_COMMAND ['cargo', 'test', '--locked', '--lib', '--all-features', 'directional_entity_irradiance_reaches_real_rendered_pixels', '--', '--ignored', '--test-threads=1']
    Finished `test` profile [optimized + debuginfo] target(s) in 0.13s
     Running unittests src/lib.rs (target/debug/deps/places-4d06d8c90f45374a)

running 1 test
test render::wgpu::renderer::entity_lighting_tests::directional_entity_irradiance_reaches_real_rendered_pixels ... FAILED

failures:

---- render::wgpu::renderer::entity_lighting_tests::directional_entity_irradiance_reaches_real_rendered_pixels stdout ----

thread 'render::wgpu::renderer::entity_lighting_tests::directional_entity_irradiance_reaches_real_rendered_pixels' (19453011) panicked at src/render/wgpu/entity_lighting_tests.rs:277:5:
posed face normal reaches pixels
note: run with `RUST_BACKTRACE=1` environment variable to display a backtrace


failures:
    render::wgpu::renderer::entity_lighting_tests::directional_entity_irradiance_reaches_real_rendered_pixels

test result: FAILED. 0 passed; 1 failed; 0 ignored; 0 measured; 2194 filtered out; finished in 0.23s

error: test failed, to rerun pass `--lib`
Traceback (most recent call last):
  File "/tmp/places-stage7-host-final-tests-v1.py", line 7, in <module>
    print('ACTUAL_COMMAND',repr(command),flush=True);subprocess.run(command,check=True)
                                                     ~~~~~~~~~~~~~~^^^^^^^^^^^^^^^^^^^^
  File "/Library/Frameworks/Python.framework/Versions/3.13/lib/python3.13/subprocess.py", line 577, in run
    raise CalledProcessError(retcode, process.args,
                             output=stdout, stderr=stderr)
subprocess.CalledProcessError: Command '['cargo', 'test', '--locked', '--lib', '--all-features', 'directional_entity_irradiance_reaches_real_rendered_pixels', '--', '--ignored', '--test-threads=1']' returned non-zero exit status 101.

Traceback (most recent call last):
  File "/tmp/places-stage7-post-gate-serial-v3.py", line 21, in <module>
    subprocess.run([sys.executable,'/tmp/places-stage7-command.py',label,*command],cwd=root,check=True)
    ~~~~~~~~~~~~~~^^^^^^^^^^^^^^^^^^^^^^^^^^^^^^^^^^^^^^^^^^^^^^^^^^^^^^^^^^^^^^^^^^^^^^^^^^^^^^^^^^^^^
  File "/Library/Frameworks/Python.framework/Versions/3.13/lib/python3.13/subprocess.py", line 577, in run
    raise CalledProcessError(retcode, process.args,
                             output=stdout, stderr=stderr)
subprocess.CalledProcessError: Command '['/Library/Frameworks/Python.framework/Versions/3.13/bin/python3', '/tmp/places-stage7-command.py', 'host-final-extra-tests-v1', '/Library/Frameworks/Python.framework/Versions/3.13/bin/python3', '/tmp/places-stage7-host-final-tests-v1.py']' returned non-zero exit status 1.

