{"argv": ["python3", "/tmp/places-stage7-post-gate-serial-v7.py"], "cwd": "/Users/connordawkins/Documents/GitHub/Places", "started_utc": "2026-10-09T05:32:58.949506+00:00", "finished_utc": "2026-10-09T05:47:09.206009+00:00", "elapsed_seconds": 850.252867458039, "exit_code": 1, "environment_overrides": {"RUSTC_WRAPPER": ""}, "log": "/Users/connordawkins/Documents/GitHub/Places/docs/art-style/stage7/execution/post-gate-resume-v3.log"}
ests::the_vertex_lit_build_matches_the_reference_mesh ... ok
test surface_audit::the_shipped_demo_has_no_coincident_architecture_surfaces ... ok
test render::tests::the_demo_bakes_inside_the_page_budget_on_every_level ... ok

test result: ok. 2169 passed; 0 failed; 26 ignored; 0 measured; 0 filtered out; finished in 841.03s

     Running unittests src/main.rs (/work/target/debug/deps/places-7325822309eb312d)

running 0 tests

test result: ok. 0 passed; 0 failed; 0 ignored; 0 measured; 0 filtered out; finished in 0.00s

     Running unittests src/bin/places-compile.rs (/work/target/debug/deps/places_compile-aa0e284d8d7d9b55)

running 1 test
test tests::explicit_worker_budget_is_positive_and_bounded ... ok

test result: ok. 1 passed; 0 failed; 0 ignored; 0 measured; 0 filtered out; finished in 0.00s

     Running tests/command_line.rs (/work/target/debug/deps/command_line-5399c424227a3d33)

running 1 test
test non_unicode_arguments_return_an_error_before_startup ... ok

test result: ok. 1 passed; 0 failed; 0 ignored; 0 measured; 0 filtered out; finished in 0.07s

     Running tests/list_levels.rs (/work/target/debug/deps/list_levels-5010762851228ddf)

running 3 tests
test repository_layout_lists_only_packages ... ok
test packaged_layout_lists_only_packages ... ok
test another_working_directory_lists_the_same_packages ... FAILED

failures:

---- another_working_directory_lists_the_same_packages stdout ----

thread 'another_working_directory_lists_the_same_packages' (3581) panicked at tests/list_levels.rs:150:5:
assertion `left == right` failed: the executable's own asset root is independent of the working directory
  left: [("lantern_hollow", "bundled", "assets/levels/lantern_hollow.placesmap"), ("model_zoo", "bundled", "assets/levels/model_zoo.placesmap"), ("movement_test", "bundled", "assets/levels/movement_test.placesmap"), ("places_demo", "bundled", "assets/levels/places_demo.placesmap"), ("winter", "bundled", "assets/levels/winter.placesmap"), ("geometry_intentional", "installed", "levels/geometry_intentional.placesmap"), ("home_showcase", "installed", "levels/home_showcase.placesmap"), ("level0_pit", "installed", "levels/level0_pit.placesmap"), ("snowfall_contrast", "installed", "levels/snowfall_contrast.placesmap"), ("blizzard_review", "installed", "levels/blizzard_review.placesmap")]
 right: [("lantern_hollow", "bundled", "/source/assets/levels/lantern_hollow.placesmap"), ("model_zoo", "bundled", "/source/assets/levels/model_zoo.placesmap"), ("movement_test", "bundled", "/source/assets/levels/movement_test.placesmap"), ("places_demo", "bundled", "/source/assets/levels/places_demo.placesmap"), ("winter", "bundled", "/source/assets/levels/winter.placesmap"), ("geometry_intentional", "installed", "/source/levels/geometry_intentional.placesmap"), ("home_showcase", "installed", "/source/levels/home_showcase.placesmap"), ("level0_pit", "installed", "/source/levels/level0_pit.placesmap"), ("snowfall_contrast", "installed", "/source/levels/snowfall_contrast.placesmap"), ("blizzard_review", "installed", "/source/levels/blizzard_review.placesmap")]
note: run with `RUST_BACKTRACE=1` environment variable to display a backtrace


failures:
    another_working_directory_lists_the_same_packages

test result: FAILED. 2 passed; 1 failed; 0 ignored; 0 measured; 0 filtered out; finished in 2.45s

error: test failed, to rerun pass `--test list_levels`
Traceback (most recent call last):
  File "/tmp/places-stage7-linux-build-tests-v3.py", line 4, in <module>
    argv=['docker','exec',name,*command];print('ACTUAL_COMMAND',repr(argv),flush=True);subprocess.run(argv,check=True)
                                                                                       ~~~~~~~~~~~~~~^^^^^^^^^^^^^^^^^
  File "/Library/Frameworks/Python.framework/Versions/3.13/lib/python3.13/subprocess.py", line 577, in run
    raise CalledProcessError(retcode, process.args,
                             output=stdout, stderr=stderr)
subprocess.CalledProcessError: Command '['docker', 'exec', 'places-art-style-stage7-linux-v2', 'cargo', 'test', '--locked', '--workspace', '--all-features']' returned non-zero exit status 101.

Traceback (most recent call last):
  File "/tmp/places-stage7-post-gate-serial-v7.py", line 22, in <module>
    subprocess.run([sys.executable,"/tmp/places-stage7-command.py",label,*argv],cwd=root,check=True)
    ~~~~~~~~~~~~~~^^^^^^^^^^^^^^^^^^^^^^^^^^^^^^^^^^^^^^^^^^^^^^^^^^^^^^^^^^^^^^^^^^^^^^^^^^^^^^^^^^
  File "/Library/Frameworks/Python.framework/Versions/3.13/lib/python3.13/subprocess.py", line 577, in run
    raise CalledProcessError(retcode, process.args,
                             output=stdout, stderr=stderr)
subprocess.CalledProcessError: Command '['/Library/Frameworks/Python.framework/Versions/3.13/bin/python3', '/tmp/places-stage7-command.py', 'linux-link-tests-plmp6-v2', '/Library/Frameworks/Python.framework/Versions/3.13/bin/python3', '/tmp/places-stage7-linux-build-tests-v3.py']' returned non-zero exit status 1.

