   Compiling places v0.8.0 (/Users/connordawkins/Documents/GitHub/Places)
    Finished `test` profile [optimized + debuginfo] target(s) in 27.14s
     Running unittests src/lib.rs (target/debug/deps/places-4d06d8c90f45374a)

running 21 tests
test lighting::transport::tests::probes::a_capped_lattice_covers_low_air_spaces_and_uses_world_coordinates ... ok
test lighting::transport::tests::probes::probe_phase_balances_interior_population_after_boundary_recovery ... ok
test lighting::transport::tests::probes::probe_phase_preserves_covered_layout_and_rejects_coverage_tradeoffs ... ok
test lighting::transport::tests::probes::invalid_runtime_source_mapping_and_switchable_selection_fail_the_solve ... ok
[transport-audit] stage=direct room=None kind=Floor mean=0.659486 peak=1.028418 shoulder_fraction=0.000000
[transport-audit] stage=direct room=Some(0) kind=Ceiling mean=0.242888 peak=0.754242 shoulder_fraction=0.000000
[transport-audit] stage=direct room=None kind=Floor mean=0.000000 peak=0.000000 shoulder_fraction=0.000000
[transport-audit] stage=direct room=Some(0) kind=Ceiling mean=0.000000 peak=0.000000 shoulder_fraction=0.000000
[transport-audit] stage=direct room=None kind=Floor mean=0.000000 peak=0.000000 shoulder_fraction=0.000000
[transport-audit] stage=direct room=Some(0) kind=Ceiling mean=0.000000 peak=0.000000 shoulder_fraction=0.000000
[transport-audit] stage=direct room=None kind=Floor mean=0.000000 peak=0.000000 shoulder_fraction=0.000000
[transport-audit] stage=direct room=Some(0) kind=Ceiling mean=0.000000 peak=0.000000 shoulder_fraction=0.000000
test lighting::transport::tests::probes::parallel_receiver_work_is_bounded_exactly_once_and_ordered ... ok
[transport-audit] stage=direct room=None kind=Floor mean=0.383919 peak=1.041953 shoulder_fraction=0.000000
[transport-audit] stage=direct room=Some(0) kind=Ceiling mean=0.163012 peak=0.858069 shoulder_fraction=0.000000
test lighting::transport::tests::probes::invalid_transport_input_and_overflow_fail_before_probe_compression ... ok
[transport-audit] stage=direct room=None kind=Floor mean=0.659486 peak=1.028418 shoulder_fraction=0.000000
[transport-audit] stage=direct room=Some(0) kind=Ceiling mean=0.242888 peak=0.754242 shoulder_fraction=0.000000
[transport-audit] stage=direct room=None kind=Floor mean=0.000000 peak=0.000000 shoulder_fraction=0.000000
[transport-audit] stage=direct room=Some(0) kind=Ceiling mean=0.000000 peak=0.000000 shoulder_fraction=0.000000
[transport-audit] stage=direct room=None kind=Floor mean=0.000000 peak=0.000000 shoulder_fraction=0.000000
[transport-progress] diffuse_order=1/1 receivers=128 samples=32 workers=12
[transport-audit] stage=direct room=None kind=Floor mean=0.926984 peak=1.347006 shoulder_fraction=0.000000
[transport-audit] stage=direct room=Some(0) kind=Ceiling mean=0.343851 peak=0.947827 shoulder_fraction=0.000000
[transport-progress] diffuse_order=1/2 receivers=128 samples=32 workers=1
[transport-progress] diffuse_order=1/1 receivers=128 samples=32 workers=1
[transport-audit] stage=direct room=None kind=Floor mean=0.000000 peak=0.000000 shoulder_fraction=0.000000
[transport-progress] diffuse_order=1/2 receivers=128 samples=32 workers=1
[transport-audit] stage=direct room=Some(0) kind=Ceiling mean=0.000000 peak=0.000000 shoulder_fraction=0.000000
[transport-audit] stage=indirect room=None kind=Floor mean=0.000000 peak=0.000000 shoulder_fraction=0.000000
[transport-audit] stage=indirect room=Some(0) kind=Ceiling mean=0.000000 peak=0.000000 shoulder_fraction=0.000000
[transport-progress] diffuse_order=1/2 receivers=128 samples=32 workers=1
[transport-audit] stage=indirect room=None kind=Floor mean=0.000000 peak=0.000000 shoulder_fraction=0.000000
[transport-audit] stage=indirect room=Some(0) kind=Ceiling mean=0.000000 peak=0.000000 shoulder_fraction=0.000000
[transport-audit] stage=direct room=None kind=Floor mean=0.000000 peak=0.000000 shoulder_fraction=0.000000
[transport-audit] stage=direct room=Some(0) kind=Ceiling mean=0.000000 peak=0.000000 shoulder_fraction=0.000000
[transport-audit] stage=direct room=None kind=Floor mean=0.000000 peak=0.000000 shoulder_fraction=0.000000
[transport-audit] stage=direct room=Some(0) kind=Ceiling mean=0.000000 peak=0.000000 shoulder_fraction=0.000000
[transport-audit] stage=filtered room=None kind=Floor mean=0.000000 peak=0.000000 shoulder_fraction=0.000000
[transport-audit] stage=filtered room=Some(0) kind=Ceiling mean=0.000000 peak=0.000000 shoulder_fraction=0.000000
[transport-progress] shared_layers=2 diffuse_order=1/2 receivers=128 samples=32 workers=1
[transport-audit] stage=bounced room=None kind=Floor mean=0.555751 peak=0.555751 shoulder_fraction=0.000000
[transport-audit] stage=bounced room=Some(0) kind=Ceiling mean=0.555751 peak=0.555751 shoulder_fraction=0.000000
[transport-audit] stage=indirect room=None kind=Floor mean=0.000000 peak=0.000000 shoulder_fraction=0.000000
[transport-audit] stage=indirect room=Some(0) kind=Ceiling mean=0.000000 peak=0.000000 shoulder_fraction=0.000000
[transport-audit] stage=filled room=None kind=Floor mean=0.000000 peak=0.000000 shoulder_fraction=0.000000
[transport-audit] stage=filled room=Some(0) kind=Ceiling mean=0.000000 peak=0.000000 shoulder_fraction=0.000000
[transport-timing] base=true taps=3 bounces=1 receivers_ms=0.090 direct_visibility_ms=0.384 indirect_ms=0.307 probes_ms=0.264 filter_ms=0.370 fill_ms=0.122
[transport-audit] stage=bounced room=None kind=Floor mean=0.308784 peak=0.308784 shoulder_fraction=0.000000
[transport-audit] stage=bounced room=Some(0) kind=Ceiling mean=0.308784 peak=0.308784 shoulder_fraction=0.000000
[transport-audit] stage=filtered room=None kind=Floor mean=0.659486 peak=1.028418 shoulder_fraction=0.000000
[transport-audit] stage=filtered room=Some(0) kind=Ceiling mean=0.242888 peak=0.754242 shoulder_fraction=0.000000
[transport-audit] stage=filled room=None kind=Floor mean=0.659486 peak=1.028418 shoulder_fraction=0.000000
[transport-audit] stage=filled room=Some(0) kind=Ceiling mean=0.242888 peak=0.754242 shoulder_fraction=0.000000
[transport-audit] stage=indirect room=None kind=Floor mean=0.555751 peak=0.555751 shoulder_fraction=0.000000
[transport-audit] stage=indirect room=Some(0) kind=Ceiling mean=0.555751 peak=0.555751 shoulder_fraction=0.000000
[transport-audit] stage=filtered room=None kind=Floor mean=0.000000 peak=0.000000 shoulder_fraction=0.000000
[transport-audit] stage=filtered room=Some(0) kind=Ceiling mean=0.000000 peak=0.000000 shoulder_fraction=0.000000
[transport-audit] stage=filled room=None kind=Floor mean=0.000000 peak=0.000000 shoulder_fraction=0.000000
[transport-audit] stage=filled room=Some(0) kind=Ceiling mean=0.000000 peak=0.000000 shoulder_fraction=0.000000
[transport-timing] base=true taps=3 bounces=0 receivers_ms=0.038 direct_visibility_ms=0.255 indirect_ms=0.994 probes_ms=0.063 filter_ms=0.422 fill_ms=0.022
[transport-audit] stage=filtered room=None kind=Floor mean=0.555751 peak=0.555751 shoulder_fraction=0.000000
[transport-audit] stage=filtered room=Some(0) kind=Ceiling mean=0.555751 peak=0.555751 shoulder_fraction=0.000000
[transport-progress] diffuse_order=1/1 receivers=64 samples=32 workers=1
test lighting::transport::tests::probes::closed_solid_and_surface_clearance_reject_embedded_probes ... ok
[transport-timing] base=true taps=3 bounces=0 receivers_ms=0.129 direct_visibility_ms=0.495 indirect_ms=0.132 probes_ms=0.415 filter_ms=0.491 fill_ms=0.036
[transport-progress] shared_layers=2 diffuse_order=2/2 receivers=128 samples=32 workers=1
[transport-audit] stage=direct room=None kind=Floor mean=0.000000 peak=0.000000 shoulder_fraction=0.000000
[transport-audit] stage=direct room=Some(0) kind=Ceiling mean=0.000000 peak=0.000000 shoulder_fraction=0.000000
[transport-audit] stage=filled room=None kind=Floor mean=0.555751 peak=0.555751 shoulder_fraction=0.000000
[transport-audit] stage=filled room=Some(0) kind=Ceiling mean=0.555751 peak=0.555751 shoulder_fraction=0.000000
[transport-timing] base=true taps=3 bounces=1 receivers_ms=0.155 direct_visibility_ms=0.261 indirect_ms=1.040 probes_ms=0.100 filter_ms=0.310 fill_ms=0.201
[transport-audit] stage=indirect room=None kind=Floor mean=0.308784 peak=0.308784 shoulder_fraction=0.000000
[transport-audit] stage=indirect room=Some(0) kind=Ceiling mean=0.308784 peak=0.308784 shoulder_fraction=0.000000
test lighting::transport::tests::probes::neutral_probe_diffuse_illumination_is_comparable_to_nearby_static_surface ... [transport-audit] stage=bounced room=None kind=Floor mean=0.539907 peak=0.539907 shoulder_fraction=0.000000
[transport-audit] stage=indirect room=None kind=Floor mean=0.539907 peak=0.539907 shoulder_fraction=0.000000
[transport-work] shared_layers=2 logical_gather_samples=16384 geometric_gather_samples=8192
ok
[transport-audit] stage=bounced room=None kind=Floor mean=0.539907 peak=0.539907 shoulder_fraction=0.000000
test lighting::transport::tests::probes::escaping_probe_rays_see_authored_linear_hdr_sky ... ok[transport-audit] stage=bounced room=Some(0) kind=Ceiling mean=0.539907 peak=0.539907 shoulder_fraction=0.000000
[transport-audit] stage=filtered room=None kind=Floor mean=0.539907 peak=0.539907 shoulder_fraction=0.000000
[transport-audit] stage=filled room=None kind=Floor mean=0.539907 peak=0.539907 shoulder_fraction=0.000000
[transport-timing] base=true taps=1 bounces=1 receivers_ms=0.007 direct_visibility_ms=0.003 indirect_ms=1.244 probes_ms=0.000 filter_ms=0.177 fill_ms=0.009
[transport-audit] stage=direct room=None kind=Floor mean=0.000000 peak=0.000000 shoulder_fraction=0.000000
[transport-audit] stage=indirect room=None kind=Floor mean=0.000000 peak=0.000000 shoulder_fraction=0.000000
[transport-audit] stage=indirect room=Some(0) kind=Ceiling mean=0.000000 peak=0.000000 shoulder_fraction=0.000000
[transport-progress] diffuse_order=1/3 receivers=64 samples=32 workers=1
[transport-audit] stage=filtered room=None kind=Floor mean=0.308784 peak=0.308784 shoulder_fraction=0.000000
[transport-audit] stage=filtered room=Some(0) kind=Ceiling mean=0.308784 peak=0.308784 shoulder_fraction=0.000000
[transport-audit] stage=filtered room=None kind=Floor mean=0.000000 peak=0.000000 shoulder_fraction=0.000000
[transport-audit] stage=filtered room=Some(0) kind=Ceiling mean=0.000000 peak=0.000000 shoulder_fraction=0.000000
[transport-audit] stage=filled room=None kind=Floor mean=0.308784 peak=0.308784 shoulder_fraction=0.000000
[transport-audit] stage=filled room=Some(0) kind=Ceiling mean=0.308784 peak=0.308784 shoulder_fraction=0.000000
[transport-timing] base=true taps=3 bounces=1 receivers_ms=0.092 direct_visibility_ms=0.532 indirect_ms=1.007 probes_ms=0.165 filter_ms=0.681 fill_ms=0.068

[transport-audit] stage=filled room=None kind=Floor mean=0.000000 peak=0.000000 shoulder_fraction=0.000000
[transport-audit] stage=filled room=Some(0) kind=Ceiling mean=0.000000 peak=0.000000 shoulder_fraction=0.000000
[transport-timing] base=true taps=3 bounces=1 receivers_ms=0.009 direct_visibility_ms=0.317 indirect_ms=0.091 probes_ms=0.229 filter_ms=0.271 fill_ms=0.096
[transport-progress] diffuse_order=2/3 receivers=64 samples=32 workers=1
[transport-audit] stage=indirect room=None kind=Floor mean=0.539907 peak=0.539907 shoulder_fraction=0.000000
[transport-audit] stage=indirect room=Some(0) kind=Ceiling mean=0.539907 peak=0.539907 shoulder_fraction=0.000000
[transport-audit] stage=indirect room=None kind=Floor mean=0.000000 peak=0.000000 shoulder_fraction=0.000000
[transport-audit] stage=direct room=None kind=Floor mean=0.000000 peak=0.000000 shoulder_fraction=0.000000
[transport-audit] stage=direct room=Some(0) kind=Ceiling mean=0.000000 peak=0.000000 shoulder_fraction=0.000000
[transport-audit] stage=indirect room=Some(0) kind=Ceiling mean=0.000000 peak=0.000000 shoulder_fraction=0.000000
[transport-progress] diffuse_order=3/3 receivers=64 samples=32 workers=1
[transport-audit] stage=direct room=None kind=Ceiling mean=0.000000 peak=0.000000 shoulder_fraction=0.000000
[transport-audit] stage=direct room=None kind=Floor mean=0.000000 peak=0.000000 shoulder_fraction=0.000000
[transport-audit] stage=filtered room=None kind=Floor mean=0.383919 peak=1.041953 shoulder_fraction=0.000000
[transport-audit] stage=filtered room=Some(0) kind=Ceiling mean=0.163012 peak=0.858069 shoulder_fraction=0.000000
[transport-audit] stage=filtered room=None kind=Floor mean=0.539907 peak=0.539907 shoulder_fraction=0.000000
[transport-audit] stage=filtered room=Some(0) kind=Ceiling mean=0.539907 peak=0.539907 shoulder_fraction=0.000000
test lighting::transport::tests::probes::validated_probe_phase_cannot_recover_blocked_wall_floor_or_closed_prop ... [transport-audit] stage=indirect room=None kind=Ceiling mean=0.000000 peak=0.000000 shoulder_fraction=0.000000
[transport-audit] stage=direct room=None kind=Floor mean=0.659486 peak=1.028418 shoulder_fraction=0.000000
[transport-audit] stage=direct room=Some(0) kind=Ceiling mean=0.242888 peak=0.754242 shoulder_fraction=0.000000
[transport-audit] stage=direct room=None kind=Floor mean=0.000000 peak=0.000000 shoulder_fraction=0.000000
[transport-audit] stage=direct room=Some(0) kind=Ceiling mean=0.000000 peak=0.000000 shoulder_fraction=0.000000
[transport-audit] stage=indirect room=None kind=Floor mean=0.000000 peak=0.000000 shoulder_fraction=0.000000
[transport-audit] stage=filtered room=None kind=Ceiling mean=0.000000 peak=0.000000 shoulder_fraction=0.000000
[transport-audit] stage=filtered room=None kind=Floor mean=0.000000 peak=0.000000 shoulder_fraction=0.000000
[transport-audit] stage=filled room=None kind=Floor mean=0.539907 peak=0.539907 shoulder_fraction=0.000000
[transport-audit] stage=filled room=Some(0) kind=Ceiling mean=0.539907 peak=0.539907 shoulder_fraction=0.000000
[transport-timing] base=true taps=3 bounces=2 receivers_ms=0.008 direct_visibility_ms=0.029 indirect_ms=0.833 probes_ms=0.235 filter_ms=0.335 fill_ms=0.124
[transport-progress] diffuse_order=1/1 receivers=128 samples=32 workers=1
[transport-audit] stage=filtered room=None kind=Floor mean=0.000000 peak=0.000000 shoulder_fraction=0.000000
[transport-audit] stage=filtered room=Some(0) kind=Ceiling mean=0.000000 peak=0.000000 shoulder_fraction=0.000000
[transport-audit] stage=filled room=None kind=Ceiling mean=0.000000 peak=0.000000 shoulder_fraction=0.000000
[transport-audit] stage=filled room=None kind=Floor mean=0.000000 peak=0.000000 shoulder_fraction=0.000000
[transport-timing] base=true taps=1 bounces=0 receivers_ms=0.003 direct_visibility_ms=0.002 indirect_ms=0.055 probes_ms=0.045 filter_ms=0.113 fill_ms=0.079
[transport-audit] stage=filled room=None kind=Floor mean=0.439579 peak=1.116525 shoulder_fraction=0.000000
[transport-audit] stage=filled room=Some(0) kind=Ceiling mean=0.312863 peak=1.017159 shoulder_fraction=0.000000
[transport-timing] base=true taps=3 bounces=0 receivers_ms=0.080 direct_visibility_ms=0.343 indirect_ms=0.264 probes_ms=1.621 filter_ms=0.330 fill_ms=0.266
[transport-progress] diffuse_order=1/2 receivers=128 samples=32 workers=12
ok
[transport-audit] stage=bounced room=None kind=Floor mean=0.539907 peak=0.539907 shoulder_fraction=0.000000
[transport-audit] stage=indirect room=None kind=Floor mean=0.539907 peak=0.539907 shoulder_fraction=0.000000
[transport-audit] stage=bounced room=None kind=Floor mean=0.215963 peak=0.215963 shoulder_fraction=0.000000
[transport-audit] stage=bounced room=Some(0) kind=Ceiling mean=0.215963 peak=0.215963 shoulder_fraction=0.000000
[transport-audit] stage=direct room=None kind=Ceiling mean=0.000000 peak=0.000000 shoulder_fraction=0.000000
[transport-audit] stage=direct room=None kind=Floor mean=0.000000 peak=0.000000 shoulder_fraction=0.000000
[transport-audit] stage=filtered room=None kind=Floor mean=0.539907 peak=0.539907 shoulder_fraction=0.000000
[transport-audit] stage=filled room=None kind=Floor mean=0.539907 peak=0.539907 shoulder_fraction=0.000000
[transport-timing] base=true taps=1 bounces=3 receivers_ms=0.007 direct_visibility_ms=0.001 indirect_ms=0.841 probes_ms=0.000 filter_ms=0.126 fill_ms=0.012
[transport-audit] stage=indirect room=None kind=Floor mean=0.215963 peak=0.215963 shoulder_fraction=0.000000
[transport-audit] stage=indirect room=Some(0) kind=Ceiling mean=0.215963 peak=0.215963 shoulder_fraction=0.000000
[transport-audit] stage=filled room=None kind=Floor mean=0.000000 peak=0.000000 shoulder_fraction=0.000000
test lighting::transport::tests::probes::validated_probe_phase_shares_targets_bake_and_zero_source_plpf3 ... ok
test lighting::transport::tests::probes::sky_is_injected_once_across_diffuse_orders ... ok
[transport-audit] stage=filled room=Some(0) kind=Ceiling mean=0.000000 peak=0.000000 shoulder_fraction=0.000000
[transport-timing] base=false taps=3 bounces=2 receivers_ms=0.000 direct_visibility_ms=0.028 indirect_ms=0.000 probes_ms=0.000 filter_ms=0.031 fill_ms=0.554
[transport-audit] stage=filtered room=None kind=Floor mean=0.215963 peak=0.215963 shoulder_fraction=0.000000
[transport-audit] stage=filtered room=Some(0) kind=Ceiling mean=0.215963 peak=0.215963 shoulder_fraction=0.000000
test lighting::transport::tests::probes::switchable_atlas_layers_do_not_duplicate_the_base_sky ... ok
[transport-audit] stage=filled room=None kind=Floor mean=0.215963 peak=0.215963 shoulder_fraction=0.000000
[transport-audit] stage=filled room=Some(0) kind=Ceiling mean=0.215963 peak=0.215963 shoulder_fraction=0.000000
[transport-timing] base=true taps=3 bounces=1 receivers_ms=0.018 direct_visibility_ms=0.093 indirect_ms=0.316 probes_ms=0.103 filter_ms=0.344 fill_ms=0.041
[transport-audit] stage=direct room=None kind=Floor mean=0.383919 peak=1.041953 shoulder_fraction=0.000000
[transport-audit] stage=direct room=Some(0) kind=Ceiling mean=0.163012 peak=0.858069 shoulder_fraction=0.000000
[transport-audit] stage=direct room=None kind=Floor mean=0.000000 peak=0.000000 shoulder_fraction=0.000000
[transport-audit] stage=direct room=Some(0) kind=Ceiling mean=0.000000 peak=0.000000 shoulder_fraction=0.000000
[transport-progress] diffuse_order=1/1 receivers=128 samples=32 workers=12
[transport-progress] diffuse_order=2/2 receivers=128 samples=32 workers=1
[transport-audit] stage=bounced room=None kind=Floor mean=0.215963 peak=0.215963 shoulder_fraction=0.000000
[transport-audit] stage=bounced room=Some(0) kind=Ceiling mean=0.215963 peak=0.215963 shoulder_fraction=0.000000
[transport-progress] diffuse_order=2/2 receivers=128 samples=32 workers=1
[transport-audit] stage=indirect room=None kind=Floor mean=0.000000 peak=0.000000 shoulder_fraction=0.000000
[transport-audit] stage=indirect room=Some(0) kind=Ceiling mean=0.000000 peak=0.000000 shoulder_fraction=0.000000
[transport-audit] stage=filtered room=None kind=Floor mean=0.000000 peak=0.000000 shoulder_fraction=0.000000
[transport-audit] stage=filtered room=Some(0) kind=Ceiling mean=0.000000 peak=0.000000 shoulder_fraction=0.000000
[transport-audit] stage=filled room=None kind=Floor mean=0.000000 peak=0.000000 shoulder_fraction=0.000000
[transport-audit] stage=filled room=Some(0) kind=Ceiling mean=0.000000 peak=0.000000 shoulder_fraction=0.000000
[transport-timing] base=true taps=1 bounces=0 receivers_ms=0.025 direct_visibility_ms=0.002 indirect_ms=0.214 probes_ms=1.633 filter_ms=0.094 fill_ms=0.011
[transport-progress] diffuse_order=2/2 receivers=128 samples=32 workers=1
[transport-audit] stage=indirect room=None kind=Floor mean=0.215963 peak=0.215963 shoulder_fraction=0.000000
[transport-audit] stage=direct room=None kind=Floor mean=0.000000 peak=0.000000 shoulder_fraction=0.000000
[transport-audit] stage=direct room=Some(0) kind=Ceiling mean=0.000000 peak=0.000000 shoulder_fraction=0.000000
[transport-audit] stage=indirect room=Some(0) kind=Ceiling mean=0.215963 peak=0.215963 shoulder_fraction=0.000000
[transport-audit] stage=filtered room=None kind=Floor mean=0.215963 peak=0.215963 shoulder_fraction=0.000000
[transport-audit] stage=filtered room=Some(0) kind=Ceiling mean=0.215963 peak=0.215963 shoulder_fraction=0.000000
[transport-audit] stage=filled room=None kind=Floor mean=0.215963 peak=0.215963 shoulder_fraction=0.000000
[transport-audit] stage=filled room=Some(0) kind=Ceiling mean=0.215963 peak=0.215963 shoulder_fraction=0.000000
[transport-timing] base=true taps=3 bounces=1 receivers_ms=0.009 direct_visibility_ms=0.276 indirect_ms=0.237 probes_ms=0.153 filter_ms=0.159 fill_ms=0.010
test lighting::transport::tests::probes::no_selected_source_bakes_preserve_the_spatial_sidecar_contract ... ok
[transport-progress] diffuse_order=2/2 receivers=128 samples=32 workers=12
[transport-audit] stage=indirect room=None kind=Floor mean=0.000000 peak=0.000000 shoulder_fraction=0.000000
[transport-audit] stage=indirect room=Some(0) kind=Ceiling mean=0.000000 peak=0.000000 shoulder_fraction=0.000000
[transport-audit] stage=filtered room=None kind=Floor mean=0.383919 peak=1.041953 shoulder_fraction=0.000000
[transport-audit] stage=filtered room=Some(0) kind=Ceiling mean=0.163012 peak=0.858069 shoulder_fraction=0.000000
[transport-audit] stage=filled room=None kind=Floor mean=0.439579 peak=1.116525 shoulder_fraction=0.000000
[transport-audit] stage=filled room=Some(0) kind=Ceiling mean=0.312863 peak=1.017159 shoulder_fraction=0.000000
[transport-timing] base=true taps=3 bounces=0 receivers_ms=0.018 direct_visibility_ms=0.569 indirect_ms=0.059 probes_ms=1.835 filter_ms=0.094 fill_ms=0.082
test lighting::transport::tests::probes::recovery_fill_is_visibility_gated_across_a_sealed_wall ... ok
[transport-audit] stage=indirect room=None kind=Floor mean=0.000000 peak=0.000000 shoulder_fraction=0.000000
[transport-audit] stage=indirect room=Some(0) kind=Ceiling mean=0.000000 peak=0.000000 shoulder_fraction=0.000000
[transport-audit] stage=filtered room=None kind=Floor mean=0.000000 peak=0.000000 shoulder_fraction=0.000000
[transport-audit] stage=filtered room=Some(0) kind=Ceiling mean=0.000000 peak=0.000000 shoulder_fraction=0.000000
[transport-audit] stage=filled room=None kind=Floor mean=0.000000 peak=0.000000 shoulder_fraction=0.000000
[transport-audit] stage=filled room=Some(0) kind=Ceiling mean=0.000000 peak=0.000000 shoulder_fraction=0.000000
[transport-timing] base=true taps=1 bounces=0 receivers_ms=0.017 direct_visibility_ms=0.003 indirect_ms=0.024 probes_ms=1.569 filter_ms=0.090 fill_ms=0.012
[transport-audit] stage=bounced room=None kind=Floor mean=0.775719 peak=1.209427 shoulder_fraction=0.000000
[transport-audit] stage=bounced room=Some(0) kind=Ceiling mean=0.456826 peak=1.112934 shoulder_fraction=0.000000
test lighting::transport::tests::probes::validated_probe_phase_preserves_existing_covered_field_bytes ... ok
[transport-audit] stage=bounced room=None kind=Floor mean=0.775719 peak=1.209427 shoulder_fraction=0.000000
[transport-audit] stage=bounced room=Some(0) kind=Ceiling mean=0.456826 peak=1.112934 shoulder_fraction=0.000000
[transport-audit] stage=bounced room=None kind=Floor mean=1.092327 peak=1.569128 shoulder_fraction=0.156250
[transport-audit] stage=bounced room=Some(0) kind=Ceiling mean=0.646512 peak=1.325762 shoulder_fraction=0.000000
[transport-audit] stage=indirect room=None kind=Floor mean=0.116233 peak=0.183085 shoulder_fraction=0.000000
[transport-audit] stage=indirect room=Some(0) kind=Ceiling mean=0.213939 peak=0.358692 shoulder_fraction=0.000000
[transport-audit] stage=bounced room=None kind=Floor mean=0.000000 peak=0.000000 shoulder_fraction=0.000000
[transport-audit] stage=bounced room=Some(0) kind=Ceiling mean=0.000000 peak=0.000000 shoulder_fraction=0.000000
[transport-audit] stage=filtered room=None kind=Floor mean=0.776355 peak=1.203652 shoulder_fraction=0.000000
[transport-audit] stage=filtered room=Some(0) kind=Ceiling mean=0.457939 peak=1.092839 shoulder_fraction=0.000000
[transport-audit] stage=filled room=None kind=Floor mean=0.776355 peak=1.203652 shoulder_fraction=0.000000
[transport-audit] stage=filled room=Some(0) kind=Ceiling mean=0.457939 peak=1.092839 shoulder_fraction=0.000000
[transport-timing] base=true taps=3 bounces=2 receivers_ms=0.016 direct_visibility_ms=0.355 indirect_ms=3.268 probes_ms=1.528 filter_ms=0.094 fill_ms=0.008
test lighting::transport::tests::probes::neighboring_probes_share_a_smooth_diffuse_estimator ... ok
[transport-audit] stage=indirect room=None kind=Floor mean=0.116233 peak=0.183085 shoulder_fraction=0.000000
[transport-audit] stage=indirect room=Some(0) kind=Ceiling mean=0.213939 peak=0.358692 shoulder_fraction=0.000000
[transport-audit] stage=filtered room=None kind=Floor mean=0.776355 peak=1.203652 shoulder_fraction=0.000000
[transport-audit] stage=filtered room=Some(0) kind=Ceiling mean=0.457939 peak=1.092839 shoulder_fraction=0.000000
[transport-audit] stage=filled room=None kind=Floor mean=0.776355 peak=1.203652 shoulder_fraction=0.000000
[transport-audit] stage=filled room=Some(0) kind=Ceiling mean=0.457939 peak=1.092839 shoulder_fraction=0.000000
[transport-timing] base=true taps=3 bounces=2 receivers_ms=0.018 direct_visibility_ms=0.590 indirect_ms=6.854 probes_ms=1.528 filter_ms=0.104 fill_ms=0.011
[transport-audit] stage=indirect room=None kind=Floor mean=0.165343 peak=0.276975 shoulder_fraction=0.000000
[transport-audit] stage=indirect room=Some(0) kind=Ceiling mean=0.302660 peak=0.510282 shoulder_fraction=0.000000
[transport-audit] stage=filtered room=None kind=Floor mean=1.093218 peak=1.562008 shoulder_fraction=0.140625
[transport-audit] stage=filtered room=Some(0) kind=Ceiling mean=0.648017 peak=1.315715 shoulder_fraction=0.000000
[transport-audit] stage=indirect room=None kind=Floor mean=0.000000 peak=0.000000 shoulder_fraction=0.000000
[transport-audit] stage=indirect room=Some(0) kind=Ceiling mean=0.000000 peak=0.000000 shoulder_fraction=0.000000
[transport-audit] stage=filled room=None kind=Floor mean=1.093218 peak=1.562008 shoulder_fraction=0.140625
[transport-audit] stage=filled room=Some(0) kind=Ceiling mean=0.648017 peak=1.315715 shoulder_fraction=0.000000
[transport-timing] base=true taps=3 bounces=2 receivers_ms=0.016 direct_visibility_ms=0.361 indirect_ms=6.815 probes_ms=1.530 filter_ms=0.096 fill_ms=0.038
[transport-audit] stage=direct room=None kind=Floor mean=0.659486 peak=1.028418 shoulder_fraction=0.000000
[transport-audit] stage=filtered room=None kind=Floor mean=0.000000 peak=0.000000 shoulder_fraction=0.000000
[transport-audit] stage=filtered room=Some(0) kind=Ceiling mean=0.000000 peak=0.000000 shoulder_fraction=0.000000
[transport-audit] stage=direct room=Some(0) kind=Ceiling mean=0.242888 peak=0.754242 shoulder_fraction=0.000000
[transport-audit] stage=filled room=None kind=Floor mean=0.000000 peak=0.000000 shoulder_fraction=0.000000
[transport-audit] stage=filled room=Some(0) kind=Ceiling mean=0.000000 peak=0.000000 shoulder_fraction=0.000000
[transport-timing] base=true taps=3 bounces=2 receivers_ms=0.049 direct_visibility_ms=0.574 indirect_ms=7.100 probes_ms=1.564 filter_ms=0.114 fill_ms=0.021
[transport-progress] diffuse_order=1/2 receivers=128 samples=32 workers=12
[transport-audit] stage=direct room=None kind=Floor mean=0.926984 peak=1.347006 shoulder_fraction=0.000000
[transport-audit] stage=direct room=Some(0) kind=Ceiling mean=0.343851 peak=0.947827 shoulder_fraction=0.000000
[transport-audit] stage=direct room=None kind=Floor mean=0.383919 peak=1.041953 shoulder_fraction=0.000000
[transport-audit] stage=direct room=Some(0) kind=Ceiling mean=0.163012 peak=0.858069 shoulder_fraction=0.000000
[transport-progress] diffuse_order=1/2 receivers=128 samples=32 workers=1
[transport-progress] diffuse_order=1/2 receivers=128 samples=32 workers=1
[transport-progress] diffuse_order=2/2 receivers=128 samples=32 workers=12
[transport-audit] stage=bounced room=None kind=Floor mean=0.775719 peak=1.209427 shoulder_fraction=0.000000
[transport-audit] stage=bounced room=Some(0) kind=Ceiling mean=0.456826 peak=1.112934 shoulder_fraction=0.000000
[transport-audit] stage=indirect room=None kind=Floor mean=0.116233 peak=0.183085 shoulder_fraction=0.000000
[transport-audit] stage=indirect room=Some(0) kind=Ceiling mean=0.213939 peak=0.358692 shoulder_fraction=0.000000
[transport-progress] diffuse_order=2/2 receivers=128 samples=32 workers=1
[transport-audit] stage=filtered room=None kind=Floor mean=0.776355 peak=1.203652 shoulder_fraction=0.000000
[transport-audit] stage=filtered room=Some(0) kind=Ceiling mean=0.457939 peak=1.092839 shoulder_fraction=0.000000
[transport-audit] stage=filled room=None kind=Floor mean=0.776355 peak=1.203652 shoulder_fraction=0.000000
[transport-audit] stage=filled room=Some(0) kind=Ceiling mean=0.457939 peak=1.092839 shoulder_fraction=0.000000
[transport-timing] base=true taps=3 bounces=2 receivers_ms=0.017 direct_visibility_ms=0.201 indirect_ms=1.818 probes_ms=1.482 filter_ms=0.094 fill_ms=0.009
[transport-progress] diffuse_order=2/2 receivers=128 samples=32 workers=1
[transport-audit] stage=direct room=None kind=Floor mean=0.659486 peak=1.028418 shoulder_fraction=0.000000
[transport-audit] stage=direct room=Some(0) kind=Ceiling mean=0.242888 peak=0.754242 shoulder_fraction=0.000000
[transport-progress] diffuse_order=1/2 receivers=128 samples=32 workers=1
[transport-audit] stage=bounced room=None kind=Floor mean=0.427466 peak=1.153739 shoulder_fraction=0.000000
[transport-audit] stage=bounced room=Some(0) kind=Ceiling mean=0.244147 peak=1.041754 shoulder_fraction=0.000000
[transport-audit] stage=bounced room=None kind=Floor mean=1.092327 peak=1.569128 shoulder_fraction=0.156250
[transport-audit] stage=bounced room=Some(0) kind=Ceiling mean=0.646512 peak=1.325762 shoulder_fraction=0.000000
[transport-progress] diffuse_order=2/2 receivers=128 samples=32 workers=1
[transport-audit] stage=indirect room=None kind=Floor mean=0.043548 peak=0.130781 shoulder_fraction=0.000000
[transport-audit] stage=indirect room=Some(0) kind=Ceiling mean=0.081135 peak=0.242082 shoulder_fraction=0.000000
[transport-audit] stage=filtered room=None kind=Floor mean=0.427702 peak=1.151574 shoulder_fraction=0.000000
[transport-audit] stage=filtered room=Some(0) kind=Ceiling mean=0.244612 peak=1.052590 shoulder_fraction=0.000000
[transport-audit] stage=filled room=None kind=Floor mean=0.427702 peak=1.151574 shoulder_fraction=0.000000
[transport-audit] stage=filled room=Some(0) kind=Ceiling mean=0.244612 peak=1.052590 shoulder_fraction=0.000000
[transport-timing] base=true taps=3 bounces=2 receivers_ms=0.018 direct_visibility_ms=0.274 indirect_ms=6.038 probes_ms=1.572 filter_ms=0.096 fill_ms=0.008
test lighting::transport::tests::probes::enclosed_dark_room_and_wall_separation_preserve_darkness ... ok
[transport-audit] stage=indirect room=None kind=Floor mean=0.165343 peak=0.276975 shoulder_fraction=0.000000
[transport-audit] stage=indirect room=Some(0) kind=Ceiling mean=0.302660 peak=0.510282 shoulder_fraction=0.000000
[transport-audit] stage=filtered room=None kind=Floor mean=1.093218 peak=1.562008 shoulder_fraction=0.140625
[transport-audit] stage=filtered room=Some(0) kind=Ceiling mean=0.648017 peak=1.315715 shoulder_fraction=0.000000
[transport-audit] stage=filled room=None kind=Floor mean=1.093218 peak=1.562008 shoulder_fraction=0.140625
[transport-audit] stage=filled room=Some(0) kind=Ceiling mean=0.648017 peak=1.315715 shoulder_fraction=0.000000
[transport-timing] base=true taps=3 bounces=2 receivers_ms=0.018 direct_visibility_ms=0.362 indirect_ms=6.393 probes_ms=1.470 filter_ms=0.090 fill_ms=0.009
[transport-audit] stage=direct room=None kind=Floor mean=0.926984 peak=1.347006 shoulder_fraction=0.000000
[transport-audit] stage=direct room=Some(0) kind=Ceiling mean=0.343851 peak=0.947827 shoulder_fraction=0.000000
[transport-progress] diffuse_order=1/2 receivers=128 samples=32 workers=12
[transport-progress] diffuse_order=2/2 receivers=128 samples=32 workers=12
[transport-audit] stage=bounced room=None kind=Floor mean=0.775719 peak=1.209427 shoulder_fraction=0.000000
[transport-audit] stage=bounced room=Some(0) kind=Ceiling mean=0.456826 peak=1.112934 shoulder_fraction=0.000000
[transport-audit] stage=bounced room=None kind=Floor mean=1.092327 peak=1.569128 shoulder_fraction=0.156250
[transport-audit] stage=bounced room=Some(0) kind=Ceiling mean=0.646512 peak=1.325762 shoulder_fraction=0.000000
[transport-audit] stage=indirect room=None kind=Floor mean=0.116233 peak=0.183085 shoulder_fraction=0.000000
[transport-audit] stage=indirect room=Some(0) kind=Ceiling mean=0.213939 peak=0.358692 shoulder_fraction=0.000000
[transport-audit] stage=filtered room=None kind=Floor mean=0.776355 peak=1.203652 shoulder_fraction=0.000000
[transport-audit] stage=filtered room=Some(0) kind=Ceiling mean=0.457939 peak=1.092839 shoulder_fraction=0.000000
[transport-audit] stage=filled room=None kind=Floor mean=0.776355 peak=1.203652 shoulder_fraction=0.000000
[transport-audit] stage=filled room=Some(0) kind=Ceiling mean=0.457939 peak=1.092839 shoulder_fraction=0.000000
[transport-timing] base=true taps=3 bounces=2 receivers_ms=0.017 direct_visibility_ms=0.257 indirect_ms=6.287 probes_ms=1.462 filter_ms=0.087 fill_ms=0.014
test lighting::transport::tests::probes::probe_bakes_are_bit_identical_across_workers_and_repeated_builds ... ok
[transport-audit] stage=indirect room=None kind=Floor mean=0.165343 peak=0.276975 shoulder_fraction=0.000000
[transport-audit] stage=indirect room=Some(0) kind=Ceiling mean=0.302660 peak=0.510282 shoulder_fraction=0.000000
[transport-audit] stage=filtered room=None kind=Floor mean=1.093218 peak=1.562008 shoulder_fraction=0.140625
[transport-audit] stage=filtered room=Some(0) kind=Ceiling mean=0.648017 peak=1.315715 shoulder_fraction=0.000000
[transport-audit] stage=filled room=None kind=Floor mean=1.093218 peak=1.562008 shoulder_fraction=0.140625
[transport-audit] stage=filled room=Some(0) kind=Ceiling mean=0.648017 peak=1.315715 shoulder_fraction=0.000000
[transport-timing] base=true taps=3 bounces=2 receivers_ms=0.016 direct_visibility_ms=0.207 indirect_ms=1.823 probes_ms=1.541 filter_ms=0.086 fill_ms=0.009
test lighting::transport::tests::probes::selected_runtime_source_sidecar_preserves_combined_energy_and_unselected_lights ... ok
Demo probe phase original=[-7.8191605, -3.12187, -110.80006] selected=[-8.834395, -3.6294875, -111.30767] baseline=[true, true, true, true, true, true, true, false, true, true, false, true, true, true] selected_room_counts=[15, 15, 10, 174, 14, 36, 77, 16, 8, 18, 4, 16, 1592, 12]
test lighting::transport::tests::probes::demo_probe_phase_recovers_authored_corridor_air_without_losing_rooms ... ok

test result: ok. 21 passed; 0 failed; 0 ignored; 0 measured; 2149 filtered out; finished in 15.00s

