ACTUAL_COMMAND ['cargo', 'test', '--locked', '--lib', '--all-features', 'a_packaged_probe_chain_uploads_and_reads_back_every_level', '--', '--ignored', '--test-threads=1']
    Finished `test` profile [optimized + debuginfo] target(s) in 0.15s
     Running unittests src/lib.rs (target/debug/deps/places-4d06d8c90f45374a)

running 1 test
test render::wgpu::renderer::tests::a_packaged_probe_chain_uploads_and_reads_back_every_level ... ok

test result: ok. 1 passed; 0 failed; 0 ignored; 0 measured; 2194 filtered out; finished in 0.19s

ACTUAL_COMMAND ['cargo', 'test', '--locked', '--lib', '--all-features', 'the_cube_round_trip_matches_the_reference_face_convention', '--', '--ignored', '--test-threads=1']
    Finished `test` profile [optimized + debuginfo] target(s) in 0.12s
     Running unittests src/lib.rs (target/debug/deps/places-4d06d8c90f45374a)

running 1 test
test render::wgpu::reflections::tests::the_cube_round_trip_matches_the_reference_face_convention ... ok

test result: ok. 1 passed; 0 failed; 0 ignored; 0 measured; 2194 filtered out; finished in 0.16s

ACTUAL_COMMAND ['cargo', 'test', '--locked', '--lib', '--all-features', 'the_srgb_sample_round_trip_is_measured_on_this_adapter', '--', '--ignored', '--test-threads=1']
    Finished `test` profile [optimized + debuginfo] target(s) in 0.11s
     Running unittests src/lib.rs (target/debug/deps/places-4d06d8c90f45374a)

running 1 test
test render::wgpu::texture::tests::the_srgb_sample_round_trip_is_measured_on_this_adapter ... ok

test result: ok. 1 passed; 0 failed; 0 ignored; 0 measured; 2194 filtered out; finished in 0.16s

ACTUAL_COMMAND ['cargo', 'test', '--locked', '--lib', '--all-features', 'odd_triangle_indices_upload_without_changing_draw_counts', '--', '--ignored', '--test-threads=1']
    Finished `test` profile [optimized + debuginfo] target(s) in 0.11s
     Running unittests src/lib.rs (target/debug/deps/places-4d06d8c90f45374a)

running 1 test
test render::wgpu::world::tests::odd_triangle_indices_upload_without_changing_draw_counts ... ok

test result: ok. 1 passed; 0 failed; 0 ignored; 0 measured; 2194 filtered out; finished in 0.16s

All four remaining GPU upload/encoding/orientation controls passed and joined.
