    Checking places v0.8.0 (/Users/connordawkins/Documents/GitHub/Places)
error[E0425]: cannot find type `LightmapFillRequest` in module `crate::render`
   --> src/static_prop_lighting_tests.rs:738:53
    |
738 | fn atlas_profile_densities(request: &crate::render::LightmapFillRequest) -> (Vec<f32>, usize) {
    |                                                     ^^^^^^^^^^^^^^^^^^^ not found in `crate::render`
    |
note: struct `crate::render::common::api::LightmapFillRequest` exists but is inaccessible
   --> src/render/common/api.rs:384:1
    |
384 | pub struct LightmapFillRequest {
    | ^^^^^^^^^^^^^^^^^^^^^^^^^^^^^^ not accessible

error[E0425]: cannot find type `LightmapFillRequest` in module `crate::render`
   --> src/static_prop_lighting_tests.rs:779:50
    |
779 | fn atlas_profile_demand(request: &crate::render::LightmapFillRequest) -> AtlasProfileDemand {
    |                                                  ^^^^^^^^^^^^^^^^^^^ not found in `crate::render`
    |
note: struct `crate::render::common::api::LightmapFillRequest` exists but is inaccessible
   --> src/render/common/api.rs:384:1
    |
384 | pub struct LightmapFillRequest {
    | ^^^^^^^^^^^^^^^^^^^^^^^^^^^^^^ not accessible

error[E0425]: cannot find type `LightmapFillRequest` in module `crate::render`
   --> src/static_prop_lighting_tests.rs:808:30
    |
808 |     request: &crate::render::LightmapFillRequest,
    |                              ^^^^^^^^^^^^^^^^^^^ not found in `crate::render`
    |
note: struct `crate::render::common::api::LightmapFillRequest` exists but is inaccessible
   --> src/render/common/api.rs:384:1
    |
384 | pub struct LightmapFillRequest {
    | ^^^^^^^^^^^^^^^^^^^^^^^^^^^^^^ not accessible

For more information about this error, try `rustc --explain E0425`.
error: could not compile `places` (lib test) due to 3 previous errors
