    Checking places v0.8.0 (/Users/connordawkins/Documents/GitHub/Places)
    Finished `dev` profile [optimized + debuginfo] target(s) in 7.79s
    Checking places v0.8.0 (/Users/connordawkins/Documents/GitHub/Places)
error: pub(crate) function inside private module
 --> src/lighting/probe_placement.rs:9:1
  |
9 | pub(crate) fn placement_at(
  | ----------^^^^^^^^^^^^^^^^
  | |
  | help: consider using: `pub`
  |
  = help: for further information visit https://rust-lang.github.io/rust-clippy/rust-1.99.0/index.html#redundant_pub_crate
  = note: `-D clippy::redundant-pub-crate` implied by `-D clippy::nursery`
  = help: to override `-D clippy::nursery` add `#[allow(clippy::redundant_pub_crate)]`

error: it looks like you're trying to convert a tuple to an array
   --> src/lighting/transport.rs:937:23
    |
937 |         let indices = [x, y, z].map(|value| f32::from(u16::try_from(value).unwrap_or(u16::MAX)));
    |                       ^^^^^^^^^
    |
    = help: use `.into()` instead, or `<[T; N]>::from` if type annotations are needed
    = help: for further information visit https://rust-lang.github.io/rust-clippy/rust-1.99.0/index.html#tuple_array_conversions
    = note: `-D clippy::tuple-array-conversions` implied by `-D clippy::nursery`
    = help: to override `-D clippy::nursery` add `#[allow(clippy::tuple_array_conversions)]`

error: `min` shadows a previous, unrelated binding
    --> src/lighting/transport.rs:3375:24
     |
3375 |     let ProbeLattice { min, cell, dims } = lattice;
     |                        ^^^
     |
note: previous binding is here
    --> src/lighting/transport.rs:3364:15
     |
3364 |     let Some((min, cell, dims)) =
     |               ^^^
     = help: for further information visit https://rust-lang.github.io/rust-clippy/rust-1.99.0/index.html#shadow_unrelated
     = note: requested on the command line with `-D clippy::shadow-unrelated`

error: `cell` shadows a previous, unrelated binding
    --> src/lighting/transport.rs:3375:29
     |
3375 |     let ProbeLattice { min, cell, dims } = lattice;
     |                             ^^^^
     |
note: previous binding is here
    --> src/lighting/transport.rs:3364:20
     |
3364 |     let Some((min, cell, dims)) =
     |                    ^^^^
     = help: for further information visit https://rust-lang.github.io/rust-clippy/rust-1.99.0/index.html#shadow_unrelated

error: `dims` shadows a previous, unrelated binding
    --> src/lighting/transport.rs:3375:35
     |
3375 |     let ProbeLattice { min, cell, dims } = lattice;
     |                                   ^^^^
     |
note: previous binding is here
    --> src/lighting/transport.rs:3364:26
     |
3364 |     let Some((min, cell, dims)) =
     |                          ^^^^
     = help: for further information visit https://rust-lang.github.io/rust-clippy/rust-1.99.0/index.html#shadow_unrelated

error: could not compile `places` (lib) due to 5 previous errors
warning: build failed, waiting for other jobs to finish...
error: redundant closure
   --> src/lighting/transport/tests/probes.rs:278:59
    |
278 |     let selected = choose_probe_phase(original, 2, owner, |position| owner(position));
    |                                                           ^^^^^^^^^^^^^^^^^^^^^^^^^^ help: replace the closure with the function itself: `&owner`
    |
    = help: for further information visit https://rust-lang.github.io/rust-clippy/rust-1.99.0/index.html#redundant_closure
    = note: `-D clippy::redundant-closure` implied by `-D clippy::all`
    = help: to override `-D clippy::all` add `#[allow(clippy::redundant_closure)]`

error: default numeric fallback might occur
   --> src/lighting/transport/tests/probes.rs:359:59
    |
359 |     assert!(field.probes.iter().any(|probe| probe.room == 0));
    |                                                           ^ help: consider adding suffix: `0_i32`
    |
    = help: for further information visit https://rust-lang.github.io/rust-clippy/rust-1.99.0/index.html#default_numeric_fallback
    = note: requested on the command line with `-D clippy::default-numeric-fallback`

error: default numeric fallback might occur
   --> src/lighting/transport/tests/probes.rs:360:59
    |
360 |     assert!(field.probes.iter().any(|probe| probe.room == 1));
    |                                                           ^ help: consider adding suffix: `1_i32`
    |
    = help: for further information visit https://rust-lang.github.io/rust-clippy/rust-1.99.0/index.html#default_numeric_fallback

error: used `assert!` to check that a value is empty
   --> src/lighting/transport/tests/probes.rs:362:5
    |
362 |     assert!(direct.light_indices.is_empty());
    |     ^^^^^^^^^^^^^^^^^^^^^^^^^^^^^^^^^^^^^^^^
    |
    = help: for further information visit https://rust-lang.github.io/rust-clippy/rust-1.99.0/index.html#assert_is_empty
    = note: `-D clippy::assert-is-empty` implied by `-D clippy::pedantic`
    = help: to override `-D clippy::pedantic` add `#[allow(clippy::assert_is_empty)]`
help: use `assert_eq!` to show the value on failure
    |
362 -     assert!(direct.light_indices.is_empty());
362 +     assert_eq!(direct.light_indices, [] as [u32; 0]);
    |

error: default numeric fallback might occur
   --> src/lighting/transport/tests/probes.rs:537:33
    |
537 |                     .unwrap_or(-1),
    |                                 ^ help: consider adding suffix: `1_i32`
    |
    = help: for further information visit https://rust-lang.github.io/rust-clippy/rust-1.99.0/index.html#default_numeric_fallback

error: could not compile `places` (lib test) due to 10 previous errors
