    Checking places v0.8.0 (/Users/connordawkins/Documents/GitHub/Places)
    Finished `dev` profile [optimized + debuginfo] target(s) in 4.48s
    Checking places v0.8.0 (/Users/connordawkins/Documents/GitHub/Places)
    Finished `dev` profile [optimized + debuginfo] target(s) in 8.38s
    Checking places v0.8.0 (/Users/connordawkins/Documents/GitHub/Places)
    Finished `release` profile [optimized] target(s) in 13.95s
   Compiling places v0.8.0 (/Users/connordawkins/Documents/GitHub/Places)
    Finished `test` profile [optimized + debuginfo] target(s) in 27.81s
     Running unittests src/lib.rs (target/debug/deps/places-4d06d8c90f45374a)

running 1 test
test compiler::tests::measured_full_atlases_include_their_container_in_the_typed_record_budget ... ok

test result: ok. 1 passed; 0 failed; 0 ignored; 0 measured; 2174 filtered out; finished in 0.00s

    Finished `test` profile [optimized + debuginfo] target(s) in 0.23s
     Running unittests src/lib.rs (target/debug/deps/places-4d06d8c90f45374a)

running 6 tests
test lighting::transport::diagnostics::tests::diagnostic_bounds_accept_full_pages_eight_and_nine_and_reject_overflow ... ok
test lighting::transport::diagnostics::tests::diagnostic_stage_names_and_semantics_are_explicit ... ok
test lighting::transport::diagnostics::tests::diagnostic_receiver_budget_accepts_ten_pages_but_not_one_extra_sample ... ok
test lighting::transport::diagnostics::tests::diagnostic_chart_offsets_cover_exact_sample_counts ... ok
test lighting::transport::diagnostics::tests::diagnostic_quality_scopes_are_distinct_and_restore ... ok
test lighting::transport::diagnostics::tests::diagnostic_stage_rejects_truncated_and_excess_values ... ok

test result: ok. 6 passed; 0 failed; 0 ignored; 0 measured; 2169 filtered out; finished in 0.00s

