    Checking places v0.8.0 (/Users/connordawkins/Documents/GitHub/Places)
    Finished `dev` profile [optimized + debuginfo] target(s) in 3.81s
    Checking places v0.8.0 (/Users/connordawkins/Documents/GitHub/Places)
    Finished `dev` profile [optimized + debuginfo] target(s) in 8.12s
    Checking places v0.8.0 (/Users/connordawkins/Documents/GitHub/Places)
    Finished `release` profile [optimized] target(s) in 13.86s
    Finished `test` profile [optimized + debuginfo] target(s) in 0.15s
     Running unittests src/lib.rs (target/debug/deps/places-4d06d8c90f45374a)

running 5 tests
test compiler::probes::tests::wall_labels_use_height_and_preserve_clear_openings ... ok
test compiler::probes::tests::world_offsets_floor_regions_and_real_vertical_spans_bound_probes ... ok
test compiler::probes::tests::validity_reasons_identify_real_air_constraints_independently_of_energy ... ok
test compiler::probes::tests::authored_switch_only_probe_solve_labels_and_reload_preserve_spatial_base ... ok
test compiler::probes::tests::solved_probe_round_trips_into_runtime_entity_lighting ... ok

test result: ok. 5 passed; 0 failed; 0 ignored; 0 measured; 2165 filtered out; finished in 0.01s

    Finished `test` profile [optimized + debuginfo] target(s) in 0.11s
     Running unittests src/lib.rs (target/debug/deps/places-4d06d8c90f45374a)

running 16 tests
test level::wall_ceiling_tests::a_containing_closed_room_keeps_overlap_precedence ... ok
test level::wall_ceiling_tests::an_internal_roof_gap_is_not_a_corner_extension ... ok
test level::wall_ceiling_tests::adjacent_roofs_resolve_each_sample_and_split_every_ridge_and_room_transition ... ok
test level::wall_ceiling_tests::a_real_gap_cannot_select_a_nearby_roof ... ok
test level::wall_ceiling_tests::outer_roof_corner_extensions_are_bounded_by_wall_thickness ... ok
test level::wall_ceiling_tests::owned_adjacent_roof_spans_keep_their_own_exact_endpoint_maxima ... ok
test level::wall_ceiling_tests::adjacent_roof_collision_spans_cannot_borrow_a_neighbours_endpoint_height ... ok
test level::wall_ceiling_tests::boundary_gable_profiles_and_collision_reach_the_ridge ... ok
test level::wall_ceiling_tests::owned_constant_and_explicit_wall_bounds_are_exact ... ok
test level::wall_ceiling_tests::owned_gable_bounds_preserve_body_and_support_predicates ... ok
test level::wall_ceiling_tests::owned_gable_collision_spans_keep_exact_endpoint_bounds ... ok
test level::wall_ceiling_tests::boundary_gable_mesh_keeps_both_rake_edges ... ok
test level::wall_ceiling_tests::adjacent_roof_mesh_join_retains_both_exact_endpoint_heights ... ok
test level::wall_ceiling_tests::descending_roof_spans_keep_each_exact_face_height_across_wall_thickness ... ok
test level::wall_ceiling_tests::exposed_wall_caps_keep_the_parent_above_neighbours_and_real_room_ownership_below ... ok
test level::wall_ceiling_tests::rigid_boundary_wall_caps_keep_only_the_area_outside_real_roof_coverage ... ok

test result: ok. 16 passed; 0 failed; 0 ignored; 0 measured; 2154 filtered out; finished in 0.02s

    Finished `test` profile [optimized + debuginfo] target(s) in 0.11s
     Running unittests src/lib.rs (target/debug/deps/places-4d06d8c90f45374a)

running 28 tests
test geometry_check::tests::ghost_face_support_preserves_real_holes_between_coplanar_fragments ... ok
test geometry_check::tests::ghost_face_support_rejects_unsupported_and_partial_boxes ... ok
test geometry_check::tests::checker_arguments_and_reports_are_stable ... ok
test geometry_check::tests::ghost_face_support_requires_coplanarity_and_positive_area ... ok
test geometry_check::tests::ghost_face_support_accepts_containing_triangle_with_outside_centroid ... ok
test geometry_check::tests::repair_arguments_are_stable ... ok
test geometry_check::tests::a_doorway_lintel_participates_in_the_joint ... ok
test geometry_check::tests::a_thickness_transition_is_review_only ... ok
test geometry_check::tests::a_correct_shared_edge_and_a_perpendicular_corner_are_not_joints ... ok
test geometry_check::tests::the_emitted_matcher_flags_a_missing_or_undeclared_joint_face ... ok
test geometry_check::tests::ambiguous_authority_and_oversized_shifts_are_review_only ... ok
test geometry_check::tests::large_coordinates_and_small_features_keep_the_classification ... ok
test geometry_check::tests::the_authority_can_be_either_side ... ok
test geometry_check::tests::a_coplanar_gap_is_a_review_warning_and_a_covered_gap_is_not ... ok
test geometry_check::tests::a_rigid_wall_step_is_an_auto_repairable_error ... ok
test geometry_check::tests::the_plane_tolerance_boundary_is_one_millimetre ... ok
test geometry_check::tests::duplicate_placements_and_dressing_layers_are_reported ... ok
test geometry_check::tests::the_maintained_clean_levels_have_no_wall_joints ... ok
test geometry_check::tests::the_invalid_fixture_is_rejected_and_the_checker_still_names_the_problems ... ok
test geometry_check::tests::the_broken_fixture_reports_its_planted_defects ... ok
test geometry_check::tests::water_basin_skirts_do_not_duplicate_the_divider_faces ... ok
test geometry_check::tests::the_planner_repairs_the_fixture_with_the_coupled_edits ... ok
test geometry_check::tests::the_intentional_fixture_is_clean ... ok
test geometry_check::tests::walking_crouching_and_landing_at_curved_surfaces ... ok
test geometry_check::tests::rendering_diagnostic_panels_do_not_overlap_the_base_wall ... ok
test geometry_check::tests::hero_collision_partitions_have_real_face_support ... ok
test geometry_check::tests::curved_primitives_generate_tight_collision_and_material_variety ... ok
test geometry_check::tests::the_shipped_demo_reports_only_the_confirmed_wall_step ... ok

test result: ok. 28 passed; 0 failed; 0 ignored; 0 measured; 2142 filtered out; finished in 50.57s

