    Checking places v0.8.0 (/Users/connordawkins/Documents/GitHub/Places)
    Finished `dev` profile [optimized + debuginfo] target(s) in 3.32s
    Checking places v0.8.0 (/Users/connordawkins/Documents/GitHub/Places)
    Finished `dev` profile [optimized + debuginfo] target(s) in 15.00s
    Checking places v0.8.0 (/Users/connordawkins/Documents/GitHub/Places)
    Finished `release` profile [optimized] target(s) in 13.92s
   Compiling places v0.8.0 (/Users/connordawkins/Documents/GitHub/Places)
    Finished `test` profile [optimized + debuginfo] target(s) in 38.63s
     Running unittests src/lib.rs (target/debug/deps/places-4d06d8c90f45374a)

running 20 tests
test lighting::transport::tests::probes::a_capped_lattice_covers_low_air_spaces_and_uses_world_coordinates ... ok
test lighting::transport::tests::probes::probe_phase_preserves_covered_layout_and_rejects_coverage_tradeoffs ... ok
test lighting::transport::tests::probes::invalid_runtime_source_mapping_and_switchable_selection_fail_the_solve ... ok
test lighting::transport::tests::probes::invalid_transport_input_and_overflow_fail_before_probe_compression ... ok
[transport-audit] stage=direct room=None kind=Floor mean=0.000000 peak=0.000000 shoulder_fraction=0.000000
[transport-audit] stage=direct room=None kind=Floor mean=0.000000 peak=0.000000 shoulder_fraction=0.000000
[transport-audit] stage=direct room=Some(0) kind=Ceiling mean=0.000000 peak=0.000000 shoulder_fraction=0.000000
[transport-audit] stage=direct room=None kind=Floor mean=0.000000 peak=0.000000 shoulder_fraction=0.000000
[transport-audit] stage=direct room=Some(0) kind=Ceiling mean=0.000000 peak=0.000000 shoulder_fraction=0.000000
[transport-audit] stage=direct room=None kind=Floor mean=0.000000 peak=0.000000 shoulder_fraction=0.000000
[transport-audit] stage=direct room=None kind=Floor mean=0.659486 peak=1.028418 shoulder_fraction=0.000000
[transport-progress] diffuse_order=1/1 receivers=64 samples=32 workers=1
[transport-audit] stage=direct room=None kind=Floor mean=0.659486 peak=1.028418 shoulder_fraction=0.000000
[transport-audit] stage=direct room=Some(0) kind=Ceiling mean=0.242888 peak=0.754242 shoulder_fraction=0.000000
[transport-audit] stage=direct room=None kind=Floor mean=0.000000 peak=0.000000 shoulder_fraction=0.000000
[transport-audit] stage=direct room=Some(0) kind=Ceiling mean=0.000000 peak=0.000000 shoulder_fraction=0.000000
[transport-audit] stage=direct room=Some(0) kind=Ceiling mean=0.000000 peak=0.000000 shoulder_fraction=0.000000
test lighting::transport::tests::probes::parallel_receiver_work_is_bounded_exactly_once_and_ordered ... ok
[transport-audit] stage=direct room=None kind=Floor mean=0.000000 peak=0.000000 shoulder_fraction=0.000000
[transport-audit] stage=direct room=Some(0) kind=Ceiling mean=0.000000 peak=0.000000 shoulder_fraction=0.000000
[transport-progress] diffuse_order=1/1 receivers=128 samples=32 workers=1
[transport-audit] stage=direct room=None kind=Floor mean=0.383919 peak=1.041953 shoulder_fraction=0.000000
[transport-audit] stage=direct room=Some(0) kind=Ceiling mean=0.163012 peak=0.858069 shoulder_fraction=0.000000
[transport-audit] stage=direct room=None kind=Floor mean=0.926984 peak=1.347006 shoulder_fraction=0.000000
[transport-audit] stage=direct room=Some(0) kind=Ceiling mean=0.343851 peak=0.947827 shoulder_fraction=0.000000
[transport-progress] diffuse_order=1/2 receivers=128 samples=32 workers=1
[transport-audit] stage=direct room=Some(0) kind=Ceiling mean=0.242888 peak=0.754242 shoulder_fraction=0.000000
[transport-progress] diffuse_order=1/1 receivers=128 samples=32 workers=12
[transport-audit] stage=bounced room=None kind=Floor mean=0.539907 peak=0.539907 shoulder_fraction=0.000000
[transport-audit] stage=indirect room=None kind=Floor mean=0.539907 peak=0.539907 shoulder_fraction=0.000000
[transport-audit] stage=indirect room=None kind=Floor mean=0.000000 peak=0.000000 shoulder_fraction=0.000000
[transport-audit] stage=indirect room=None kind=Floor mean=0.000000 peak=0.000000 shoulder_fraction=0.000000
[transport-audit] stage=indirect room=Some(0) kind=Ceiling mean=0.000000 peak=0.000000 shoulder_fraction=0.000000
[transport-progress] diffuse_order=1/2 receivers=128 samples=32 workers=1
[transport-audit] stage=filtered room=None kind=Floor mean=0.539907 peak=0.539907 shoulder_fraction=0.000000
[transport-audit] stage=filled room=None kind=Floor mean=0.539907 peak=0.539907 shoulder_fraction=0.000000
[transport-timing] base=true taps=1 bounces=1 receivers_ms=0.016 direct_visibility_ms=0.004 indirect_ms=0.632 probes_ms=0.000 filter_ms=0.129 fill_ms=0.009
[transport-audit] stage=bounced room=None kind=Floor mean=0.555751 peak=0.555751 shoulder_fraction=0.000000
[transport-audit] stage=bounced room=Some(0) kind=Ceiling mean=0.555751 peak=0.555751 shoulder_fraction=0.000000
[transport-audit] stage=indirect room=None kind=Floor mean=0.000000 peak=0.000000 shoulder_fraction=0.000000
[transport-audit] stage=indirect room=Some(0) kind=Ceiling mean=0.000000 peak=0.000000 shoulder_fraction=0.000000
[transport-progress] diffuse_order=1/2 receivers=128 samples=32 workers=1
[transport-audit] stage=bounced room=None kind=Floor mean=0.308784 peak=0.308784 shoulder_fraction=0.000000
[transport-audit] stage=bounced room=Some(0) kind=Ceiling mean=0.308784 peak=0.308784 shoulder_fraction=0.000000
[transport-audit] stage=filtered room=None kind=Floor mean=0.000000 peak=0.000000 shoulder_fraction=0.000000
[transport-audit] stage=filtered room=Some(0) kind=Ceiling mean=0.000000 peak=0.000000 shoulder_fraction=0.000000
[transport-audit] stage=indirect room=Some(0) kind=Ceiling mean=0.000000 peak=0.000000 shoulder_fraction=0.000000
[transport-audit] stage=indirect room=None kind=Floor mean=0.555751 peak=0.555751 shoulder_fraction=0.000000
[transport-audit] stage=indirect room=Some(0) kind=Ceiling mean=0.555751 peak=0.555751 shoulder_fraction=0.000000
[transport-audit] stage=direct room=None kind=Floor mean=0.000000 peak=0.000000 shoulder_fraction=0.000000
[transport-audit] stage=direct room=Some(0) kind=Ceiling mean=0.000000 peak=0.000000 shoulder_fraction=0.000000
[transport-audit] stage=direct room=None kind=Floor mean=0.000000 peak=0.000000 shoulder_fraction=0.000000
[transport-progress] diffuse_order=1/3 receivers=64 samples=32 workers=1
[transport-audit] stage=filtered room=None kind=Floor mean=0.659486 peak=1.028418 shoulder_fraction=0.000000
[transport-audit] stage=filtered room=Some(0) kind=Ceiling mean=0.242888 peak=0.754242 shoulder_fraction=0.000000
[transport-audit] stage=filtered room=None kind=Floor mean=0.000000 peak=0.000000 shoulder_fraction=0.000000
[transport-audit] stage=filtered room=Some(0) kind=Ceiling mean=0.000000 peak=0.000000 shoulder_fraction=0.000000
[transport-audit] stage=direct room=None kind=Floor mean=0.000000 peak=0.000000 shoulder_fraction=0.000000
[transport-audit] stage=direct room=Some(0) kind=Ceiling mean=0.000000 peak=0.000000 shoulder_fraction=0.000000
[transport-audit] stage=filtered room=None kind=Floor mean=0.555751 peak=0.555751 shoulder_fraction=0.000000
[transport-audit] stage=filtered room=Some(0) kind=Ceiling mean=0.555751 peak=0.555751 shoulder_fraction=0.000000
[transport-audit] stage=filled room=None kind=Floor mean=0.659486 peak=1.028418 shoulder_fraction=0.000000
[transport-audit] stage=filled room=Some(0) kind=Ceiling mean=0.242888 peak=0.754242 shoulder_fraction=0.000000
[transport-timing] base=true taps=3 bounces=0 receivers_ms=0.169 direct_visibility_ms=0.340 indirect_ms=0.416 probes_ms=0.275 filter_ms=0.396 fill_ms=0.080
[transport-audit] stage=filled room=None kind=Floor mean=0.555751 peak=0.555751 shoulder_fraction=0.000000
[transport-audit] stage=filled room=Some(0) kind=Ceiling mean=0.555751 peak=0.555751 shoulder_fraction=0.000000
[transport-timing] base=true taps=3 bounces=1 receivers_ms=0.113 direct_visibility_ms=0.235 indirect_ms=0.999 probes_ms=0.106 filter_ms=0.177 fill_ms=0.065
[transport-progress] diffuse_order=2/3 receivers=64 samples=32 workers=1
[transport-audit] stage=filled room=None kind=Floor mean=0.000000 peak=0.000000 shoulder_fraction=0.000000
[transport-audit] stage=filled room=Some(0) kind=Ceiling mean=0.000000 peak=0.000000 shoulder_fraction=0.000000
[transport-timing] base=true taps=3 bounces=1 receivers_ms=0.110 direct_visibility_ms=0.240 indirect_ms=0.416 probes_ms=0.354 filter_ms=0.481 fill_ms=0.138
test lighting::transport::tests::probes::neutral_probe_diffuse_illumination_is_comparable_to_nearby_static_surface ... ok[transport-progress] shared_layers=2 diffuse_order=1/2 receivers=128 samples=32 workers=1

[transport-audit] stage=filled room=None kind=Floor mean=0.000000 peak=0.000000 shoulder_fraction=0.000000
[transport-audit] stage=filled room=Some(0) kind=Ceiling mean=0.000000 peak=0.000000 shoulder_fraction=0.000000
[transport-timing] base=true taps=3 bounces=0 receivers_ms=0.065 direct_visibility_ms=0.164 indirect_ms=0.762 probes_ms=0.076 filter_ms=0.312 fill_ms=0.406
[transport-progress] diffuse_order=3/3 receivers=64 samples=32 workers=1
test lighting::transport::tests::probes::escaping_probe_rays_see_authored_linear_hdr_sky ... ok
test lighting::transport::tests::probes::closed_solid_and_surface_clearance_reject_embedded_probes ... ok
[transport-audit] stage=indirect room=None kind=Floor mean=0.308784 peak=0.308784 shoulder_fraction=0.000000
[transport-audit] stage=indirect room=Some(0) kind=Ceiling mean=0.308784 peak=0.308784 shoulder_fraction=0.000000
[transport-audit] stage=direct room=None kind=Floor mean=0.000000 peak=0.000000 shoulder_fraction=0.000000
[transport-audit] stage=filtered room=None kind=Floor mean=0.308784 peak=0.308784 shoulder_fraction=0.000000
[transport-audit] stage=filtered room=Some(0) kind=Ceiling mean=0.308784 peak=0.308784 shoulder_fraction=0.000000
[transport-audit] stage=direct room=Some(0) kind=Ceiling mean=0.000000 peak=0.000000 shoulder_fraction=0.000000
[transport-audit] stage=filled room=None kind=Floor mean=0.308784 peak=0.308784 shoulder_fraction=0.000000
[transport-audit] stage=filled room=Some(0) kind=Ceiling mean=0.308784 peak=0.308784 shoulder_fraction=0.000000
[transport-timing] base=true taps=3 bounces=1 receivers_ms=0.103 direct_visibility_ms=0.445 indirect_ms=0.845 probes_ms=0.146 filter_ms=0.467 fill_ms=0.055
[transport-progress] shared_layers=2 diffuse_order=2/2 receivers=128 samples=32 workers=1
[transport-audit] stage=bounced room=None kind=Floor mean=0.539907 peak=0.539907 shoulder_fraction=0.000000
[transport-audit] stage=indirect room=None kind=Floor mean=0.539907 peak=0.539907 shoulder_fraction=0.000000
[transport-audit] stage=filtered room=None kind=Floor mean=0.539907 peak=0.539907 shoulder_fraction=0.000000
[transport-audit] stage=filled room=None kind=Floor mean=0.539907 peak=0.539907 shoulder_fraction=0.000000
[transport-timing] base=true taps=1 bounces=3 receivers_ms=0.007 direct_visibility_ms=0.001 indirect_ms=0.807 probes_ms=0.000 filter_ms=0.125 fill_ms=0.011
[transport-audit] stage=indirect room=None kind=Floor mean=0.000000 peak=0.000000 shoulder_fraction=0.000000
[transport-audit] stage=indirect room=Some(0) kind=Ceiling mean=0.000000 peak=0.000000 shoulder_fraction=0.000000
[transport-work] shared_layers=2 logical_gather_samples=16384 geometric_gather_samples=8192
test lighting::transport::tests::probes::sky_is_injected_once_across_diffuse_orders ... ok
[transport-audit] stage=filtered room=None kind=Floor mean=0.000000 peak=0.000000 shoulder_fraction=0.000000
[transport-audit] stage=filtered room=Some(0) kind=Ceiling mean=0.000000 peak=0.000000 shoulder_fraction=0.000000
[transport-audit] stage=filled room=None kind=Floor mean=0.000000 peak=0.000000 shoulder_fraction=0.000000
[transport-audit] stage=filled room=Some(0) kind=Ceiling mean=0.000000 peak=0.000000 shoulder_fraction=0.000000
[transport-timing] base=true taps=3 bounces=1 receivers_ms=0.008 direct_visibility_ms=0.217 indirect_ms=0.058 probes_ms=0.240 filter_ms=0.135 fill_ms=0.008
[transport-audit] stage=direct room=None kind=Floor mean=0.000000 peak=0.000000 shoulder_fraction=0.000000
[transport-audit] stage=direct room=Some(0) kind=Ceiling mean=0.000000 peak=0.000000 shoulder_fraction=0.000000
[transport-audit] stage=bounced room=None kind=Floor mean=0.539907 peak=0.539907 shoulder_fraction=0.000000
[transport-audit] stage=bounced room=Some(0) kind=Ceiling mean=0.539907 peak=0.539907 shoulder_fraction=0.000000

thread 'lighting::transport::tests::probes::validated_probe_phase_shares_targets_bake_and_zero_source_plpf3' (18871110) panicked at src/lighting/transport/tests/probes.rs:334:5:
assertion `left != right` failed: the narrow room is recovered
  left: [-0.5, 4.7683716e-7, -0.25]
 right: [-0.5, 4.7683716e-7, -0.25]
[transport-audit] stage=direct room=None kind=Floor mean=0.659486 peak=1.028418 shoulder_fraction=0.000000
[transport-audit] stage=direct room=Some(0) kind=Ceiling mean=0.242888 peak=0.754242 shoulder_fraction=0.000000
note: run with `RUST_BACKTRACE=1` environment variable to display a backtrace
[transport-audit] stage=direct room=None kind=Floor mean=0.000000 peak=0.000000 shoulder_fraction=0.000000
[transport-audit] stage=direct room=Some(0) kind=Ceiling mean=0.000000 peak=0.000000 shoulder_fraction=0.000000
[transport-progress] diffuse_order=1/2 receivers=128 samples=32 workers=12
[transport-audit] stage=indirect room=None kind=Floor mean=0.539907 peak=0.539907 shoulder_fraction=0.000000
[transport-audit] stage=indirect room=Some(0) kind=Ceiling mean=0.539907 peak=0.539907 shoulder_fraction=0.000000
[transport-progress] diffuse_order=1/1 receivers=128 samples=32 workers=1
[transport-audit] stage=filtered room=None kind=Floor mean=0.539907 peak=0.539907 shoulder_fraction=0.000000
[transport-audit] stage=filtered room=Some(0) kind=Ceiling mean=0.539907 peak=0.539907 shoulder_fraction=0.000000
[transport-audit] stage=filled room=None kind=Floor mean=0.539907 peak=0.539907 shoulder_fraction=0.000000
[transport-audit] stage=filled room=Some(0) kind=Ceiling mean=0.539907 peak=0.539907 shoulder_fraction=0.000000
[transport-timing] base=true taps=3 bounces=2 receivers_ms=0.009 direct_visibility_ms=0.031 indirect_ms=0.775 probes_ms=0.160 filter_ms=0.175 fill_ms=0.019
[transport-audit] stage=indirect room=None kind=Floor mean=0.000000 peak=0.000000 shoulder_fraction=0.000000
[transport-audit] stage=indirect room=Some(0) kind=Ceiling mean=0.000000 peak=0.000000 shoulder_fraction=0.000000
test lighting::transport::tests::probes::validated_probe_phase_cannot_recover_blocked_wall_floor_or_closed_prop ... ok
[transport-audit] stage=bounced room=None kind=Floor mean=0.215963 peak=0.215963 shoulder_fraction=0.000000
[transport-audit] stage=bounced room=Some(0) kind=Ceiling mean=0.215963 peak=0.215963 shoulder_fraction=0.000000
[transport-audit] stage=filtered room=None kind=Floor mean=0.000000 peak=0.000000 shoulder_fraction=0.000000
[transport-audit] stage=filtered room=Some(0) kind=Ceiling mean=0.000000 peak=0.000000 shoulder_fraction=0.000000
[transport-audit] stage=filled room=None kind=Floor mean=0.000000 peak=0.000000 shoulder_fraction=0.000000
[transport-audit] stage=filled room=Some(0) kind=Ceiling mean=0.000000 peak=0.000000 shoulder_fraction=0.000000
[transport-timing] base=false taps=3 bounces=2 receivers_ms=0.000 direct_visibility_ms=0.029 indirect_ms=0.000 probes_ms=0.000 filter_ms=0.187 fill_ms=0.019
[transport-audit] stage=filtered room=None kind=Floor mean=0.383919 peak=1.041953 shoulder_fraction=0.000000
[transport-audit] stage=filtered room=Some(0) kind=Ceiling mean=0.163012 peak=0.858069 shoulder_fraction=0.000000
test lighting::transport::tests::probes::validated_probe_phase_shares_targets_bake_and_zero_source_plpf3 ... FAILED
[transport-audit] stage=filled room=None kind=Floor mean=0.439579 peak=1.116525 shoulder_fraction=0.000000
[transport-audit] stage=filled room=Some(0) kind=Ceiling mean=0.312863 peak=1.017159 shoulder_fraction=0.000000
[transport-timing] base=true taps=3 bounces=0 receivers_ms=0.017 direct_visibility_ms=0.282 indirect_ms=0.395 probes_ms=1.682 filter_ms=0.308 fill_ms=0.115
test lighting::transport::tests::probes::switchable_atlas_layers_do_not_duplicate_the_base_sky ... ok
[transport-audit] stage=indirect room=None kind=Floor mean=0.215963 peak=0.215963 shoulder_fraction=0.000000
[transport-audit] stage=indirect room=Some(0) kind=Ceiling mean=0.215963 peak=0.215963 shoulder_fraction=0.000000
[transport-audit] stage=filtered room=None kind=Floor mean=0.215963 peak=0.215963 shoulder_fraction=0.000000
[transport-audit] stage=filtered room=Some(0) kind=Ceiling mean=0.215963 peak=0.215963 shoulder_fraction=0.000000
[transport-audit] stage=filled room=None kind=Floor mean=0.215963 peak=0.215963 shoulder_fraction=0.000000
[transport-audit] stage=filled room=Some(0) kind=Ceiling mean=0.215963 peak=0.215963 shoulder_fraction=0.000000
[transport-timing] base=true taps=3 bounces=1 receivers_ms=0.008 direct_visibility_ms=0.030 indirect_ms=0.387 probes_ms=0.104 filter_ms=0.258 fill_ms=0.023
[transport-audit] stage=direct room=None kind=Floor mean=0.383919 peak=1.041953 shoulder_fraction=0.000000
[transport-audit] stage=direct room=Some(0) kind=Ceiling mean=0.163012 peak=0.858069 shoulder_fraction=0.000000
[transport-audit] stage=direct room=None kind=Floor mean=0.000000 peak=0.000000 shoulder_fraction=0.000000
[transport-audit] stage=direct room=Some(0) kind=Ceiling mean=0.000000 peak=0.000000 shoulder_fraction=0.000000
[transport-progress] diffuse_order=1/1 receivers=128 samples=32 workers=12
[transport-audit] stage=bounced room=None kind=Floor mean=0.215963 peak=0.215963 shoulder_fraction=0.000000
[transport-audit] stage=bounced room=Some(0) kind=Ceiling mean=0.215963 peak=0.215963 shoulder_fraction=0.000000
[transport-progress] diffuse_order=2/2 receivers=128 samples=32 workers=12
[transport-audit] stage=indirect room=None kind=Floor mean=0.215963 peak=0.215963 shoulder_fraction=0.000000
[transport-audit] stage=indirect room=Some(0) kind=Ceiling mean=0.215963 peak=0.215963 shoulder_fraction=0.000000
[transport-audit] stage=filtered room=None kind=Floor mean=0.215963 peak=0.215963 shoulder_fraction=0.000000
[transport-audit] stage=filtered room=Some(0) kind=Ceiling mean=0.215963 peak=0.215963 shoulder_fraction=0.000000
[transport-audit] stage=filled room=None kind=Floor mean=0.215963 peak=0.215963 shoulder_fraction=0.000000
[transport-audit] stage=filled room=Some(0) kind=Ceiling mean=0.215963 peak=0.215963 shoulder_fraction=0.000000
[transport-timing] base=true taps=3 bounces=1 receivers_ms=0.018 direct_visibility_ms=0.329 indirect_ms=0.277 probes_ms=0.167 filter_ms=0.049 fill_ms=0.010
[transport-progress] diffuse_order=2/2 receivers=128 samples=32 workers=1
test lighting::transport::tests::probes::no_selected_source_bakes_preserve_the_spatial_sidecar_contract ... ok
[transport-audit] stage=indirect room=None kind=Floor mean=0.000000 peak=0.000000 shoulder_fraction=0.000000
[transport-audit] stage=indirect room=Some(0) kind=Ceiling mean=0.000000 peak=0.000000 shoulder_fraction=0.000000
[transport-audit] stage=filtered room=None kind=Floor mean=0.000000 peak=0.000000 shoulder_fraction=0.000000
[transport-audit] stage=filtered room=Some(0) kind=Ceiling mean=0.000000 peak=0.000000 shoulder_fraction=0.000000
[transport-audit] stage=filled room=None kind=Floor mean=0.000000 peak=0.000000 shoulder_fraction=0.000000
[transport-audit] stage=filled room=Some(0) kind=Ceiling mean=0.000000 peak=0.000000 shoulder_fraction=0.000000
[transport-timing] base=true taps=1 bounces=0 receivers_ms=0.017 direct_visibility_ms=0.045 indirect_ms=0.014 probes_ms=1.882 filter_ms=0.106 fill_ms=0.008
[transport-audit] stage=direct room=None kind=Floor mean=0.000000 peak=0.000000 shoulder_fraction=0.000000
[transport-audit] stage=direct room=Some(0) kind=Ceiling mean=0.000000 peak=0.000000 shoulder_fraction=0.000000
[transport-progress] diffuse_order=2/2 receivers=128 samples=32 workers=1
[transport-progress] diffuse_order=2/2 receivers=128 samples=32 workers=1
[transport-audit] stage=bounced room=None kind=Floor mean=0.775719 peak=1.209427 shoulder_fraction=0.000000
[transport-audit] stage=bounced room=Some(0) kind=Ceiling mean=0.456826 peak=1.112934 shoulder_fraction=0.000000
[transport-audit] stage=indirect room=None kind=Floor mean=0.000000 peak=0.000000 shoulder_fraction=0.000000
[transport-audit] stage=indirect room=Some(0) kind=Ceiling mean=0.000000 peak=0.000000 shoulder_fraction=0.000000
[transport-audit] stage=filtered room=None kind=Floor mean=0.383919 peak=1.041953 shoulder_fraction=0.000000
[transport-audit] stage=filtered room=Some(0) kind=Ceiling mean=0.163012 peak=0.858069 shoulder_fraction=0.000000
[transport-audit] stage=filled room=None kind=Floor mean=0.439579 peak=1.116525 shoulder_fraction=0.000000
[transport-audit] stage=filled room=Some(0) kind=Ceiling mean=0.312863 peak=1.017159 shoulder_fraction=0.000000
[transport-timing] base=true taps=3 bounces=0 receivers_ms=0.018 direct_visibility_ms=0.410 indirect_ms=0.018 probes_ms=2.322 filter_ms=0.111 fill_ms=0.096
test lighting::transport::tests::probes::recovery_fill_is_visibility_gated_across_a_sealed_wall ... ok
[transport-audit] stage=indirect room=None kind=Floor mean=0.000000 peak=0.000000 shoulder_fraction=0.000000
[transport-audit] stage=indirect room=Some(0) kind=Ceiling mean=0.000000 peak=0.000000 shoulder_fraction=0.000000
[transport-audit] stage=filtered room=None kind=Floor mean=0.000000 peak=0.000000 shoulder_fraction=0.000000
[transport-audit] stage=filtered room=Some(0) kind=Ceiling mean=0.000000 peak=0.000000 shoulder_fraction=0.000000
[transport-audit] stage=filled room=None kind=Floor mean=0.000000 peak=0.000000 shoulder_fraction=0.000000
[transport-audit] stage=filled room=Some(0) kind=Ceiling mean=0.000000 peak=0.000000 shoulder_fraction=0.000000
[transport-timing] base=true taps=1 bounces=0 receivers_ms=0.018 direct_visibility_ms=0.003 indirect_ms=0.011 probes_ms=2.143 filter_ms=0.092 fill_ms=0.010
test lighting::transport::tests::probes::validated_probe_phase_preserves_existing_covered_field_bytes ... ok
[transport-audit] stage=indirect room=None kind=Floor mean=0.116233 peak=0.183085 shoulder_fraction=0.000000
[transport-audit] stage=indirect room=Some(0) kind=Ceiling mean=0.213939 peak=0.358692 shoulder_fraction=0.000000
[transport-audit] stage=filtered room=None kind=Floor mean=0.776355 peak=1.203652 shoulder_fraction=0.000000
[transport-audit] stage=filtered room=Some(0) kind=Ceiling mean=0.457939 peak=1.092839 shoulder_fraction=0.000000
[transport-audit] stage=filled room=None kind=Floor mean=0.776355 peak=1.203652 shoulder_fraction=0.000000
[transport-audit] stage=filled room=Some(0) kind=Ceiling mean=0.457939 peak=1.092839 shoulder_fraction=0.000000
[transport-timing] base=true taps=3 bounces=2 receivers_ms=0.039 direct_visibility_ms=0.430 indirect_ms=3.065 probes_ms=1.612 filter_ms=0.090 fill_ms=0.009
test lighting::transport::tests::probes::neighboring_probes_share_a_smooth_diffuse_estimator ... ok
[transport-audit] stage=bounced room=None kind=Floor mean=0.000000 peak=0.000000 shoulder_fraction=0.000000
[transport-audit] stage=bounced room=Some(0) kind=Ceiling mean=0.000000 peak=0.000000 shoulder_fraction=0.000000
[transport-audit] stage=bounced room=None kind=Floor mean=0.775719 peak=1.209427 shoulder_fraction=0.000000
[transport-audit] stage=bounced room=Some(0) kind=Ceiling mean=0.456826 peak=1.112934 shoulder_fraction=0.000000
[transport-audit] stage=bounced room=None kind=Floor mean=1.092327 peak=1.569128 shoulder_fraction=0.156250
[transport-audit] stage=bounced room=Some(0) kind=Ceiling mean=0.646512 peak=1.325762 shoulder_fraction=0.000000
[transport-audit] stage=indirect room=None kind=Floor mean=0.000000 peak=0.000000 shoulder_fraction=0.000000
[transport-audit] stage=indirect room=Some(0) kind=Ceiling mean=0.000000 peak=0.000000 shoulder_fraction=0.000000
[transport-audit] stage=filtered room=None kind=Floor mean=0.000000 peak=0.000000 shoulder_fraction=0.000000
[transport-audit] stage=filtered room=Some(0) kind=Ceiling mean=0.000000 peak=0.000000 shoulder_fraction=0.000000
[transport-audit] stage=filled room=None kind=Floor mean=0.000000 peak=0.000000 shoulder_fraction=0.000000
[transport-audit] stage=filled room=Some(0) kind=Ceiling mean=0.000000 peak=0.000000 shoulder_fraction=0.000000
[transport-timing] base=true taps=3 bounces=2 receivers_ms=0.118 direct_visibility_ms=0.354 indirect_ms=7.135 probes_ms=1.620 filter_ms=0.095 fill_ms=0.009
[transport-audit] stage=indirect room=None kind=Floor mean=0.116233 peak=0.183085 shoulder_fraction=0.000000
[transport-audit] stage=indirect room=Some(0) kind=Ceiling mean=0.213939 peak=0.358692 shoulder_fraction=0.000000
[transport-audit] stage=filtered room=None kind=Floor mean=0.776355 peak=1.203652 shoulder_fraction=0.000000
[transport-audit] stage=indirect room=None kind=Floor mean=0.165343 peak=0.276975 shoulder_fraction=0.000000
[transport-audit] stage=indirect room=Some(0) kind=Ceiling mean=0.302660 peak=0.510282 shoulder_fraction=0.000000
[transport-audit] stage=direct room=None kind=Floor mean=0.383919 peak=1.041953 shoulder_fraction=0.000000
[transport-audit] stage=direct room=Some(0) kind=Ceiling mean=0.163012 peak=0.858069 shoulder_fraction=0.000000
[transport-audit] stage=filtered room=Some(0) kind=Ceiling mean=0.457939 peak=1.092839 shoulder_fraction=0.000000
[transport-audit] stage=filled room=None kind=Floor mean=0.776355 peak=1.203652 shoulder_fraction=0.000000
[transport-audit] stage=filled room=Some(0) kind=Ceiling mean=0.457939 peak=1.092839 shoulder_fraction=0.000000
[transport-timing] base=true taps=3 bounces=2 receivers_ms=0.138 direct_visibility_ms=0.501 indirect_ms=7.336 probes_ms=1.567 filter_ms=0.142 fill_ms=0.015
[transport-progress] diffuse_order=1/2 receivers=128 samples=32 workers=1
[transport-audit] stage=filtered room=None kind=Floor mean=1.093218 peak=1.562008 shoulder_fraction=0.140625
[transport-audit] stage=filtered room=Some(0) kind=Ceiling mean=0.648017 peak=1.315715 shoulder_fraction=0.000000
[transport-audit] stage=filled room=None kind=Floor mean=1.093218 peak=1.562008 shoulder_fraction=0.140625
[transport-audit] stage=filled room=Some(0) kind=Ceiling mean=0.648017 peak=1.315715 shoulder_fraction=0.000000
[transport-timing] base=true taps=3 bounces=2 receivers_ms=0.017 direct_visibility_ms=0.393 indirect_ms=7.366 probes_ms=1.566 filter_ms=0.103 fill_ms=0.011
[transport-audit] stage=direct room=None kind=Floor mean=0.659486 peak=1.028418 shoulder_fraction=0.000000
[transport-audit] stage=direct room=Some(0) kind=Ceiling mean=0.242888 peak=0.754242 shoulder_fraction=0.000000
[transport-progress] diffuse_order=1/2 receivers=128 samples=32 workers=12
[transport-audit] stage=direct room=None kind=Floor mean=0.926984 peak=1.347006 shoulder_fraction=0.000000
[transport-audit] stage=direct room=Some(0) kind=Ceiling mean=0.343851 peak=0.947827 shoulder_fraction=0.000000
[transport-progress] diffuse_order=1/2 receivers=128 samples=32 workers=1
[transport-progress] diffuse_order=2/2 receivers=128 samples=32 workers=12
[transport-audit] stage=bounced room=None kind=Floor mean=0.775719 peak=1.209427 shoulder_fraction=0.000000
[transport-audit] stage=bounced room=Some(0) kind=Ceiling mean=0.456826 peak=1.112934 shoulder_fraction=0.000000
[transport-progress] diffuse_order=2/2 receivers=128 samples=32 workers=1
[transport-audit] stage=indirect room=None kind=Floor mean=0.116233 peak=0.183085 shoulder_fraction=0.000000
[transport-audit] stage=indirect room=Some(0) kind=Ceiling mean=0.213939 peak=0.358692 shoulder_fraction=0.000000
[transport-audit] stage=filtered room=None kind=Floor mean=0.776355 peak=1.203652 shoulder_fraction=0.000000
[transport-audit] stage=filtered room=Some(0) kind=Ceiling mean=0.457939 peak=1.092839 shoulder_fraction=0.000000
[transport-progress] diffuse_order=2/2 receivers=128 samples=32 workers=1
[transport-audit] stage=filled room=None kind=Floor mean=0.776355 peak=1.203652 shoulder_fraction=0.000000
[transport-audit] stage=filled room=Some(0) kind=Ceiling mean=0.457939 peak=1.092839 shoulder_fraction=0.000000
[transport-timing] base=true taps=3 bounces=2 receivers_ms=0.017 direct_visibility_ms=0.186 indirect_ms=1.783 probes_ms=1.551 filter_ms=0.096 fill_ms=0.019
[transport-audit] stage=direct room=None kind=Floor mean=0.659486 peak=1.028418 shoulder_fraction=0.000000
[transport-audit] stage=direct room=Some(0) kind=Ceiling mean=0.242888 peak=0.754242 shoulder_fraction=0.000000
[transport-progress] diffuse_order=1/2 receivers=128 samples=32 workers=1
[transport-audit] stage=bounced room=None kind=Floor mean=0.427466 peak=1.153739 shoulder_fraction=0.000000
[transport-audit] stage=bounced room=Some(0) kind=Ceiling mean=0.244147 peak=1.041754 shoulder_fraction=0.000000
[transport-audit] stage=bounced room=None kind=Floor mean=1.092327 peak=1.569128 shoulder_fraction=0.156250
[transport-audit] stage=bounced room=Some(0) kind=Ceiling mean=0.646512 peak=1.325762 shoulder_fraction=0.000000
[transport-progress] diffuse_order=2/2 receivers=128 samples=32 workers=1
[transport-audit] stage=indirect room=None kind=Floor mean=0.043548 peak=0.130781 shoulder_fraction=0.000000
[transport-audit] stage=indirect room=Some(0) kind=Ceiling mean=0.081135 peak=0.242082 shoulder_fraction=0.000000
[transport-audit] stage=filtered room=None kind=Floor mean=0.427702 peak=1.151574 shoulder_fraction=0.000000
[transport-audit] stage=filtered room=Some(0) kind=Ceiling mean=0.244612 peak=1.052590 shoulder_fraction=0.000000
[transport-audit] stage=filled room=None kind=Floor mean=0.427702 peak=1.151574 shoulder_fraction=0.000000
[transport-audit] stage=filled room=Some(0) kind=Ceiling mean=0.244612 peak=1.052590 shoulder_fraction=0.000000
[transport-timing] base=true taps=3 bounces=2 receivers_ms=0.017 direct_visibility_ms=0.261 indirect_ms=6.034 probes_ms=1.556 filter_ms=0.097 fill_ms=0.011
test lighting::transport::tests::probes::enclosed_dark_room_and_wall_separation_preserve_darkness ... ok
[transport-audit] stage=indirect room=None kind=Floor mean=0.165343 peak=0.276975 shoulder_fraction=0.000000
[transport-audit] stage=indirect room=Some(0) kind=Ceiling mean=0.302660 peak=0.510282 shoulder_fraction=0.000000
[transport-audit] stage=filtered room=None kind=Floor mean=1.093218 peak=1.562008 shoulder_fraction=0.140625
[transport-audit] stage=filtered room=Some(0) kind=Ceiling mean=0.648017 peak=1.315715 shoulder_fraction=0.000000
[transport-audit] stage=filled room=None kind=Floor mean=1.093218 peak=1.562008 shoulder_fraction=0.140625
[transport-audit] stage=filled room=Some(0) kind=Ceiling mean=0.648017 peak=1.315715 shoulder_fraction=0.000000
[transport-timing] base=true taps=3 bounces=2 receivers_ms=0.017 direct_visibility_ms=0.349 indirect_ms=6.460 probes_ms=1.540 filter_ms=0.086 fill_ms=0.007
[transport-audit] stage=direct room=None kind=Floor mean=0.926984 peak=1.347006 shoulder_fraction=0.000000
[transport-audit] stage=direct room=Some(0) kind=Ceiling mean=0.343851 peak=0.947827 shoulder_fraction=0.000000
[transport-progress] diffuse_order=1/2 receivers=128 samples=32 workers=12
[transport-progress] diffuse_order=2/2 receivers=128 samples=32 workers=12
[transport-audit] stage=bounced room=None kind=Floor mean=0.775719 peak=1.209427 shoulder_fraction=0.000000
[transport-audit] stage=bounced room=Some(0) kind=Ceiling mean=0.456826 peak=1.112934 shoulder_fraction=0.000000
[transport-audit] stage=bounced room=None kind=Floor mean=1.092327 peak=1.569128 shoulder_fraction=0.156250
[transport-audit] stage=bounced room=Some(0) kind=Ceiling mean=0.646512 peak=1.325762 shoulder_fraction=0.000000
[transport-audit] stage=indirect room=None kind=Floor mean=0.116233 peak=0.183085 shoulder_fraction=0.000000
[transport-audit] stage=indirect room=Some(0) kind=Ceiling mean=0.213939 peak=0.358692 shoulder_fraction=0.000000
[transport-audit] stage=filtered room=None kind=Floor mean=0.776355 peak=1.203652 shoulder_fraction=0.000000
[transport-audit] stage=filtered room=Some(0) kind=Ceiling mean=0.457939 peak=1.092839 shoulder_fraction=0.000000
[transport-audit] stage=filled room=None kind=Floor mean=0.776355 peak=1.203652 shoulder_fraction=0.000000
[transport-audit] stage=filled room=Some(0) kind=Ceiling mean=0.457939 peak=1.092839 shoulder_fraction=0.000000
[transport-timing] base=true taps=3 bounces=2 receivers_ms=0.018 direct_visibility_ms=0.259 indirect_ms=6.429 probes_ms=1.549 filter_ms=0.089 fill_ms=0.009
test lighting::transport::tests::probes::probe_bakes_are_bit_identical_across_workers_and_repeated_builds ... ok
[transport-audit] stage=indirect room=None kind=Floor mean=0.165343 peak=0.276975 shoulder_fraction=0.000000
[transport-audit] stage=indirect room=Some(0) kind=Ceiling mean=0.302660 peak=0.510282 shoulder_fraction=0.000000
[transport-audit] stage=filtered room=None kind=Floor mean=1.093218 peak=1.562008 shoulder_fraction=0.140625
[transport-audit] stage=filtered room=Some(0) kind=Ceiling mean=0.648017 peak=1.315715 shoulder_fraction=0.000000
[transport-audit] stage=filled room=None kind=Floor mean=1.093218 peak=1.562008 shoulder_fraction=0.140625
[transport-audit] stage=filled room=Some(0) kind=Ceiling mean=0.648017 peak=1.315715 shoulder_fraction=0.000000
[transport-timing] base=true taps=3 bounces=2 receivers_ms=0.021 direct_visibility_ms=0.213 indirect_ms=1.840 probes_ms=1.566 filter_ms=0.101 fill_ms=0.008
test lighting::transport::tests::probes::selected_runtime_source_sidecar_preserves_combined_energy_and_unselected_lights ... ok
Demo probe phase original=[-7.8191605, -3.12187, -110.80006] selected=[-8.326778, -3.12187, -111.30767] baseline=[true, true, true, true, true, true, true, false, true, true, false, true, true, true] selected_room_counts=[13, 12, 11, 169, 12, 40, 84, 1, 4, 9, 2, 12, 1047, 12]

thread 'lighting::transport::tests::probes::demo_probe_phase_recovers_authored_corridor_air_without_losing_rooms' (18871060) panicked at src/lighting/transport/tests/probes.rs:544:9:
the actual runtime radius and opaque visibility recover [60.9, -0.82, -5.5]
test lighting::transport::tests::probes::demo_probe_phase_recovers_authored_corridor_air_without_losing_rooms ... FAILED

failures:

failures:
    lighting::transport::tests::probes::demo_probe_phase_recovers_authored_corridor_air_without_losing_rooms
    lighting::transport::tests::probes::validated_probe_phase_shares_targets_bake_and_zero_source_plpf3

test result: FAILED. 18 passed; 2 failed; 0 ignored; 0 measured; 2149 filtered out; finished in 14.46s

error: test failed, to rerun pass `--lib`
