{"argv": ["sh", "/tmp/places-stage7-rust-preflight.sh"], "cwd": "/Users/connordawkins/Documents/GitHub/Places", "started_utc": "2026-10-08T23:04:49.184676+00:00", "finished_utc": "2026-10-08T23:04:50.754395+00:00", "elapsed_seconds": 1.5696650419849902, "exit_code": 1, "environment_overrides": {"RUSTC_WRAPPER": ""}, "log": "/Users/connordawkins/Documents/GitHub/Places/docs/art-style/stage7/execution/rust-preflight-v2.log"}
Diff in /Users/connordawkins/Documents/GitHub/Places/src/geometry_check.rs:2510:
         point[0] -= low[0];
         point[1] -= low[1];
     }
-    let rectangle = [
-        [0.0_f32, 0.0],
-        [extent[0], 0.0],
-        extent,
-        [0.0, extent[1]],
-    ];
+    let rectangle = [[0.0_f32, 0.0], [extent[0], 0.0], extent, [0.0, extent[1]]];
     for (slot, from) in rectangle.iter().enumerate() {
         let Some(to) = rectangle.get(wrap_next(slot, rectangle.len())) else {
             return false;
Diff in /Users/connordawkins/Documents/GitHub/Places/src/geometry_check.rs:4864:
         for triangles in [Vec::new(), x_axis_quad(0.0, 0.0, 0.4, 0.0, 1.0, 0)] {
             let findings = ghost_findings(boxed, &triangles);
             assert_eq!(findings.len(), 1, "uncovered box must retain its warning");
-            assert_eq!(findings[0].check, "ghost-collider", "expected ghost warning");
+            assert_eq!(
+                findings[0].check, "ghost-collider",
+                "expected ghost warning"
+            );
         }
         let centre_patch = x_axis_quad(0.0, 0.4, 0.6, 0.4, 0.6, 0);
         assert!(
Diff in /Users/connordawkins/Documents/GitHub/Places/src/geometry_check.rs:4887:
             "every fragment must have actual positive coplanar area"
         );
         let findings = ghost_findings(boxed, &fragments);
-        assert_eq!(findings.len(), 1, "fragment bounds cannot fill the real hole");
+        assert_eq!(
+            findings.len(),
+            1,
+            "fragment bounds cannot fill the real hole"
+        );
         assert_eq!(findings[0].check, "ghost-collider", "hole retains warning");
     }
 
Diff in /Users/connordawkins/Documents/GitHub/Places/src/render/common/architecture.rs:2894:
         if cross_low < span_low - 0.01 || cross_high > span_high + 0.01 {
             continue;
         }
-        let covered = context.surfaces.wall_solid_slices(wall)
+        let covered = context
+            .surfaces
+            .wall_solid_slices(wall)
             .iter()
             .any(|slice| {
                 slice.start <= end_point - span_low + 0.01

