{"argv": ["sh", "/tmp/places-stage7-rust-preflight-v15.sh"], "cwd": "/Users/connordawkins/Documents/GitHub/Places", "started_utc": "2026-10-09T02:08:43.487659+00:00", "finished_utc": "2026-10-09T02:09:11.767278+00:00", "elapsed_seconds": 28.279830000014044, "exit_code": 101, "environment_overrides": {"RUSTC_WRAPPER": ""}, "log": "/Users/connordawkins/Documents/GitHub/Places/docs/art-style/stage7/execution/rust-source-preflight-v15.log"}
    Checking places v0.8.0 (/Users/connordawkins/Documents/GitHub/Places)
    Finished `dev` profile [optimized + debuginfo] target(s) in 10.21s
    Checking places v0.8.0 (/Users/connordawkins/Documents/GitHub/Places)
error: 5 bindings with single-character names in scope
   --> src/package/props.rs:530:13
    |
530 |         let a = Vertex::new([0.0, 0.0, 0.0], [1.0; 4], [0.0, 0.0]);
    |             ^
531 |         let b = Vertex::new([1.0, 0.0, 0.0], [1.0; 4], [1.0, 0.0]);
    |             ^
532 |         let c = Vertex::new([1.0, 1.0, 0.0], [1.0; 4], [1.0, 1.0]);
    |             ^
533 |         let d = Vertex::new([0.0, 1.0, 0.0], [1.0; 4], [0.0, 1.0]);
    |             ^
534 |         let e = Vertex::new([0.5, 0.5, 1.0], [0.5; 4], [0.5, 0.5]);
    |             ^
    |
    = help: for further information visit https://rust-lang.github.io/rust-clippy/rust-1.99.0/index.html#many_single_char_names
    = note: `-D clippy::many-single-char-names` implied by `-D clippy::pedantic`
    = help: to override `-D clippy::pedantic` add `#[allow(clippy::many_single_char_names)]`

error: could not compile `places` (lib test) due to 1 previous error

