ACTUAL_COMMAND ['cargo', 'clippy', '--locked', '--target', 'x86_64-pc-windows-gnu', '--workspace', '--all-targets', '--all-features', '--', '-D', 'warnings']
    Checking places v0.8.0 (/Users/connordawkins/Documents/GitHub/Places)
    Finished `dev` profile [optimized + debuginfo] target(s) in 8.57s
ACTUAL_COMMAND ['cargo', 'clippy', '--locked', '--release', '--target', 'x86_64-pc-windows-gnu', '--workspace', '--all-targets', '--all-features', '--', '-D', 'warnings']
    Checking places v0.8.0 (/Users/connordawkins/Documents/GitHub/Places)
    Finished `release` profile [optimized] target(s) in 15.07s
ACTUAL_COMMAND ['cargo', 'build', '--locked', '--release', '--target', 'x86_64-pc-windows-gnu', '--bins']
   Compiling windows-link v0.2.1
   Compiling cfg-if v1.0.5
   Compiling foldhash v0.2.0
   Compiling equivalent v1.0.2
   Compiling windows-strings v0.5.1
   Compiling windows-result v0.4.1
   Compiling thiserror v2.0.21
   Compiling hashbrown v0.17.1
   Compiling libm v0.2.16
   Compiling indexmap v2.14.2
   Compiling windows-core v0.62.2
   Compiling bitflags v2.13.2
   Compiling num-traits v0.2.19
   Compiling log v0.4.34
   Compiling rustc-hash v1.1.0
   Compiling zerocopy v0.8.58
   Compiling naga-types v30.0.1
   Compiling windows-threading v0.2.1
   Compiling raw-window-handle v0.6.2
   Compiling unicode-width v0.2.2
   Compiling bit-vec v0.9.1
   Compiling bytemuck v1.25.2
   Compiling codespan-reporting v0.13.1
   Compiling bit-set v0.10.0
   Compiling windows-future v0.3.2
   Compiling windows-collections v0.3.2
   Compiling windows-numerics v0.3.1
   Compiling scopeguard v1.2.0
   Compiling unicode-ident v1.0.26
   Compiling smallvec v1.16.1
   Compiling allocator-api2 v0.2.21
   Compiling once_cell v1.21.4
   Compiling simd-adler32 v0.3.10
   Compiling static_assertions v1.1.0
   Compiling arrayvec v0.7.8
   Compiling hashbrown v0.16.1
   Compiling wgpu-types v30.0.1
   Compiling parking_lot_core v0.9.12
   Compiling windows v0.62.2
   Compiling lock_api v0.4.14
   Compiling presser v0.3.1
   Compiling adler2 v2.0.1
   Compiling typenum v1.20.1
   Compiling half v2.7.1
   Compiling generic-array v0.14.7
   Compiling naga v30.0.1
   Compiling parking_lot v0.12.5
   Compiling ordered-float v5.5.0
   Compiling libloading v0.8.9
   Compiling range-alloc v0.1.5
   Compiling renderdoc-sys v1.1.0
   Compiling profiling v1.0.18
   Compiling crc32fast v1.5.2
   Compiling miniz_oxide v0.9.1
   Compiling zlib-rs v0.6.8
   Compiling serde_core v1.0.229
   Compiling crypto-common v0.1.7
   Compiling flate2 v1.1.10
   Compiling block-buffer v0.10.4
   Compiling memchr v2.8.3
   Compiling digest v0.10.7
   Compiling libc v0.2.189
   Compiling zmij v1.0.23
   Compiling sdl3-sys v0.7.1+SDL-3.4.16
   Compiling miniz_oxide v0.8.9
   Compiling fdeflate v0.3.7
   Compiling wgpu-naga-bridge v30.0.1
   Compiling cpufeatures v0.2.17
   Compiling typed-path v0.12.3
   Compiling itoa v1.0.18
   Compiling serde_json v1.0.151
   Compiling gpu-allocator v0.28.0
   Compiling wgpu-hal v30.0.1
   Compiling zip v8.6.0
   Compiling sdl3 v0.20.0
   Compiling sha2 v0.10.9
   Compiling wgpu-core-deps-windows-linux-android v30.0.1
   Compiling wgpu-core v30.0.1
   Compiling serde v1.0.229
   Compiling png v0.18.1
   Compiling pollster v1.0.1
   Compiling glam v0.29.3
   Compiling wgpu v30.0.1
   Compiling places v0.8.0 (/Users/connordawkins/Documents/GitHub/Places)
    Finished `release` profile [optimized] target(s) in 1m 53s
ACTUAL_COMMAND ['cargo', 'test', '--locked', '--target', 'x86_64-pc-windows-gnu', '--workspace', '--all-features', '--no-run']
   Compiling windows-link v0.2.1
   Compiling cfg-if v1.0.5
   Compiling foldhash v0.2.0
   Compiling equivalent v1.0.2
   Compiling windows-result v0.4.1
   Compiling windows-strings v0.5.1
   Compiling thiserror v2.0.21
   Compiling libm v0.2.16
   Compiling hashbrown v0.17.1
   Compiling windows-core v0.62.2
   Compiling indexmap v2.14.2
   Compiling bitflags v2.13.2
   Compiling num-traits v0.2.19
   Compiling rustc-hash v1.1.0
   Compiling log v0.4.34
   Compiling naga-types v30.0.1
   Compiling zerocopy v0.8.58
   Compiling windows-threading v0.2.1
   Compiling raw-window-handle v0.6.2
   Compiling unicode-width v0.2.2
   Compiling bit-vec v0.9.1
   Compiling codespan-reporting v0.13.1
   Compiling bit-set v0.10.0
   Compiling bytemuck v1.25.2
   Compiling windows-future v0.3.2
   Compiling windows-numerics v0.3.1
   Compiling windows-collections v0.3.2
   Compiling static_assertions v1.1.0
   Compiling arrayvec v0.7.8
   Compiling once_cell v1.21.4
   Compiling scopeguard v1.2.0
   Compiling unicode-ident v1.0.26
   Compiling simd-adler32 v0.3.10
   Compiling smallvec v1.16.1
   Compiling allocator-api2 v0.2.21
   Compiling parking_lot_core v0.9.12
   Compiling lock_api v0.4.14
   Compiling hashbrown v0.16.1
   Compiling windows v0.62.2
   Compiling wgpu-types v30.0.1
   Compiling adler2 v2.0.1
   Compiling typenum v1.20.1
   Compiling half v2.7.1
   Compiling naga v30.0.1
   Compiling presser v0.3.1
   Compiling generic-array v0.14.7
   Compiling parking_lot v0.12.5
   Compiling ordered-float v5.5.0
   Compiling libloading v0.8.9
   Compiling renderdoc-sys v1.1.0
   Compiling profiling v1.0.18
   Compiling range-alloc v0.1.5
   Compiling crc32fast v1.5.2
   Compiling miniz_oxide v0.9.1
   Compiling zlib-rs v0.6.8
   Compiling serde_core v1.0.229
   Compiling wgpu-naga-bridge v30.0.1
   Compiling crypto-common v0.1.7
   Compiling block-buffer v0.10.4
   Compiling flate2 v1.1.10
   Compiling gpu-allocator v0.28.0
   Compiling wgpu-hal v30.0.1
   Compiling memchr v2.8.3
   Compiling digest v0.10.7
   Compiling wgpu-core-deps-windows-linux-android v30.0.1
   Compiling wgpu-core v30.0.1
   Compiling zmij v1.0.23
   Compiling libc v0.2.189
   Compiling sdl3-sys v0.7.1+SDL-3.4.16
   Compiling miniz_oxide v0.8.9
   Compiling fdeflate v0.3.7
   Compiling typed-path v0.12.3
   Compiling cpufeatures v0.2.17
   Compiling itoa v1.0.18
   Compiling serde_json v1.0.151
   Compiling sha2 v0.10.9
   Compiling zip v8.6.0
   Compiling serde v1.0.229
   Compiling png v0.18.1
   Compiling wgpu v30.0.1
   Compiling sdl3 v0.20.0
   Compiling pollster v1.0.1
   Compiling glam v0.29.3
   Compiling places v0.8.0 (/Users/connordawkins/Documents/GitHub/Places)
    Finished `test` profile [optimized + debuginfo] target(s) in 2m 15s
  Executable unittests src/lib.rs (target/stage7-windows/x86_64-pc-windows-gnu/debug/deps/places-1b6cbda47e31431c.exe)
  Executable unittests src/main.rs (target/stage7-windows/x86_64-pc-windows-gnu/debug/deps/places-d8d96fb3733ec2be.exe)
  Executable unittests src/bin/places-compile.rs (target/stage7-windows/x86_64-pc-windows-gnu/debug/deps/places_compile-f1dfe3f1953f8053.exe)
  Executable tests/command_line.rs (target/stage7-windows/x86_64-pc-windows-gnu/debug/deps/command_line-3977b59b5437d158.exe)
  Executable tests/list_levels.rs (target/stage7-windows/x86_64-pc-windows-gnu/debug/deps/list_levels-ebb3dbd672255a9b.exe)
  Executable tests/macos_cpu_port.rs (target/stage7-windows/x86_64-pc-windows-gnu/debug/deps/macos_cpu_port-3d43dc4755c12bc1.exe)
Actual Windows PE binaries and test targets linked; no Windows native execution claim.
