info: downloading component rust-std
aarch64-apple-darwin
armv7-unknown-linux-gnueabihf
x86_64-pc-windows-gnu
/Users/connordawkins/Documents/GitHub/Places/debug-maps/art-style-hero/evidence/stage7-windows-platform-v1/sdk/SDL3-3.4.18/i686-w64-mingw32/lib/pkgconfig/sdl3.pc
prefix=${pcfiledir}/../..
exec_prefix=${prefix}
libdir=${prefix}/lib
includedir=${prefix}/include

Name: sdl3
Description: Simple DirectMedia Layer is a cross-platform multimedia library designed to provide low level access to audio, keyboard, mouse, joystick, 3D hardware via OpenGL, and 2D video framebuffer.
URL: https://www.libsdl.org/
Version: 3.4.18
Requires.private: 
Conflicts:
Libs: -L${libdir}  -lSDL3 -mwindows 
Libs.private: -lm -lkernel32 -luser32 -lgdi32 -lwinmm -limm32 -lole32 -loleaut32 -lversion -luuid -ladvapi32 -lsetupapi -lshell32 -ldinput8
Cflags: -I${includedir} 

/Users/connordawkins/Documents/GitHub/Places/debug-maps/art-style-hero/evidence/stage7-windows-platform-v1/sdk/SDL3-3.4.18/x86_64-w64-mingw32/lib/pkgconfig/sdl3.pc
prefix=${pcfiledir}/../..
exec_prefix=${prefix}
libdir=${prefix}/lib
includedir=${prefix}/include

Name: sdl3
Description: Simple DirectMedia Layer is a cross-platform multimedia library designed to provide low level access to audio, keyboard, mouse, joystick, 3D hardware via OpenGL, and 2D video framebuffer.
URL: https://www.libsdl.org/
Version: 3.4.18
Requires.private: 
Conflicts:
Libs: -L${libdir}  -lSDL3 -mwindows 
Libs.private: -lm -lkernel32 -luser32 -lgdi32 -lwinmm -limm32 -lole32 -loleaut32 -lversion -luuid -ladvapi32 -lsetupapi -lshell32 -ldinput8
Cflags: -I${includedir} 

Official Windows SDK/standard-library preparation only; no Windows compile, link or native acceptance yet.
