ACTUAL_COMMAND ['/opt/homebrew/bin/x86_64-w64-mingw32-gcc', '--version']
x86_64-w64-mingw32-gcc (GCC) 16.2.0
Copyright (C) 2026 Free Software Foundation, Inc.
This is free software; see the source for copying conditions.  There is NO
warranty; not even for MERCHANTABILITY or FITNESS FOR A PARTICULAR PURPOSE.

ACTUAL_COMMAND ['cargo', 'check', '--locked', '--target', 'x86_64-pc-windows-gnu', '--workspace', '--all-targets', '--all-features']
   Compiling proc-macro2 v1.0.107
   Compiling quote v1.0.47
   Compiling unicode-ident v1.0.26
    Checking windows-link v0.2.1
   Compiling cfg_aliases v0.2.2
    Checking cfg-if v1.0.5
    Checking foldhash v0.2.0
    Checking equivalent v1.0.2
   Compiling libm v0.2.16
   Compiling autocfg v1.5.1
   Compiling thiserror v2.0.21
   Compiling num-traits v0.2.19
    Checking hashbrown v0.17.1
    Checking windows-strings v0.5.1
    Checking windows-result v0.4.1
   Compiling syn v2.0.119
   Compiling syn v3.0.6
    Checking indexmap v2.14.2
   Compiling pkg-config v0.3.34
   Compiling zerocopy v0.8.58
    Checking bitflags v2.13.2
   Compiling vcpkg v0.2.15
    Checking log v0.4.34
    Checking rustc-hash v1.1.0
   Compiling naga v30.0.1
    Checking windows-threading v0.2.1
   Compiling version_check v0.9.5
    Checking unicode-width v0.2.2
    Checking bit-vec v0.9.1
   Compiling parking_lot_core v0.9.12
   Compiling thiserror-impl v2.0.21
   Compiling bytemuck_derive v1.12.1
    Checking raw-window-handle v0.6.2
    Checking bit-set v0.10.0
    Checking codespan-reporting v0.13.1
   Compiling generic-array v0.14.7
    Checking bytemuck v1.25.2
   Compiling windows-interface v0.59.3
   Compiling windows-implement v0.60.2
   Compiling zerocopy-derive v0.8.58
    Checking naga-types v30.0.1
    Checking simd-adler32 v0.3.10
    Checking smallvec v1.16.1
    Checking windows-core v0.62.2
    Checking allocator-api2 v0.2.21
    Checking once_cell v1.21.4
    Checking static_assertions v1.1.0
    Checking arrayvec v0.7.8
    Checking scopeguard v1.2.0
    Checking lock_api v0.4.14
    Checking hashbrown v0.16.1
    Checking wgpu-types v30.0.1
    Checking windows-future v0.3.2
    Checking windows-collections v0.3.2
    Checking windows-numerics v0.3.1
    Checking windows v0.62.2
   Compiling sdl3-sys v0.7.1+SDL-3.4.16
   Compiling wgpu-hal v30.0.1
    Checking adler2 v2.0.1
    Checking presser v0.3.1
   Compiling crc32fast v1.5.2
    Checking typenum v1.20.1
    Checking parking_lot v0.12.5
    Checking ordered-float v5.5.0
    Checking libloading v0.8.9
    Checking renderdoc-sys v1.1.0
    Checking profiling v1.0.18
   Compiling serde_core v1.0.229
    Checking range-alloc v0.1.5
    Checking miniz_oxide v0.9.1
   Compiling wgpu-core v30.0.1
    Checking half v2.7.1
    Checking zlib-rs v0.6.8
   Compiling litrs v1.0.0
   Compiling libc v0.2.189
   Compiling zmij v1.0.23
   Compiling document-features v0.2.12
    Checking flate2 v1.1.10
   Compiling sdl3 v0.20.0
    Checking crypto-common v0.1.7
    Checking block-buffer v0.10.4
   Compiling wgpu v30.0.1
    Checking memchr v2.8.3
   Compiling serde v1.0.229
   Compiling serde_json v1.0.151
    Checking gpu-allocator v0.28.0
    Checking digest v0.10.7
    Checking miniz_oxide v0.8.9
    Checking fdeflate v0.3.7
   Compiling serde_derive v1.0.229
    Checking wgpu-naga-bridge v30.0.1
    Checking itoa v1.0.18
    Checking cpufeatures v0.2.17
    Checking typed-path v0.12.3
    Checking zip v8.6.0
    Checking sha2 v0.10.9
    Checking wgpu-core-deps-windows-linux-android v30.0.1
    Checking png v0.18.1
    Checking glam v0.29.3
    Checking pollster v1.0.1
    Checking places v0.8.0 (/Users/connordawkins/Documents/GitHub/Places)
    Finished `dev` profile [optimized + debuginfo] target(s) in 26.49s
ACTUAL_COMMAND ['cargo', 'clippy', '--locked', '--target', 'x86_64-pc-windows-gnu', '--workspace', '--all-targets', '--all-features', '--', '-D', 'warnings']
    Checking places v0.8.0 (/Users/connordawkins/Documents/GitHub/Places)
    Finished `dev` profile [optimized + debuginfo] target(s) in 17.75s
ACTUAL_COMMAND ['cargo', 'clippy', '--locked', '--release', '--target', 'x86_64-pc-windows-gnu', '--workspace', '--all-targets', '--all-features', '--', '-D', 'warnings']
   Compiling proc-macro2 v1.0.107
   Compiling unicode-ident v1.0.26
   Compiling quote v1.0.47
   Compiling libm v0.2.16
   Compiling thiserror v2.0.21
   Compiling autocfg v1.5.1
   Compiling cfg_aliases v0.2.2
   Compiling zerocopy v0.8.58
   Compiling naga v30.0.1
   Compiling parking_lot_core v0.9.12
   Compiling num-traits v0.2.19
    Checking windows-link v0.2.1
   Compiling syn v2.0.119
   Compiling syn v3.0.6
   Compiling version_check v0.9.5
   Compiling pkg-config v0.3.34
   Compiling generic-array v0.14.7
    Checking cfg-if v1.0.5
   Compiling vcpkg v0.2.15
    Checking foldhash v0.2.0
   Compiling wgpu-hal v30.0.1
    Checking equivalent v1.0.2
   Compiling crc32fast v1.5.2
    Checking hashbrown v0.17.1
    Checking windows-strings v0.5.1
    Checking windows-result v0.4.1
   Compiling thiserror-impl v2.0.21
   Compiling bytemuck_derive v1.12.1
   Compiling serde_core v1.0.229
    Checking indexmap v2.14.2
   Compiling sdl3-sys v0.7.1+SDL-3.4.16
   Compiling windows-interface v0.59.3
   Compiling windows-implement v0.60.2
   Compiling zerocopy-derive v0.8.58
    Checking windows-core v0.62.2
    Checking bitflags v2.13.2
   Compiling wgpu-core v30.0.1
    Checking rustc-hash v1.1.0
   Compiling libc v0.2.189
    Checking log v0.4.34
   Compiling litrs v1.0.0
   Compiling zmij v1.0.23
   Compiling document-features v0.2.12
    Checking naga-types v30.0.1
    Checking windows-threading v0.2.1
    Checking raw-window-handle v0.6.2
    Checking unicode-width v0.2.2
    Checking bit-vec v0.9.1
    Checking codespan-reporting v0.13.1
    Checking bit-set v0.10.0
    Checking windows-future v0.3.2
    Checking windows-collections v0.3.2
    Checking windows-numerics v0.3.1
    Checking bytemuck v1.25.2
   Compiling wgpu v30.0.1
   Compiling sdl3 v0.20.0
   Compiling serde_json v1.0.151
   Compiling serde v1.0.229
    Checking simd-adler32 v0.3.10
    Checking allocator-api2 v0.2.21
    Checking once_cell v1.21.4
    Checking static_assertions v1.1.0
    Checking arrayvec v0.7.8
    Checking scopeguard v1.2.0
    Checking smallvec v1.16.1
    Checking hashbrown v0.16.1
    Checking lock_api v0.4.14
    Checking wgpu-types v30.0.1
    Checking half v2.7.1
    Checking windows v0.62.2
   Compiling serde_derive v1.0.229
    Checking presser v0.3.1
    Checking typenum v1.20.1
    Checking adler2 v2.0.1
    Checking parking_lot v0.12.5
    Checking ordered-float v5.5.0
    Checking libloading v0.8.9
    Checking renderdoc-sys v1.1.0
    Checking profiling v1.0.18
    Checking range-alloc v0.1.5
    Checking miniz_oxide v0.9.1
    Checking wgpu-naga-bridge v30.0.1
    Checking zlib-rs v0.6.8
    Checking crypto-common v0.1.7
    Checking flate2 v1.1.10
    Checking block-buffer v0.10.4
    Checking memchr v2.8.3
    Checking gpu-allocator v0.28.0
    Checking digest v0.10.7
    Checking miniz_oxide v0.8.9
    Checking fdeflate v0.3.7
    Checking wgpu-core-deps-windows-linux-android v30.0.1
    Checking cpufeatures v0.2.17
    Checking itoa v1.0.18
    Checking typed-path v0.12.3
    Checking zip v8.6.0
    Checking sha2 v0.10.9
    Checking png v0.18.1
    Checking glam v0.29.3
    Checking pollster v1.0.1
    Checking places v0.8.0 (/Users/connordawkins/Documents/GitHub/Places)
    Finished `release` profile [optimized] target(s) in 33.57s
Actual Windows all-target checking and strict debug/release Clippy passed; PE linking and physical Windows execution remain separate checks.
