[package] /private/var/folders/sl/yxxj_m9n37sgntkntqw0x8yw0000gn/T/places-desktop-baseline-zlkc5twv (assets: /private/var/folders/sl/yxxj_m9n37sgntkntqw0x8yw0000gn/T/places-desktop-baseline-zlkc5twv/assets/levels)
[package] asset root: /private/var/folders/sl/yxxj_m9n37sgntkntqw0x8yw0000gn/T/places-desktop-baseline-zlkc5twv/assets
[settings] quality high (saved high) [startup override] | bloom on | reflections full | lightmaps full | vsync on | filtering high | window Windowed 640 x 360
[assets] 48 placeable asset(s) of 137 catalog entries; themes: office, pool, home
[renderer] wgpu | adapter: Apple M2 Pro | backend: Metal | device type: IntegratedGpu | surface format: Bgra8UnormSrgb | present mode: Fifo | alpha mode: Opaque | depth format: Depth32Float | drawable: 1280x720
[wgpu] texture filtering: world presets low 4x / medium 8x / high 16x requested | anisotropy supported
[lightmaps] atlas array: 2 of 8 layer(s) resident, 1024-texel edge, 8388608 bytes of page data (33554432 bytes allocated)
[wgpu] world upload: 7256 vertices, 11730 indices, 122 draws in 1 chunk(s) (neutral mesh: 7284 vertices, 11772 indices, 128 ranges)
[wgpu] textures: 35 unique, 31 uploaded, 60 cache hits, 13 fallbacks, 0 missing of 122 draws (194336044 bytes resident, max edge 1024px, high filtering)
[wgpu] materials: 39 resolved (23 response, 4 reflection-eligible), 3 normal maps (2 uploaded, 1 cache hits), 116 opaque / 1 cutout / 5 translucent of 122 draws (enabled response, high level)
[wgpu] world pipeline for surface format Bgra8UnormSrgb
[wgpu] decals: 6 draw(s), 1 chunk(s), 4 sheet(s) (3 external, 0 diagnostic)
[wgpu] reflection probes: 2 probe(s), 12 face(s), face edge 64px
[wgpu] characters: 2 character(s), 2 mesh(es), 5 draw(s), 3549 vertices
[settings] graphics applied: quality 'high', lightmaps 'full', reflections 'full', filtering 'high', bloom on
[props] 38 models cached (0 failed), 12042 triangles, 8656 KiB of textures, 44 draw call(s)
[level] 7284 static vertices, 36007 prop vertices, 44 prop draw call(s), built in 1653.4 ms (lighting 24.9 + props 1428.0 + surfaces 52.0)
[spatial] 122 static batch(es) (floor 24 / ceiling 11 / wall 56 / light 31 / prop box 0 / decal 0), 44 prop batch(es)
[lighting] baked 11 room(s) / 11 baseline area(s) from 42 fixture(s): 92 wall + 8829 slab + 588 prop blocker(s), baselines 0.32..0.41 (avg 0.38)
[lightmaps] 2 page(s), 1104 chart(s), 1086975 chart texels, 2097152 page texels (6144 KiB), filled in 0.0 ms
[dynamic] 2 object(s): 2 draw call(s), 1537 vertices (the demonstration path; never part of the static bake)
PLACES_LEVEL: loading 'Level 0: The Pit' (level0_pit) - 53 props
[lightmaps] atlas array: 4 of 8 layer(s) resident, 1024-texel edge, 16777216 bytes of page data (33554432 bytes allocated)
[wgpu] world upload: 9384 vertices, 14358 indices, 147 draws in 1 chunk(s) (neutral mesh: 9420 vertices, 14412 indices, 155 ranges)
[wgpu] textures: 8 unique, 0 uploaded, 88 cache hits, 24 fallbacks, 0 missing of 147 draws (43341136 bytes resident, max edge 1024px, high filtering)
[wgpu] materials: 11 resolved (4 response, 1 reflection-eligible), 0 normal maps (0 uploaded, 0 cache hits), 141 opaque / 0 cutout / 6 translucent of 147 draws (enabled response, high level)
[wgpu] decals: 8 draw(s), 1 chunk(s), 3 sheet(s) (2 external, 0 diagnostic)
[wgpu] reflection probes: 1 probe(s), 6 face(s), face edge 64px
[settings] graphics applied: quality 'high', lightmaps 'full', reflections 'full', filtering 'high', bloom on
[props] 40 models cached (0 failed), 12114 triangles, 9168 KiB of textures, 17 draw call(s)
[level] 9420 static vertices, 28415 prop vertices, 17 prop draw call(s), built in 198.0 ms (lighting 3.4 + props 172.2 + surfaces 10.3)
[spatial] 147 static batch(es) (floor 19 / ceiling 10 / wall 59 / light 59 / prop box 0 / decal 0), 17 prop batch(es)
[lighting] baked 25 room(s) / 37 baseline area(s) from 114 fixture(s): 202 wall + 927 slab + 408 prop blocker(s), baselines 0.10..0.41 (avg 0.24)
[lightmaps] 4 page(s), 1285 chart(s), 3247182 chart texels, 4194304 page texels (12288 KiB), filled in 0.0 ms
[dynamic] 0 object(s): 0 draw call(s), 0 vertices (the demonstration path; never part of the static bake)
[window] logical 640x360 | drawable 1280x720 pixels | backing scale 2.0x
[wgpu] post targets: scene 1280x720, bloom 320x180, presented 1280x720
[startup] total 2360.0 ms
[startup]   package root: +0.1 ms (0.1 ms)
[startup]   settings: +0.1 ms (0.3 ms)
[startup]   window: +112.0 ms (112.2 ms)
[startup]   asset catalog: +8.5 ms (120.8 ms)
[startup]   level loaded: +311.6 ms (432.4 ms)
[startup]   renderer device: +8.7 ms (441.1 ms)
[startup]   world geometry: pack: +1529.2 ms (1970.3 ms)
[startup]   world geometry: GPU upload: +0.2 ms (1970.5 ms)
[startup]   world textures: plan: +0.0 ms (1970.5 ms)
[startup]   textures: CPU prepare: +23.5 ms (1994.0 ms)
[startup]   textures: GPU upload: +26.9 ms (2020.9 ms)
[startup]   world textures: batch: +0.0 ms (2020.9 ms)
[startup]   level uploaded: +104.2 ms (2125.2 ms)
[startup]   game ready: +1.8 ms (2126.9 ms)
[startup]   world geometry: pack: +196.3 ms (2323.2 ms)
[startup]   world geometry: GPU upload: +0.2 ms (2323.4 ms)
[startup]   world textures: plan: +0.0 ms (2323.4 ms)
[startup]   textures: CPU prepare: +0.0 ms (2323.4 ms)
[startup]   textures: GPU upload: +0.0 ms (2323.4 ms)
[startup]   world textures: batch: +0.0 ms (2323.4 ms)
[startup]   input responsive: +35.7 ms (2359.1 ms)
[startup]   first scene submitted: +0.9 ms (2360.0 ms)
[startup]   first UI submitted: +0.0 ms (2360.0 ms)
[startup]   first presented: +0.0 ms (2360.0 ms)
BENCH_SUMMARY {"level":"level0_pit","frames":4,"swap_interval":1,"update_mean_ms":14.321,"render_mean_ms":3.307,"swap_mean_ms":0.009,"frame_mean_ms":17.638,"loop_mean_ms":24.285,"frame_median_ms":29.289,"loop_median_ms":29.364,"frame_p95_ms":30.029,"frame_p99_ms":30.029,"loop_p95_ms":30.030,"loop_p99_ms":30.030,"frame_min_ms":2.774,"frame_max_ms":30.029,"loop_min_ms":8.458,"loop_max_ms":30.030,"fps_median":34.06,"fps_p95":33.30,"fps_p99":33.30,"fps_1pct_low":33.30,"fps_mean":41.18,"measured_fps_mean":56.70,"worst_fps":33.30,"total_vertices":37799,"visible_vertices":35532,"culled_vertices":2267,"total_batches":164,"visible_batches":140,"draw_calls":140,"vbo_bytes":2419136,"index_bytes":102432,"texture_binds":24,"material_changes":23,"reflection_passes":0}
BENCH_SUMMARY {"level":"level0_pit","frames":4,"swap_interval":1,"update_mean_ms":14.321,"render_mean_ms":3.307,"swap_mean_ms":0.009,"frame_mean_ms":17.638,"loop_mean_ms":24.285,"frame_median_ms":29.289,"loop_median_ms":29.364,"frame_p95_ms":30.029,"frame_p99_ms":30.029,"loop_p95_ms":30.030,"loop_p99_ms":30.030,"frame_min_ms":2.774,"frame_max_ms":30.029,"loop_min_ms":8.458,"loop_max_ms":30.030,"fps_median":34.06,"fps_p95":33.30,"fps_p99":33.30,"fps_1pct_low":33.30,"fps_mean":41.18,"measured_fps_mean":56.70,"worst_fps":33.30,"total_vertices":37799,"visible_vertices":35532,"culled_vertices":2267,"total_batches":164,"visible_batches":140,"draw_calls":140,"vbo_bytes":2419136,"index_bytes":102432,"texture_binds":24,"material_changes":23,"reflection_passes":0}
        2.44 real         2.35 user         0.17 sys
           785956864  maximum resident set size
                   0  average shared memory size
                   0  average unshared data size
                   0  average unshared stack size
               49841  page reclaims
                   7  page faults
                   0  swaps
                   0  block input operations
                   0  block output operations
                   0  messages sent
                   0  messages received
                   0  signals received
                   0  voluntary context switches
                1498  involuntary context switches
         36620931890  instructions retired
          8526767371  cycles elapsed
          1038697984  peak memory footprint
