[package] /private/var/folders/sl/yxxj_m9n37sgntkntqw0x8yw0000gn/T/places-art-style-hero-1g_c0tmb (assets: /private/var/folders/sl/yxxj_m9n37sgntkntqw0x8yw0000gn/T/places-art-style-hero-1g_c0tmb/assets/levels)
[package] asset root: /private/var/folders/sl/yxxj_m9n37sgntkntqw0x8yw0000gn/T/places-art-style-hero-1g_c0tmb/assets
[settings] quality high (saved high) [startup override] | lighting high | bloom on | reflections full | lightmaps full | vsync off | filtering high | window Windowed 640 x 360
[assets] 204 placeable asset(s) of 352 catalog entries; themes: office, pool, home, outdoor, winter
[renderer] wgpu | adapter: Apple M2 Pro | backend: Metal | device type: IntegratedGpu | surface format: Bgra8UnormSrgb | present mode: Fifo | alpha mode: Opaque | depth format: Depth32Float | drawable: 1280x720
[wgpu] texture filtering: world presets low 4x / medium 8x / high 16x requested | anisotropy supported
[wgpu] present mode Immediate (immediate)
[window] logical 640x360 | drawable 1280x720 pixels | backing scale 2.0x
[wgpu] world pipeline for surface format Bgra8UnormSrgb
[wgpu] post targets: scene 1280x720, bloom 320x180, presented 1280x720
[startup] total 241.8 ms
[startup]   package root: +0.2 ms (0.2 ms)
[startup]   settings: +0.3 ms (0.4 ms)
[startup]   window: +108.6 ms (109.0 ms)
[startup]   asset catalog: +1.5 ms (110.5 ms)
[startup]   renderer device: +9.3 ms (119.8 ms)
[startup]   input responsive: +55.1 ms (174.8 ms)
[startup]   first scene attempted: +27.8 ms (202.6 ms)
[startup]   first UI attempted: +0.0 ms (202.6 ms)
[startup]   first presented: +39.2 ms (241.8 ms)
[loading] package identity level=art_style_hero variant=full sha256=f4ffef2cfcb56c5ec8cdd4f25f3f5c195d8598a2f2e7f3aae253a9bab44739a7 source=/var/folders/sl/yxxj_m9n37sgntkntqw0x8yw0000gn/T/places-art-style-hero-1g_c0tmb/assets/levels/art_style_hero.placesmap
[loading] compiled-cache miss level=art_style_hero variant=full
[lightmaps] atlas array: 2 page(s) in 4 layer(s), 1024-texel edge, 33554432 bytes resident
[wgpu] world upload: 348 vertices, 534 indices, 14 draws in 1 chunk(s) (neutral mesh: 348 vertices, 534 indices, 14 ranges)
[wgpu] textures: 10 unique, 9 uploaded, 3 cache hits, 1 fallbacks, 0 missing of 14 draws (53127840 bytes resident, max edge 1024px, high filtering)
[wgpu] materials: 11 resolved (6 response, 1 reflection-eligible), 2 normal maps (2 uploaded, 0 cache hits), 13 opaque / 0 cutout / 1 translucent of 14 draws (enabled response, high level)
[wgpu] decals: 0 draw(s), 0 chunk(s), 1 sheet(s) (0 external, 0 diagnostic)
[wgpu] sky `outdoor:tex_sky_stars_01`: 1024x512 uploaded
[wgpu] uploaded 1 packaged reflection probe(s) at 64 texels, 7 mip level(s)
[wgpu] characters: 3 character(s), 1 mesh(es), 9 draw(s), 9087 vertices
[loading] committed art_style_hero
[props] 17 models cached (0 failed), 6674 triangles, 4624 KiB of textures, 21 draw call(s)
[level] 348 static vertices, 15900 prop vertices, 21 prop draw call(s), built in 0.2 ms (lighting 0.0 + props 0.0 + surfaces 0.0)
[spatial] 14 static batch(es) (floor 4 / ceiling 1 / wall 7 / light 2 / prop box 0 / decal 0), 21 prop batch(es)
[lighting] baked 3 room(s) / 3 baseline area(s) from 4 fixture(s): 16 wall + 36 slab + 222 prop blocker(s), baselines 0.31..0.41 (avg 0.37)
[lightmaps] 2 page(s), 5363 chart(s), 203188 chart texels, 2097152 page texels (32768 KiB), filled in 0.0 ms
[dynamic] 2 object(s): 3 draw call(s), 1120 vertices (the demonstration path; never part of the static bake); doors: 1/1
[characters] `home:dining_chair` spawns through the dynamic path: the runtime model `environment/home/props/models/dining_chair.glb` carries no skin or animation; it cannot be posed
PLACES_CAPTURE: wrote /Users/connordawkins/Documents/GitHub/Places/docs/art-style/stage4/snapshot-verification-movement/crossing.png
BENCH_SUMMARY {"level":"art_style_hero","frames":68,"swap_interval":0,"update_mean_ms":0.810,"render_mean_ms":4.959,"swap_mean_ms":1.458,"frame_mean_ms":7.228,"loop_mean_ms":6.009,"frame_median_ms":7.528,"loop_median_ms":7.759,"frame_p95_ms":11.039,"frame_p99_ms":14.981,"loop_p95_ms":11.133,"loop_p99_ms":15.104,"frame_min_ms":1.052,"frame_max_ms":105.409,"loop_min_ms":1.179,"loop_max_ms":15.129,"fps_median":128.87,"fps_p95":89.82,"fps_p99":66.21,"fps_1pct_low":66.21,"fps_mean":166.42,"measured_fps_mean":138.36,"worst_fps":66.10,"total_vertices":17800,"visible_vertices":22774,"culled_vertices":0,"total_batches":39,"visible_batches":36,"draw_calls":36,"vbo_bytes":1352800,"index_bytes":37980,"texture_binds":32,"material_changes":34,"reflection_passes":0}
        1.10 real         0.79 user         0.20 sys
           468762624  maximum resident set size
                   0  average shared memory size
                   0  average unshared data size
                   0  average unshared stack size
               35866  page reclaims
                   6  page faults
                   0  swaps
                   0  block input operations
                   0  block output operations
                   0  messages sent
                   0  messages received
                   0  signals received
                   1  voluntary context switches
                6573  involuntary context switches
          9536332154  instructions retired
          3045340815  cycles elapsed
           524354952  peak memory footprint
