could not use the package directory : No such file or directory (os error 2)
relative assets, levels and settings will resolve against /Users/connordawkins/Documents/GitHub/Places instead
[package]  (assets: assets/levels)
[package] asset root: /Users/connordawkins/Documents/GitHub/Places/assets
[settings] quality high (saved high) [startup override] | bloom on | reflections full | lightmaps full | vsync on | filtering high | window Windowed 640 x 360
[assets] 48 placeable asset(s) of 137 catalog entries; themes: office, pool, home
[renderer] wgpu | adapter: Apple M2 Pro | backend: Metal | device type: IntegratedGpu | surface format: Bgra8UnormSrgb | present mode: Fifo | alpha mode: Opaque | depth format: Depth32Float | drawable: 1280x720
[wgpu] texture filtering: world presets low 4x / medium 8x / high 16x requested | anisotropy supported
[window] logical 640x360 | drawable 1280x720 pixels | backing scale 2.0x
[wgpu] world pipeline for surface format Bgra8UnormSrgb
[wgpu] post targets: scene 1280x720, bloom 320x180, presented 1280x720
[startup] total 561.7 ms
[startup]   package root: +0.2 ms (0.2 ms)
[startup]   settings: +0.2 ms (0.5 ms)
[startup]   window: +119.8 ms (120.2 ms)
[startup]   asset catalog: +109.1 ms (229.3 ms)
[startup]   renderer device: +88.7 ms (318.0 ms)
[startup]   input responsive: +138.6 ms (456.6 ms)
[startup]   first scene submitted: +105.0 ms (561.6 ms)
[startup]   first UI submitted: +0.1 ms (561.7 ms)
[startup]   first presented: +0.1 ms (561.7 ms)
[loading] prepared-cache miss level=places_demo
[lightmaps] atlas array: 2 of 8 layer(s) resident, 1024-texel edge, 8388608 bytes of page data (33554432 bytes allocated)
[wgpu] world upload: 7170 vertices, 11736 indices, 122 draws in 1 chunk(s) (neutral mesh: 7198 vertices, 11778 indices, 128 ranges)
[wgpu] textures: 35 unique, 31 uploaded, 60 cache hits, 13 fallbacks, 0 missing of 122 draws (194336044 bytes resident, max edge 1024px, high filtering)
[wgpu] materials: 39 resolved (23 response, 4 reflection-eligible), 3 normal maps (2 uploaded, 1 cache hits), 116 opaque / 1 cutout / 5 translucent of 122 draws (enabled response, high level)
[wgpu] decals: 6 draw(s), 1 chunk(s), 4 sheet(s) (3 external, 0 diagnostic)
[wgpu] reflection probes: 2 probe(s), 12 face(s), face edge 64px
[wgpu] characters: 2 character(s), 2 mesh(es), 5 draw(s), 3549 vertices
[loading] committed places_demo
[props] 38 models cached (0 failed), 12042 triangles, 8656 KiB of textures, 44 draw call(s)
[level] 7198 static vertices, 36007 prop vertices, 44 prop draw call(s), built in 1.0 ms (lighting 297.3 + props 5231.9 + surfaces 550.3)
[spatial] 122 static batch(es) (floor 24 / ceiling 11 / wall 56 / light 31 / prop box 0 / decal 0), 44 prop batch(es)
[lighting] baked 11 room(s) / 11 baseline area(s) from 42 fixture(s): 92 wall + 8829 slab + 588 prop blocker(s), baselines 0.32..0.41 (avg 0.38)
[lightmaps] 2 page(s), 1060 chart(s), 1074844 chart texels, 2097152 page texels (6144 KiB), filled in 0.0 ms
[dynamic] 2 object(s): 2 draw call(s), 1537 vertices (the demonstration path; never part of the static bake)
BENCH_SUMMARY {"level":"","frames":4,"swap_interval":1,"update_mean_ms":155.508,"render_mean_ms":13.069,"swap_mean_ms":0.087,"frame_mean_ms":168.663,"loop_mean_ms":322.970,"frame_median_ms":14.618,"loop_median_ms":631.304,"frame_p95_ms":631.304,"frame_p99_ms":631.304,"loop_p95_ms":631.362,"loop_p99_ms":631.362,"frame_min_ms":14.158,"frame_max_ms":631.304,"loop_min_ms":14.583,"loop_max_ms":631.362,"fps_median":1.58,"fps_p95":1.58,"fps_p99":1.58,"fps_1pct_low":1.58,"fps_mean":3.10,"measured_fps_mean":5.93,"worst_fps":1.58,"total_vertices":44714,"visible_vertices":44789,"culled_vertices":0,"total_batches":168,"visible_batches":167,"draw_calls":167,"vbo_bytes":2861696,"index_bytes":128604,"texture_binds":85,"material_changes":85,"reflection_passes":4}
BENCH_SUMMARY {"level":"","frames":4,"swap_interval":1,"update_mean_ms":155.508,"render_mean_ms":13.069,"swap_mean_ms":0.087,"frame_mean_ms":168.663,"loop_mean_ms":322.970,"frame_median_ms":14.618,"loop_median_ms":631.304,"frame_p95_ms":631.304,"frame_p99_ms":631.304,"loop_p95_ms":631.362,"loop_p99_ms":631.362,"frame_min_ms":14.158,"frame_max_ms":631.304,"loop_min_ms":14.583,"loop_max_ms":631.362,"fps_median":1.58,"fps_p95":1.58,"fps_p99":1.58,"fps_1pct_low":1.58,"fps_mean":3.10,"measured_fps_mean":5.93,"worst_fps":1.58,"total_vertices":44714,"visible_vertices":44789,"culled_vertices":0,"total_batches":168,"visible_batches":167,"draw_calls":167,"vbo_bytes":2861696,"index_bytes":128604,"texture_binds":85,"material_changes":85,"reflection_passes":4}
       13.79 real        18.32 user         1.06 sys
           692649984  maximum resident set size
                   0  average shared memory size
                   0  average unshared data size
                   0  average unshared stack size
               49972  page reclaims
                  55  page faults
                   0  swaps
                   0  block input operations
                   0  block output operations
                   0  messages sent
                   0  messages received
                   0  signals received
                   0  voluntary context switches
               90407  involuntary context switches
        202990021986  instructions retired
         63361001008  cycles elapsed
           884360632  peak memory footprint
