[package] /Users/connordawkins/Documents/GitHub/Places (assets: /Users/connordawkins/Documents/GitHub/Places/assets/levels)
[package] asset root: /Users/connordawkins/Documents/GitHub/Places/assets
[settings] quality high (saved high) [startup override] | bloom on | reflections full | lightmaps full | vsync on | filtering high | window Windowed 640 x 360
[assets] 48 placeable asset(s) of 137 catalog entries; themes: office, pool, home
[renderer] wgpu | adapter: Apple M2 Pro | backend: Metal | device type: IntegratedGpu | surface format: Bgra8UnormSrgb | present mode: Fifo | alpha mode: Opaque | depth format: Depth32Float | drawable: 1280x720
[wgpu] texture filtering: world presets low 4x / medium 8x / high 16x requested | anisotropy supported
[window] logical 640x360 | drawable 1280x720 pixels | backing scale 2.0x
[wgpu] world pipeline for surface format Bgra8UnormSrgb
[wgpu] post targets: scene 1280x720, bloom 320x180, presented 1280x720
[startup] total 178.8 ms
[startup]   package root: +0.1 ms (0.1 ms)
[startup]   settings: +0.1 ms (0.2 ms)
[startup]   window: +110.6 ms (110.8 ms)
[startup]   asset catalog: +8.2 ms (119.1 ms)
[startup]   renderer device: +8.6 ms (127.7 ms)
[startup]   input responsive: +39.4 ms (167.0 ms)
[startup]   first scene submitted: +11.7 ms (178.7 ms)
[startup]   first UI submitted: +0.0 ms (178.8 ms)
[startup]   first presented: +0.0 ms (178.8 ms)
[loading] prepared-cache miss level=level0_pit
[lightmaps] fill workers=3 charts=1200
[lightmaps] atlas array: 4 of 8 layer(s) resident, 1024-texel edge, 16777216 bytes of page data (33554432 bytes allocated)
[wgpu] world upload: 9216 vertices, 14364 indices, 144 draws in 1 chunk(s) (neutral mesh: 9252 vertices, 14418 indices, 152 ranges)
[wgpu] textures: 8 unique, 6 uploaded, 79 cache hits, 24 fallbacks, 0 missing of 144 draws (43341136 bytes resident, max edge 1024px, high filtering)
[wgpu] materials: 11 resolved (4 response, 1 reflection-eligible), 0 normal maps (0 uploaded, 0 cache hits), 138 opaque / 0 cutout / 6 translucent of 144 draws (enabled response, high level)
[wgpu] decals: 8 draw(s), 1 chunk(s), 3 sheet(s) (2 external, 0 diagnostic)
[wgpu] reflection probes: 1 probe(s), 6 face(s), face edge 64px
[loading] committed level0_pit
[props] 6 models cached (0 failed), 1230 triangles, 1536 KiB of textures, 17 draw call(s)
[level] 9252 static vertices, 28415 prop vertices, 17 prop draw call(s), built in 0.1 ms (lighting 4.6 + props 47.4 + surfaces 10.7)
[spatial] 144 static batch(es) (floor 19 / ceiling 10 / wall 56 / light 59 / prop box 0 / decal 0), 17 prop batch(es)
[lighting] baked 25 room(s) / 37 baseline area(s) from 114 fixture(s): 202 wall + 927 slab + 408 prop blocker(s), baselines 0.10..0.41 (avg 0.24)
[lightmaps] 4 page(s), 1200 chart(s), 3215492 chart texels, 4194304 page texels (12288 KiB), filled in 3057.4 ms
[dynamic] 0 object(s): 0 draw call(s), 0 vertices (the demonstration path; never part of the static bake)
BENCH_SUMMARY {"level":"level0_pit","frames":4,"swap_interval":1,"update_mean_ms":2.948,"render_mean_ms":5.249,"swap_mean_ms":0.010,"frame_mean_ms":8.206,"loop_mean_ms":8.192,"frame_median_ms":8.219,"loop_median_ms":8.160,"frame_p95_ms":8.350,"frame_p99_ms":8.350,"loop_p95_ms":8.351,"loop_p99_ms":8.351,"frame_min_ms":8.116,"frame_max_ms":8.350,"loop_min_ms":8.117,"loop_max_ms":8.351,"fps_median":122.55,"fps_p95":119.74,"fps_p99":119.74,"fps_1pct_low":119.74,"fps_mean":122.07,"measured_fps_mean":121.86,"worst_fps":119.74,"total_vertices":37631,"visible_vertices":35369,"culled_vertices":2262,"total_batches":161,"visible_batches":138,"draw_calls":138,"vbo_bytes":2408384,"index_bytes":102444,"texture_binds":24,"material_changes":23,"reflection_passes":0}
BENCH_SUMMARY {"level":"level0_pit","frames":4,"swap_interval":1,"update_mean_ms":2.948,"render_mean_ms":5.249,"swap_mean_ms":0.010,"frame_mean_ms":8.206,"loop_mean_ms":8.192,"frame_median_ms":8.219,"loop_median_ms":8.160,"frame_p95_ms":8.350,"frame_p99_ms":8.350,"loop_p95_ms":8.351,"loop_p99_ms":8.351,"frame_min_ms":8.116,"frame_max_ms":8.350,"loop_min_ms":8.117,"loop_max_ms":8.351,"fps_median":122.55,"fps_p95":119.74,"fps_p99":119.74,"fps_1pct_low":119.74,"fps_mean":122.07,"measured_fps_mean":121.86,"worst_fps":119.74,"total_vertices":37631,"visible_vertices":35369,"culled_vertices":2262,"total_batches":161,"visible_batches":138,"draw_calls":138,"vbo_bytes":2408384,"index_bytes":102444,"texture_binds":24,"material_changes":23,"reflection_passes":0}
        3.53 real         7.83 user         0.30 sys
           235814912  maximum resident set size
                   0  average shared memory size
                   0  average unshared data size
                   0  average unshared stack size
               18851  page reclaims
                   7  page faults
                   0  swaps
                   0  block input operations
                   0  block output operations
                   0  messages sent
                   0  messages received
                   0  signals received
                  14  voluntary context switches
               21345  involuntary context switches
        149457903204  instructions retired
         26977082775  cycles elapsed
           296289384  peak memory footprint
