[package] /Users/connordawkins/Documents/GitHub/Places (assets: /Users/connordawkins/Documents/GitHub/Places/assets/levels)
[package] asset root: /Users/connordawkins/Documents/GitHub/Places/assets
[settings] quality high (saved high) [startup override] | bloom on | reflections full | lightmaps full | vsync on | filtering high | window Windowed 640 x 360
[assets] 48 placeable asset(s) of 137 catalog entries; themes: office, pool, home
[renderer] wgpu | adapter: Apple M2 Pro | backend: Metal | device type: IntegratedGpu | surface format: Bgra8UnormSrgb | present mode: Fifo | alpha mode: Opaque | depth format: Depth32Float | drawable: 1280x720
[wgpu] texture filtering: world presets low 4x / medium 8x / high 16x requested | anisotropy supported
[window] logical 640x360 | drawable 1280x720 pixels | backing scale 2.0x
[wgpu] world pipeline for surface format Bgra8UnormSrgb
[wgpu] post targets: scene 1280x720, bloom 320x180, presented 1280x720
[startup] total 211.4 ms
[startup]   package root: +0.2 ms (0.2 ms)
[startup]   settings: +0.1 ms (0.3 ms)
[startup]   window: +144.8 ms (145.1 ms)
[startup]   asset catalog: +8.2 ms (153.3 ms)
[startup]   renderer device: +9.0 ms (162.3 ms)
[startup]   input responsive: +37.1 ms (199.4 ms)
[startup]   first scene submitted: +11.9 ms (211.4 ms)
[startup]   first UI submitted: +0.0 ms (211.4 ms)
[startup]   first presented: +0.0 ms (211.4 ms)
[loading] prepared-cache miss level=model_zoo
[lightmaps] fill workers=3 charts=169
[lightmaps] atlas array: 3 of 8 layer(s) resident, 1024-texel edge, 12582912 bytes of page data (33554432 bytes allocated)
[wgpu] world upload: 8699 vertices, 18840 indices, 70 draws in 1 chunk(s) (neutral mesh: 8723 vertices, 18876 indices, 74 ranges)
[wgpu] textures: 6 unique, 5 uploaded, 25 cache hits, 20 fallbacks, 0 missing of 70 draws (37748728 bytes resident, max edge 1024px, high filtering)
[wgpu] materials: 8 resolved (5 response, 0 reflection-eligible), 0 normal maps (0 uploaded, 0 cache hits), 69 opaque / 0 cutout / 1 translucent of 70 draws (enabled response, high level)
[wgpu] decals: 4 draw(s), 1 chunk(s), 3 sheet(s) (2 external, 0 diagnostic)
[wgpu] characters: 14 character(s), 5 mesh(es), 20 draw(s), 35470 vertices
[loading] committed model_zoo
[props] 48 models cached (0 failed), 17748 triangles, 10784 KiB of textures, 48 draw call(s)
[level] 8723 static vertices, 26397 prop vertices, 48 prop draw call(s), built in 0.1 ms (lighting 26.5 + props 126.7 + surfaces 1.9)
[spatial] 70 static batch(es) (floor 6 / ceiling 1 / wall 23 / light 40 / prop box 0 / decal 0), 48 prop batch(es)
[lighting] baked 1 room(s) / 1 baseline area(s) from 101 fixture(s): 230 wall + 197 slab + 589 prop blocker(s), baselines 0.40..0.40 (avg 0.40)
[lightmaps] 3 page(s), 169 chart(s), 1610551 chart texels, 3145728 page texels (9216 KiB), filled in 5646.5 ms
[dynamic] 1 object(s): 1 draw call(s), 1248 vertices (the demonstration path; never part of the static bake)
BENCH_SUMMARY {"level":"model_zoo","frames":4,"swap_interval":1,"update_mean_ms":4.312,"render_mean_ms":3.928,"swap_mean_ms":0.012,"frame_mean_ms":8.252,"loop_mean_ms":8.670,"frame_median_ms":8.370,"loop_median_ms":10.022,"frame_p95_ms":10.022,"frame_p99_ms":10.022,"loop_p95_ms":10.039,"loop_p99_ms":10.039,"frame_min_ms":6.568,"frame_max_ms":10.022,"loop_min_ms":6.569,"loop_max_ms":10.039,"fps_median":99.78,"fps_p95":99.61,"fps_p99":99.61,"fps_1pct_low":99.61,"fps_mean":115.34,"measured_fps_mean":121.18,"worst_fps":99.61,"total_vertices":36344,"visible_vertices":21248,"culled_vertices":15096,"total_batches":119,"visible_batches":56,"draw_calls":56,"vbo_bytes":2326016,"index_bytes":116388,"texture_binds":34,"material_changes":33,"reflection_passes":0}
BENCH_SUMMARY {"level":"model_zoo","frames":4,"swap_interval":1,"update_mean_ms":4.312,"render_mean_ms":3.928,"swap_mean_ms":0.012,"frame_mean_ms":8.252,"loop_mean_ms":8.670,"frame_median_ms":8.370,"loop_median_ms":10.022,"frame_p95_ms":10.022,"frame_p99_ms":10.022,"loop_p95_ms":10.039,"loop_p99_ms":10.039,"frame_min_ms":6.568,"frame_max_ms":10.022,"loop_min_ms":6.569,"loop_max_ms":10.039,"fps_median":99.78,"fps_p95":99.61,"fps_p99":99.61,"fps_1pct_low":99.61,"fps_mean":115.34,"measured_fps_mean":121.18,"worst_fps":99.61,"total_vertices":36344,"visible_vertices":21248,"culled_vertices":15096,"total_batches":119,"visible_batches":56,"draw_calls":56,"vbo_bytes":2326016,"index_bytes":116388,"texture_binds":34,"material_changes":33,"reflection_passes":0}
        6.44 real         7.42 user         0.49 sys
           260947968  maximum resident set size
                   0  average shared memory size
                   0  average unshared data size
                   0  average unshared stack size
               22764  page reclaims
                   7  page faults
                   0  swaps
                   0  block input operations
                   0  block output operations
                   0  messages sent
                   0  messages received
                   0  signals received
                  22  voluntary context switches
               32494  involuntary context switches
        139117780416  instructions retired
         26424935847  cycles elapsed
           313853056  peak memory footprint
