[package] /Users/connordawkins/Documents/GitHub/Places (assets: /Users/connordawkins/Documents/GitHub/Places/assets/levels)
[package] asset root: /Users/connordawkins/Documents/GitHub/Places/assets
[settings] quality high (saved high) [startup override] | bloom on | reflections full | lightmaps full | vsync on | filtering high | window Windowed 640 x 360
[assets] 48 placeable asset(s) of 137 catalog entries; themes: office, pool, home
[renderer] wgpu | adapter: Apple M2 Pro | backend: Metal | device type: IntegratedGpu | surface format: Bgra8UnormSrgb | present mode: Fifo | alpha mode: Opaque | depth format: Depth32Float | drawable: 1280x720
[wgpu] texture filtering: world presets low 4x / medium 8x / high 16x requested | anisotropy supported
[window] logical 640x360 | drawable 1280x720 pixels | backing scale 2.0x
[wgpu] world pipeline for surface format Bgra8UnormSrgb
[wgpu] post targets: scene 1280x720, bloom 320x180, presented 1280x720
[startup] total 179.4 ms
[startup]   package root: +0.2 ms (0.2 ms)
[startup]   settings: +0.1 ms (0.3 ms)
[startup]   window: +111.8 ms (112.1 ms)
[startup]   asset catalog: +8.4 ms (120.5 ms)
[startup]   renderer device: +9.3 ms (129.8 ms)
[startup]   input responsive: +36.6 ms (166.4 ms)
[startup]   first scene submitted: +13.0 ms (179.4 ms)
[startup]   first UI submitted: +0.0 ms (179.4 ms)
[startup]   first presented: +0.0 ms (179.4 ms)
[loading] prepared-cache miss level=model_zoo
[lightmaps] atlas array: 3 of 8 layer(s) resident, 1024-texel edge, 12582912 bytes of page data (33554432 bytes allocated)
[wgpu] world upload: 8699 vertices, 18840 indices, 70 draws in 1 chunk(s) (neutral mesh: 8723 vertices, 18876 indices, 74 ranges)
[wgpu] textures: 6 unique, 5 uploaded, 25 cache hits, 20 fallbacks, 0 missing of 70 draws (37748728 bytes resident, max edge 1024px, high filtering)
[wgpu] materials: 8 resolved (5 response, 0 reflection-eligible), 0 normal maps (0 uploaded, 0 cache hits), 69 opaque / 0 cutout / 1 translucent of 70 draws (enabled response, high level)
[wgpu] decals: 4 draw(s), 1 chunk(s), 3 sheet(s) (2 external, 0 diagnostic)
[wgpu] characters: 14 character(s), 5 mesh(es), 20 draw(s), 35470 vertices
[loading] committed model_zoo
[props] 48 models cached (0 failed), 17748 triangles, 10784 KiB of textures, 48 draw call(s)
[level] 8723 static vertices, 26397 prop vertices, 48 prop draw call(s), built in 0.1 ms (lighting 26.5 + props 127.6 + surfaces 2.0)
[spatial] 70 static batch(es) (floor 6 / ceiling 1 / wall 23 / light 40 / prop box 0 / decal 0), 48 prop batch(es)
[lighting] baked 1 room(s) / 1 baseline area(s) from 101 fixture(s): 230 wall + 197 slab + 589 prop blocker(s), baselines 0.40..0.40 (avg 0.40)
[lightmaps] 3 page(s), 169 chart(s), 1610551 chart texels, 3145728 page texels (9216 KiB), filled in 0.0 ms
[dynamic] 1 object(s): 1 draw call(s), 1248 vertices (the demonstration path; never part of the static bake)
BENCH_SUMMARY {"level":"model_zoo","frames":4,"swap_interval":1,"update_mean_ms":3.786,"render_mean_ms":4.483,"swap_mean_ms":0.012,"frame_mean_ms":8.280,"loop_mean_ms":8.611,"frame_median_ms":7.990,"loop_median_ms":9.240,"frame_p95_ms":9.240,"frame_p99_ms":9.240,"loop_p95_ms":9.249,"loop_p99_ms":9.249,"frame_min_ms":7.926,"frame_max_ms":9.240,"loop_min_ms":7.966,"loop_max_ms":9.249,"fps_median":108.23,"fps_p95":108.12,"fps_p99":108.12,"fps_1pct_low":108.12,"fps_mean":116.12,"measured_fps_mean":120.77,"worst_fps":108.12,"total_vertices":36344,"visible_vertices":21248,"culled_vertices":15096,"total_batches":119,"visible_batches":56,"draw_calls":56,"vbo_bytes":2326016,"index_bytes":116388,"texture_binds":34,"material_changes":33,"reflection_passes":0}
BENCH_SUMMARY {"level":"model_zoo","frames":4,"swap_interval":1,"update_mean_ms":3.786,"render_mean_ms":4.483,"swap_mean_ms":0.012,"frame_mean_ms":8.280,"loop_mean_ms":8.611,"frame_median_ms":7.990,"loop_median_ms":9.240,"frame_p95_ms":9.240,"frame_p99_ms":9.240,"loop_p95_ms":9.249,"loop_p99_ms":9.249,"frame_min_ms":7.926,"frame_max_ms":9.240,"loop_min_ms":7.966,"loop_max_ms":9.249,"fps_median":108.23,"fps_p95":108.12,"fps_p99":108.12,"fps_1pct_low":108.12,"fps_mean":116.12,"measured_fps_mean":120.77,"worst_fps":108.12,"total_vertices":36344,"visible_vertices":21248,"culled_vertices":15096,"total_batches":119,"visible_batches":56,"draw_calls":56,"vbo_bytes":2326016,"index_bytes":116388,"texture_binds":34,"material_changes":33,"reflection_passes":0}
        0.75 real         0.63 user         0.11 sys
           260177920  maximum resident set size
                   0  average shared memory size
                   0  average unshared data size
                   0  average unshared stack size
               21216  page reclaims
                   7  page faults
                   0  swaps
                   0  block input operations
                   0  block output operations
                   0  messages sent
                   0  messages received
                   0  signals received
                   0  voluntary context switches
                4250  involuntary context switches
          9654693020  instructions retired
          2474058726  cycles elapsed
           313607296  peak memory footprint
