[props] cannot read prop model /Users/connordawkins/Documents/GitHub/Places/debug-maps/art-style-hero/milestones/stage2/assets/environment/outdoor/props/models/grass_patch_large.glb: No such file or directory (os error 2) - using the catalogue placeholder box
[props] cannot read prop model /Users/connordawkins/Documents/GitHub/Places/debug-maps/art-style-hero/milestones/stage2/assets/environment/home/props/models/door_casing.glb: No such file or directory (os error 2) - using the catalogue placeholder box
[props] cannot read prop model /Users/connordawkins/Documents/GitHub/Places/debug-maps/art-style-hero/milestones/stage2/assets/environment/home/props/models/landscape_frame.glb: No such file or directory (os error 2) - using the catalogue placeholder box
        6.62 real        56.43 user         0.26 sys
           705495040  maximum resident set size
                   0  average shared memory size
                   0  average unshared data size
                   0  average unshared stack size
               51815  page reclaims
                  12  page faults
                   0  swaps
                   0  block input operations
                   0  block output operations
                   0  messages sent
                   0  messages received
                   0  signals received
                  10  voluntary context switches
               21362  involuntary context switches
        733859214451  instructions retired
        171231774660  cycles elapsed
           817644816  peak memory footprint
