[compiler-timing] phase=load_validate_prepare_dependencies millis=42.896
[compiler-timing] phase=fingerprints millis=0.201
[compiler-timing] phase=current_package_integrity millis=0.000
[compiler-timing] phase=semantics millis=0.072
[compiler-timing] phase=navigation_collision_inputs millis=1.010
[compiler-timing] phase=prepared_package_integrity millis=0.000
[compiler-timing] phase=capture_device_materials millis=56.863
[compiler-progress] preparing off
[compile-timing] quality=off legacy_lighting_ms=5.079 prop_geometry_and_charts_ms=16.521 architecture_and_charts_ms=1.086
[compiler-timing] phase=prepare_encode_off millis=27.003
[compiler-progress] capturing off
[renderer] wgpu | adapter: Apple M2 Pro | backend: Metal | device type: IntegratedGpu | surface format: Rgba8UnormSrgb | present mode: Fifo | alpha mode: Opaque | depth format: Depth32Float | drawable: 1280x720
[wgpu] texture filtering: world presets low 4x / medium 8x / high 16x requested | anisotropy supported
[wgpu] world upload: 885 vertices, 1824 indices, 30 draws in 1 chunk(s) (neutral mesh: 885 vertices, 1824 indices, 30 ranges)
[wgpu] textures: 11 unique, 10 uploaded, 13 cache hits, 4 fallbacks, 5 missing of 30 draws (53149684 bytes resident, max edge 1024px, high filtering)
[wgpu] materials: 17 resolved (6 response, 1 reflection-eligible), 2 normal maps (2 uploaded, 0 cache hits), 28 opaque / 0 cutout / 2 translucent of 30 draws (enabled response, high level)
[wgpu] world pipeline for surface format Rgba8UnormSrgb
[wgpu] decals: 0 draw(s), 0 chunk(s), 1 sheet(s) (0 external, 0 diagnostic)
[wgpu] sky `outdoor:tex_sky_stars_01`: 1024x512 uploaded
[wgpu] reflection probes: 1 probe(s), 6 face(s), face edge 64px
[wgpu] reflection probes: 1 probe(s), 6 face(s), face edge 48px
[compiler-timing] phase=capture_off millis=154.642
[compiler-progress] preparing medium
[lightmaps] transport scene triangles=5582 (0 skipped) emitters=6 (0 switchable)
[lightmap-timing] transport_scene_and_targets_ms=4.522
[compile-timing] quality=medium legacy_lighting_ms=0.572 prop_geometry_and_charts_ms=7.238 architecture_and_charts_ms=0.742
[lightmaps] transport workers=12 charts=5422 bounces=1 taps=2
[transport-audit] stage=direct room=None kind=Prop mean=0.026427 peak=0.383394 shoulder_fraction=0.000000
[transport-audit] stage=direct room=None kind=Wall mean=0.057686 peak=0.276843 shoulder_fraction=0.000000
[transport-audit] stage=direct room=Some(0) kind=Ceiling mean=0.008097 peak=0.298562 shoulder_fraction=0.000000
[transport-audit] stage=direct room=Some(0) kind=Floor mean=0.205629 peak=0.426633 shoulder_fraction=0.000000
[transport-audit] stage=direct room=Some(0) kind=Wall mean=0.082670 peak=0.308015 shoulder_fraction=0.000000
[transport-audit] stage=direct room=Some(1) kind=Ceiling mean=0.002257 peak=0.101874 shoulder_fraction=0.000000
[transport-audit] stage=direct room=Some(1) kind=Floor mean=0.126528 peak=0.300212 shoulder_fraction=0.000000
[transport-audit] stage=direct room=Some(1) kind=Wall mean=0.048086 peak=0.254382 shoulder_fraction=0.000000
[transport-audit] stage=direct room=Some(2) kind=Floor mean=0.089447 peak=0.198315 shoulder_fraction=0.000000
[transport-audit] stage=direct room=Some(2) kind=Wall mean=0.071003 peak=0.204773 shoulder_fraction=0.000000
[transport-audit] stage=direct room=Some(3) kind=Ceiling mean=0.181728 peak=0.420104 shoulder_fraction=0.000000
[transport-audit] stage=direct room=Some(3) kind=Floor mean=0.217091 peak=0.472224 shoulder_fraction=0.000000
[transport-audit] stage=direct room=Some(3) kind=Skirt mean=0.062234 peak=0.224979 shoulder_fraction=0.000000
[transport-audit] stage=direct room=Some(3) kind=Wall mean=0.093851 peak=0.272851 shoulder_fraction=0.000000
[transport-audit] stage=direct room=Some(4) kind=Floor mean=0.287878 peak=0.433408 shoulder_fraction=0.000000
[transport-audit] stage=direct room=Some(4) kind=Wall mean=0.187728 peak=0.397260 shoulder_fraction=0.000000
[transport-progress] diffuse_order=1/1 receivers=146292 samples=32 workers=12
[transport-audit] stage=bounced room=None kind=Prop mean=0.081443 peak=0.546806 shoulder_fraction=0.000000
[transport-audit] stage=bounced room=None kind=Wall mean=0.188254 peak=0.480245 shoulder_fraction=0.000000
[transport-audit] stage=bounced room=Some(0) kind=Ceiling mean=0.189663 peak=0.532520 shoulder_fraction=0.000000
[transport-audit] stage=bounced room=Some(0) kind=Floor mean=0.263522 peak=0.496279 shoulder_fraction=0.000000
[transport-audit] stage=bounced room=Some(0) kind=Wall mean=0.193831 peak=0.486865 shoulder_fraction=0.000000
[transport-audit] stage=bounced room=Some(1) kind=Ceiling mean=0.108904 peak=0.266293 shoulder_fraction=0.000000
[transport-audit] stage=bounced room=Some(1) kind=Floor mean=0.169780 peak=0.351178 shoulder_fraction=0.000000
[transport-audit] stage=bounced room=Some(1) kind=Wall mean=0.122455 peak=0.352428 shoulder_fraction=0.000000
[transport-audit] stage=bounced room=Some(2) kind=Floor mean=0.191568 peak=0.330106 shoulder_fraction=0.000000
[transport-audit] stage=bounced room=Some(2) kind=Wall mean=0.178655 peak=0.334464 shoulder_fraction=0.000000
[transport-audit] stage=bounced room=Some(3) kind=Ceiling mean=0.392262 peak=0.673729 shoulder_fraction=0.000000
[transport-audit] stage=bounced room=Some(3) kind=Floor mean=0.378961 peak=0.656426 shoulder_fraction=0.000000
[transport-audit] stage=bounced room=Some(3) kind=Skirt mean=0.173226 peak=0.332633 shoulder_fraction=0.000000
[transport-audit] stage=bounced room=Some(3) kind=Wall mean=0.226458 peak=0.499468 shoulder_fraction=0.000000
[transport-audit] stage=bounced room=Some(4) kind=Floor mean=0.423394 peak=0.602384 shoulder_fraction=0.000000
[transport-audit] stage=bounced room=Some(4) kind=Wall mean=0.348033 peak=0.579604 shoulder_fraction=0.000000
[transport-audit] stage=indirect room=None kind=Prop mean=0.055015 peak=0.375487 shoulder_fraction=0.000000
[transport-audit] stage=indirect room=None kind=Wall mean=0.130568 peak=0.223483 shoulder_fraction=0.000000
[transport-audit] stage=indirect room=Some(0) kind=Ceiling mean=0.181566 peak=0.300718 shoulder_fraction=0.000000
[transport-audit] stage=indirect room=Some(0) kind=Floor mean=0.057894 peak=0.159442 shoulder_fraction=0.000000
[transport-audit] stage=indirect room=Some(0) kind=Wall mean=0.111162 peak=0.225082 shoulder_fraction=0.000000
[transport-audit] stage=indirect room=Some(1) kind=Ceiling mean=0.106647 peak=0.240151 shoulder_fraction=0.000000
[transport-audit] stage=indirect room=Some(1) kind=Floor mean=0.043252 peak=0.109594 shoulder_fraction=0.000000
[transport-audit] stage=indirect room=Some(1) kind=Wall mean=0.074370 peak=0.221139 shoulder_fraction=0.000000
[transport-audit] stage=indirect room=Some(2) kind=Floor mean=0.102124 peak=0.134676 shoulder_fraction=0.000000
[transport-audit] stage=indirect room=Some(2) kind=Wall mean=0.107651 peak=0.148233 shoulder_fraction=0.000000
[transport-audit] stage=indirect room=Some(3) kind=Ceiling mean=0.210533 peak=0.291431 shoulder_fraction=0.000000
[transport-audit] stage=indirect room=Some(3) kind=Floor mean=0.161870 peak=0.233651 shoulder_fraction=0.000000
[transport-audit] stage=indirect room=Some(3) kind=Skirt mean=0.110992 peak=0.184865 shoulder_fraction=0.000000
[transport-audit] stage=indirect room=Some(3) kind=Wall mean=0.132600 peak=0.294946 shoulder_fraction=0.000000
[transport-audit] stage=indirect room=Some(4) kind=Floor mean=0.135516 peak=0.186768 shoulder_fraction=0.000000
[transport-audit] stage=indirect room=Some(4) kind=Wall mean=0.160306 peak=0.362463 shoulder_fraction=0.000000
[transport-audit] stage=filtered room=None kind=Prop mean=0.081436 peak=0.546806 shoulder_fraction=0.000000
[transport-audit] stage=filtered room=None kind=Wall mean=0.188252 peak=0.475233 shoulder_fraction=0.000000
[transport-audit] stage=filtered room=Some(0) kind=Ceiling mean=0.189662 peak=0.534182 shoulder_fraction=0.000000
[transport-audit] stage=filtered room=Some(0) kind=Floor mean=0.263525 peak=0.496549 shoulder_fraction=0.000000
[transport-audit] stage=filtered room=Some(0) kind=Wall mean=0.193842 peak=0.487607 shoulder_fraction=0.000000
[transport-audit] stage=filtered room=Some(1) kind=Ceiling mean=0.108900 peak=0.267488 shoulder_fraction=0.000000
[transport-audit] stage=filtered room=Some(1) kind=Floor mean=0.169809 peak=0.350089 shoulder_fraction=0.000000
[transport-audit] stage=filtered room=Some(1) kind=Wall mean=0.122463 peak=0.349711 shoulder_fraction=0.000000
[transport-audit] stage=filtered room=Some(2) kind=Floor mean=0.191571 peak=0.329301 shoulder_fraction=0.000000
[transport-audit] stage=filtered room=Some(2) kind=Wall mean=0.178652 peak=0.327947 shoulder_fraction=0.000000
[transport-audit] stage=filtered room=Some(3) kind=Ceiling mean=0.392287 peak=0.673663 shoulder_fraction=0.000000
[transport-audit] stage=filtered room=Some(3) kind=Floor mean=0.379023 peak=0.651343 shoulder_fraction=0.000000
[transport-audit] stage=filtered room=Some(3) kind=Skirt mean=0.173314 peak=0.328561 shoulder_fraction=0.000000
[transport-audit] stage=filtered room=Some(3) kind=Wall mean=0.226491 peak=0.497998 shoulder_fraction=0.000000
[transport-audit] stage=filtered room=Some(4) kind=Floor mean=0.423396 peak=0.601680 shoulder_fraction=0.000000
[transport-audit] stage=filtered room=Some(4) kind=Wall mean=0.348032 peak=0.568521 shoulder_fraction=0.000000
[transport-audit] stage=filled room=None kind=Prop mean=0.081436 peak=0.546806 shoulder_fraction=0.000000
[transport-audit] stage=filled room=None kind=Wall mean=0.190432 peak=0.488243 shoulder_fraction=0.000000
[transport-audit] stage=filled room=Some(0) kind=Ceiling mean=0.306029 peak=0.630744 shoulder_fraction=0.000000
[transport-audit] stage=filled room=Some(0) kind=Floor mean=0.340590 peak=0.587305 shoulder_fraction=0.000000
[transport-audit] stage=filled room=Some(0) kind=Wall mean=0.215244 peak=0.552898 shoulder_fraction=0.000000
[transport-audit] stage=filled room=Some(1) kind=Ceiling mean=0.216130 peak=0.445875 shoulder_fraction=0.000000
[transport-audit] stage=filled room=Some(1) kind=Floor mean=0.245107 peak=0.497910 shoulder_fraction=0.000000
[transport-audit] stage=filled room=Some(1) kind=Wall mean=0.168933 peak=0.489592 shoulder_fraction=0.000000
[transport-audit] stage=filled room=Some(2) kind=Floor mean=0.192176 peak=0.336961 shoulder_fraction=0.000000
[transport-audit] stage=filled room=Some(2) kind=Wall mean=0.180163 peak=0.332712 shoulder_fraction=0.000000
[transport-audit] stage=filled room=Some(3) kind=Ceiling mean=0.465419 peak=0.728212 shoulder_fraction=0.000000
[transport-audit] stage=filled room=Some(3) kind=Floor mean=0.423093 peak=0.671260 shoulder_fraction=0.000000
[transport-audit] stage=filled room=Some(3) kind=Skirt mean=0.238618 peak=0.419623 shoulder_fraction=0.000000
[transport-audit] stage=filled room=Some(3) kind=Wall mean=0.238812 peak=0.536069 shoulder_fraction=0.000000
[transport-audit] stage=filled room=Some(4) kind=Floor mean=0.497633 peak=0.673024 shoulder_fraction=0.000000
[transport-audit] stage=filled room=Some(4) kind=Wall mean=0.422500 peak=0.598688 shoulder_fraction=0.000000
[transport-timing] base=true taps=2 bounces=1 receivers_ms=61.147 direct_visibility_ms=95.383 indirect_ms=568.149 probes_ms=7.356 filter_ms=74.866 fill_ms=38.979
[lightmap-work] triangles=5582 texels=146292 direct_rays=2616464 bounce_rays=4681344 cache_cells=1271
[lightmap-timing] atlas_assembly_ms=6.547
[lightmaps] irradiance field probes=715 valid=245
[compiler-timing] phase=prepare_encode_medium millis=999.741
[compiler-progress] capturing medium
[lightmaps] atlas array: 2 page(s) in 4 layer(s), 1024-texel edge, 33554432 bytes resident
[wgpu] world upload: 756 vertices, 1158 indices, 30 draws in 1 chunk(s) (neutral mesh: 756 vertices, 1158 indices, 30 ranges)
[wgpu] textures: 11 unique, 0 uploaded, 23 cache hits, 4 fallbacks, 5 missing of 30 draws (53149684 bytes resident, max edge 1024px, high filtering)
[wgpu] materials: 17 resolved (6 response, 1 reflection-eligible), 2 normal maps (0 uploaded, 2 cache hits), 28 opaque / 0 cutout / 2 translucent of 30 draws (enabled response, high level)
[wgpu] decals: 0 draw(s), 0 chunk(s), 1 sheet(s) (0 external, 0 diagnostic)
[wgpu] reflection probes: 1 probe(s), 6 face(s), face edge 64px
[wgpu] reflection probes: 1 probe(s), 6 face(s), face edge 48px
[compiler-timing] phase=capture_medium millis=98.685
[compiler-progress] preparing full
[lightmaps] transport scene triangles=5582 (0 skipped) emitters=6 (0 switchable)
[lightmap-timing] transport_scene_and_targets_ms=5.481
[compile-timing] quality=full legacy_lighting_ms=0.762 prop_geometry_and_charts_ms=5.684 architecture_and_charts_ms=0.736
[lightmaps] transport workers=12 charts=5422 bounces=2 taps=3
[transport-audit] stage=direct room=None kind=Prop mean=0.026643 peak=0.383037 shoulder_fraction=0.000000
[transport-audit] stage=direct room=None kind=Wall mean=0.058023 peak=0.277132 shoulder_fraction=0.000000
[transport-audit] stage=direct room=Some(0) kind=Ceiling mean=0.007780 peak=0.255475 shoulder_fraction=0.000000
[transport-audit] stage=direct room=Some(0) kind=Floor mean=0.206309 peak=0.436137 shoulder_fraction=0.000000
[transport-audit] stage=direct room=Some(0) kind=Wall mean=0.082818 peak=0.307821 shoulder_fraction=0.000000
[transport-audit] stage=direct room=Some(1) kind=Ceiling mean=0.001860 peak=0.098048 shoulder_fraction=0.000000
[transport-audit] stage=direct room=Some(1) kind=Floor mean=0.128030 peak=0.299392 shoulder_fraction=0.000000
[transport-audit] stage=direct room=Some(1) kind=Wall mean=0.048644 peak=0.254415 shoulder_fraction=0.000000
[transport-audit] stage=direct room=Some(2) kind=Floor mean=0.089342 peak=0.198511 shoulder_fraction=0.000000
[transport-audit] stage=direct room=Some(2) kind=Wall mean=0.071196 peak=0.204691 shoulder_fraction=0.000000
[transport-audit] stage=direct room=Some(3) kind=Ceiling mean=0.180584 peak=0.420376 shoulder_fraction=0.000000
[transport-audit] stage=direct room=Some(3) kind=Floor mean=0.218160 peak=0.476900 shoulder_fraction=0.000000
[transport-audit] stage=direct room=Some(3) kind=Skirt mean=0.064490 peak=0.226948 shoulder_fraction=0.000000
[transport-audit] stage=direct room=Some(3) kind=Wall mean=0.094013 peak=0.272854 shoulder_fraction=0.000000
[transport-audit] stage=direct room=Some(4) kind=Floor mean=0.288658 peak=0.433843 shoulder_fraction=0.000000
[transport-audit] stage=direct room=Some(4) kind=Wall mean=0.187637 peak=0.396829 shoulder_fraction=0.000000
[transport-progress] diffuse_order=1/2 receivers=252889 samples=64 workers=12
[transport-progress] diffuse_order=2/2 receivers=252889 samples=64 workers=12
[transport-audit] stage=bounced room=None kind=Prop mean=0.106136 peak=0.651206 shoulder_fraction=0.000000
[transport-audit] stage=bounced room=None kind=Wall mean=0.201357 peak=0.597583 shoulder_fraction=0.000000
[transport-audit] stage=bounced room=Some(0) kind=Ceiling mean=0.254670 peak=0.465656 shoulder_fraction=0.000000
[transport-audit] stage=bounced room=Some(0) kind=Floor mean=0.368747 peak=0.620342 shoulder_fraction=0.000000
[transport-audit] stage=bounced room=Some(0) kind=Wall mean=0.251493 peak=0.589109 shoulder_fraction=0.000000
[transport-audit] stage=bounced room=Some(1) kind=Ceiling mean=0.158543 peak=0.348829 shoulder_fraction=0.000000
[transport-audit] stage=bounced room=Some(1) kind=Floor mean=0.246670 peak=0.472881 shoulder_fraction=0.000000
[transport-audit] stage=bounced room=Some(1) kind=Wall mean=0.168928 peak=0.488369 shoulder_fraction=0.000000
[transport-audit] stage=bounced room=Some(2) kind=Floor mean=0.199913 peak=0.338658 shoulder_fraction=0.000000
[transport-audit] stage=bounced room=Some(2) kind=Wall mean=0.215281 peak=0.430070 shoulder_fraction=0.000000
[transport-audit] stage=bounced room=Some(3) kind=Ceiling mean=0.529670 peak=0.818835 shoulder_fraction=0.000000
[transport-audit] stage=bounced room=Some(3) kind=Floor mean=0.508230 peak=0.775762 shoulder_fraction=0.000000
[transport-audit] stage=bounced room=Some(3) kind=Skirt mean=0.273564 peak=0.461261 shoulder_fraction=0.000000
[transport-audit] stage=bounced room=Some(3) kind=Wall mean=0.293781 peak=0.651754 shoulder_fraction=0.000000
[transport-audit] stage=bounced room=Some(4) kind=Floor mean=0.451913 peak=0.653840 shoulder_fraction=0.000000
[transport-audit] stage=bounced room=Some(4) kind=Wall mean=0.394094 peak=0.715918 shoulder_fraction=0.000000
[transport-audit] stage=indirect room=None kind=Prop mean=0.079493 peak=0.404936 shoulder_fraction=0.000000
[transport-audit] stage=indirect room=None kind=Wall mean=0.143334 peak=0.343853 shoulder_fraction=0.000000
[transport-audit] stage=indirect room=Some(0) kind=Ceiling mean=0.246889 peak=0.363275 shoulder_fraction=0.000000
[transport-audit] stage=indirect room=Some(0) kind=Floor mean=0.162440 peak=0.292185 shoulder_fraction=0.000000
[transport-audit] stage=indirect room=Some(0) kind=Wall mean=0.168677 peak=0.325375 shoulder_fraction=0.000000
[transport-audit] stage=indirect room=Some(1) kind=Ceiling mean=0.156683 peak=0.301046 shoulder_fraction=0.000000
[transport-audit] stage=indirect room=Some(1) kind=Floor mean=0.118640 peak=0.221456 shoulder_fraction=0.000000
[transport-audit] stage=indirect room=Some(1) kind=Wall mean=0.120285 peak=0.290290 shoulder_fraction=0.000000
[transport-audit] stage=indirect room=Some(2) kind=Floor mean=0.110590 peak=0.143348 shoulder_fraction=0.000000
[transport-audit] stage=indirect room=Some(2) kind=Wall mean=0.144087 peak=0.237571 shoulder_fraction=0.000000
[transport-audit] stage=indirect room=Some(3) kind=Ceiling mean=0.349085 peak=0.417919 shoulder_fraction=0.000000
[transport-audit] stage=indirect room=Some(3) kind=Floor mean=0.290069 peak=0.372556 shoulder_fraction=0.000000
[transport-audit] stage=indirect room=Some(3) kind=Skirt mean=0.209074 peak=0.283262 shoulder_fraction=0.000000
[transport-audit] stage=indirect room=Some(3) kind=Wall mean=0.199758 peak=0.403950 shoulder_fraction=0.000000
[transport-audit] stage=indirect room=Some(4) kind=Floor mean=0.163255 peak=0.243817 shoulder_fraction=0.000000
[transport-audit] stage=indirect room=Some(4) kind=Wall mean=0.206456 peak=0.489169 shoulder_fraction=0.000000
[transport-audit] stage=filtered room=None kind=Prop mean=0.106123 peak=0.650423 shoulder_fraction=0.000000
[transport-audit] stage=filtered room=None kind=Wall mean=0.201377 peak=0.595175 shoulder_fraction=0.000000
[transport-audit] stage=filtered room=Some(0) kind=Ceiling mean=0.254671 peak=0.462315 shoulder_fraction=0.000000
[transport-audit] stage=filtered room=Some(0) kind=Floor mean=0.368763 peak=0.619064 shoulder_fraction=0.000000
[transport-audit] stage=filtered room=Some(0) kind=Wall mean=0.251503 peak=0.586601 shoulder_fraction=0.000000
[transport-audit] stage=filtered room=Some(1) kind=Ceiling mean=0.158544 peak=0.350840 shoulder_fraction=0.000000
[transport-audit] stage=filtered room=Some(1) kind=Floor mean=0.246687 peak=0.473707 shoulder_fraction=0.000000
[transport-audit] stage=filtered room=Some(1) kind=Wall mean=0.168932 peak=0.487304 shoulder_fraction=0.000000
[transport-audit] stage=filtered room=Some(2) kind=Floor mean=0.199915 peak=0.336765 shoulder_fraction=0.000000
[transport-audit] stage=filtered room=Some(2) kind=Wall mean=0.215284 peak=0.424453 shoulder_fraction=0.000000
[transport-audit] stage=filtered room=Some(3) kind=Ceiling mean=0.529690 peak=0.818092 shoulder_fraction=0.000000
[transport-audit] stage=filtered room=Some(3) kind=Floor mean=0.508274 peak=0.773172 shoulder_fraction=0.000000
[transport-audit] stage=filtered room=Some(3) kind=Skirt mean=0.273580 peak=0.456796 shoulder_fraction=0.000000
[transport-audit] stage=filtered room=Some(3) kind=Wall mean=0.293798 peak=0.649985 shoulder_fraction=0.000000
[transport-audit] stage=filtered room=Some(4) kind=Floor mean=0.451914 peak=0.649553 shoulder_fraction=0.000000
[transport-audit] stage=filtered room=Some(4) kind=Wall mean=0.394088 peak=0.700183 shoulder_fraction=0.000000
[transport-audit] stage=filled room=None kind=Prop mean=0.106123 peak=0.650423 shoulder_fraction=0.000000
[transport-audit] stage=filled room=None kind=Wall mean=0.201934 peak=0.596260 shoulder_fraction=0.000000
[transport-audit] stage=filled room=Some(0) kind=Ceiling mean=0.349568 peak=0.564239 shoulder_fraction=0.000000
[transport-audit] stage=filled room=Some(0) kind=Floor mean=0.417249 peak=0.693174 shoulder_fraction=0.000000
[transport-audit] stage=filled room=Some(0) kind=Wall mean=0.262449 peak=0.623516 shoulder_fraction=0.000000
[transport-audit] stage=filled room=Some(1) kind=Ceiling mean=0.248276 peak=0.498397 shoulder_fraction=0.000000
[transport-audit] stage=filled room=Some(1) kind=Floor mean=0.298279 peak=0.575130 shoulder_fraction=0.000000
[transport-audit] stage=filled room=Some(1) kind=Wall mean=0.203525 peak=0.584270 shoulder_fraction=0.000000
[transport-audit] stage=filled room=Some(2) kind=Floor mean=0.200342 peak=0.343457 shoulder_fraction=0.000000
[transport-audit] stage=filled room=Some(2) kind=Wall mean=0.215724 peak=0.424476 shoulder_fraction=0.000000
[transport-audit] stage=filled room=Some(3) kind=Ceiling mean=0.569466 peak=0.845991 shoulder_fraction=0.000000
[transport-audit] stage=filled room=Some(3) kind=Floor mean=0.528261 peak=0.792326 shoulder_fraction=0.000000
[transport-audit] stage=filled room=Some(3) kind=Skirt mean=0.318858 peak=0.511681 shoulder_fraction=0.000000
[transport-audit] stage=filled room=Some(3) kind=Wall mean=0.296919 peak=0.654407 shoulder_fraction=0.000000
[transport-audit] stage=filled room=Some(4) kind=Floor mean=0.518538 peak=0.708475 shoulder_fraction=0.000000
[transport-audit] stage=filled room=Some(4) kind=Wall mean=0.457628 peak=0.700183 shoulder_fraction=0.000000
[transport-timing] base=true taps=3 bounces=2 receivers_ms=95.711 direct_visibility_ms=635.822 indirect_ms=3691.971 probes_ms=9.232 filter_ms=126.278 fill_ms=64.839
[lightmap-work] triangles=5582 texels=252889 direct_rays=19627689 bounce_rays=32369792 cache_cells=1268
[lightmap-timing] atlas_assembly_ms=7.857
[lightmaps] irradiance field probes=715 valid=245
[compiler-timing] phase=prepare_encode_full millis=4778.312
[compiler-progress] capturing full
[lightmaps] atlas array: 2 page(s) in 4 layer(s), 1024-texel edge, 33554432 bytes resident
[wgpu] world upload: 756 vertices, 1158 indices, 30 draws in 1 chunk(s) (neutral mesh: 756 vertices, 1158 indices, 30 ranges)
[wgpu] textures: 11 unique, 0 uploaded, 23 cache hits, 4 fallbacks, 5 missing of 30 draws (53149684 bytes resident, max edge 1024px, high filtering)
[wgpu] materials: 17 resolved (6 response, 1 reflection-eligible), 2 normal maps (0 uploaded, 2 cache hits), 28 opaque / 0 cutout / 2 translucent of 30 draws (enabled response, high level)
[wgpu] decals: 0 draw(s), 0 chunk(s), 1 sheet(s) (0 external, 0 diagnostic)
[wgpu] reflection probes: 1 probe(s), 6 face(s), face edge 64px
[wgpu] reflection probes: 1 probe(s), 6 face(s), face edge 48px
[compiler-timing] phase=capture_full millis=99.997
[compiler-timing] phase=record_hashes_manifest millis=195.995
[compiler-timing] phase=archive_compress_publish millis=147.105
{
  "source": "docs/art-style/stage3/hero-controls.json",
  "out": "debug-maps/art-style-hero/evidence/stage3-controls-before/art_style_hero.placesmap",
  "rebuilt": true,
  "reuse_reason": "",
  "variants": [
    "off",
    "medium",
    "full"
  ],
  "bytes": 6066274,
  "millis": 6605.8994999999995,
  "warnings": [
    "dependency 'environment/outdoor/props/models/grass_patch_large.glb' could not be read (No such file or directory (os error 2)); not recorded",
    "dependency 'environment/home/props/models/door_casing.glb' could not be read (No such file or directory (os error 2)); not recorded",
    "dependency 'environment/home/props/models/landscape_frame.glb' could not be read (No such file or directory (os error 2)); not recorded",
    "dependency 'core/textures/glass/glass_tinted_01.png' could not be read (No such file or directory (os error 2)); not recorded",
    "dependency 'core/textures/walls/grille_01.png' could not be read (No such file or directory (os error 2)); not recorded",
    "dependency 'environment/pool/textures/floors/pool_tile_basin_01.png' could not be read (No such file or directory (os error 2)); not recorded",
    "dependency 'environment/pool/textures/walls/pool_tile_wall_01.png' could not be read (No such file or directory (os error 2)); not recorded",
    "dependency 'environment/pool/textures/water/pool_water_01.png' could not be read (No such file or directory (os error 2)); not recorded"
  ],
  "fingerprint": "c70ac8312383dc653cccec185ee7b2a57bd17f4e8fad3e76f05751f6416a0b88",
  "variant_stats": [
    {
      "lightmap_quality": "off",
      "mesh_ranges": 30,
      "mesh_vertices": 885,
      "prop_batches": 16,
      "lightmap_pages": 0,
      "lightmap_charts": 0,
      "irradiance_probes": 0,
      "probe_points": 1,
      "wall_boxes": 60,
      "navigation_cells": 4402,
      "navigation_regions": 5
    },
    {
      "lightmap_quality": "medium",
      "mesh_ranges": 30,
      "mesh_vertices": 756,
      "prop_batches": 16,
      "lightmap_pages": 2,
      "lightmap_charts": 5422,
      "irradiance_probes": 715,
      "probe_points": 1,
      "wall_boxes": 60,
      "navigation_cells": 4402,
      "navigation_regions": 5
    },
    {
      "lightmap_quality": "full",
      "mesh_ranges": 30,
      "mesh_vertices": 756,
      "prop_batches": 16,
      "lightmap_pages": 2,
      "lightmap_charts": 5422,
      "irradiance_probes": 715,
      "probe_points": 1,
      "wall_boxes": 60,
      "navigation_cells": 4402,
      "navigation_regions": 5
    }
  ],
  "phases": [
    {
      "phase": "load_validate_prepare_dependencies",
      "millis": 42.896499999999996
    },
    {
      "phase": "fingerprints",
      "millis": 0.201291
    },
    {
      "phase": "current_package_integrity",
      "millis": 0.000083
    },
    {
      "phase": "semantics",
      "millis": 0.07225
    },
    {
      "phase": "navigation_collision_inputs",
      "millis": 1.0096669999999999
    },
    {
      "phase": "prepared_package_integrity",
      "millis": 0.000042
    },
    {
      "phase": "capture_device_materials",
      "millis": 56.862833
    },
    {
      "phase": "prepare_encode_off",
      "millis": 27.002542000000002
    },
    {
      "phase": "capture_off",
      "millis": 154.64183300000002
    },
    {
      "phase": "prepare_encode_medium",
      "millis": 999.74125
    },
    {
      "phase": "capture_medium",
      "millis": 98.685167
    },
    {
      "phase": "prepare_encode_full",
      "millis": 4778.311584
    },
    {
      "phase": "capture_full",
      "millis": 99.997292
    },
    {
      "phase": "record_hashes_manifest",
      "millis": 195.995
    },
    {
      "phase": "archive_compress_publish",
      "millis": 147.105333
    }
  ]
}
