[package] /private/var/folders/sl/yxxj_m9n37sgntkntqw0x8yw0000gn/T/places-art-style-hero-yolf1vlu (assets: /private/var/folders/sl/yxxj_m9n37sgntkntqw0x8yw0000gn/T/places-art-style-hero-yolf1vlu/assets/levels)
[package] asset root: /private/var/folders/sl/yxxj_m9n37sgntkntqw0x8yw0000gn/T/places-art-style-hero-yolf1vlu/assets
[settings] quality high (saved high) [startup override] | lighting high | bloom on | reflections full | lightmaps full | vsync off | filtering high | window Windowed 640 x 360
[assets] 204 placeable asset(s) of 352 catalog entries; themes: office, pool, home, outdoor, winter
[renderer] wgpu | adapter: Apple M2 Pro | backend: Metal | device type: IntegratedGpu | surface format: Bgra8UnormSrgb | present mode: Fifo | alpha mode: Opaque | depth format: Depth32Float | drawable: 1280x720
[wgpu] texture filtering: world presets low 4x / medium 8x / high 16x requested | anisotropy supported
[wgpu] present mode Immediate (immediate)
[window] logical 640x360 | drawable 1280x720 pixels | backing scale 2.0x
[wgpu] world pipeline for surface format Bgra8UnormSrgb
[wgpu] post targets: scene 1280x720, bloom 320x180, presented 1280x720
[loading] package identity level=art_style_hero variant=full sha256=c4cc8aca8b9ace57ab2868e40a6caa6a1afa956e1ed5ccdfbcfccc712c1bca0e source=/var/folders/sl/yxxj_m9n37sgntkntqw0x8yw0000gn/T/places-art-style-hero-yolf1vlu/assets/levels/art_style_hero.placesmap
[loading] compiled-cache miss level=art_style_hero variant=full
[lightmaps] atlas array: 2 page(s) in 4 layer(s), 1024-texel edge, 33554432 bytes resident
[wgpu] world upload: 456 vertices, 696 indices, 21 draws in 1 chunk(s) (neutral mesh: 456 vertices, 696 indices, 21 ranges)
[wgpu] textures: 14 unique, 13 uploaded, 6 cache hits, 1 fallbacks, 0 missing of 21 draws (75497456 bytes resident, max edge 1024px, high filtering)
[wgpu] materials: 17 resolved (11 response, 3 reflection-eligible), 2 normal maps (2 uploaded, 0 cache hits), 18 opaque / 0 cutout / 3 translucent of 21 draws (enabled response, high level)
[wgpu] decals: 0 draw(s), 0 chunk(s), 1 sheet(s) (0 external, 0 diagnostic)
[wgpu] sky `outdoor:tex_sky_stars_01`: 1024x512 uploaded
[wgpu] uploaded 2 packaged reflection probe(s) at 64 texels, 7 mip level(s)
[loading] committed art_style_hero
[props] 16 models cached (0 failed), 5300 triangles, 3856 KiB of textures, 21 draw call(s)
[level] 456 static vertices, 16524 prop vertices, 21 prop draw call(s), built in 0.4 ms (lighting 0.0 + props 0.0 + surfaces 0.0)
[spatial] 21 static batch(es) (floor 9 / ceiling 1 / wall 9 / light 2 / prop box 0 / decal 0), 21 prop batch(es)
[lighting] baked 3 room(s) / 3 baseline area(s) from 5 fixture(s): 14 wall + 91 slab + 223 prop blocker(s), baselines 0.35..0.41 (avg 0.39)
[lightmaps] 2 page(s), 5598 chart(s), 214709 chart texels, 2097152 page texels (32768 KiB), filled in 0.0 ms
[dynamic] 0 object(s): 0 draw call(s), 0 vertices (the demonstration path; never part of the static bake); doors: 0/0
[characters] `home:dining_chair` spawns through the dynamic path: the runtime model `environment/home/props/models/dining_chair.glb` carries no skin or animation; it cannot be posed
[startup] total 87890.8 ms
[startup]   package root: +0.1 ms (0.1 ms)
[startup]   settings: +0.2 ms (0.3 ms)
[startup]   window: +112.2 ms (112.5 ms)
[startup]   asset catalog: +1.5 ms (114.0 ms)
[startup]   renderer device: +9.0 ms (123.1 ms)
[startup]   input responsive: +29.1 ms (152.2 ms)
[startup]   first scene attempted: +29.0 ms (181.3 ms)
[startup]   first UI attempted: +0.0 ms (181.3 ms)
[startup]   world geometry: pack: +129.6 ms (310.9 ms)
[startup]   world geometry: GPU upload: +0.0 ms (310.9 ms)
[startup]   world textures: plan: +22.6 ms (333.6 ms)
[startup]   textures: CPU prepare: +22.1 ms (355.6 ms)
[startup]   textures: GPU upload: +14.5 ms (370.1 ms)
[startup]   world textures: batch: +0.0 ms (370.1 ms)
[startup]   first presented: +87520.7 ms (87890.8 ms)
BENCH_SUMMARY {"level":"art_style_hero","frames":6000,"swap_interval":0,"update_mean_ms":0.174,"render_mean_ms":0.846,"swap_mean_ms":13.538,"frame_mean_ms":14.558,"loop_mean_ms":15.043,"frame_median_ms":17.020,"loop_median_ms":17.449,"frame_p95_ms":17.044,"frame_p99_ms":17.064,"loop_p95_ms":17.821,"loop_p99_ms":17.993,"frame_min_ms":0.284,"frame_max_ms":50.877,"loop_min_ms":0.369,"loop_max_ms":51.027,"fps_median":57.31,"fps_p95":56.11,"fps_p99":55.58,"fps_1pct_low":55.58,"fps_mean":66.47,"measured_fps_mean":68.69,"worst_fps":19.60,"total_vertices":17412,"visible_vertices":8496,"culled_vertices":8916,"total_batches":43,"visible_batches":13,"draw_calls":13,"vbo_bytes":1323312,"index_bytes":35664,"texture_binds":9,"material_changes":12,"reflection_passes":0}
BENCH_SUMMARY {"level":"art_style_hero","frames":6000,"swap_interval":0,"update_mean_ms":0.174,"render_mean_ms":0.846,"swap_mean_ms":13.538,"frame_mean_ms":14.558,"loop_mean_ms":15.043,"frame_median_ms":17.020,"loop_median_ms":17.449,"frame_p95_ms":17.044,"frame_p99_ms":17.064,"loop_p95_ms":17.821,"loop_p99_ms":17.993,"frame_min_ms":0.284,"frame_max_ms":50.877,"loop_min_ms":0.369,"loop_max_ms":51.027,"fps_median":57.31,"fps_p95":56.11,"fps_p99":55.58,"fps_1pct_low":55.58,"fps_mean":66.47,"measured_fps_mean":68.69,"worst_fps":19.60,"total_vertices":17412,"visible_vertices":8496,"culled_vertices":8916,"total_batches":43,"visible_batches":13,"draw_calls":13,"vbo_bytes":1323312,"index_bytes":35664,"texture_binds":9,"material_changes":12,"reflection_passes":0}
       92.83 real         3.45 user         4.71 sys
           536428544  maximum resident set size
                   0  average shared memory size
                   0  average unshared data size
                   0  average unshared stack size
               40163  page reclaims
                 178  page faults
                   0  swaps
                   0  block input operations
                   0  block output operations
                   0  messages sent
                   0  messages received
                   0  signals received
                  93  voluntary context switches
               65586  involuntary context switches
         22580617302  instructions retired
         14014910844  cycles elapsed
           703694384  peak memory footprint
