[package] /Users/connordawkins/Documents/GitHub/Places (assets: /Users/connordawkins/Documents/GitHub/Places/assets/levels)
[package] asset root: /Users/connordawkins/Documents/GitHub/Places/assets
[settings] quality high (saved high) [startup override] | bloom on | reflections full | lightmaps full | vsync on | filtering high | window Windowed 640 x 360
[assets] 48 placeable asset(s) of 137 catalog entries; themes: office, pool, home
[renderer] wgpu | adapter: Apple M2 Pro | backend: Metal | device type: IntegratedGpu | surface format: Bgra8UnormSrgb | present mode: Fifo | alpha mode: Opaque | depth format: Depth32Float | drawable: 1280x720
[wgpu] texture filtering: world presets low 4x / medium 8x / high 16x requested | anisotropy supported
[window] logical 640x360 | drawable 1280x720 pixels | backing scale 2.0x
[wgpu] world pipeline for surface format Bgra8UnormSrgb
[wgpu] post targets: scene 1280x720, bloom 320x180, presented 1280x720
[startup] total 175.1 ms
[startup]   package root: +0.1 ms (0.1 ms)
[startup]   settings: +0.1 ms (0.2 ms)
[startup]   window: +103.7 ms (103.9 ms)
[startup]   asset catalog: +8.3 ms (112.2 ms)
[startup]   renderer device: +8.7 ms (120.9 ms)
[startup]   input responsive: +42.1 ms (163.0 ms)
[startup]   first scene submitted: +12.0 ms (175.0 ms)
[startup]   first UI submitted: +0.0 ms (175.1 ms)
[startup]   first presented: +0.0 ms (175.1 ms)
[loading] prepared-cache miss level=capacity_dense
[characters] the level places more than 64 skinned characters; the rest stay in their static bind pose
[lightmaps] atlas array: 4 of 8 layer(s) resident, 1024-texel edge, 16777216 bytes of page data (33554432 bytes allocated)
[wgpu] world upload: 11744 vertices, 24528 indices, 103 draws in 1 chunk(s) (neutral mesh: 11936 vertices, 24816 indices, 115 ranges)
[wgpu] textures: 6 unique, 5 uploaded, 50 cache hits, 24 fallbacks, 0 missing of 103 draws (37748728 bytes resident, max edge 1024px, high filtering)
[wgpu] materials: 8 resolved (5 response, 0 reflection-eligible), 0 normal maps (0 uploaded, 0 cache hits), 102 opaque / 0 cutout / 1 translucent of 103 draws (enabled response, high level)
[wgpu] decals: 12 draw(s), 1 chunk(s), 2 sheet(s) (1 external, 0 diagnostic)
[wgpu] characters: 64 character(s), 5 mesh(es), 101 draw(s), 147316 vertices
[loading] committed capacity_dense
[props] 48 models cached (0 failed), 17748 triangles, 10784 KiB of textures, 1121 draw call(s)
[level] 11936 static vertices, 4098357 prop vertices, 1121 prop draw call(s), built in 0.1 ms (lighting 28.4 + props 6280.4 + surfaces 6.0)
[spatial] 103 static batch(es) (floor 7 / ceiling 2 / wall 46 / light 48 / prop box 0 / decal 0), 1121 prop batch(es)
[lighting] baked 1 room(s) / 1 baseline area(s) from 120 fixture(s): 714 wall + 183 slab + 4096 prop blocker(s), baselines 0.38..0.38 (avg 0.38)
[lightmaps] 4 page(s), 487 chart(s), 3108428 chart texels, 4194304 page texels (12288 KiB), filled in 20081.8 ms
[dynamic] 0 object(s): 0 draw call(s), 0 vertices (the demonstration path; never part of the static bake)
BENCH_SUMMARY {"level":"capacity_dense","frames":4,"swap_interval":1,"update_mean_ms":6.375,"render_mean_ms":2.002,"swap_mean_ms":0.028,"frame_mean_ms":8.405,"loop_mean_ms":10.849,"frame_median_ms":6.910,"loop_median_ms":15.029,"frame_p95_ms":15.029,"frame_p99_ms":15.029,"loop_p95_ms":15.047,"loop_p99_ms":15.047,"frame_min_ms":5.279,"frame_max_ms":15.029,"loop_min_ms":6.407,"loop_max_ms":15.047,"fps_median":66.54,"fps_p95":66.46,"fps_p99":66.46,"fps_1pct_low":66.46,"fps_mean":92.17,"measured_fps_mean":118.97,"worst_fps":66.46,"total_vertices":4110101,"visible_vertices":2560097,"culled_vertices":1550004,"total_batches":1224,"visible_batches":732,"draw_calls":732,"vbo_bytes":263046464,"index_bytes":11940432,"texture_binds":645,"material_changes":666,"reflection_passes":0}
BENCH_SUMMARY {"level":"capacity_dense","frames":4,"swap_interval":1,"update_mean_ms":6.375,"render_mean_ms":2.002,"swap_mean_ms":0.028,"frame_mean_ms":8.405,"loop_mean_ms":10.849,"frame_median_ms":6.910,"loop_median_ms":15.029,"frame_p95_ms":15.029,"frame_p99_ms":15.029,"loop_p95_ms":15.047,"loop_p99_ms":15.047,"frame_min_ms":5.279,"frame_max_ms":15.029,"loop_min_ms":6.407,"loop_max_ms":15.047,"fps_median":66.54,"fps_p95":66.46,"fps_p99":66.46,"fps_1pct_low":66.46,"fps_mean":92.17,"measured_fps_mean":118.97,"worst_fps":66.46,"total_vertices":4110101,"visible_vertices":2560097,"culled_vertices":1550004,"total_batches":1224,"visible_batches":732,"draw_calls":732,"vbo_bytes":263046464,"index_bytes":11940432,"texture_binds":645,"material_changes":666,"reflection_passes":0}
       31.52 real        31.48 user         2.24 sys
           697221120  maximum resident set size
                   0  average shared memory size
                   0  average unshared data size
                   0  average unshared stack size
               74170  page reclaims
                   7  page faults
                   0  swaps
                   0  block input operations
                   0  block output operations
                   0  messages sent
                   0  messages received
                   0  signals received
                  17  voluntary context switches
              152867  involuntary context switches
        515919211338  instructions retired
        112251455208  cycles elapsed
          1146553856  peak memory footprint
