[package] /Users/connordawkins/Documents/GitHub/Places (assets: /Users/connordawkins/Documents/GitHub/Places/assets/levels)
[package] asset root: /Users/connordawkins/Documents/GitHub/Places/assets
[settings] quality high (saved high) [startup override] | bloom on | reflections full | lightmaps full | vsync on | filtering high | window Windowed 640 x 360
[assets] 48 placeable asset(s) of 137 catalog entries; themes: office, pool, home
[renderer] wgpu | adapter: Apple M2 Pro | backend: Metal | device type: IntegratedGpu | surface format: Bgra8UnormSrgb | present mode: Fifo | alpha mode: Opaque | depth format: Depth32Float | drawable: 1280x720
[wgpu] texture filtering: world presets low 4x / medium 8x / high 16x requested | anisotropy supported
[window] logical 640x360 | drawable 1280x720 pixels | backing scale 2.0x
[wgpu] world pipeline for surface format Bgra8UnormSrgb
[wgpu] post targets: scene 1280x720, bloom 320x180, presented 1280x720
[startup] total 181.7 ms
[startup]   package root: +0.1 ms (0.1 ms)
[startup]   settings: +0.1 ms (0.3 ms)
[startup]   window: +111.3 ms (111.5 ms)
[startup]   asset catalog: +8.3 ms (119.9 ms)
[startup]   renderer device: +8.9 ms (128.7 ms)
[startup]   input responsive: +40.9 ms (169.7 ms)
[startup]   first scene submitted: +12.0 ms (181.7 ms)
[startup]   first UI submitted: +0.0 ms (181.7 ms)
[startup]   first presented: +0.0 ms (181.7 ms)
[loading] prepared-cache miss level=capacity_sparse
[lightmaps] atlas array: 3 of 8 layer(s) resident, 1024-texel edge, 12582912 bytes of page data (33554432 bytes allocated)
[wgpu] world upload: 3440 vertices, 7110 indices, 61 draws in 1 chunk(s) (neutral mesh: 3456 vertices, 7134 indices, 65 ranges)
[wgpu] textures: 6 unique, 4 uploaded, 21 cache hits, 16 fallbacks, 0 missing of 61 draws (34952528 bytes resident, max edge 1024px, high filtering)
[wgpu] materials: 7 resolved (3 response, 0 reflection-eligible), 0 normal maps (0 uploaded, 0 cache hits), 60 opaque / 0 cutout / 1 translucent of 61 draws (enabled response, high level)
[wgpu] decals: 4 draw(s), 1 chunk(s), 2 sheet(s) (1 external, 0 diagnostic)
[wgpu] characters: 1 character(s), 1 mesh(es), 1 draw(s), 1846 vertices
[loading] committed capacity_sparse
[props] 5 models cached (0 failed), 2470 triangles, 1280 KiB of textures, 12 draw call(s)
[level] 3456 static vertices, 4044 prop vertices, 12 prop draw call(s), built in 0.1 ms (lighting 3.0 + props 7.6 + surfaces 0.8)
[spatial] 61 static batch(es) (floor 5 / ceiling 4 / wall 16 / light 36 / prop box 0 / decal 0), 12 prop batch(es)
[lighting] baked 4 room(s) / 4 baseline area(s) from 40 fixture(s): 24 wall + 356 slab + 176 prop blocker(s), baselines 0.37..0.37 (avg 0.37)
[lightmaps] 3 page(s), 84 chart(s), 1835080 chart texels, 3145728 page texels (9216 KiB), filled in 0.0 ms
[dynamic] 1 object(s): 1 draw call(s), 1248 vertices (the demonstration path; never part of the static bake)
BENCH_SUMMARY {"level":"capacity_sparse","frames":4,"swap_interval":1,"update_mean_ms":2.848,"render_mean_ms":5.446,"swap_mean_ms":0.009,"frame_mean_ms":8.303,"loop_mean_ms":8.084,"frame_median_ms":8.220,"loop_median_ms":8.140,"frame_p95_ms":9.021,"frame_p99_ms":9.021,"loop_p95_ms":8.223,"loop_p99_ms":8.223,"frame_min_ms":7.845,"frame_max_ms":9.021,"loop_min_ms":7.847,"loop_max_ms":8.223,"fps_median":122.84,"fps_p95":121.61,"fps_p99":121.61,"fps_1pct_low":121.61,"fps_mean":123.70,"measured_fps_mean":120.44,"worst_fps":121.61,"total_vertices":8732,"visible_vertices":240,"culled_vertices":8492,"total_batches":74,"visible_batches":7,"draw_calls":7,"vbo_bytes":558848,"index_bytes":29148,"texture_binds":6,"material_changes":6,"reflection_passes":0}
BENCH_SUMMARY {"level":"capacity_sparse","frames":4,"swap_interval":1,"update_mean_ms":2.848,"render_mean_ms":5.446,"swap_mean_ms":0.009,"frame_mean_ms":8.303,"loop_mean_ms":8.084,"frame_median_ms":8.220,"loop_median_ms":8.140,"frame_p95_ms":9.021,"frame_p99_ms":9.021,"loop_p95_ms":8.223,"loop_p99_ms":8.223,"frame_min_ms":7.845,"frame_max_ms":9.021,"loop_min_ms":7.847,"loop_max_ms":8.223,"fps_median":122.84,"fps_p95":121.61,"fps_p99":121.61,"fps_1pct_low":121.61,"fps_mean":123.70,"measured_fps_mean":120.44,"worst_fps":121.61,"total_vertices":8732,"visible_vertices":240,"culled_vertices":8492,"total_batches":74,"visible_batches":7,"draw_calls":7,"vbo_bytes":558848,"index_bytes":29148,"texture_binds":6,"material_changes":6,"reflection_passes":0}
        0.36 real         0.26 user         0.07 sys
           196198400  maximum resident set size
                   0  average shared memory size
                   0  average unshared data size
                   0  average unshared stack size
               15547  page reclaims
                   7  page faults
                   0  swaps
                   0  block input operations
                   0  block output operations
                   0  messages sent
                   0  messages received
                   0  signals received
                   0  voluntary context switches
                1917  involuntary context switches
          3092066993  instructions retired
          1073542560  cycles elapsed
           242123856  peak memory footprint
