    Checking places v0.8.0 (/Users/connordawkins/Documents/GitHub/Places)
error[E0689]: can't call method `saturating_add` on ambiguous numeric type `{integer}`
    --> src/render/wgpu/renderer.rs:2718:27
     |
2718 |             count = count.saturating_add(1);
     |                           ^^^^^^^^^^^^^^
     |
help: you must specify a type for this binding, like `i32`
     |
2715 |         let mut count: i32 = 0;
     |                      +++++

For more information about this error, try `rustc --explain E0689`.
error: could not compile `places` (lib) due to 1 previous error
warning: build failed, waiting for other jobs to finish...
error[E0282]: type annotations needed
    --> src/render/common/light_transport.rs:1130:13
     |
1130 | /             spatial
1131 | |                 .anchors
1132 | |                 .get(corner)
1133 | |                 .expect("corner")
1134 | |                 .irradiance
     | |___________________________^ cannot infer type

Some errors have detailed explanations: E0282, E0689.
For more information about an error, try `rustc --explain E0282`.
error: could not compile `places` (lib test) due to 2 previous errors
