    Checking places v0.8.0 (/Users/connordawkins/Documents/GitHub/Places)
error: these match arms have identical bodies
  --> src/bench/lighting_sequence.rs:57:13
   |
57 |               Self::Despawn { key: _ } => true,
   |               ^^^^^^^^^^^^^^^^^^^^^^^^^^^^^^^^
58 | /             Self::ToggleFixture {
59 | |                 fixture: _,
60 | |                 enabled: _,
61 | |             } => true,
   | |_____________________^
   |
   = help: if this is unintentional make the arms return different values
   = help: for further information visit https://rust-lang.github.io/rust-clippy/rust-1.99.0/index.html#match_same_arms
   = note: `-D clippy::match-same-arms` implied by `-D clippy::pedantic`
   = help: to override `-D clippy::pedantic` add `#[allow(clippy::match_same_arms)]`
help: otherwise merge the patterns into a single arm
   |
57 ~             Self::Despawn { key: _ } | Self::ToggleFixture {
58 +                 fixture: _,
59 +                 enabled: _,
60 ~             } => true,
61 ~             }
   |

error: this function has too many lines (101/100)
   --> src/render/common/props.rs:393:1
    |
393 | / fn resolve_prop_instances_inner<'a>(
394 | |     level: &'a LevelDef,
395 | |     catalog: &crate::loader::PropCatalog,
396 | |     assets: &mut crate::props::PropAssets,
...   |
400 | |     defer_static_lighting: bool,
401 | | ) -> (Vec<PropMeshBatch>, Vec<&'a PropDef>) {
    | |___________________________________________^
    |
    = help: for further information visit https://rust-lang.github.io/rust-clippy/rust-1.99.0/index.html#too_many_lines
    = note: `-D clippy::too-many-lines` implied by `-D clippy::pedantic`
    = help: to override `-D clippy::pedantic` add `#[allow(clippy::too_many_lines)]`

error: could not compile `places` (lib) due to 2 previous errors
warning: build failed, waiting for other jobs to finish...
error: indexing may panic
   --> src/package/props.rs:377:24
    |
377 |             assert_eq!(decoded[0].casts_static_lighting, casts_static_lighting);
    |                        ^^^^^^^^^^
    |
    = help: consider using `.get(n)` or `.get_mut(n)` instead
    = help: for further information visit https://rust-lang.github.io/rust-clippy/rust-1.99.0/index.html#indexing_slicing
    = note: requested on the command line with `-D clippy::indexing-slicing`

error: indexing may panic
   --> src/package/props.rs:378:24
    |
378 |             assert_eq!(decoded[0].vertices, batch.vertices);
    |                        ^^^^^^^^^^
    |
    = help: consider using `.get(n)` or `.get_mut(n)` instead
    = help: for further information visit https://rust-lang.github.io/rust-clippy/rust-1.99.0/index.html#indexing_slicing

error: indexing may panic
   --> src/package/props.rs:379:24
    |
379 |             assert_eq!(decoded[0].indices, batch.indices);
    |                        ^^^^^^^^^^
    |
    = help: consider using `.get(n)` or `.get_mut(n)` instead
    = help: for further information visit https://rust-lang.github.io/rust-clippy/rust-1.99.0/index.html#indexing_slicing

error: indexing may panic
   --> src/package/props.rs:382:13
    |
382 |             bytes[marker_offset] = 2;
    |             ^^^^^^^^^^^^^^^^^^^^
    |
    = help: consider using `.get(n)` or `.get_mut(n)` instead
    = help: for further information visit https://rust-lang.github.io/rust-clippy/rust-1.99.0/index.html#indexing_slicing

error: used `expect_err()` on a `Result` value
   --> src/package/props.rs:383:25
    |
383 |             let error = read_props(&bytes).expect_err("invalid caster marker must be rejected");
    |                         ^^^^^^^^^^^^^^^^^^^^^^^^^^^^^^^^^^^^^^^^^^^^^^^^^^^^^^^^^^^^^^^^^^^^^^^
    |
    = note: if this value is an `Ok`, it will panic
    = help: for further information visit https://rust-lang.github.io/rust-clippy/rust-1.99.0/index.html#expect_used
    = note: requested on the command line with `-D clippy::expect-used`

error: slicing may panic
   --> src/package/props.rs:396:9
    |
396 |         legacy_v4[4..6].copy_from_slice(&4_u16.to_le_bytes());
    |         ^^^^^^^^^^^^^^^
    |
    = help: consider using `.get(n..m)` or `.get_mut(n..m)` instead
    = help: for further information visit https://rust-lang.github.io/rust-clippy/rust-1.99.0/index.html#indexing_slicing

error: indexing may panic
   --> src/package/props.rs:398:17
    |
398 |         assert!(decoded_v4[0].casts_static_lighting);
    |                 ^^^^^^^^^^^^^
    |
    = help: consider using `.get(n)` or `.get_mut(n)` instead
    = help: for further information visit https://rust-lang.github.io/rust-clippy/rust-1.99.0/index.html#indexing_slicing

error: indexing may panic
   --> src/package/props.rs:399:20
    |
399 |         assert_eq!(decoded_v4[0].vertices, batch.vertices);
    |                    ^^^^^^^^^^^^^
    |
    = help: consider using `.get(n)` or `.get_mut(n)` instead
    = help: for further information visit https://rust-lang.github.io/rust-clippy/rust-1.99.0/index.html#indexing_slicing

error: indexing may panic
   --> src/package/props.rs:400:20
    |
400 |         assert_eq!(decoded_v4[0].indices, batch.indices);
    |                    ^^^^^^^^^^^^^
    |
    = help: consider using `.get(n)` or `.get_mut(n)` instead
    = help: for further information visit https://rust-lang.github.io/rust-clippy/rust-1.99.0/index.html#indexing_slicing

error: slicing may panic
   --> src/package/props.rs:406:9
    |
406 |         legacy_v3[4..6].copy_from_slice(&3_u16.to_le_bytes());
    |         ^^^^^^^^^^^^^^^
    |
    = help: consider using `.get(n..m)` or `.get_mut(n..m)` instead
    = help: for further information visit https://rust-lang.github.io/rust-clippy/rust-1.99.0/index.html#indexing_slicing

error: indexing may panic
   --> src/package/props.rs:408:17
    |
408 |         assert!(decoded_v3[0].casts_static_lighting);
    |                 ^^^^^^^^^^^^^
    |
    = help: consider using `.get(n)` or `.get_mut(n)` instead
    = help: for further information visit https://rust-lang.github.io/rust-clippy/rust-1.99.0/index.html#indexing_slicing

error: indexing may panic
   --> src/package/props.rs:409:20
    |
409 |         assert_eq!(decoded_v3[0].vertices, batch.vertices);
    |                    ^^^^^^^^^^^^^
    |
    = help: consider using `.get(n)` or `.get_mut(n)` instead
    = help: for further information visit https://rust-lang.github.io/rust-clippy/rust-1.99.0/index.html#indexing_slicing

error: indexing may panic
   --> src/package/props.rs:410:20
    |
410 |         assert_eq!(decoded_v3[0].indices, batch.indices);
    |                    ^^^^^^^^^^^^^
    |
    = help: consider using `.get(n)` or `.get_mut(n)` instead
    = help: for further information visit https://rust-lang.github.io/rust-clippy/rust-1.99.0/index.html#indexing_slicing

error: indexing may panic
   --> src/package/props.rs:411:20
    |
411 |         assert_eq!(decoded_v3[0].submeshes[0].response.specular, [0.0; 3]);
    |                    ^^^^^^^^^^^^^^^^^^^^^^^^^^
    |
    = help: consider using `.get(n)` or `.get_mut(n)` instead
    = help: for further information visit https://rust-lang.github.io/rust-clippy/rust-1.99.0/index.html#indexing_slicing

error: indexing may panic
   --> src/package/props.rs:411:20
    |
411 |         assert_eq!(decoded_v3[0].submeshes[0].response.specular, [0.0; 3]);
    |                    ^^^^^^^^^^^^^
    |
    = help: consider using `.get(n)` or `.get_mut(n)` instead
    = help: for further information visit https://rust-lang.github.io/rust-clippy/rust-1.99.0/index.html#indexing_slicing

error: indexing may panic
   --> src/package/props.rs:413:13
    |
413 |             decoded_v3[0].submeshes[0].response.roughness.to_bits(),
    |             ^^^^^^^^^^^^^^^^^^^^^^^^^^
    |
    = help: consider using `.get(n)` or `.get_mut(n)` instead
    = help: for further information visit https://rust-lang.github.io/rust-clippy/rust-1.99.0/index.html#indexing_slicing

error: indexing may panic
   --> src/package/props.rs:413:13
    |
413 |             decoded_v3[0].submeshes[0].response.roughness.to_bits(),
    |             ^^^^^^^^^^^^^
    |
    = help: consider using `.get(n)` or `.get_mut(n)` instead
    = help: for further information visit https://rust-lang.github.io/rust-clippy/rust-1.99.0/index.html#indexing_slicing

error: unused result of type `u8`
   --> src/package/props.rs:395:9
    |
395 |         legacy_v4.remove(marker_offset);
    |         ^^^^^^^^^^^^^^^^^^^^^^^^^^^^^^^^
    |
    = note: requested on the command line with `-D unused-results`

error: unused result of type `std::vec::Drain<'_, u8>`
   --> src/package/props.rs:405:9
    |
405 |         legacy_v3.drain(response_offset..response_offset + 16);
    |         ^^^^^^^^^^^^^^^^^^^^^^^^^^^^^^^^^^^^^^^^^^^^^^^^^^^^^^^

error: could not compile `places` (lib test) due to 21 previous errors
