    Checking places v0.8.0 (/Users/connordawkins/Documents/GitHub/Places)
error[E0603]: module `common` is private
   --> src/lighting/occlusion.rs:644:38
    |
644 |         let claimed = crate::render::common::character::claimed_character_models(
    |                                      ^^^^^^             ------------------------ function `claimed_character_models` is not publicly re-exported
    |                                      |
    |                                      private module
    |
note: the module `common` is defined here
   --> src/render.rs:26:1
    |
 26 | mod common;
    | ^^^^^^^^^^^

error[E0603]: module `common` is private
   --> src/lighting/occlusion.rs:938:40
    |
938 |             vec![actor; crate::render::common::character::MAX_CHARACTERS.saturating_add(1)];
    |                                        ^^^^^^ private module
    |
note: the module `common` is defined here
   --> src/render.rs:26:1
    |
 26 | mod common;
    | ^^^^^^^^^^^
help: consider importing this constant through its public re-export instead
    |
938 -             vec![actor; crate::render::common::character::MAX_CHARACTERS.saturating_add(1)];
938 +             vec![actor; crate::render::MAX_CHARACTERS.saturating_add(1)];
    |

error[E0599]: no method named `to_bytes` found for reference `&std::sync::Arc<lighting::probes::ProbeField>` in the current scope
    --> src/render/wgpu/renderer.rs:4370:47
     |
4370 |                     "serialized_bytes": field.to_bytes().ok().map(|bytes| bytes.len()),
     |                                               ^^^^^^^^ method not found in `&std::sync::Arc<lighting::probes::ProbeField>`

error[E0282]: type annotations needed
    --> src/lighting/probes.rs:1415:9
     |
1415 |         assert_eq!(decoded.runtime_direct_lights(), []);
     |         ^^^^^^^^^^^^^^^^^^^^^^^^^^^^^^^^^^^^^^^^^^^^^^^ cannot infer type

Some errors have detailed explanations: E0599, E0603.
For more information about an error, try `rustc --explain E0599`.
error: could not compile `places` (lib) due to 2 previous errors
warning: build failed, waiting for other jobs to finish...
Some errors have detailed explanations: E0282, E0599, E0603.
For more information about an error, try `rustc --explain E0282`.
error: could not compile `places` (lib test) due to 4 previous errors
