[package] /private/var/folders/sl/yxxj_m9n37sgntkntqw0x8yw0000gn/T/places-art-style-hero-9rgfkubm (assets: /private/var/folders/sl/yxxj_m9n37sgntkntqw0x8yw0000gn/T/places-art-style-hero-9rgfkubm/assets/levels)
[package] asset root: /private/var/folders/sl/yxxj_m9n37sgntkntqw0x8yw0000gn/T/places-art-style-hero-9rgfkubm/assets
[settings] quality high (saved high) [startup override] | lighting high | bloom on | reflections full | lightmaps full | vsync off | filtering high | window Windowed 640 x 360
[assets] 204 placeable asset(s) of 352 catalog entries; themes: office, pool, home, outdoor, winter
[renderer] wgpu | adapter: Apple M2 Pro | backend: Metal | device type: IntegratedGpu | surface format: Bgra8UnormSrgb | present mode: Fifo | alpha mode: Opaque | depth format: Depth32Float | drawable: 1280x720
[wgpu] texture filtering: world presets low 4x / medium 8x / high 16x requested | anisotropy supported
[visual-diagnostic] {"applied":{"bloom":true,"filtering":"high","lighting":"high","lightmaps":"full","quality":"high","reflections":"full"},"capture_submission":null,"event":"select","frame":{"base_color_format":"Rgba8UnormSrgb decoded to linear","bloom_allowed":true,"bloom_requested":true,"culling":true,"diagnostic_identity_post":false,"display_encoding":"linear HDR + bloom, fixed exposure, hue-preserving shoulder, sRGB, display grade","drawable":[1280,720],"scene_format":"Rgba16Float linear HDR","scene_size":null,"scene_uploaded_selector":null,"sky_decals_effects_suppressed":false,"world_uploaded_selector":null},"level":null,"meaning":"ordinary final composition including sky, fog, response, emission, reflections and post","mode":"final","requested":{"bloom":true,"filtering":"high","lighting":"high","lightmaps":"full","quality":"high","reflections":"full"},"resident":{"active_plane":null,"active_probe":0,"atlas":{"bytes":0,"chart_texels":0,"charts":0,"format":"Rgba16Float irradiance+signed moment","page_edge":0,"pages":0},"characters":null,"contact_subjects":0,"dynamic":null,"entity_uniform_bytes":5632,"filtering":"high","irradiance_field":null,"lighting_uniform":null,"lightmaps":"full","lightmaps_resident":false,"movable_visibility":{"casters":0,"meshes":0,"model_builds":0,"preparation_millis":0.0,"triangles":0},"movable_visibility_error":null,"planar_resident":false,"props":null,"quality":"high","reflection_enabled":true,"reflection_probes":[],"runtime_visibility_scene":false,"world":null},"surface_submission":{"draw_calls":0,"material_changes":0,"source":"last surface RenderStats; may remain zero or stale when acquisition is skipped","texture_binds":0,"visible_batches":0,"visible_vertices":0},"unavailable":{"charts":"atlas grid has no true chart ID/boundary/seam metadata","decomposition":"direct/indirect/filter/fill remain offline solver exports","metallic":"no material shader input","probe_field":"native prepared-position provider; bounded markers and actual accepted contributor links","shadow_ao":"no standalone payload"}}
[wgpu] present mode Immediate (immediate)
[window] logical 640x360 | drawable 1280x720 pixels | backing scale 2.0x
[wgpu] world pipeline for surface format Bgra8UnormSrgb
[wgpu] post targets: scene 1280x720, bloom 320x180, presented 1280x720
[loading] package identity level=art_style_hero variant=full sha256=c4cc8aca8b9ace57ab2868e40a6caa6a1afa956e1ed5ccdfbcfccc712c1bca0e source=/var/folders/sl/yxxj_m9n37sgntkntqw0x8yw0000gn/T/places-art-style-hero-9rgfkubm/assets/levels/art_style_hero.placesmap
[loading] compiled-cache miss level=art_style_hero variant=full
[lightmaps] atlas array: 2 page(s) in 4 layer(s), 1024-texel edge, 33554432 bytes resident
[wgpu] world upload: 456 vertices, 696 indices, 21 draws in 1 chunk(s) (neutral mesh: 456 vertices, 696 indices, 21 ranges)
[wgpu] textures: 14 unique, 13 uploaded, 6 cache hits, 1 fallbacks, 0 missing of 21 draws (75497456 bytes resident, max edge 1024px, high filtering)
[wgpu] materials: 17 resolved (11 response, 3 reflection-eligible), 2 normal maps (2 uploaded, 0 cache hits), 18 opaque / 0 cutout / 3 translucent of 21 draws (enabled response, high level)
[wgpu] decals: 0 draw(s), 0 chunk(s), 1 sheet(s) (0 external, 0 diagnostic)
[wgpu] sky `outdoor:tex_sky_stars_01`: 1024x512 uploaded
[wgpu] uploaded 2 packaged reflection probe(s) at 64 texels, 7 mip level(s)
[loading] committed art_style_hero
[props] 16 models cached (0 failed), 5300 triangles, 3856 KiB of textures, 21 draw call(s)
[level] 456 static vertices, 16524 prop vertices, 21 prop draw call(s), built in 0.4 ms (lighting 0.0 + props 0.0 + surfaces 0.0)
[spatial] 21 static batch(es) (floor 9 / ceiling 1 / wall 9 / light 2 / prop box 0 / decal 0), 21 prop batch(es)
[lighting] baked 3 room(s) / 3 baseline area(s) from 5 fixture(s): 14 wall + 91 slab + 223 prop blocker(s), baselines 0.35..0.41 (avg 0.39)
[lightmaps] 2 page(s), 5598 chart(s), 214709 chart texels, 2097152 page texels (32768 KiB), filled in 0.0 ms
[dynamic] 0 object(s): 0 draw call(s), 0 vertices (the demonstration path; never part of the static bake); doors: 0/0
[characters] `home:dining_chair` spawns through the dynamic path: the runtime model `environment/home/props/models/dining_chair.glb` carries no skin or animation; it cannot be posed
[visual-diagnostic] {"applied":{"bloom":true,"filtering":"high","lighting":"high","lightmaps":"full","quality":"high","reflections":"full"},"capture_submission":{"draw_calls":13,"frustum_visible_batches":13,"frustum_visible_distinct_vertices":8496,"material_binds":12,"scope":"base-scene accounted world/props/dynamics/actors plus decals/effects; excludes sky, reflections, emissive duplicates, post and UI","texture_binds":9,"vertices":"sum of distinct indexed vertices per submitted range/object, not a globally deduplicated count or triangle estimate","visibility":"CPU frustum acceptance and encoded draws, not GPU occlusion visibility or FPS"},"event":"capture","frame":{"base_color_format":"Rgba8UnormSrgb decoded to linear","bloom_allowed":true,"bloom_requested":true,"culling":true,"diagnostic_identity_post":false,"display_encoding":"linear HDR + bloom, fixed exposure, hue-preserving shoulder, sRGB, display grade","drawable":[1280,720],"scene_format":"Rgba16Float linear HDR","scene_size":[1280,720],"scene_uploaded_selector":0.0,"sky_decals_effects_suppressed":false,"world_uploaded_selector":0.0},"level":"art_style_hero","meaning":"ordinary final composition including sky, fog, response, emission, reflections and post","mode":"final","requested":{"bloom":true,"filtering":"high","lighting":"high","lightmaps":"full","quality":"high","reflections":"full"},"resident":{"active_plane":null,"active_probe":0,"atlas":{"bytes":33554432,"chart_texels":214709,"charts":5598,"format":"Rgba16Float irradiance+signed moment","page_edge":1024,"pages":2},"characters":null,"contact_subjects":1,"dynamic":{"draws":1,"meshes":1,"objects":1,"vertices":432},"entity_uniform_bytes":5632,"filtering":"high","irradiance_field":{"cell_m":1.5,"dims":[9,5,11],"native_marker_stride":1,"selected_direct_sidecar":true,"selected_source_indices":[0,1,2,3,4],"serialized_bytes":29762,"slots":495,"valid":221},"lighting_uniform":{"fog_density":0.012000000104308128,"fog_region_count":1,"light_scale":[1.0,1.0,1.0],"lightmap_enabled":1.0,"page_count":2,"switchable_word":393216},"lightmaps":"full","lightmaps_resident":true,"movable_visibility":{"casters":1,"meshes":1,"model_builds":1,"preparation_millis":0.17391600000000002,"triangles":204},"movable_visibility_error":null,"planar_resident":false,"props":{"chunks":16,"draws":21,"indices":16524,"texture_bytes":5264704,"vertices":16524},"quality":"high","reflection_enabled":true,"reflection_probes":[{"face_size":64,"mip_levels":7,"position":[6.09999942779541,1.0800000429153442,-4.550000190734863]},{"face_size":64,"mip_levels":7,"position":[9.399998664855957,2.5999999046325684,9.149999618530273]}],"runtime_visibility_scene":true,"world":{"chunks":1,"draws":21,"index_bytes":1392,"indices":696,"vertex_bytes":34656,"vertices":456}},"surface_submission":{"draw_calls":0,"material_changes":0,"source":"last surface RenderStats; may remain zero or stale when acquisition is skipped","texture_binds":0,"visible_batches":0,"visible_vertices":0},"unavailable":{"charts":"atlas grid has no true chart ID/boundary/seam metadata","decomposition":"direct/indirect/filter/fill remain offline solver exports","metallic":"no material shader input","probe_field":"native prepared-position provider; bounded markers and actual accepted contributor links","shadow_ao":"no standalone payload"}}
PLACES_CAPTURE: wrote /Users/connordawkins/Documents/GitHub/Places/docs/art-style/stage5/quality/night/captures/initial-high.png
[lighting-sequence] capture_attempt ready_frame=120 path=/Users/connordawkins/Documents/GitHub/Places/docs/art-style/stage5/quality/night/captures/initial-high.png
[wgpu] texture filtering: low active (trilinear + 4x anisotropy requested)
[loading] package identity level=art_style_hero variant=off sha256=c4cc8aca8b9ace57ab2868e40a6caa6a1afa956e1ed5ccdfbcfccc712c1bca0e source=/var/folders/sl/yxxj_m9n37sgntkntqw0x8yw0000gn/T/places-art-style-hero-9rgfkubm/assets/levels/art_style_hero.placesmap
[loading] compiled-cache miss level=art_style_hero variant=off
[wgpu] world upload: 596 vertices, 1386 indices, 21 draws in 1 chunk(s) (neutral mesh: 596 vertices, 1386 indices, 21 ranges)
[wgpu] textures: 14 unique, 13 uploaded, 6 cache hits, 1 fallbacks, 0 missing of 21 draws (8912880 bytes resident, max edge 1024px, low filtering)
[wgpu] materials: 17 resolved (0 response, 0 reflection-eligible), 0 normal maps (0 uploaded, 0 cache hits), 18 opaque / 0 cutout / 3 translucent of 21 draws (disabled response, low level)
[wgpu] decals: 0 draw(s), 0 chunk(s), 1 sheet(s) (0 external, 0 diagnostic)
[wgpu] sky `outdoor:tex_sky_stars_01`: 512x256 uploaded
[loading] committed art_style_hero
[props] 16 models cached (0 failed), 5300 triangles, 3856 KiB of textures, 21 draw call(s)
[level] 596 static vertices, 16524 prop vertices, 21 prop draw call(s), built in 0.1 ms (lighting 0.0 + props 0.0 + surfaces 0.0)
[spatial] 21 static batch(es) (floor 9 / ceiling 1 / wall 9 / light 2 / prop box 0 / decal 0), 21 prop batch(es)
[lighting] baked 3 room(s) / 3 baseline area(s) from 5 fixture(s): 14 wall + 91 slab + 194 prop blocker(s), baselines 0.35..0.41 (avg 0.39)
[lightmaps] 0 page(s), 0 chart(s), 0 chart texels, 0 page texels (0 KiB), filled in 0.0 ms
[dynamic] 1 object(s): 1 draw call(s), 432 vertices (the demonstration path; never part of the static bake); doors: 0/0
[wgpu] post targets: scene 480x270, bloom 120x67, presented 1280x720
[visual-diagnostic] {"applied":{"bloom":true,"filtering":"low","lighting":"low","lightmaps":"off","quality":"low","reflections":"off"},"capture_submission":{"draw_calls":13,"frustum_visible_batches":13,"frustum_visible_distinct_vertices":8538,"material_binds":12,"scope":"base-scene accounted world/props/dynamics/actors plus decals/effects; excludes sky, reflections, emissive duplicates, post and UI","texture_binds":9,"vertices":"sum of distinct indexed vertices per submitted range/object, not a globally deduplicated count or triangle estimate","visibility":"CPU frustum acceptance and encoded draws, not GPU occlusion visibility or FPS"},"event":"capture","frame":{"base_color_format":"Rgba8UnormSrgb decoded to linear","bloom_allowed":true,"bloom_requested":true,"culling":true,"diagnostic_identity_post":false,"display_encoding":"linear HDR + bloom, fixed exposure, hue-preserving shoulder, sRGB, display grade","drawable":[1280,720],"scene_format":"Rgba16Float linear HDR","scene_size":[480,270],"scene_uploaded_selector":0.0,"sky_decals_effects_suppressed":false,"world_uploaded_selector":0.0},"level":"art_style_hero","meaning":"ordinary final composition including sky, fog, response, emission, reflections and post","mode":"final","requested":{"bloom":true,"filtering":"low","lighting":"low","lightmaps":"off","quality":"low","reflections":"off"},"resident":{"active_plane":null,"active_probe":0,"atlas":{"bytes":0,"chart_texels":0,"charts":0,"format":"Rgba16Float irradiance+signed moment","page_edge":0,"pages":0},"characters":null,"contact_subjects":1,"dynamic":{"draws":1,"meshes":1,"objects":1,"vertices":432},"entity_uniform_bytes":5632,"filtering":"low","irradiance_field":null,"lighting_uniform":{"fog_density":0.012000000104308128,"fog_region_count":1,"light_scale":[1.0,1.0,1.0],"lightmap_enabled":0.0,"page_count":0,"switchable_word":0},"lightmaps":"off","lightmaps_resident":false,"movable_visibility":{"casters":1,"meshes":1,"model_builds":1,"preparation_millis":0.17391600000000002,"triangles":204},"movable_visibility_error":null,"planar_resident":false,"props":{"chunks":16,"draws":21,"indices":16524,"texture_bytes":1332544,"vertices":16524},"quality":"low","reflection_enabled":false,"reflection_probes":[],"runtime_visibility_scene":false,"world":{"chunks":1,"draws":21,"index_bytes":2772,"indices":1386,"vertex_bytes":45296,"vertices":596}},"surface_submission":{"draw_calls":0,"material_changes":0,"source":"last surface RenderStats; may remain zero or stale when acquisition is skipped","texture_binds":0,"visible_batches":0,"visible_vertices":0},"unavailable":{"charts":"atlas grid has no true chart ID/boundary/seam metadata","decomposition":"direct/indirect/filter/fill remain offline solver exports","metallic":"no material shader input","probe_field":"native prepared-position provider; bounded markers and actual accepted contributor links","shadow_ao":"no standalone payload"}}
PLACES_CAPTURE: wrote /Users/connordawkins/Documents/GitHub/Places/docs/art-style/stage5/quality/night/captures/high-low.png
[lighting-sequence] capture_attempt ready_frame=300 path=/Users/connordawkins/Documents/GitHub/Places/docs/art-style/stage5/quality/night/captures/high-low.png
[wgpu] texture filtering: medium active (trilinear + 8x anisotropy requested)
[loading] package identity level=art_style_hero variant=medium sha256=c4cc8aca8b9ace57ab2868e40a6caa6a1afa956e1ed5ccdfbcfccc712c1bca0e source=/var/folders/sl/yxxj_m9n37sgntkntqw0x8yw0000gn/T/places-art-style-hero-9rgfkubm/assets/levels/art_style_hero.placesmap
[loading] compiled-cache miss level=art_style_hero variant=medium
[lightmaps] atlas array: 2 page(s) in 4 layer(s), 1024-texel edge, 33554432 bytes resident
[wgpu] world upload: 456 vertices, 696 indices, 21 draws in 1 chunk(s) (neutral mesh: 456 vertices, 696 indices, 21 ranges)
[wgpu] textures: 14 unique, 13 uploaded, 6 cache hits, 1 fallbacks, 0 missing of 21 draws (23068656 bytes resident, max edge 1024px, medium filtering)
[wgpu] materials: 17 resolved (11 response, 3 reflection-eligible), 2 normal maps (2 uploaded, 0 cache hits), 18 opaque / 0 cutout / 3 translucent of 21 draws (enabled response, medium level)
[wgpu] decals: 0 draw(s), 0 chunk(s), 1 sheet(s) (0 external, 0 diagnostic)
[wgpu] sky `outdoor:tex_sky_stars_01`: 1024x512 uploaded
[wgpu] uploaded 2 packaged reflection probe(s) at 48 texels, 6 mip level(s)
[loading] committed art_style_hero
[props] 16 models cached (0 failed), 5300 triangles, 3856 KiB of textures, 21 draw call(s)
[level] 456 static vertices, 16524 prop vertices, 21 prop draw call(s), built in 0.3 ms (lighting 0.0 + props 0.0 + surfaces 0.0)
[spatial] 21 static batch(es) (floor 9 / ceiling 1 / wall 9 / light 2 / prop box 0 / decal 0), 21 prop batch(es)
[lighting] baked 3 room(s) / 3 baseline area(s) from 5 fixture(s): 14 wall + 91 slab + 214 prop blocker(s), baselines 0.35..0.41 (avg 0.39)
[lightmaps] 2 page(s), 5598 chart(s), 135166 chart texels, 2097152 page texels (32768 KiB), filled in 0.0 ms
[dynamic] 1 object(s): 1 draw call(s), 432 vertices (the demonstration path; never part of the static bake); doors: 0/0
[wgpu] post targets: scene 640x360, bloom 160x90, presented 1280x720
[visual-diagnostic] {"applied":{"bloom":true,"filtering":"medium","lighting":"medium","lightmaps":"medium","quality":"medium","reflections":"medium"},"capture_submission":{"draw_calls":13,"frustum_visible_batches":13,"frustum_visible_distinct_vertices":8496,"material_binds":12,"scope":"base-scene accounted world/props/dynamics/actors plus decals/effects; excludes sky, reflections, emissive duplicates, post and UI","texture_binds":9,"vertices":"sum of distinct indexed vertices per submitted range/object, not a globally deduplicated count or triangle estimate","visibility":"CPU frustum acceptance and encoded draws, not GPU occlusion visibility or FPS"},"event":"capture","frame":{"base_color_format":"Rgba8UnormSrgb decoded to linear","bloom_allowed":true,"bloom_requested":true,"culling":true,"diagnostic_identity_post":false,"display_encoding":"linear HDR + bloom, fixed exposure, hue-preserving shoulder, sRGB, display grade","drawable":[1280,720],"scene_format":"Rgba16Float linear HDR","scene_size":[640,360],"scene_uploaded_selector":0.0,"sky_decals_effects_suppressed":false,"world_uploaded_selector":0.0},"level":"art_style_hero","meaning":"ordinary final composition including sky, fog, response, emission, reflections and post","mode":"final","requested":{"bloom":true,"filtering":"medium","lighting":"medium","lightmaps":"medium","quality":"medium","reflections":"medium"},"resident":{"active_plane":null,"active_probe":0,"atlas":{"bytes":33554432,"chart_texels":135166,"charts":5598,"format":"Rgba16Float irradiance+signed moment","page_edge":1024,"pages":2},"characters":null,"contact_subjects":1,"dynamic":{"draws":1,"meshes":1,"objects":1,"vertices":432},"entity_uniform_bytes":5632,"filtering":"medium","irradiance_field":{"cell_m":1.5,"dims":[9,5,11],"native_marker_stride":1,"selected_direct_sidecar":true,"selected_source_indices":[0,1,2,3,4],"serialized_bytes":29762,"slots":495,"valid":221},"lighting_uniform":{"fog_density":0.012000000104308128,"fog_region_count":1,"light_scale":[1.0,1.0,1.0],"lightmap_enabled":1.0,"page_count":2,"switchable_word":327680},"lightmaps":"medium","lightmaps_resident":true,"movable_visibility":{"casters":1,"meshes":1,"model_builds":1,"preparation_millis":0.17391600000000002,"triangles":204},"movable_visibility_error":null,"planar_resident":false,"props":{"chunks":16,"draws":21,"indices":16524,"texture_bytes":5264704,"vertices":16524},"quality":"medium","reflection_enabled":true,"reflection_probes":[{"face_size":48,"mip_levels":6,"position":[6.09999942779541,1.0800000429153442,-4.550000190734863]},{"face_size":48,"mip_levels":6,"position":[9.399998664855957,2.5999999046325684,9.149999618530273]}],"runtime_visibility_scene":true,"world":{"chunks":1,"draws":21,"index_bytes":1392,"indices":696,"vertex_bytes":34656,"vertices":456}},"surface_submission":{"draw_calls":0,"material_changes":0,"source":"last surface RenderStats; may remain zero or stale when acquisition is skipped","texture_binds":0,"visible_batches":0,"visible_vertices":0},"unavailable":{"charts":"atlas grid has no true chart ID/boundary/seam metadata","decomposition":"direct/indirect/filter/fill remain offline solver exports","metallic":"no material shader input","probe_field":"native prepared-position provider; bounded markers and actual accepted contributor links","shadow_ao":"no standalone payload"}}
PLACES_CAPTURE: wrote /Users/connordawkins/Documents/GitHub/Places/docs/art-style/stage5/quality/night/captures/low-medium.png
[lighting-sequence] capture_attempt ready_frame=480 path=/Users/connordawkins/Documents/GitHub/Places/docs/art-style/stage5/quality/night/captures/low-medium.png
[wgpu] texture filtering: high active (trilinear + 16x anisotropy requested)
[loading] package identity level=art_style_hero variant=full sha256=c4cc8aca8b9ace57ab2868e40a6caa6a1afa956e1ed5ccdfbcfccc712c1bca0e source=/var/folders/sl/yxxj_m9n37sgntkntqw0x8yw0000gn/T/places-art-style-hero-9rgfkubm/assets/levels/art_style_hero.placesmap
[loading] compiled-cache hit level=art_style_hero variant=full
[lightmaps] atlas array: 2 page(s) in 4 layer(s), 1024-texel edge, 33554432 bytes resident
[wgpu] world upload: 456 vertices, 696 indices, 21 draws in 1 chunk(s) (neutral mesh: 456 vertices, 696 indices, 21 ranges)
[wgpu] textures: 14 unique, 13 uploaded, 6 cache hits, 1 fallbacks, 0 missing of 21 draws (75497456 bytes resident, max edge 1024px, high filtering)
[wgpu] materials: 17 resolved (11 response, 3 reflection-eligible), 2 normal maps (2 uploaded, 0 cache hits), 18 opaque / 0 cutout / 3 translucent of 21 draws (enabled response, high level)
[wgpu] decals: 0 draw(s), 0 chunk(s), 1 sheet(s) (0 external, 0 diagnostic)
[wgpu] sky `outdoor:tex_sky_stars_01`: 1024x512 uploaded
[wgpu] uploaded 2 packaged reflection probe(s) at 64 texels, 7 mip level(s)
[loading] committed art_style_hero
[props] 16 models cached (0 failed), 5300 triangles, 3856 KiB of textures, 21 draw call(s)
[level] 456 static vertices, 16524 prop vertices, 21 prop draw call(s), built in 0.5 ms (lighting 0.0 + props 0.0 + surfaces 0.0)
[spatial] 21 static batch(es) (floor 9 / ceiling 1 / wall 9 / light 2 / prop box 0 / decal 0), 21 prop batch(es)
[lighting] baked 3 room(s) / 3 baseline area(s) from 5 fixture(s): 14 wall + 91 slab + 223 prop blocker(s), baselines 0.35..0.41 (avg 0.39)
[lightmaps] 2 page(s), 5598 chart(s), 214709 chart texels, 2097152 page texels (32768 KiB), filled in 0.0 ms
[dynamic] 1 object(s): 1 draw call(s), 432 vertices (the demonstration path; never part of the static bake); doors: 0/0
[wgpu] post targets: scene 1280x720, bloom 320x180, presented 1280x720
[visual-diagnostic] {"applied":{"bloom":true,"filtering":"high","lighting":"high","lightmaps":"full","quality":"high","reflections":"full"},"capture_submission":{"draw_calls":13,"frustum_visible_batches":13,"frustum_visible_distinct_vertices":8496,"material_binds":12,"scope":"base-scene accounted world/props/dynamics/actors plus decals/effects; excludes sky, reflections, emissive duplicates, post and UI","texture_binds":9,"vertices":"sum of distinct indexed vertices per submitted range/object, not a globally deduplicated count or triangle estimate","visibility":"CPU frustum acceptance and encoded draws, not GPU occlusion visibility or FPS"},"event":"capture","frame":{"base_color_format":"Rgba8UnormSrgb decoded to linear","bloom_allowed":true,"bloom_requested":true,"culling":true,"diagnostic_identity_post":false,"display_encoding":"linear HDR + bloom, fixed exposure, hue-preserving shoulder, sRGB, display grade","drawable":[1280,720],"scene_format":"Rgba16Float linear HDR","scene_size":[1280,720],"scene_uploaded_selector":0.0,"sky_decals_effects_suppressed":false,"world_uploaded_selector":0.0},"level":"art_style_hero","meaning":"ordinary final composition including sky, fog, response, emission, reflections and post","mode":"final","requested":{"bloom":true,"filtering":"high","lighting":"high","lightmaps":"full","quality":"high","reflections":"full"},"resident":{"active_plane":null,"active_probe":0,"atlas":{"bytes":33554432,"chart_texels":214709,"charts":5598,"format":"Rgba16Float irradiance+signed moment","page_edge":1024,"pages":2},"characters":null,"contact_subjects":1,"dynamic":{"draws":1,"meshes":1,"objects":1,"vertices":432},"entity_uniform_bytes":5632,"filtering":"high","irradiance_field":{"cell_m":1.5,"dims":[9,5,11],"native_marker_stride":1,"selected_direct_sidecar":true,"selected_source_indices":[0,1,2,3,4],"serialized_bytes":29762,"slots":495,"valid":221},"lighting_uniform":{"fog_density":0.012000000104308128,"fog_region_count":1,"light_scale":[1.0,1.0,1.0],"lightmap_enabled":1.0,"page_count":2,"switchable_word":393216},"lightmaps":"full","lightmaps_resident":true,"movable_visibility":{"casters":1,"meshes":1,"model_builds":1,"preparation_millis":0.17391600000000002,"triangles":204},"movable_visibility_error":null,"planar_resident":false,"props":{"chunks":16,"draws":21,"indices":16524,"texture_bytes":5264704,"vertices":16524},"quality":"high","reflection_enabled":true,"reflection_probes":[{"face_size":64,"mip_levels":7,"position":[6.09999942779541,1.0800000429153442,-4.550000190734863]},{"face_size":64,"mip_levels":7,"position":[9.399998664855957,2.5999999046325684,9.149999618530273]}],"runtime_visibility_scene":true,"world":{"chunks":1,"draws":21,"index_bytes":1392,"indices":696,"vertex_bytes":34656,"vertices":456}},"surface_submission":{"draw_calls":0,"material_changes":0,"source":"last surface RenderStats; may remain zero or stale when acquisition is skipped","texture_binds":0,"visible_batches":0,"visible_vertices":0},"unavailable":{"charts":"atlas grid has no true chart ID/boundary/seam metadata","decomposition":"direct/indirect/filter/fill remain offline solver exports","metallic":"no material shader input","probe_field":"native prepared-position provider; bounded markers and actual accepted contributor links","shadow_ao":"no standalone payload"}}
PLACES_CAPTURE: wrote /Users/connordawkins/Documents/GitHub/Places/docs/art-style/stage5/quality/night/captures/medium-high.png
[lighting-sequence] capture_attempt ready_frame=660 path=/Users/connordawkins/Documents/GitHub/Places/docs/art-style/stage5/quality/night/captures/medium-high.png
[wgpu] texture filtering: medium active (trilinear + 8x anisotropy requested)
[loading] package identity level=art_style_hero variant=medium sha256=c4cc8aca8b9ace57ab2868e40a6caa6a1afa956e1ed5ccdfbcfccc712c1bca0e source=/var/folders/sl/yxxj_m9n37sgntkntqw0x8yw0000gn/T/places-art-style-hero-9rgfkubm/assets/levels/art_style_hero.placesmap
[loading] compiled-cache hit level=art_style_hero variant=medium
[lightmaps] atlas array: 2 page(s) in 4 layer(s), 1024-texel edge, 33554432 bytes resident
[wgpu] world upload: 456 vertices, 696 indices, 21 draws in 1 chunk(s) (neutral mesh: 456 vertices, 696 indices, 21 ranges)
[wgpu] textures: 14 unique, 13 uploaded, 6 cache hits, 1 fallbacks, 0 missing of 21 draws (23068656 bytes resident, max edge 1024px, medium filtering)
[wgpu] materials: 17 resolved (11 response, 3 reflection-eligible), 2 normal maps (2 uploaded, 0 cache hits), 18 opaque / 0 cutout / 3 translucent of 21 draws (enabled response, medium level)
[wgpu] decals: 0 draw(s), 0 chunk(s), 1 sheet(s) (0 external, 0 diagnostic)
[wgpu] sky `outdoor:tex_sky_stars_01`: 1024x512 uploaded
[wgpu] uploaded 2 packaged reflection probe(s) at 48 texels, 6 mip level(s)
[loading] committed art_style_hero
[props] 16 models cached (0 failed), 5300 triangles, 3856 KiB of textures, 21 draw call(s)
[level] 456 static vertices, 16524 prop vertices, 21 prop draw call(s), built in 0.3 ms (lighting 0.0 + props 0.0 + surfaces 0.0)
[spatial] 21 static batch(es) (floor 9 / ceiling 1 / wall 9 / light 2 / prop box 0 / decal 0), 21 prop batch(es)
[lighting] baked 3 room(s) / 3 baseline area(s) from 5 fixture(s): 14 wall + 91 slab + 214 prop blocker(s), baselines 0.35..0.41 (avg 0.39)
[lightmaps] 2 page(s), 5598 chart(s), 135166 chart texels, 2097152 page texels (32768 KiB), filled in 0.0 ms
[dynamic] 1 object(s): 1 draw call(s), 432 vertices (the demonstration path; never part of the static bake); doors: 0/0
[wgpu] post targets: scene 640x360, bloom 160x90, presented 1280x720
[visual-diagnostic] {"applied":{"bloom":true,"filtering":"medium","lighting":"medium","lightmaps":"medium","quality":"medium","reflections":"medium"},"capture_submission":{"draw_calls":13,"frustum_visible_batches":13,"frustum_visible_distinct_vertices":8496,"material_binds":12,"scope":"base-scene accounted world/props/dynamics/actors plus decals/effects; excludes sky, reflections, emissive duplicates, post and UI","texture_binds":9,"vertices":"sum of distinct indexed vertices per submitted range/object, not a globally deduplicated count or triangle estimate","visibility":"CPU frustum acceptance and encoded draws, not GPU occlusion visibility or FPS"},"event":"capture","frame":{"base_color_format":"Rgba8UnormSrgb decoded to linear","bloom_allowed":true,"bloom_requested":true,"culling":true,"diagnostic_identity_post":false,"display_encoding":"linear HDR + bloom, fixed exposure, hue-preserving shoulder, sRGB, display grade","drawable":[1280,720],"scene_format":"Rgba16Float linear HDR","scene_size":[640,360],"scene_uploaded_selector":0.0,"sky_decals_effects_suppressed":false,"world_uploaded_selector":0.0},"level":"art_style_hero","meaning":"ordinary final composition including sky, fog, response, emission, reflections and post","mode":"final","requested":{"bloom":true,"filtering":"medium","lighting":"medium","lightmaps":"medium","quality":"medium","reflections":"medium"},"resident":{"active_plane":null,"active_probe":0,"atlas":{"bytes":33554432,"chart_texels":135166,"charts":5598,"format":"Rgba16Float irradiance+signed moment","page_edge":1024,"pages":2},"characters":null,"contact_subjects":1,"dynamic":{"draws":1,"meshes":1,"objects":1,"vertices":432},"entity_uniform_bytes":5632,"filtering":"medium","irradiance_field":{"cell_m":1.5,"dims":[9,5,11],"native_marker_stride":1,"selected_direct_sidecar":true,"selected_source_indices":[0,1,2,3,4],"serialized_bytes":29762,"slots":495,"valid":221},"lighting_uniform":{"fog_density":0.012000000104308128,"fog_region_count":1,"light_scale":[1.0,1.0,1.0],"lightmap_enabled":1.0,"page_count":2,"switchable_word":327680},"lightmaps":"medium","lightmaps_resident":true,"movable_visibility":{"casters":1,"meshes":1,"model_builds":1,"preparation_millis":0.17391600000000002,"triangles":204},"movable_visibility_error":null,"planar_resident":false,"props":{"chunks":16,"draws":21,"indices":16524,"texture_bytes":5264704,"vertices":16524},"quality":"medium","reflection_enabled":true,"reflection_probes":[{"face_size":48,"mip_levels":6,"position":[6.09999942779541,1.0800000429153442,-4.550000190734863]},{"face_size":48,"mip_levels":6,"position":[9.399998664855957,2.5999999046325684,9.149999618530273]}],"runtime_visibility_scene":true,"world":{"chunks":1,"draws":21,"index_bytes":1392,"indices":696,"vertex_bytes":34656,"vertices":456}},"surface_submission":{"draw_calls":0,"material_changes":0,"source":"last surface RenderStats; may remain zero or stale when acquisition is skipped","texture_binds":0,"visible_batches":0,"visible_vertices":0},"unavailable":{"charts":"atlas grid has no true chart ID/boundary/seam metadata","decomposition":"direct/indirect/filter/fill remain offline solver exports","metallic":"no material shader input","probe_field":"native prepared-position provider; bounded markers and actual accepted contributor links","shadow_ao":"no standalone payload"}}
PLACES_CAPTURE: wrote /Users/connordawkins/Documents/GitHub/Places/docs/art-style/stage5/quality/night/captures/high-medium.png
[lighting-sequence] capture_attempt ready_frame=840 path=/Users/connordawkins/Documents/GitHub/Places/docs/art-style/stage5/quality/night/captures/high-medium.png
[wgpu] texture filtering: low active (trilinear + 4x anisotropy requested)
[loading] package identity level=art_style_hero variant=off sha256=c4cc8aca8b9ace57ab2868e40a6caa6a1afa956e1ed5ccdfbcfccc712c1bca0e source=/var/folders/sl/yxxj_m9n37sgntkntqw0x8yw0000gn/T/places-art-style-hero-9rgfkubm/assets/levels/art_style_hero.placesmap
[loading] compiled-cache hit level=art_style_hero variant=off
[wgpu] world upload: 596 vertices, 1386 indices, 21 draws in 1 chunk(s) (neutral mesh: 596 vertices, 1386 indices, 21 ranges)
[wgpu] textures: 14 unique, 13 uploaded, 6 cache hits, 1 fallbacks, 0 missing of 21 draws (8912880 bytes resident, max edge 1024px, low filtering)
[wgpu] materials: 17 resolved (0 response, 0 reflection-eligible), 0 normal maps (0 uploaded, 0 cache hits), 18 opaque / 0 cutout / 3 translucent of 21 draws (disabled response, low level)
[wgpu] decals: 0 draw(s), 0 chunk(s), 1 sheet(s) (0 external, 0 diagnostic)
[wgpu] sky `outdoor:tex_sky_stars_01`: 512x256 uploaded
[loading] committed art_style_hero
[props] 16 models cached (0 failed), 5300 triangles, 3856 KiB of textures, 21 draw call(s)
[level] 596 static vertices, 16524 prop vertices, 21 prop draw call(s), built in 0.1 ms (lighting 0.0 + props 0.0 + surfaces 0.0)
[spatial] 21 static batch(es) (floor 9 / ceiling 1 / wall 9 / light 2 / prop box 0 / decal 0), 21 prop batch(es)
[lighting] baked 3 room(s) / 3 baseline area(s) from 5 fixture(s): 14 wall + 91 slab + 194 prop blocker(s), baselines 0.35..0.41 (avg 0.39)
[lightmaps] 0 page(s), 0 chart(s), 0 chart texels, 0 page texels (0 KiB), filled in 0.0 ms
[dynamic] 1 object(s): 1 draw call(s), 432 vertices (the demonstration path; never part of the static bake); doors: 0/0
[wgpu] post targets: scene 480x270, bloom 120x67, presented 1280x720
[visual-diagnostic] {"applied":{"bloom":true,"filtering":"low","lighting":"low","lightmaps":"off","quality":"low","reflections":"off"},"capture_submission":{"draw_calls":13,"frustum_visible_batches":13,"frustum_visible_distinct_vertices":8538,"material_binds":12,"scope":"base-scene accounted world/props/dynamics/actors plus decals/effects; excludes sky, reflections, emissive duplicates, post and UI","texture_binds":9,"vertices":"sum of distinct indexed vertices per submitted range/object, not a globally deduplicated count or triangle estimate","visibility":"CPU frustum acceptance and encoded draws, not GPU occlusion visibility or FPS"},"event":"capture","frame":{"base_color_format":"Rgba8UnormSrgb decoded to linear","bloom_allowed":true,"bloom_requested":true,"culling":true,"diagnostic_identity_post":false,"display_encoding":"linear HDR + bloom, fixed exposure, hue-preserving shoulder, sRGB, display grade","drawable":[1280,720],"scene_format":"Rgba16Float linear HDR","scene_size":[480,270],"scene_uploaded_selector":0.0,"sky_decals_effects_suppressed":false,"world_uploaded_selector":0.0},"level":"art_style_hero","meaning":"ordinary final composition including sky, fog, response, emission, reflections and post","mode":"final","requested":{"bloom":true,"filtering":"low","lighting":"low","lightmaps":"off","quality":"low","reflections":"off"},"resident":{"active_plane":null,"active_probe":0,"atlas":{"bytes":0,"chart_texels":0,"charts":0,"format":"Rgba16Float irradiance+signed moment","page_edge":0,"pages":0},"characters":null,"contact_subjects":1,"dynamic":{"draws":1,"meshes":1,"objects":1,"vertices":432},"entity_uniform_bytes":5632,"filtering":"low","irradiance_field":null,"lighting_uniform":{"fog_density":0.012000000104308128,"fog_region_count":1,"light_scale":[1.0,1.0,1.0],"lightmap_enabled":0.0,"page_count":0,"switchable_word":0},"lightmaps":"off","lightmaps_resident":false,"movable_visibility":{"casters":1,"meshes":1,"model_builds":1,"preparation_millis":0.17391600000000002,"triangles":204},"movable_visibility_error":null,"planar_resident":false,"props":{"chunks":16,"draws":21,"indices":16524,"texture_bytes":1332544,"vertices":16524},"quality":"low","reflection_enabled":false,"reflection_probes":[],"runtime_visibility_scene":false,"world":{"chunks":1,"draws":21,"index_bytes":2772,"indices":1386,"vertex_bytes":45296,"vertices":596}},"surface_submission":{"draw_calls":0,"material_changes":0,"source":"last surface RenderStats; may remain zero or stale when acquisition is skipped","texture_binds":0,"visible_batches":0,"visible_vertices":0},"unavailable":{"charts":"atlas grid has no true chart ID/boundary/seam metadata","decomposition":"direct/indirect/filter/fill remain offline solver exports","metallic":"no material shader input","probe_field":"native prepared-position provider; bounded markers and actual accepted contributor links","shadow_ao":"no standalone payload"}}
PLACES_CAPTURE: wrote /Users/connordawkins/Documents/GitHub/Places/docs/art-style/stage5/quality/night/captures/medium-low.png
[lighting-sequence] capture_attempt ready_frame=1020 path=/Users/connordawkins/Documents/GitHub/Places/docs/art-style/stage5/quality/night/captures/medium-low.png
[wgpu] texture filtering: high active (trilinear + 16x anisotropy requested)
[loading] package identity level=art_style_hero variant=full sha256=c4cc8aca8b9ace57ab2868e40a6caa6a1afa956e1ed5ccdfbcfccc712c1bca0e source=/var/folders/sl/yxxj_m9n37sgntkntqw0x8yw0000gn/T/places-art-style-hero-9rgfkubm/assets/levels/art_style_hero.placesmap
[loading] compiled-cache hit level=art_style_hero variant=full
[lightmaps] atlas array: 2 page(s) in 4 layer(s), 1024-texel edge, 33554432 bytes resident
[wgpu] world upload: 456 vertices, 696 indices, 21 draws in 1 chunk(s) (neutral mesh: 456 vertices, 696 indices, 21 ranges)
[wgpu] textures: 14 unique, 13 uploaded, 6 cache hits, 1 fallbacks, 0 missing of 21 draws (75497456 bytes resident, max edge 1024px, high filtering)
[wgpu] materials: 17 resolved (11 response, 3 reflection-eligible), 2 normal maps (2 uploaded, 0 cache hits), 18 opaque / 0 cutout / 3 translucent of 21 draws (enabled response, high level)
[wgpu] decals: 0 draw(s), 0 chunk(s), 1 sheet(s) (0 external, 0 diagnostic)
[wgpu] sky `outdoor:tex_sky_stars_01`: 1024x512 uploaded
[wgpu] uploaded 2 packaged reflection probe(s) at 64 texels, 7 mip level(s)
[loading] committed art_style_hero
[props] 16 models cached (0 failed), 5300 triangles, 3856 KiB of textures, 21 draw call(s)
[level] 456 static vertices, 16524 prop vertices, 21 prop draw call(s), built in 0.3 ms (lighting 0.0 + props 0.0 + surfaces 0.0)
[spatial] 21 static batch(es) (floor 9 / ceiling 1 / wall 9 / light 2 / prop box 0 / decal 0), 21 prop batch(es)
[lighting] baked 3 room(s) / 3 baseline area(s) from 5 fixture(s): 14 wall + 91 slab + 223 prop blocker(s), baselines 0.35..0.41 (avg 0.39)
[lightmaps] 2 page(s), 5598 chart(s), 214709 chart texels, 2097152 page texels (32768 KiB), filled in 0.0 ms
[dynamic] 1 object(s): 1 draw call(s), 432 vertices (the demonstration path; never part of the static bake); doors: 0/0
[wgpu] post targets: scene 1280x720, bloom 320x180, presented 1280x720
[visual-diagnostic] {"applied":{"bloom":true,"filtering":"high","lighting":"high","lightmaps":"full","quality":"high","reflections":"full"},"capture_submission":{"draw_calls":13,"frustum_visible_batches":13,"frustum_visible_distinct_vertices":8496,"material_binds":12,"scope":"base-scene accounted world/props/dynamics/actors plus decals/effects; excludes sky, reflections, emissive duplicates, post and UI","texture_binds":9,"vertices":"sum of distinct indexed vertices per submitted range/object, not a globally deduplicated count or triangle estimate","visibility":"CPU frustum acceptance and encoded draws, not GPU occlusion visibility or FPS"},"event":"capture","frame":{"base_color_format":"Rgba8UnormSrgb decoded to linear","bloom_allowed":true,"bloom_requested":true,"culling":true,"diagnostic_identity_post":false,"display_encoding":"linear HDR + bloom, fixed exposure, hue-preserving shoulder, sRGB, display grade","drawable":[1280,720],"scene_format":"Rgba16Float linear HDR","scene_size":[1280,720],"scene_uploaded_selector":0.0,"sky_decals_effects_suppressed":false,"world_uploaded_selector":0.0},"level":"art_style_hero","meaning":"ordinary final composition including sky, fog, response, emission, reflections and post","mode":"final","requested":{"bloom":true,"filtering":"high","lighting":"high","lightmaps":"full","quality":"high","reflections":"full"},"resident":{"active_plane":null,"active_probe":0,"atlas":{"bytes":33554432,"chart_texels":214709,"charts":5598,"format":"Rgba16Float irradiance+signed moment","page_edge":1024,"pages":2},"characters":null,"contact_subjects":1,"dynamic":{"draws":1,"meshes":1,"objects":1,"vertices":432},"entity_uniform_bytes":5632,"filtering":"high","irradiance_field":{"cell_m":1.5,"dims":[9,5,11],"native_marker_stride":1,"selected_direct_sidecar":true,"selected_source_indices":[0,1,2,3,4],"serialized_bytes":29762,"slots":495,"valid":221},"lighting_uniform":{"fog_density":0.012000000104308128,"fog_region_count":1,"light_scale":[1.0,1.0,1.0],"lightmap_enabled":1.0,"page_count":2,"switchable_word":393216},"lightmaps":"full","lightmaps_resident":true,"movable_visibility":{"casters":1,"meshes":1,"model_builds":1,"preparation_millis":0.17391600000000002,"triangles":204},"movable_visibility_error":null,"planar_resident":false,"props":{"chunks":16,"draws":21,"indices":16524,"texture_bytes":5264704,"vertices":16524},"quality":"high","reflection_enabled":true,"reflection_probes":[{"face_size":64,"mip_levels":7,"position":[6.09999942779541,1.0800000429153442,-4.550000190734863]},{"face_size":64,"mip_levels":7,"position":[9.399998664855957,2.5999999046325684,9.149999618530273]}],"runtime_visibility_scene":true,"world":{"chunks":1,"draws":21,"index_bytes":1392,"indices":696,"vertex_bytes":34656,"vertices":456}},"surface_submission":{"draw_calls":0,"material_changes":0,"source":"last surface RenderStats; may remain zero or stale when acquisition is skipped","texture_binds":0,"visible_batches":0,"visible_vertices":0},"unavailable":{"charts":"atlas grid has no true chart ID/boundary/seam metadata","decomposition":"direct/indirect/filter/fill remain offline solver exports","metallic":"no material shader input","probe_field":"native prepared-position provider; bounded markers and actual accepted contributor links","shadow_ao":"no standalone payload"}}
PLACES_CAPTURE: wrote /Users/connordawkins/Documents/GitHub/Places/docs/art-style/stage5/quality/night/captures/low-high.png
[lighting-sequence] capture_attempt ready_frame=1200 path=/Users/connordawkins/Documents/GitHub/Places/docs/art-style/stage5/quality/night/captures/low-high.png
BENCH_SUMMARY {"level":"art_style_hero","frames":1320,"swap_interval":0,"update_mean_ms":0.329,"render_mean_ms":0.174,"swap_mean_ms":16.642,"frame_mean_ms":17.146,"loop_mean_ms":17.636,"frame_median_ms":17.023,"loop_median_ms":17.452,"frame_p95_ms":17.041,"frame_p99_ms":17.085,"loop_p95_ms":17.844,"loop_p99_ms":18.084,"frame_min_ms":16.025,"frame_max_ms":103.706,"loop_min_ms":16.198,"loop_max_ms":103.808,"fps_median":57.30,"fps_p95":56.04,"fps_p99":55.30,"fps_1pct_low":55.30,"fps_mean":56.70,"measured_fps_mean":58.32,"worst_fps":9.63,"total_vertices":0,"visible_vertices":0,"culled_vertices":0,"total_batches":0,"visible_batches":0,"draw_calls":0,"vbo_bytes":0,"index_bytes":0,"texture_binds":0,"material_changes":0,"reflection_passes":0}
BENCH_SUMMARY {"level":"art_style_hero","frames":1320,"swap_interval":0,"update_mean_ms":0.329,"render_mean_ms":0.174,"swap_mean_ms":16.642,"frame_mean_ms":17.146,"loop_mean_ms":17.636,"frame_median_ms":17.023,"loop_median_ms":17.452,"frame_p95_ms":17.041,"frame_p99_ms":17.085,"loop_p95_ms":17.844,"loop_p99_ms":18.084,"frame_min_ms":16.025,"frame_max_ms":103.706,"loop_min_ms":16.198,"loop_max_ms":103.808,"fps_median":57.30,"fps_p95":56.04,"fps_p99":55.30,"fps_1pct_low":55.30,"fps_mean":56.70,"measured_fps_mean":58.32,"worst_fps":9.63,"total_vertices":0,"visible_vertices":0,"culled_vertices":0,"total_batches":0,"visible_batches":0,"draw_calls":0,"vbo_bytes":0,"index_bytes":0,"texture_binds":0,"material_changes":0,"reflection_passes":0}
       27.27 real         2.95 user         1.19 sys
           703807488  maximum resident set size
                   0  average shared memory size
                   0  average unshared data size
                   0  average unshared stack size
               72065  page reclaims
                  47  page faults
                   0  swaps
                   0  block input operations
                   0  block output operations
                   0  messages sent
                   0  messages received
                   0  signals received
                  36  voluntary context switches
                5021  involuntary context switches
         33790227395  instructions retired
         10029456724  cycles elapsed
           822314544  peak memory footprint
