[package] /private/var/folders/sl/yxxj_m9n37sgntkntqw0x8yw0000gn/T/places-art-style-hero-ov_qpti1 (assets: /private/var/folders/sl/yxxj_m9n37sgntkntqw0x8yw0000gn/T/places-art-style-hero-ov_qpti1/assets/levels)
[package] asset root: /private/var/folders/sl/yxxj_m9n37sgntkntqw0x8yw0000gn/T/places-art-style-hero-ov_qpti1/assets
[settings] quality high (saved high) [startup override] | lighting high | bloom on | reflections full | lightmaps full | vsync off | filtering high | window Windowed 640 x 360
[assets] 204 placeable asset(s) of 352 catalog entries; themes: office, pool, home, outdoor, winter
[renderer] wgpu | adapter: Apple M2 Pro | backend: Metal | device type: IntegratedGpu | surface format: Bgra8UnormSrgb | present mode: Fifo | alpha mode: Opaque | depth format: Depth32Float | drawable: 1280x720
[wgpu] texture filtering: world presets low 4x / medium 8x / high 16x requested | anisotropy supported
[visual-diagnostic] {"applied":{"bloom":true,"filtering":"high","lighting":"high","lightmaps":"full","quality":"high","reflections":"full"},"capture_submission":null,"event":"select","frame":{"base_color_format":"Rgba8Unorm raw authored display","bloom_allowed":false,"bloom_requested":true,"culling":true,"diagnostic_identity_post":true,"drawable":[1280,720],"scene_format":"Rgba8Unorm raw display","scene_size":null,"scene_uploaded_selector":null,"sky_decals_effects_suppressed":true,"world_uploaded_selector":null},"level":null,"meaning":"cyan=resident atlas, green=prepared entity probe, red=entity fallback, amber=static vertex fallback; state color is not illumination energy","mode":"lighting-state","requested":{"bloom":true,"filtering":"high","lighting":"high","lightmaps":"full","quality":"high","reflections":"full"},"resident":{"active_plane":null,"active_probe":0,"atlas":{"bytes":0,"chart_texels":0,"charts":0,"format":"Rgba16Float irradiance+signed moment","page_edge":0,"pages":0},"characters":null,"dynamic":null,"filtering":"high","lighting_uniform":null,"lightmaps":"full","lightmaps_resident":false,"planar_resident":false,"props":null,"quality":"high","reflection_enabled":true,"reflection_probes":[],"world":null},"surface_submission":{"draw_calls":0,"material_changes":0,"source":"last surface RenderStats; may remain zero or stale when acquisition is skipped","texture_binds":0,"visible_batches":0,"visible_vertices":0},"unavailable":{"charts":"atlas grid has no true chart ID/boundary/seam metadata","decomposition":"direct/indirect/filter/fill remain offline solver exports","metallic":"no material shader input","probe_field":"probe positions, validity and visibility labels have no runtime visualization provider","shadow_ao":"no standalone payload"}}
[wgpu] present mode Immediate (immediate)
[window] logical 640x360 | drawable 1280x720 pixels | backing scale 2.0x
[wgpu] world pipeline for surface format Bgra8UnormSrgb
[wgpu] post targets: scene 1280x720, bloom 320x180, presented 1280x720
[startup] total 256.8 ms
[startup]   package root: +0.2 ms (0.2 ms)
[startup]   settings: +0.2 ms (0.4 ms)
[startup]   window: +115.3 ms (115.7 ms)
[startup]   asset catalog: +1.5 ms (117.2 ms)
[startup]   renderer device: +10.0 ms (127.2 ms)
[startup]   input responsive: +62.5 ms (189.7 ms)
[startup]   first scene attempted: +26.2 ms (215.9 ms)
[startup]   first UI attempted: +0.0 ms (215.9 ms)
[startup]   first presented: +40.9 ms (256.8 ms)
[loading] package identity level=art_style_hero variant=full sha256=37d9d3c66ae70e3b14335a930d18daa29d6395dd8a21df4b6ae473c5ebdf0097 source=/var/folders/sl/yxxj_m9n37sgntkntqw0x8yw0000gn/T/places-art-style-hero-ov_qpti1/assets/levels/art_style_hero.placesmap
[loading] compiled-cache miss level=art_style_hero variant=full
[lightmaps] atlas array: 2 page(s) in 4 layer(s), 1024-texel edge, 33554432 bytes resident
[wgpu] world upload: 284 vertices, 438 indices, 14 draws in 1 chunk(s) (neutral mesh: 284 vertices, 438 indices, 14 ranges)
[wgpu] textures: 10 unique, 9 uploaded, 3 cache hits, 1 fallbacks, 0 missing of 14 draws (53127840 bytes resident, max edge 1024px, high filtering)
[wgpu] materials: 11 resolved (6 response, 1 reflection-eligible), 2 normal maps (2 uploaded, 0 cache hits), 13 opaque / 0 cutout / 1 translucent of 14 draws (enabled response, high level)
[wgpu] decals: 0 draw(s), 0 chunk(s), 1 sheet(s) (0 external, 0 diagnostic)
[wgpu] sky `outdoor:tex_sky_stars_01`: 1024x512 uploaded
[wgpu] uploaded 1 packaged reflection probe(s) at 64 texels, 7 mip level(s)
[loading] committed art_style_hero
[props] 16 models cached (0 failed), 5300 triangles, 3856 KiB of textures, 21 draw call(s)
[level] 284 static vertices, 15900 prop vertices, 21 prop draw call(s), built in 0.2 ms (lighting 0.0 + props 0.0 + surfaces 0.0)
[spatial] 14 static batch(es) (floor 4 / ceiling 1 / wall 7 / light 2 / prop box 0 / decal 0), 21 prop batch(es)
[lighting] baked 3 room(s) / 3 baseline area(s) from 4 fixture(s): 12 wall + 36 slab + 222 prop blocker(s), baselines 0.31..0.41 (avg 0.37)
[lightmaps] 2 page(s), 5347 chart(s), 167960 chart texels, 2097152 page texels (32768 KiB), filled in 0.0 ms
[dynamic] 0 object(s): 0 draw call(s), 0 vertices (the demonstration path; never part of the static bake); doors: 0/0
[characters] `home:dining_chair` spawns through the dynamic path: the runtime model `environment/home/props/models/dining_chair.glb` carries no skin or animation; it cannot be posed
[entity-light] name=DynamicId(0) path=dynamic:environment/home/props/models/dining_chair.glb map=Some("art_style_hero") graphics=GraphicsSpec { quality: High, lighting: High, filtering: "high", bloom: true, lightmaps: Full, reflections: Full } transform=Mat4 { x_axis: Vec4(1.0, 0.0, 0.0, 0.0), y_axis: Vec4(0.0, 1.0, 0.0, 0.0), z_axis: Vec4(0.0, 0.0, 1.0, 0.0), w_axis: Vec4(6.7, 0.0, 1.3, 1.0) } sample_position=[6.7, 0.451, 1.3] cell=Some([4.0, 0.0, 5.0]) room=Some(0) region=Some(0) sample=EntityLighting { prepared: Some(LightmapTexel { irradiance: [0.5596302, 0.56905276, 0.5771965], direction: [-0.14166698, 0.26617965, 0.29160526], axis: [0.5, 0.5] }), display: [0.5596302, 0.56905276, 0.5771965], source: Prepared } candidates=Some([ProbeContribution { id: 229, world_position: [5.25, 0.099998236, 1.1500025], distance_m: 1.4994001903291097, weight: 0.01919526540345385, probe: ProbeSample { irradiance: [0.56358594, 0.5707448, 0.5756137], direction: [0.0013204427, 0.2621751, 0.29733947], axis: [0.5, 0.5], room: 0 } }, ProbeContribution { id: 230, world_position: [6.75, 0.099998236, 1.1500025], distance_m: 0.38496948315880825, weight: 0.8843015478683315, probe: ProbeSample { irradiance: [0.5555457, 0.56507874, 0.5733657], direction: [-0.14041421, 0.27038726, 0.29186276], axis: [0.5, 0.5], room: 0 } }, ProbeContribution { id: 238, world_position: [5.25, 1.5999982, 1.1500025], distance_m: 1.856123816679842, weight: 0.007278529037925335, probe: ProbeSample { irradiance: [0.54185176, 0.5474177, 0.551369], direction: [0.07231726, 0.19647631, 0.45724112], axis: [0.5, 0.5], room: 0 } }, ProbeContribution { id: 239, world_position: [6.75, 1.5999982, 1.1500025], distance_m: 1.159825933082518, weight: 0.048242705144293546, probe: ProbeSample { irradiance: [0.5414535, 0.54969037, 0.55672294], direction: [-0.19304037, 0.1428726, 0.3762874], axis: [0.5, 0.5], room: 0 } }, ProbeContribution { id: 274, world_position: [5.25, 0.099998236, 2.6500025], distance_m: 2.0120160318620193, weight: 0.004621004501204929, probe: ProbeSample { irradiance: [0.6953864, 0.70584387, 0.71450365], direction: [0.06347532, 0.39229247, 0.16961181], axis: [0.5, 0.5], room: 0 } }, ProbeContribution { id: 275, world_position: [6.75, 0.099998236, 2.6500025], distance_m: 1.3957826065238008, weight: 0.02531572374954125, probe: ProbeSample { irradiance: [0.6770346, 0.68733513, 0.69610226], direction: [-0.22810961, 0.34805655, 0.12345445], axis: [0.5, 0.5], room: 0 } }, ProbeContribution { id: 283, world_position: [5.25, 1.5999982, 2.6500025], distance_m: 2.290240861690525, weight: 0.001840598816173654, probe: ProbeSample { irradiance: [0.65368485, 0.6600173, 0.6643181], direction: [0.06860636, 0.4490707, 0.28237212], axis: [0.5, 0.5], room: 0 } }, ProbeContribution { id: 284, world_position: [6.75, 1.5999982, 2.6500025], distance_m: 1.7734722373811067, weight: 0.009166540211390184, probe: ProbeSample { irradiance: [0.6432157, 0.65368116, 0.6628221], direction: [-0.36785004, 0.24633753, 0.20718688], axis: [0.5, 0.5], room: 0 } }, ProbeContribution { id: 320, world_position: [6.75, 0.099998236, 4.1500025], distance_m: 2.8719708679555214, weight: 3.808526768591648e-5, probe: ProbeSample { irradiance: [0.6524094, 0.66394603, 0.674299], direction: [-0.27083614, 0.31274587, -0.1612285], axis: [0.5, 0.5], room: 0 } }]) uploaded_energy_moment_scale=Some(([0.5596302, 0.56905276, 0.5771965, 1.0], [-0.14166698, 0.26617965, 0.29160526, 0.0], [1.0, 1.0, 1.0])) pre_tonemap_normal_samples=Some([([1.0, 0.0, 0.0], [0.42201915, 0.42912474, 0.43526596]), ([-1.0, 0.0, 0.0], [0.5149696, 0.52364016, 0.531134]), ([0.0, 1.0, 0.0], [0.5966648, 0.60671085, 0.6153935]), ([0.0, -1.0, 0.0], [0.42201915, 0.42912474, 0.43526596]), ([0.0, 0.0, 1.0], [0.613347, 0.623674, 0.63259935]), ([0.0, 0.0, -1.0], [0.42201915, 0.42912474, 0.43526596])])
[visual-diagnostic] {"applied":{"bloom":true,"filtering":"high","lighting":"high","lightmaps":"full","quality":"high","reflections":"full"},"capture_submission":{"draw_calls":17,"frustum_visible_batches":17,"frustum_visible_distinct_vertices":11100,"material_binds":15,"scope":"base-scene accounted world/props/dynamics/actors plus decals/effects; excludes sky, reflections, emissive duplicates, post and UI","texture_binds":13,"vertices":"sum of distinct indexed vertices per submitted range/object, not a globally deduplicated count or triangle estimate","visibility":"CPU frustum acceptance and encoded draws, not GPU occlusion visibility or FPS"},"event":"capture","frame":{"base_color_format":"Rgba8Unorm raw authored display","bloom_allowed":false,"bloom_requested":true,"culling":true,"diagnostic_identity_post":true,"drawable":[1280,720],"scene_format":"Rgba8Unorm raw display","scene_size":[1280,720],"scene_uploaded_selector":10.0,"sky_decals_effects_suppressed":true,"world_uploaded_selector":10.0},"level":"art_style_hero","meaning":"cyan=resident atlas, green=prepared entity probe, red=entity fallback, amber=static vertex fallback; state color is not illumination energy","mode":"lighting-state","requested":{"bloom":true,"filtering":"high","lighting":"high","lightmaps":"full","quality":"high","reflections":"full"},"resident":{"active_plane":null,"active_probe":0,"atlas":{"bytes":33554432,"chart_texels":167960,"charts":5347,"format":"Rgba16Float irradiance+signed moment","page_edge":1024,"pages":2},"characters":null,"dynamic":{"draws":1,"meshes":1,"objects":1,"vertices":432},"filtering":"high","lighting_uniform":{"fog_density":0.009499999694526196,"fog_region_count":0,"light_scale":[1.0,1.0,1.0],"lightmap_enabled":1.0,"page_count":2,"switchable_word":393216},"lightmaps":"full","lightmaps_resident":true,"planar_resident":false,"props":{"chunks":16,"draws":21,"indices":15900,"texture_bytes":5264704,"vertices":15900},"quality":"high","reflection_enabled":true,"reflection_probes":[{"face_size":64,"mip_levels":7,"position":[9.399998664855957,2.5999999046325684,9.149999618530273]}],"world":{"chunks":1,"draws":14,"index_bytes":876,"indices":438,"vertex_bytes":18176,"vertices":284}},"surface_submission":{"draw_calls":17,"material_changes":15,"source":"last surface RenderStats; may remain zero or stale when acquisition is skipped","texture_binds":13,"visible_batches":17,"visible_vertices":11100},"unavailable":{"charts":"atlas grid has no true chart ID/boundary/seam metadata","decomposition":"direct/indirect/filter/fill remain offline solver exports","metallic":"no material shader input","probe_field":"probe positions, validity and visibility labels have no runtime visualization provider","shadow_ao":"no standalone payload"}}
PLACES_CAPTURE: wrote /Users/connordawkins/Documents/GitHub/Places/docs/art-style/diagnostics/native/view-lighting-state/entities.png
BENCH_SUMMARY {"level":"art_style_hero","frames":48,"swap_interval":0,"update_mean_ms":0.106,"render_mean_ms":7.960,"swap_mean_ms":0.348,"frame_mean_ms":8.413,"loop_mean_ms":8.315,"frame_median_ms":8.021,"loop_median_ms":8.207,"frame_p95_ms":14.392,"frame_p99_ms":23.988,"loop_p95_ms":14.398,"loop_p99_ms":22.162,"frame_min_ms":1.130,"frame_max_ms":23.988,"loop_min_ms":1.311,"loop_max_ms":22.162,"fps_median":121.85,"fps_p95":69.45,"fps_p99":45.12,"fps_1pct_low":45.12,"fps_mean":120.26,"measured_fps_mean":118.86,"worst_fps":45.12,"total_vertices":16616,"visible_vertices":11100,"culled_vertices":5516,"total_batches":36,"visible_batches":17,"draw_calls":17,"vbo_bytes":1063424,"index_bytes":33900,"texture_binds":13,"material_changes":15,"reflection_passes":0}
        0.96 real         0.52 user         0.16 sys
           453689344  maximum resident set size
                   0  average shared memory size
                   0  average unshared data size
                   0  average unshared stack size
               30821  page reclaims
                   6  page faults
                   0  swaps
                   0  block input operations
                   0  block output operations
                   0  messages sent
                   0  messages received
                   0  signals received
                   1  voluntary context switches
                4733  involuntary context switches
          5950971252  instructions retired
          2140080742  cycles elapsed
           507561280  peak memory footprint
