    Checking places v0.8.0 (/Users/connordawkins/Documents/GitHub/Places)
error: using `chunks_exact` with a constant chunk size
   --> src/compiler/diagnostics.rs:150:37
    |
150 |             "alpha_min": image.rgba.chunks_exact(4).filter_map(|pixel| pixel.get(3)).min(),
    |                                     ^^^^^^^^^^^^^^^ help: consider using `as_chunks` instead: `as_chunks::<4>().0.iter()`
    |
    = help: for further information visit https://rust-lang.github.io/rust-clippy/rust-1.99.0/index.html#chunks_exact_to_as_chunks
    = note: `-D clippy::chunks-exact-to-as-chunks` implied by `-D clippy::all`
    = help: to override `-D clippy::all` add `#[allow(clippy::chunks_exact_to_as_chunks)]`

error: using `chunks_exact` with a constant chunk size
   --> src/compiler/diagnostics.rs:151:37
    |
151 |             "alpha_max": image.rgba.chunks_exact(4).filter_map(|pixel| pixel.get(3)).max()
    |                                     ^^^^^^^^^^^^^^^ help: consider using `as_chunks` instead: `as_chunks::<4>().0.iter()`
    |
    = help: for further information visit https://rust-lang.github.io/rust-clippy/rust-1.99.0/index.html#chunks_exact_to_as_chunks

error: this function has too many lines (116/100)
   --> src/render/common/geometry.rs:968:1
    |
968 | / fn emit_wall_caps(
969 | |     context: &EmitContext<'_, '_>,
970 | |     buckets: &mut SpatialBuckets<SurfaceKey>,
971 | |     scratch: &mut Vec<Vertex>,
...   |
974 | |     cursor: &mut usize,
975 | | ) {
    | |_^
    |
    = help: for further information visit https://rust-lang.github.io/rust-clippy/rust-1.99.0/index.html#too_many_lines
    = note: `-D clippy::too-many-lines` implied by `-D clippy::pedantic`
    = help: to override `-D clippy::pedantic` add `#[allow(clippy::too_many_lines)]`

error: using `chunks_exact` with a constant chunk size
  --> src/compiler/tests/material_transport.rs:25:14
   |
25 |             .chunks_exact(4)
   |              ^^^^^^^^^^^^^^^ help: consider using `as_chunks` instead: `as_chunks::<4>().0.iter()`
   |
   = help: for further information visit https://rust-lang.github.io/rust-clippy/rust-1.99.0/index.html#chunks_exact_to_as_chunks

error: could not compile `places` (lib) due to 3 previous errors
warning: build failed, waiting for other jobs to finish...
error: this function has too many lines (101/100)
   --> src/lighting/transport/tests/continuity.rs:314:1
    |
314 | / fn shared_bevel_filter_connections_ignore_chart_insets_and_keep_real_occlusion()
315 | | -> Result<(), String> {
    | |_____________________^
    |
    = help: for further information visit https://rust-lang.github.io/rust-clippy/rust-1.99.0/index.html#too_many_lines
    = note: `-D clippy::too-many-lines` implied by `-D clippy::pedantic`
    = help: to override `-D clippy::pedantic` add `#[allow(clippy::too_many_lines)]`

error: this function has too many lines (116/100)
   --> src/render/common/geometry.rs:968:1
    |
968 | / fn emit_wall_caps(
969 | |     context: &EmitContext<'_, '_>,
970 | |     buckets: &mut SpatialBuckets<SurfaceKey>,
971 | |     scratch: &mut Vec<Vertex>,
...   |
974 | |     cursor: &mut usize,
975 | | ) {
    | |_^
    |
    = help: for further information visit https://rust-lang.github.io/rust-clippy/rust-1.99.0/index.html#too_many_lines

error: could not compile `places` (lib test) due to 5 previous errors
