[compiler-timing] phase=load_validate_prepare_dependencies millis=56.529
[compiler-timing] phase=fingerprints millis=0.230
[compiler-timing] phase=current_package_integrity millis=0.000
[compiler-timing] phase=semantics millis=0.076
[compiler-timing] phase=navigation_collision_inputs millis=1.136
[compiler-timing] phase=prepared_package_integrity millis=0.000
[compiler-timing] phase=capture_device_materials millis=70.844
[compiler-progress] preparing off
[compile-timing] quality=off legacy_lighting_ms=5.738 prop_geometry_and_charts_ms=18.116 architecture_and_charts_ms=1.088
[compiler-timing] phase=prepare_encode_off millis=31.341
[compiler-progress] capturing off
[renderer] wgpu | adapter: Apple M2 Pro | backend: Metal | device type: IntegratedGpu | surface format: Rgba8UnormSrgb | present mode: Fifo | alpha mode: Opaque | depth format: Depth32Float | drawable: 1280x720
[wgpu] texture filtering: world presets low 4x / medium 8x / high 16x requested | anisotropy supported
[wgpu] world upload: 822 vertices, 1728 indices, 29 draws in 1 chunk(s) (neutral mesh: 822 vertices, 1728 indices, 29 ranges)
[wgpu] textures: 15 unique, 14 uploaded, 9 cache hits, 3 fallbacks, 0 missing of 29 draws (81089860 bytes resident, max edge 1024px, high filtering)
[wgpu] materials: 16 resolved (11 response, 1 reflection-eligible), 2 normal maps (2 uploaded, 0 cache hits), 24 opaque / 1 cutout / 4 translucent of 29 draws (enabled response, high level)
[wgpu] world pipeline for surface format Rgba8UnormSrgb
[wgpu] decals: 0 draw(s), 0 chunk(s), 1 sheet(s) (0 external, 0 diagnostic)
[wgpu] sky `outdoor:tex_sky_stars_01`: 1024x512 uploaded
[wgpu] reflection probes: 1 probe(s), 6 face(s), face edge 64px
[wgpu] reflection probes: 1 probe(s), 6 face(s), face edge 48px
[compiler-timing] phase=capture_off millis=176.127
[compiler-progress] preparing medium
[lightmaps] transport scene triangles=5748 (0 skipped) emitters=6 (0 switchable)
[lightmap-timing] transport_scene_and_targets_ms=7.290
[compile-timing] quality=medium legacy_lighting_ms=0.644 prop_geometry_and_charts_ms=8.060 architecture_and_charts_ms=0.691
[lightmaps] transport workers=12 charts=5622 bounces=1 taps=2
[transport-audit] stage=direct room=None kind=Prop mean=0.027251 peak=0.372074 shoulder_fraction=0.000000
[transport-audit] stage=direct room=None kind=Wall mean=0.057548 peak=0.275095 shoulder_fraction=0.000000
[transport-audit] stage=direct room=Some(0) kind=Ceiling mean=0.007352 peak=0.255566 shoulder_fraction=0.000000
[transport-audit] stage=direct room=Some(0) kind=Floor mean=0.201465 peak=0.409407 shoulder_fraction=0.000000
[transport-audit] stage=direct room=Some(0) kind=Wall mean=0.081882 peak=0.304982 shoulder_fraction=0.000000
[transport-audit] stage=direct room=Some(1) kind=Ceiling mean=0.001283 peak=0.054158 shoulder_fraction=0.000000
[transport-audit] stage=direct room=Some(1) kind=Floor mean=0.124491 peak=0.295583 shoulder_fraction=0.000000
[transport-audit] stage=direct room=Some(1) kind=Wall mean=0.046906 peak=0.233932 shoulder_fraction=0.000000
[transport-audit] stage=direct room=Some(2) kind=Floor mean=0.089296 peak=0.198774 shoulder_fraction=0.000000
[transport-audit] stage=direct room=Some(2) kind=Wall mean=0.065984 peak=0.197482 shoulder_fraction=0.000000
[transport-audit] stage=direct room=Some(3) kind=Ceiling mean=0.173292 peak=0.364269 shoulder_fraction=0.000000
[transport-audit] stage=direct room=Some(3) kind=Floor mean=0.242110 peak=0.409103 shoulder_fraction=0.000000
[transport-audit] stage=direct room=Some(3) kind=Skirt mean=0.072410 peak=0.210727 shoulder_fraction=0.000000
[transport-audit] stage=direct room=Some(3) kind=Wall mean=0.103497 peak=0.271359 shoulder_fraction=0.000000
[transport-audit] stage=direct room=Some(4) kind=Floor mean=0.278389 peak=0.381373 shoulder_fraction=0.000000
[transport-audit] stage=direct room=Some(4) kind=Wall mean=0.161242 peak=0.312623 shoulder_fraction=0.000000
[transport-progress] diffuse_order=1/1 receivers=175036 samples=32 workers=12
[transport-gather] {"active_energy_layers":1,"all_active_layers_zero_radiance_hits":651162,"backface_hits":448455,"cache_empty":55484,"cache_nearest_fallback":9479,"diffuse_order":1,"escaping_paths":1288045,"geometric_samples":5601152,"horizon_rejections":0,"logical_samples":5601152,"meaning":"Aggregate geometric paths; logical samples count independent energy layers. Cache-empty is absent visible support, while zero radiance can be valid darkness. Dump-enabled counts include instrumentation cost.","opaque_or_mask_hits":4313107,"traced_paths":5601152}
[transport-audit] stage=bounced room=None kind=Prop mean=0.090042 peak=0.551452 shoulder_fraction=0.000000
[transport-audit] stage=bounced room=None kind=Wall mean=0.189542 peak=0.495023 shoulder_fraction=0.000000
[transport-audit] stage=bounced room=Some(0) kind=Ceiling mean=0.184673 peak=0.361700 shoulder_fraction=0.000000
[transport-audit] stage=bounced room=Some(0) kind=Floor mean=0.258432 peak=0.462211 shoulder_fraction=0.000000
[transport-audit] stage=bounced room=Some(0) kind=Wall mean=0.191233 peak=0.478613 shoulder_fraction=0.000000
[transport-audit] stage=bounced room=Some(1) kind=Ceiling mean=0.105188 peak=0.228504 shoulder_fraction=0.000000
[transport-audit] stage=bounced room=Some(1) kind=Floor mean=0.166296 peak=0.342252 shoulder_fraction=0.000000
[transport-audit] stage=bounced room=Some(1) kind=Wall mean=0.120148 peak=0.333716 shoulder_fraction=0.000000
[transport-audit] stage=bounced room=Some(2) kind=Floor mean=0.190679 peak=0.325086 shoulder_fraction=0.000000
[transport-audit] stage=bounced room=Some(2) kind=Wall mean=0.167759 peak=0.328683 shoulder_fraction=0.000000
[transport-audit] stage=bounced room=Some(3) kind=Ceiling mean=0.399444 peak=0.628456 shoulder_fraction=0.000000
[transport-audit] stage=bounced room=Some(3) kind=Floor mean=0.424891 peak=0.628680 shoulder_fraction=0.000000
[transport-audit] stage=bounced room=Some(3) kind=Skirt mean=0.222655 peak=0.374935 shoulder_fraction=0.000000
[transport-audit] stage=bounced room=Some(3) kind=Wall mean=0.251541 peak=0.503356 shoulder_fraction=0.000000
[transport-audit] stage=bounced room=Some(4) kind=Floor mean=0.396920 peak=0.532524 shoulder_fraction=0.000000
[transport-audit] stage=bounced room=Some(4) kind=Wall mean=0.325032 peak=0.465233 shoulder_fraction=0.000000
[transport-audit] stage=indirect room=None kind=Prop mean=0.062791 peak=0.366395 shoulder_fraction=0.000000
[transport-audit] stage=indirect room=None kind=Wall mean=0.131995 peak=0.240211 shoulder_fraction=0.000000
[transport-audit] stage=indirect room=Some(0) kind=Ceiling mean=0.177321 peak=0.296293 shoulder_fraction=0.000000
[transport-audit] stage=indirect room=Some(0) kind=Floor mean=0.056967 peak=0.159455 shoulder_fraction=0.000000
[transport-audit] stage=indirect room=Some(0) kind=Wall mean=0.109351 peak=0.220040 shoulder_fraction=0.000000
[transport-audit] stage=indirect room=Some(1) kind=Ceiling mean=0.103904 peak=0.222951 shoulder_fraction=0.000000
[transport-audit] stage=indirect room=Some(1) kind=Floor mean=0.041804 peak=0.108158 shoulder_fraction=0.000000
[transport-audit] stage=indirect room=Some(1) kind=Wall mean=0.073244 peak=0.217600 shoulder_fraction=0.000000
[transport-audit] stage=indirect room=Some(2) kind=Floor mean=0.101373 peak=0.127807 shoulder_fraction=0.000000
[transport-audit] stage=indirect room=Some(2) kind=Wall mean=0.101775 peak=0.141912 shoulder_fraction=0.000000
[transport-audit] stage=indirect room=Some(3) kind=Ceiling mean=0.226152 peak=0.283506 shoulder_fraction=0.000000
[transport-audit] stage=indirect room=Some(3) kind=Floor mean=0.182780 peak=0.233805 shoulder_fraction=0.000000
[transport-audit] stage=indirect room=Some(3) kind=Skirt mean=0.150245 peak=0.216609 shoulder_fraction=0.000000
[transport-audit] stage=indirect room=Some(3) kind=Wall mean=0.148046 peak=0.269250 shoulder_fraction=0.000000
[transport-audit] stage=indirect room=Some(4) kind=Floor mean=0.118531 peak=0.184438 shoulder_fraction=0.000000
[transport-audit] stage=indirect room=Some(4) kind=Wall mean=0.163789 peak=0.271413 shoulder_fraction=0.000000
[transport-audit] stage=filtered room=None kind=Prop mean=0.089934 peak=0.551452 shoulder_fraction=0.000000
[transport-audit] stage=filtered room=None kind=Wall mean=0.189635 peak=0.490878 shoulder_fraction=0.000000
[transport-audit] stage=filtered room=Some(0) kind=Ceiling mean=0.184673 peak=0.359740 shoulder_fraction=0.000000
[transport-audit] stage=filtered room=Some(0) kind=Floor mean=0.258438 peak=0.459247 shoulder_fraction=0.000000
[transport-audit] stage=filtered room=Some(0) kind=Wall mean=0.191288 peak=0.477376 shoulder_fraction=0.000000
[transport-audit] stage=filtered room=Some(1) kind=Ceiling mean=0.105170 peak=0.231353 shoulder_fraction=0.000000
[transport-audit] stage=filtered room=Some(1) kind=Floor mean=0.166334 peak=0.340826 shoulder_fraction=0.000000
[transport-audit] stage=filtered room=Some(1) kind=Wall mean=0.120181 peak=0.333705 shoulder_fraction=0.000000
[transport-audit] stage=filtered room=Some(2) kind=Floor mean=0.190985 peak=0.324442 shoulder_fraction=0.000000
[transport-audit] stage=filtered room=Some(2) kind=Wall mean=0.167760 peak=0.322893 shoulder_fraction=0.000000
[transport-audit] stage=filtered room=Some(3) kind=Ceiling mean=0.399408 peak=0.627618 shoulder_fraction=0.000000
[transport-audit] stage=filtered room=Some(3) kind=Floor mean=0.424914 peak=0.623739 shoulder_fraction=0.000000
[transport-audit] stage=filtered room=Some(3) kind=Skirt mean=0.222712 peak=0.370720 shoulder_fraction=0.000000
[transport-audit] stage=filtered room=Some(3) kind=Wall mean=0.251628 peak=0.500624 shoulder_fraction=0.000000
[transport-audit] stage=filtered room=Some(4) kind=Floor mean=0.398344 peak=0.522028 shoulder_fraction=0.000000
[transport-audit] stage=filtered room=Some(4) kind=Wall mean=0.325564 peak=0.462231 shoulder_fraction=0.000000
[transport-audit] stage=filled room=None kind=Prop mean=0.089934 peak=0.551452 shoulder_fraction=0.000000
[transport-audit] stage=filled room=None kind=Wall mean=0.191645 peak=0.502966 shoulder_fraction=0.000000
[transport-audit] stage=filled room=Some(0) kind=Ceiling mean=0.302839 peak=0.464318 shoulder_fraction=0.000000
[transport-audit] stage=filled room=Some(0) kind=Floor mean=0.337222 peak=0.577936 shoulder_fraction=0.000000
[transport-audit] stage=filled room=Some(0) kind=Wall mean=0.213290 peak=0.544951 shoulder_fraction=0.000000
[transport-audit] stage=filled room=Some(1) kind=Ceiling mean=0.214031 peak=0.424014 shoulder_fraction=0.000000
[transport-audit] stage=filled room=Some(1) kind=Floor mean=0.243275 peak=0.491932 shoulder_fraction=0.000000
[transport-audit] stage=filled room=Some(1) kind=Wall mean=0.167609 peak=0.476522 shoulder_fraction=0.000000
[transport-audit] stage=filled room=Some(2) kind=Floor mean=0.191505 peak=0.332729 shoulder_fraction=0.000000
[transport-audit] stage=filled room=Some(2) kind=Wall mean=0.169937 peak=0.328203 shoulder_fraction=0.000000
[transport-audit] stage=filled room=Some(3) kind=Ceiling mean=0.470202 peak=0.692542 shoulder_fraction=0.000000
[transport-audit] stage=filled room=Some(3) kind=Floor mean=0.481656 peak=0.689700 shoulder_fraction=0.000000
[transport-audit] stage=filled room=Some(3) kind=Skirt mean=0.307853 peak=0.434915 shoulder_fraction=0.000000
[transport-audit] stage=filled room=Some(3) kind=Wall mean=0.264297 peak=0.523632 shoulder_fraction=0.000000
[transport-audit] stage=filled room=Some(4) kind=Floor mean=0.479808 peak=0.614741 shoulder_fraction=0.000000
[transport-audit] stage=filled room=Some(4) kind=Wall mean=0.382590 peak=0.527447 shoulder_fraction=0.000000
[transport-timing] base=true taps=2 bounces=1 receivers_ms=84.863 direct_visibility_ms=365.574 indirect_ms=1134.714 probes_ms=9.147 filter_ms=840.428 fill_ms=81.683
[lightmap-work] triangles=5748 texels=175036 direct_rays=9040861 bounce_rays=5601152 cache_cells=1263
[lightmap-timing] atlas_assembly_ms=5.469
[lightmaps] irradiance field probes=715 valid=245
[compiler-timing] phase=prepare_encode_medium millis=2675.746
[compiler-progress] capturing medium
[lightmaps] atlas array: 2 page(s) in 4 layer(s), 1024-texel edge, 33554432 bytes resident
[wgpu] world upload: 692 vertices, 1062 indices, 29 draws in 1 chunk(s) (neutral mesh: 692 vertices, 1062 indices, 29 ranges)
[wgpu] textures: 15 unique, 0 uploaded, 23 cache hits, 3 fallbacks, 0 missing of 29 draws (81089860 bytes resident, max edge 1024px, high filtering)
[wgpu] materials: 16 resolved (11 response, 1 reflection-eligible), 2 normal maps (0 uploaded, 2 cache hits), 24 opaque / 1 cutout / 4 translucent of 29 draws (enabled response, high level)
[wgpu] decals: 0 draw(s), 0 chunk(s), 1 sheet(s) (0 external, 0 diagnostic)
[wgpu] reflection probes: 1 probe(s), 6 face(s), face edge 64px
[wgpu] reflection probes: 1 probe(s), 6 face(s), face edge 48px
[compiler-timing] phase=capture_medium millis=101.825
[compiler-progress] preparing full
[lightmaps] transport scene triangles=5748 (0 skipped) emitters=6 (0 switchable)
[lightmap-timing] transport_scene_and_targets_ms=8.472
[compile-timing] quality=full legacy_lighting_ms=0.821 prop_geometry_and_charts_ms=7.504 architecture_and_charts_ms=0.661
[lightmaps] transport workers=12 charts=5622 bounces=2 taps=3
[transport-audit] stage=direct room=None kind=Prop mean=0.027339 peak=0.375456 shoulder_fraction=0.000000
[transport-audit] stage=direct room=None kind=Wall mean=0.057934 peak=0.275905 shoulder_fraction=0.000000
[transport-audit] stage=direct room=Some(0) kind=Ceiling mean=0.007375 peak=0.255519 shoulder_fraction=0.000000
[transport-audit] stage=direct room=Some(0) kind=Floor mean=0.202731 peak=0.413283 shoulder_fraction=0.000000
[transport-audit] stage=direct room=Some(0) kind=Wall mean=0.082281 peak=0.305782 shoulder_fraction=0.000000
[transport-audit] stage=direct room=Some(1) kind=Ceiling mean=0.001305 peak=0.022654 shoulder_fraction=0.000000
[transport-audit] stage=direct room=Some(1) kind=Floor mean=0.126000 peak=0.296175 shoulder_fraction=0.000000
[transport-audit] stage=direct room=Some(1) kind=Wall mean=0.047919 peak=0.240579 shoulder_fraction=0.000000
[transport-audit] stage=direct room=Some(2) kind=Floor mean=0.089227 peak=0.198899 shoulder_fraction=0.000000
[transport-audit] stage=direct room=Some(2) kind=Wall mean=0.066233 peak=0.198565 shoulder_fraction=0.000000
[transport-audit] stage=direct room=Some(3) kind=Ceiling mean=0.174913 peak=0.382421 shoulder_fraction=0.000000
[transport-audit] stage=direct room=Some(3) kind=Floor mean=0.244040 peak=0.413063 shoulder_fraction=0.000000
[transport-audit] stage=direct room=Some(3) kind=Skirt mean=0.073118 peak=0.212500 shoulder_fraction=0.000000
[transport-audit] stage=direct room=Some(3) kind=Wall mean=0.104112 peak=0.271905 shoulder_fraction=0.000000
[transport-audit] stage=direct room=Some(4) kind=Floor mean=0.280257 peak=0.384726 shoulder_fraction=0.000000
[transport-audit] stage=direct room=Some(4) kind=Wall mean=0.161916 peak=0.310550 shoulder_fraction=0.000000
[transport-progress] diffuse_order=1/2 receivers=283646 samples=64 workers=12
[transport-gather] {"active_energy_layers":1,"all_active_layers_zero_radiance_hits":1963170,"backface_hits":1220848,"cache_empty":117381,"cache_nearest_fallback":33014,"diffuse_order":1,"escaping_paths":4300829,"geometric_samples":18153344,"horizon_rejections":0,"logical_samples":18153344,"meaning":"Aggregate geometric paths; logical samples count independent energy layers. Cache-empty is absent visible support, while zero radiance can be valid darkness. Dump-enabled counts include instrumentation cost.","opaque_or_mask_hits":13852515,"traced_paths":18153344}
[transport-progress] diffuse_order=2/2 receivers=283646 samples=64 workers=12
[transport-gather] {"active_energy_layers":1,"all_active_layers_zero_radiance_hits":263112,"backface_hits":1209709,"cache_empty":118110,"cache_nearest_fallback":32768,"diffuse_order":2,"escaping_paths":4327557,"geometric_samples":18153344,"horizon_rejections":0,"logical_samples":18153344,"meaning":"Aggregate geometric paths; logical samples count independent energy layers. Cache-empty is absent visible support, while zero radiance can be valid darkness. Dump-enabled counts include instrumentation cost.","opaque_or_mask_hits":13825787,"traced_paths":18153344}
[transport-audit] stage=bounced room=None kind=Prop mean=0.118632 peak=0.706630 shoulder_fraction=0.000000
[transport-audit] stage=bounced room=None kind=Wall mean=0.204426 peak=0.610110 shoulder_fraction=0.000000
[transport-audit] stage=bounced room=Some(0) kind=Ceiling mean=0.246159 peak=0.458156 shoulder_fraction=0.000000
[transport-audit] stage=bounced room=Some(0) kind=Floor mean=0.360951 peak=0.609809 shoulder_fraction=0.000000
[transport-audit] stage=bounced room=Some(0) kind=Wall mean=0.247578 peak=0.579025 shoulder_fraction=0.000000
[transport-audit] stage=bounced room=Some(1) kind=Ceiling mean=0.154960 peak=0.293945 shoulder_fraction=0.000000
[transport-audit] stage=bounced room=Some(1) kind=Floor mean=0.242474 peak=0.467809 shoulder_fraction=0.000000
[transport-audit] stage=bounced room=Some(1) kind=Wall mean=0.166984 peak=0.467856 shoulder_fraction=0.000000
[transport-audit] stage=bounced room=Some(2) kind=Floor mean=0.196553 peak=0.330940 shoulder_fraction=0.000000
[transport-audit] stage=bounced room=Some(2) kind=Wall mean=0.205007 peak=0.418793 shoulder_fraction=0.000000
[transport-audit] stage=bounced room=Some(3) kind=Ceiling mean=0.554834 peak=0.794656 shoulder_fraction=0.000000
[transport-audit] stage=bounced room=Some(3) kind=Floor mean=0.587779 peak=0.803422 shoulder_fraction=0.000000
[transport-audit] stage=bounced room=Some(3) kind=Skirt mean=0.323386 peak=0.489799 shoulder_fraction=0.000000
[transport-audit] stage=bounced room=Some(3) kind=Wall mean=0.336590 peak=0.674424 shoulder_fraction=0.000000
[transport-audit] stage=bounced room=Some(4) kind=Floor mean=0.415898 peak=0.543581 shoulder_fraction=0.000000
[transport-audit] stage=bounced room=Some(4) kind=Wall mean=0.389706 peak=0.616612 shoulder_fraction=0.000000
[transport-audit] stage=indirect room=None kind=Prop mean=0.091293 peak=0.477243 shoulder_fraction=0.000000
[transport-audit] stage=indirect room=None kind=Wall mean=0.146493 peak=0.344724 shoulder_fraction=0.000000
[transport-audit] stage=indirect room=Some(0) kind=Ceiling mean=0.238784 peak=0.357420 shoulder_fraction=0.000000
[transport-audit] stage=indirect room=Some(0) kind=Floor mean=0.158220 peak=0.287988 shoulder_fraction=0.000000
[transport-audit] stage=indirect room=Some(0) kind=Wall mean=0.165302 peak=0.318605 shoulder_fraction=0.000000
[transport-audit] stage=indirect room=Some(1) kind=Ceiling mean=0.153655 peak=0.290834 shoulder_fraction=0.000000
[transport-audit] stage=indirect room=Some(1) kind=Floor mean=0.116474 peak=0.216596 shoulder_fraction=0.000000
[transport-audit] stage=indirect room=Some(1) kind=Wall mean=0.119050 peak=0.285865 shoulder_fraction=0.000000
[transport-audit] stage=indirect room=Some(2) kind=Floor mean=0.107337 peak=0.142643 shoulder_fraction=0.000000
[transport-audit] stage=indirect room=Some(2) kind=Wall mean=0.138774 peak=0.225469 shoulder_fraction=0.000000
[transport-audit] stage=indirect room=Some(3) kind=Ceiling mean=0.379923 peak=0.435240 shoulder_fraction=0.000000
[transport-audit] stage=indirect room=Some(3) kind=Floor mean=0.343740 peak=0.391703 shoulder_fraction=0.000000
[transport-audit] stage=indirect room=Some(3) kind=Skirt mean=0.250268 peak=0.338189 shoulder_fraction=0.000000
[transport-audit] stage=indirect room=Some(3) kind=Wall mean=0.232511 peak=0.416442 shoulder_fraction=0.000000
[transport-audit] stage=indirect room=Some(4) kind=Floor mean=0.135639 peak=0.241225 shoulder_fraction=0.000000
[transport-audit] stage=indirect room=Some(4) kind=Wall mean=0.227788 peak=0.412517 shoulder_fraction=0.000000
[transport-audit] stage=filtered room=None kind=Prop mean=0.118327 peak=0.705743 shoulder_fraction=0.000000
[transport-audit] stage=filtered room=None kind=Wall mean=0.204452 peak=0.607515 shoulder_fraction=0.000000
[transport-audit] stage=filtered room=Some(0) kind=Ceiling mean=0.246160 peak=0.455425 shoulder_fraction=0.000000
[transport-audit] stage=filtered room=Some(0) kind=Floor mean=0.360961 peak=0.605474 shoulder_fraction=0.000000
[transport-audit] stage=filtered room=Some(0) kind=Wall mean=0.247617 peak=0.577188 shoulder_fraction=0.000000
[transport-audit] stage=filtered room=Some(1) kind=Ceiling mean=0.154965 peak=0.291270 shoulder_fraction=0.000000
[transport-audit] stage=filtered room=Some(1) kind=Floor mean=0.242500 peak=0.467461 shoulder_fraction=0.000000
[transport-audit] stage=filtered room=Some(1) kind=Wall mean=0.167006 peak=0.467558 shoulder_fraction=0.000000
[transport-audit] stage=filtered room=Some(2) kind=Floor mean=0.196938 peak=0.330117 shoulder_fraction=0.000000
[transport-audit] stage=filtered room=Some(2) kind=Wall mean=0.205003 peak=0.412769 shoulder_fraction=0.000000
[transport-audit] stage=filtered room=Some(3) kind=Ceiling mean=0.554816 peak=0.792533 shoulder_fraction=0.000000
[transport-audit] stage=filtered room=Some(3) kind=Floor mean=0.587798 peak=0.798226 shoulder_fraction=0.000000
[transport-audit] stage=filtered room=Some(3) kind=Skirt mean=0.323308 peak=0.484113 shoulder_fraction=0.000000
[transport-audit] stage=filtered room=Some(3) kind=Wall mean=0.336619 peak=0.672597 shoulder_fraction=0.000000
[transport-audit] stage=filtered room=Some(4) kind=Floor mean=0.417297 peak=0.538034 shoulder_fraction=0.000000
[transport-audit] stage=filtered room=Some(4) kind=Wall mean=0.390321 peak=0.613511 shoulder_fraction=0.000000
[transport-audit] stage=filled room=None kind=Prop mean=0.118327 peak=0.705743 shoulder_fraction=0.000000
[transport-audit] stage=filled room=None kind=Wall mean=0.204813 peak=0.608164 shoulder_fraction=0.000000
[transport-audit] stage=filled room=Some(0) kind=Ceiling mean=0.343906 peak=0.504409 shoulder_fraction=0.000000
[transport-audit] stage=filled room=Some(0) kind=Floor mean=0.411326 peak=0.683021 shoulder_fraction=0.000000
[transport-audit] stage=filled room=Some(0) kind=Wall mean=0.259144 peak=0.617087 shoulder_fraction=0.000000
[transport-audit] stage=filled room=Some(1) kind=Ceiling mean=0.246178 peak=0.455494 shoulder_fraction=0.000000
[transport-audit] stage=filled room=Some(1) kind=Floor mean=0.295270 peak=0.568499 shoulder_fraction=0.000000
[transport-audit] stage=filled room=Some(1) kind=Wall mean=0.202389 peak=0.569365 shoulder_fraction=0.000000
[transport-audit] stage=filled room=Some(2) kind=Floor mean=0.197299 peak=0.337629 shoulder_fraction=0.000000
[transport-audit] stage=filled room=Some(2) kind=Wall mean=0.205883 peak=0.412843 shoulder_fraction=0.000000
[transport-audit] stage=filled room=Some(3) kind=Ceiling mean=0.589299 peak=0.824637 shoulder_fraction=0.000000
[transport-audit] stage=filled room=Some(3) kind=Floor mean=0.611769 peak=0.829425 shoulder_fraction=0.000000
[transport-audit] stage=filled room=Some(3) kind=Skirt mean=0.382494 peak=0.529312 shoulder_fraction=0.000000
[transport-audit] stage=filled room=Some(3) kind=Wall mean=0.338825 peak=0.675478 shoulder_fraction=0.000000
[transport-audit] stage=filled room=Some(4) kind=Floor mean=0.493399 peak=0.623152 shoulder_fraction=0.000000
[transport-audit] stage=filled room=Some(4) kind=Wall mean=0.435811 peak=0.614198 shoulder_fraction=0.000000
[transport-timing] base=true taps=3 bounces=2 receivers_ms=120.875 direct_visibility_ms=1517.313 indirect_ms=6530.268 probes_ms=10.814 filter_ms=1722.404 fill_ms=121.918
[lightmap-work] triangles=5748 texels=283646 direct_rays=42070422 bounce_rays=36306688 cache_cells=1263
[lightmap-timing] atlas_assembly_ms=6.132
[lightmaps] irradiance field probes=715 valid=245
[compiler-timing] phase=prepare_encode_full millis=10187.126
[compiler-progress] capturing full
[lightmaps] atlas array: 2 page(s) in 4 layer(s), 1024-texel edge, 33554432 bytes resident
[wgpu] world upload: 692 vertices, 1062 indices, 29 draws in 1 chunk(s) (neutral mesh: 692 vertices, 1062 indices, 29 ranges)
[wgpu] textures: 15 unique, 0 uploaded, 23 cache hits, 3 fallbacks, 0 missing of 29 draws (81089860 bytes resident, max edge 1024px, high filtering)
[wgpu] materials: 16 resolved (11 response, 1 reflection-eligible), 2 normal maps (0 uploaded, 2 cache hits), 24 opaque / 1 cutout / 4 translucent of 29 draws (enabled response, high level)
[wgpu] decals: 0 draw(s), 0 chunk(s), 1 sheet(s) (0 external, 0 diagnostic)
[wgpu] reflection probes: 1 probe(s), 6 face(s), face edge 64px
[wgpu] reflection probes: 1 probe(s), 6 face(s), face edge 48px
[compiler-timing] phase=capture_full millis=102.989
[compiler-timing] phase=record_hashes_manifest millis=196.621
[compiler-timing] phase=archive_compress_publish millis=162.059
{
  "source": "docs/art-style/stage3/hero-controls.json",
  "out": "debug-maps/art-style-hero/evidence/stage3-controls-solve/art_style_hero.placesmap",
  "rebuilt": true,
  "reuse_reason": "",
  "variants": [
    "off",
    "medium",
    "full"
  ],
  "bytes": 6624765,
  "millis": 13766.106,
  "warnings": [],
  "fingerprint": "3621d99e946f30d786241b72d7654b49ef01c44ce97c6e8899cb4f651ab0113b",
  "variant_stats": [
    {
      "lightmap_quality": "off",
      "mesh_ranges": 29,
      "mesh_vertices": 822,
      "prop_batches": 19,
      "lightmap_pages": 0,
      "lightmap_charts": 0,
      "irradiance_probes": 0,
      "probe_points": 1,
      "wall_boxes": 64,
      "navigation_cells": 4402,
      "navigation_regions": 5
    },
    {
      "lightmap_quality": "medium",
      "mesh_ranges": 29,
      "mesh_vertices": 692,
      "prop_batches": 19,
      "lightmap_pages": 2,
      "lightmap_charts": 5622,
      "irradiance_probes": 715,
      "probe_points": 1,
      "wall_boxes": 64,
      "navigation_cells": 4402,
      "navigation_regions": 5
    },
    {
      "lightmap_quality": "full",
      "mesh_ranges": 29,
      "mesh_vertices": 692,
      "prop_batches": 19,
      "lightmap_pages": 2,
      "lightmap_charts": 5622,
      "irradiance_probes": 715,
      "probe_points": 1,
      "wall_boxes": 64,
      "navigation_cells": 4402,
      "navigation_regions": 5
    }
  ],
  "phases": [
    {
      "phase": "load_validate_prepare_dependencies",
      "millis": 56.529458999999996
    },
    {
      "phase": "fingerprints",
      "millis": 0.230416
    },
    {
      "phase": "current_package_integrity",
      "millis": 0.000125
    },
    {
      "phase": "semantics",
      "millis": 0.075708
    },
    {
      "phase": "navigation_collision_inputs",
      "millis": 1.1362500000000002
    },
    {
      "phase": "prepared_package_integrity",
      "millis": 0.000041
    },
    {
      "phase": "capture_device_materials",
      "millis": 70.843541
    },
    {
      "phase": "prepare_encode_off",
      "millis": 31.340791
    },
    {
      "phase": "capture_off",
      "millis": 176.12662500000002
    },
    {
      "phase": "prepare_encode_medium",
      "millis": 2675.745833
    },
    {
      "phase": "capture_medium",
      "millis": 101.824625
    },
    {
      "phase": "prepare_encode_full",
      "millis": 10187.125875
    },
    {
      "phase": "capture_full",
      "millis": 102.989291
    },
    {
      "phase": "record_hashes_manifest",
      "millis": 196.621458
    },
    {
      "phase": "archive_compress_publish",
      "millis": 162.05904199999998
    }
  ]
}
