[compiler-timing] phase=load_validate_prepare_dependencies millis=51.900
[compiler-timing] phase=fingerprints millis=0.204
[compiler-timing] phase=current_package_integrity millis=0.000
[compiler-timing] phase=semantics millis=0.072
[compiler-timing] phase=navigation_collision_inputs millis=0.978
[compiler-timing] phase=prepared_package_integrity millis=0.000
[compiler-timing] phase=capture_device_materials millis=71.982
[compiler-progress] preparing off
[compile-timing] quality=off legacy_lighting_ms=5.769 prop_geometry_and_charts_ms=18.497 architecture_and_charts_ms=1.213
[compiler-timing] phase=prepare_encode_off millis=49.048
[compiler-progress] capturing off
[renderer] wgpu | adapter: Apple M2 Pro | backend: Metal | device type: IntegratedGpu | surface format: Rgba8UnormSrgb | present mode: Fifo | alpha mode: Opaque | depth format: Depth32Float | drawable: 1280x720
[wgpu] texture filtering: world presets low 4x / medium 8x / high 16x requested | anisotropy supported
[wgpu] world upload: 855 vertices, 1782 indices, 29 draws in 1 chunk(s) (neutral mesh: 855 vertices, 1782 indices, 29 ranges)
[wgpu] textures: 15 unique, 14 uploaded, 9 cache hits, 3 fallbacks, 0 missing of 29 draws (81089860 bytes resident, max edge 1024px, high filtering)
[wgpu] materials: 16 resolved (11 response, 1 reflection-eligible), 2 normal maps (2 uploaded, 0 cache hits), 24 opaque / 1 cutout / 4 translucent of 29 draws (enabled response, high level)
[wgpu] world pipeline for surface format Rgba8UnormSrgb
[wgpu] decals: 0 draw(s), 0 chunk(s), 1 sheet(s) (0 external, 0 diagnostic)
[wgpu] sky `outdoor:tex_sky_stars_01`: 1024x512 uploaded
[wgpu] reflection probes: 1 probe(s), 6 face(s), face edge 64px
[wgpu] reflection probes: 1 probe(s), 6 face(s), face edge 48px
[compiler-timing] phase=capture_off millis=177.167
[compiler-progress] preparing medium
[lightmaps] transport scene triangles=5766 (0 skipped) emitters=6 (0 switchable)
[lightmap-timing] transport_scene_and_targets_ms=7.950
[compile-timing] quality=medium legacy_lighting_ms=0.638 prop_geometry_and_charts_ms=7.802 architecture_and_charts_ms=0.815
[lightmaps] transport workers=12 charts=5631 bounces=1 taps=2
[transport-audit] stage=direct room=None kind=Prop mean=0.028033 peak=0.372074 shoulder_fraction=0.000000
[transport-audit] stage=direct room=None kind=Wall mean=0.057548 peak=0.275095 shoulder_fraction=0.000000
[transport-audit] stage=direct room=Some(0) kind=Ceiling mean=0.007352 peak=0.255566 shoulder_fraction=0.000000
[transport-audit] stage=direct room=Some(0) kind=Floor mean=0.203620 peak=0.421292 shoulder_fraction=0.000000
[transport-audit] stage=direct room=Some(0) kind=Wall mean=0.082058 peak=0.304982 shoulder_fraction=0.000000
[transport-audit] stage=direct room=Some(1) kind=Ceiling mean=0.001283 peak=0.054158 shoulder_fraction=0.000000
[transport-audit] stage=direct room=Some(1) kind=Floor mean=0.124481 peak=0.295583 shoulder_fraction=0.000000
[transport-audit] stage=direct room=Some(1) kind=Wall mean=0.048928 peak=0.233932 shoulder_fraction=0.000000
[transport-audit] stage=direct room=Some(2) kind=Floor mean=0.089223 peak=0.198774 shoulder_fraction=0.000000
[transport-audit] stage=direct room=Some(2) kind=Wall mean=0.070617 peak=0.197482 shoulder_fraction=0.000000
[transport-audit] stage=direct room=Some(3) kind=Ceiling mean=0.173292 peak=0.364269 shoulder_fraction=0.000000
[transport-audit] stage=direct room=Some(3) kind=Floor mean=0.253716 peak=0.418501 shoulder_fraction=0.000000
[transport-audit] stage=direct room=Some(3) kind=Skirt mean=0.074139 peak=0.220886 shoulder_fraction=0.000000
[transport-audit] stage=direct room=Some(3) kind=Wall mean=0.104335 peak=0.271359 shoulder_fraction=0.000000
[transport-audit] stage=direct room=Some(4) kind=Floor mean=0.282362 peak=0.400371 shoulder_fraction=0.000000
[transport-audit] stage=direct room=Some(4) kind=Wall mean=0.168049 peak=0.372284 shoulder_fraction=0.000000
[transport-progress] diffuse_order=1/1 receivers=177433 samples=32 workers=12
[transport-gather] {"active_energy_layers":1,"all_active_layers_zero_radiance_hits":644943,"backface_hits":445132,"cache_empty":53231,"cache_nearest_fallback":12132,"diffuse_order":1,"escaping_paths":1365645,"geometric_samples":5677856,"horizon_rejections":0,"logical_samples":5677856,"meaning":"Aggregate geometric paths; logical samples count independent energy layers. Cache-empty is absent visible support, while zero radiance can be valid darkness. Dump-enabled counts include instrumentation cost.","opaque_or_mask_hits":4312211,"traced_paths":5677856}
[transport-audit] stage=bounced room=None kind=Prop mean=0.076560 peak=0.549590 shoulder_fraction=0.000000
[transport-audit] stage=bounced room=None kind=Wall mean=0.182818 peak=0.446115 shoulder_fraction=0.000000
[transport-audit] stage=bounced room=Some(0) kind=Ceiling mean=0.125829 peak=0.323773 shoulder_fraction=0.000000
[transport-audit] stage=bounced room=Some(0) kind=Floor mean=0.251228 peak=0.477735 shoulder_fraction=0.000000
[transport-audit] stage=bounced room=Some(0) kind=Wall mean=0.171598 peak=0.388192 shoulder_fraction=0.000000
[transport-audit] stage=bounced room=Some(1) kind=Ceiling mean=0.073176 peak=0.182093 shoulder_fraction=0.000000
[transport-audit] stage=bounced room=Some(1) kind=Floor mean=0.154099 peak=0.328194 shoulder_fraction=0.000000
[transport-audit] stage=bounced room=Some(1) kind=Wall mean=0.110482 peak=0.308397 shoulder_fraction=0.000000
[transport-audit] stage=bounced room=Some(2) kind=Floor mean=0.189256 peak=0.318363 shoulder_fraction=0.000000
[transport-audit] stage=bounced room=Some(2) kind=Wall mean=0.154865 peak=0.285817 shoulder_fraction=0.000000
[transport-audit] stage=bounced room=Some(3) kind=Ceiling mean=0.351119 peak=0.565312 shoulder_fraction=0.000000
[transport-audit] stage=bounced room=Some(3) kind=Floor mean=0.407104 peak=0.596774 shoulder_fraction=0.000000
[transport-audit] stage=bounced room=Some(3) kind=Skirt mean=0.177937 peak=0.323004 shoulder_fraction=0.000000
[transport-audit] stage=bounced room=Some(3) kind=Wall mean=0.230160 peak=0.452809 shoulder_fraction=0.000000
[transport-audit] stage=bounced room=Some(4) kind=Floor mean=0.400064 peak=0.541367 shoulder_fraction=0.000000
[transport-audit] stage=bounced room=Some(4) kind=Wall mean=0.310703 peak=0.503447 shoulder_fraction=0.000000
[transport-audit] stage=indirect room=None kind=Prop mean=0.048527 peak=0.239479 shoulder_fraction=0.000000
[transport-audit] stage=indirect room=None kind=Wall mean=0.125271 peak=0.186418 shoulder_fraction=0.000000
[transport-audit] stage=indirect room=Some(0) kind=Ceiling mean=0.118476 peak=0.216515 shoulder_fraction=0.000000
[transport-audit] stage=indirect room=Some(0) kind=Floor mean=0.047608 peak=0.130644 shoulder_fraction=0.000000
[transport-audit] stage=indirect room=Some(0) kind=Wall mean=0.089543 peak=0.155979 shoulder_fraction=0.000000
[transport-audit] stage=indirect room=Some(1) kind=Ceiling mean=0.071893 peak=0.168592 shoulder_fraction=0.000000
[transport-audit] stage=indirect room=Some(1) kind=Floor mean=0.029617 peak=0.079671 shoulder_fraction=0.000000
[transport-audit] stage=indirect room=Some(1) kind=Wall mean=0.061556 peak=0.136094 shoulder_fraction=0.000000
[transport-audit] stage=indirect room=Some(2) kind=Floor mean=0.100021 peak=0.123355 shoulder_fraction=0.000000
[transport-audit] stage=indirect room=Some(2) kind=Wall mean=0.084248 peak=0.121911 shoulder_fraction=0.000000
[transport-audit] stage=indirect room=Some(3) kind=Ceiling mean=0.177827 peak=0.216227 shoulder_fraction=0.000000
[transport-audit] stage=indirect room=Some(3) kind=Floor mean=0.153387 peak=0.195680 shoulder_fraction=0.000000
[transport-audit] stage=indirect room=Some(3) kind=Skirt mean=0.103798 peak=0.142298 shoulder_fraction=0.000000
[transport-audit] stage=indirect room=Some(3) kind=Wall mean=0.125832 peak=0.217100 shoulder_fraction=0.000000
[transport-audit] stage=indirect room=Some(4) kind=Floor mean=0.117701 peak=0.159128 shoulder_fraction=0.000000
[transport-audit] stage=indirect room=Some(4) kind=Wall mean=0.142652 peak=0.267833 shoulder_fraction=0.000000
[transport-audit] stage=filtered room=None kind=Prop mean=0.076481 peak=0.549590 shoulder_fraction=0.000000
[transport-audit] stage=filtered room=None kind=Wall mean=0.182908 peak=0.442442 shoulder_fraction=0.000000
[transport-audit] stage=filtered room=Some(0) kind=Ceiling mean=0.125825 peak=0.321605 shoulder_fraction=0.000000
[transport-audit] stage=filtered room=Some(0) kind=Floor mean=0.251148 peak=0.476519 shoulder_fraction=0.000000
[transport-audit] stage=filtered room=Some(0) kind=Wall mean=0.171639 peak=0.388575 shoulder_fraction=0.000000
[transport-audit] stage=filtered room=Some(1) kind=Ceiling mean=0.073144 peak=0.183261 shoulder_fraction=0.000000
[transport-audit] stage=filtered room=Some(1) kind=Floor mean=0.154123 peak=0.327726 shoulder_fraction=0.000000
[transport-audit] stage=filtered room=Some(1) kind=Wall mean=0.110500 peak=0.308245 shoulder_fraction=0.000000
[transport-audit] stage=filtered room=Some(2) kind=Floor mean=0.189515 peak=0.317595 shoulder_fraction=0.000000
[transport-audit] stage=filtered room=Some(2) kind=Wall mean=0.154892 peak=0.280904 shoulder_fraction=0.000000
[transport-audit] stage=filtered room=Some(3) kind=Ceiling mean=0.351108 peak=0.565452 shoulder_fraction=0.000000
[transport-audit] stage=filtered room=Some(3) kind=Floor mean=0.407126 peak=0.593186 shoulder_fraction=0.000000
[transport-audit] stage=filtered room=Some(3) kind=Skirt mean=0.177997 peak=0.323487 shoulder_fraction=0.000000
[transport-audit] stage=filtered room=Some(3) kind=Wall mean=0.230202 peak=0.450515 shoulder_fraction=0.000000
[transport-audit] stage=filtered room=Some(4) kind=Floor mean=0.402128 peak=0.533534 shoulder_fraction=0.000000
[transport-audit] stage=filtered room=Some(4) kind=Wall mean=0.310943 peak=0.500303 shoulder_fraction=0.000000
[transport-audit] stage=filled room=None kind=Prop mean=0.076481 peak=0.549590 shoulder_fraction=0.000000
[transport-audit] stage=filled room=None kind=Wall mean=0.185913 peak=0.461911 shoulder_fraction=0.000000
[transport-audit] stage=filled room=Some(0) kind=Ceiling mean=0.267284 peak=0.412524 shoulder_fraction=0.000000
[transport-audit] stage=filled room=Some(0) kind=Floor mean=0.332378 peak=0.571561 shoulder_fraction=0.000000
[transport-audit] stage=filled room=Some(0) kind=Wall mean=0.197584 peak=0.480980 shoulder_fraction=0.000000
[transport-audit] stage=filled room=Some(1) kind=Ceiling mean=0.195114 peak=0.395773 shoulder_fraction=0.000000
[transport-audit] stage=filled room=Some(1) kind=Floor mean=0.235522 peak=0.479944 shoulder_fraction=0.000000
[transport-audit] stage=filled room=Some(1) kind=Wall mean=0.160932 peak=0.460208 shoulder_fraction=0.000000
[transport-audit] stage=filled room=Some(2) kind=Floor mean=0.190119 peak=0.326784 shoulder_fraction=0.000000
[transport-audit] stage=filled room=Some(2) kind=Wall mean=0.157077 peak=0.291866 shoulder_fraction=0.000000
[transport-audit] stage=filled room=Some(3) kind=Ceiling mean=0.436017 peak=0.645750 shoulder_fraction=0.000000
[transport-audit] stage=filled room=Some(3) kind=Floor mean=0.468527 peak=0.662709 shoulder_fraction=0.000000
[transport-audit] stage=filled room=Some(3) kind=Skirt mean=0.275288 peak=0.416067 shoulder_fraction=0.000000
[transport-audit] stage=filled room=Some(3) kind=Wall mean=0.247133 peak=0.483010 shoulder_fraction=0.000000
[transport-audit] stage=filled room=Some(4) kind=Floor mean=0.482413 peak=0.623056 shoulder_fraction=0.000000
[transport-audit] stage=filled room=Some(4) kind=Wall mean=0.376200 peak=0.557577 shoulder_fraction=0.000000
[transport-timing] base=true taps=2 bounces=1 receivers_ms=89.259 direct_visibility_ms=370.477 indirect_ms=1311.837 probes_ms=9.219 filter_ms=879.471 fill_ms=83.969
[lightmap-work] triangles=5766 texels=177433 direct_rays=9173939 bounce_rays=5677856 cache_cells=1263
[lightmap-timing] atlas_assembly_ms=5.025
[lightmaps] irradiance field probes=715 valid=245
[compiler-timing] phase=prepare_encode_medium millis=2922.214
[compiler-progress] capturing medium
[lightmaps] atlas array: 2 page(s) in 4 layer(s), 1024-texel edge, 33554432 bytes resident
[wgpu] world upload: 728 vertices, 1116 indices, 29 draws in 1 chunk(s) (neutral mesh: 728 vertices, 1116 indices, 29 ranges)
[wgpu] textures: 15 unique, 0 uploaded, 23 cache hits, 3 fallbacks, 0 missing of 29 draws (81089860 bytes resident, max edge 1024px, high filtering)
[wgpu] materials: 16 resolved (11 response, 1 reflection-eligible), 2 normal maps (0 uploaded, 2 cache hits), 24 opaque / 1 cutout / 4 translucent of 29 draws (enabled response, high level)
[wgpu] decals: 0 draw(s), 0 chunk(s), 1 sheet(s) (0 external, 0 diagnostic)
[wgpu] reflection probes: 1 probe(s), 6 face(s), face edge 64px
[wgpu] reflection probes: 1 probe(s), 6 face(s), face edge 48px
[compiler-timing] phase=capture_medium millis=106.152
[compiler-progress] preparing full
[lightmaps] transport scene triangles=5766 (0 skipped) emitters=6 (0 switchable)
[lightmap-timing] transport_scene_and_targets_ms=9.191
[compile-timing] quality=full legacy_lighting_ms=0.813 prop_geometry_and_charts_ms=7.912 architecture_and_charts_ms=0.745
[lightmaps] transport workers=12 charts=5631 bounces=2 taps=3
[transport-audit] stage=direct room=None kind=Prop mean=0.028044 peak=0.375456 shoulder_fraction=0.000000
[transport-audit] stage=direct room=None kind=Wall mean=0.057934 peak=0.275905 shoulder_fraction=0.000000
[transport-audit] stage=direct room=Some(0) kind=Ceiling mean=0.007375 peak=0.255519 shoulder_fraction=0.000000
[transport-audit] stage=direct room=Some(0) kind=Floor mean=0.204724 peak=0.424715 shoulder_fraction=0.000000
[transport-audit] stage=direct room=Some(0) kind=Wall mean=0.082440 peak=0.305782 shoulder_fraction=0.000000
[transport-audit] stage=direct room=Some(1) kind=Ceiling mean=0.001305 peak=0.022654 shoulder_fraction=0.000000
[transport-audit] stage=direct room=Some(1) kind=Floor mean=0.125998 peak=0.296175 shoulder_fraction=0.000000
[transport-audit] stage=direct room=Some(1) kind=Wall mean=0.049903 peak=0.240579 shoulder_fraction=0.000000
[transport-audit] stage=direct room=Some(2) kind=Floor mean=0.089116 peak=0.198899 shoulder_fraction=0.000000
[transport-audit] stage=direct room=Some(2) kind=Wall mean=0.070846 peak=0.198565 shoulder_fraction=0.000000
[transport-audit] stage=direct room=Some(3) kind=Ceiling mean=0.174913 peak=0.382421 shoulder_fraction=0.000000
[transport-audit] stage=direct room=Some(3) kind=Floor mean=0.255922 peak=0.419737 shoulder_fraction=0.000000
[transport-audit] stage=direct room=Some(3) kind=Skirt mean=0.075131 peak=0.224135 shoulder_fraction=0.000000
[transport-audit] stage=direct room=Some(3) kind=Wall mean=0.104928 peak=0.271905 shoulder_fraction=0.000000
[transport-audit] stage=direct room=Some(4) kind=Floor mean=0.284273 peak=0.404648 shoulder_fraction=0.000000
[transport-audit] stage=direct room=Some(4) kind=Wall mean=0.168719 peak=0.374331 shoulder_fraction=0.000000
[transport-progress] diffuse_order=1/2 receivers=287480 samples=64 workers=12
[transport-gather] {"active_energy_layers":1,"all_active_layers_zero_radiance_hits":1958221,"backface_hits":1211203,"cache_empty":118775,"cache_nearest_fallback":33176,"diffuse_order":1,"escaping_paths":4546558,"geometric_samples":18398720,"horizon_rejections":0,"logical_samples":18398720,"meaning":"Aggregate geometric paths; logical samples count independent energy layers. Cache-empty is absent visible support, while zero radiance can be valid darkness. Dump-enabled counts include instrumentation cost.","opaque_or_mask_hits":13852162,"traced_paths":18398720}
[transport-progress] diffuse_order=2/2 receivers=287480 samples=64 workers=12
[transport-gather] {"active_energy_layers":1,"all_active_layers_zero_radiance_hits":263851,"backface_hits":1202518,"cache_empty":119296,"cache_nearest_fallback":32828,"diffuse_order":2,"escaping_paths":4576674,"geometric_samples":18398720,"horizon_rejections":0,"logical_samples":18398720,"meaning":"Aggregate geometric paths; logical samples count independent energy layers. Cache-empty is absent visible support, while zero radiance can be valid darkness. Dump-enabled counts include instrumentation cost.","opaque_or_mask_hits":13822046,"traced_paths":18398720}
[transport-audit] stage=bounced room=None kind=Prop mean=0.091072 peak=0.618315 shoulder_fraction=0.000000
[transport-audit] stage=bounced room=None kind=Wall mean=0.190714 peak=0.520810 shoulder_fraction=0.000000
[transport-audit] stage=bounced room=Some(0) kind=Ceiling mean=0.159919 peak=0.364929 shoulder_fraction=0.000000
[transport-audit] stage=bounced room=Some(0) kind=Floor mean=0.309404 peak=0.540518 shoulder_fraction=0.000000
[transport-audit] stage=bounced room=Some(0) kind=Wall mean=0.200601 peak=0.480960 shoulder_fraction=0.000000
[transport-audit] stage=bounced room=Some(1) kind=Ceiling mean=0.098324 peak=0.204709 shoulder_fraction=0.000000
[transport-audit] stage=bounced room=Some(1) kind=Floor mean=0.195918 peak=0.405612 shoulder_fraction=0.000000
[transport-audit] stage=bounced room=Some(1) kind=Wall mean=0.135948 peak=0.390915 shoulder_fraction=0.000000
[transport-audit] stage=bounced room=Some(2) kind=Floor mean=0.191322 peak=0.318972 shoulder_fraction=0.000000
[transport-audit] stage=bounced room=Some(2) kind=Wall mean=0.165642 peak=0.341928 shoulder_fraction=0.000000
[transport-audit] stage=bounced room=Some(3) kind=Ceiling mean=0.448212 peak=0.678768 shoulder_fraction=0.000000
[transport-audit] stage=bounced room=Some(3) kind=Floor mean=0.512525 peak=0.709354 shoulder_fraction=0.000000
[transport-audit] stage=bounced room=Some(3) kind=Skirt mean=0.227700 peak=0.403443 shoulder_fraction=0.000000
[transport-audit] stage=bounced room=Some(3) kind=Wall mean=0.283331 peak=0.566674 shoulder_fraction=0.000000
[transport-audit] stage=bounced room=Some(4) kind=Floor mean=0.415445 peak=0.564906 shoulder_fraction=0.000000
[transport-audit] stage=bounced room=Some(4) kind=Wall mean=0.354563 peak=0.589028 shoulder_fraction=0.000000
[transport-audit] stage=indirect room=None kind=Prop mean=0.063027 peak=0.353647 shoulder_fraction=0.000000
[transport-audit] stage=indirect room=None kind=Wall mean=0.132780 peak=0.261885 shoulder_fraction=0.000000
[transport-audit] stage=indirect room=Some(0) kind=Ceiling mean=0.152544 peak=0.251122 shoulder_fraction=0.000000
[transport-audit] stage=indirect room=Some(0) kind=Floor mean=0.104681 peak=0.194371 shoulder_fraction=0.000000
[transport-audit] stage=indirect room=Some(0) kind=Wall mean=0.118166 peak=0.206897 shoulder_fraction=0.000000
[transport-audit] stage=indirect room=Some(1) kind=Ceiling mean=0.097019 peak=0.201598 shoulder_fraction=0.000000
[transport-audit] stage=indirect room=Some(1) kind=Floor mean=0.069921 peak=0.137030 shoulder_fraction=0.000000
[transport-audit] stage=indirect room=Some(1) kind=Wall mean=0.086045 peak=0.179514 shoulder_fraction=0.000000
[transport-audit] stage=indirect room=Some(2) kind=Floor mean=0.102215 peak=0.126159 shoulder_fraction=0.000000
[transport-audit] stage=indirect room=Some(2) kind=Wall mean=0.094795 peak=0.165542 shoulder_fraction=0.000000
[transport-audit] stage=indirect room=Some(3) kind=Ceiling mean=0.273302 peak=0.313999 shoulder_fraction=0.000000
[transport-audit] stage=indirect room=Some(3) kind=Floor mean=0.256604 peak=0.295001 shoulder_fraction=0.000000
[transport-audit] stage=indirect room=Some(3) kind=Skirt mean=0.152569 peak=0.201587 shoulder_fraction=0.000000
[transport-audit] stage=indirect room=Some(3) kind=Wall mean=0.178440 peak=0.306446 shoulder_fraction=0.000000
[transport-audit] stage=indirect room=Some(4) kind=Floor mean=0.131171 peak=0.193768 shoulder_fraction=0.000000
[transport-audit] stage=indirect room=Some(4) kind=Wall mean=0.185843 peak=0.361380 shoulder_fraction=0.000000
[transport-audit] stage=filtered room=None kind=Prop mean=0.090872 peak=0.618315 shoulder_fraction=0.000000
[transport-audit] stage=filtered room=None kind=Wall mean=0.190736 peak=0.519266 shoulder_fraction=0.000000
[transport-audit] stage=filtered room=Some(0) kind=Ceiling mean=0.159918 peak=0.363356 shoulder_fraction=0.000000
[transport-audit] stage=filtered room=Some(0) kind=Floor mean=0.309333 peak=0.538288 shoulder_fraction=0.000000
[transport-audit] stage=filtered room=Some(0) kind=Wall mean=0.200628 peak=0.480163 shoulder_fraction=0.000000
[transport-audit] stage=filtered room=Some(1) kind=Ceiling mean=0.098317 peak=0.202363 shoulder_fraction=0.000000
[transport-audit] stage=filtered room=Some(1) kind=Floor mean=0.195926 peak=0.404981 shoulder_fraction=0.000000
[transport-audit] stage=filtered room=Some(1) kind=Wall mean=0.135959 peak=0.389438 shoulder_fraction=0.000000
[transport-audit] stage=filtered room=Some(2) kind=Floor mean=0.191553 peak=0.318155 shoulder_fraction=0.000000
[transport-audit] stage=filtered room=Some(2) kind=Wall mean=0.165665 peak=0.338693 shoulder_fraction=0.000000
[transport-audit] stage=filtered room=Some(3) kind=Ceiling mean=0.448201 peak=0.673981 shoulder_fraction=0.000000
[transport-audit] stage=filtered room=Some(3) kind=Floor mean=0.512549 peak=0.704308 shoulder_fraction=0.000000
[transport-audit] stage=filtered room=Some(3) kind=Skirt mean=0.227636 peak=0.397582 shoulder_fraction=0.000000
[transport-audit] stage=filtered room=Some(3) kind=Wall mean=0.283344 peak=0.565763 shoulder_fraction=0.000000
[transport-audit] stage=filtered room=Some(4) kind=Floor mean=0.417627 peak=0.562268 shoulder_fraction=0.000000
[transport-audit] stage=filtered room=Some(4) kind=Wall mean=0.354821 peak=0.579615 shoulder_fraction=0.000000
[transport-audit] stage=filled room=None kind=Prop mean=0.090872 peak=0.618315 shoulder_fraction=0.000000
[transport-audit] stage=filled room=None kind=Wall mean=0.192197 peak=0.525665 shoulder_fraction=0.000000
[transport-audit] stage=filled room=Some(0) kind=Ceiling mean=0.288406 peak=0.437134 shoulder_fraction=0.000000
[transport-audit] stage=filled room=Some(0) kind=Floor mean=0.373244 peak=0.633675 shoulder_fraction=0.000000
[transport-audit] stage=filled room=Some(0) kind=Wall mean=0.219488 peak=0.518386 shoulder_fraction=0.000000
[transport-audit] stage=filled room=Some(1) kind=Ceiling mean=0.211062 peak=0.401509 shoulder_fraction=0.000000
[transport-audit] stage=filled room=Some(1) kind=Floor mean=0.262716 peak=0.517754 shoulder_fraction=0.000000
[transport-audit] stage=filled room=Some(1) kind=Wall mean=0.179721 peak=0.516633 shoulder_fraction=0.000000
[transport-audit] stage=filled room=Some(2) kind=Floor mean=0.192065 peak=0.327280 shoulder_fraction=0.000000
[transport-audit] stage=filled room=Some(2) kind=Wall mean=0.166787 peak=0.342272 shoulder_fraction=0.000000
[transport-audit] stage=filled room=Some(3) kind=Ceiling mean=0.506305 peak=0.728572 shoulder_fraction=0.000000
[transport-audit] stage=filled room=Some(3) kind=Floor mean=0.549919 peak=0.752603 shoulder_fraction=0.000000
[transport-audit] stage=filled room=Some(3) kind=Skirt mean=0.309535 peak=0.467307 shoulder_fraction=0.000000
[transport-audit] stage=filled room=Some(3) kind=Wall mean=0.290920 peak=0.578875 shoulder_fraction=0.000000
[transport-audit] stage=filled room=Some(4) kind=Floor mean=0.493496 peak=0.640727 shoulder_fraction=0.000000
[transport-audit] stage=filled room=Some(4) kind=Wall mean=0.409840 peak=0.596965 shoulder_fraction=0.000000
[transport-timing] base=true taps=3 bounces=2 receivers_ms=128.056 direct_visibility_ms=1634.150 indirect_ms=7687.566 probes_ms=11.208 filter_ms=1798.761 fill_ms=123.880
[lightmap-work] triangles=5766 texels=287480 direct_rays=44445136 bounce_rays=36797440 cache_cells=1263
[lightmap-timing] atlas_assembly_ms=6.021
[lightmaps] irradiance field probes=715 valid=245
[compiler-timing] phase=prepare_encode_full millis=11564.579
[compiler-progress] capturing full
[lightmaps] atlas array: 2 page(s) in 4 layer(s), 1024-texel edge, 33554432 bytes resident
[wgpu] world upload: 728 vertices, 1116 indices, 29 draws in 1 chunk(s) (neutral mesh: 728 vertices, 1116 indices, 29 ranges)
[wgpu] textures: 15 unique, 0 uploaded, 23 cache hits, 3 fallbacks, 0 missing of 29 draws (81089860 bytes resident, max edge 1024px, high filtering)
[wgpu] materials: 16 resolved (11 response, 1 reflection-eligible), 2 normal maps (0 uploaded, 2 cache hits), 24 opaque / 1 cutout / 4 translucent of 29 draws (enabled response, high level)
[wgpu] decals: 0 draw(s), 0 chunk(s), 1 sheet(s) (0 external, 0 diagnostic)
[wgpu] reflection probes: 1 probe(s), 6 face(s), face edge 64px
[wgpu] reflection probes: 1 probe(s), 6 face(s), face edge 48px
[compiler-timing] phase=capture_full millis=104.564
[compiler-timing] phase=record_hashes_manifest millis=201.036
[compiler-timing] phase=archive_compress_publish millis=169.590
{
  "source": "docs/art-style/stage3/hero-controls.json",
  "out": "/Users/connordawkins/Documents/GitHub/Places/debug-maps/art-style-hero/evidence/stage3-controls-published-solve/art_style_hero.placesmap",
  "rebuilt": true,
  "reuse_reason": "",
  "variants": [
    "off",
    "medium",
    "full"
  ],
  "bytes": 6782162,
  "millis": 15423.280374999998,
  "warnings": [],
  "fingerprint": "3621d99e946f30d786241b72d7654b49ef01c44ce97c6e8899cb4f651ab0113b",
  "variant_stats": [
    {
      "lightmap_quality": "off",
      "mesh_ranges": 29,
      "mesh_vertices": 855,
      "prop_batches": 19,
      "lightmap_pages": 0,
      "lightmap_charts": 0,
      "irradiance_probes": 0,
      "probe_points": 1,
      "wall_boxes": 64,
      "navigation_cells": 4402,
      "navigation_regions": 5
    },
    {
      "lightmap_quality": "medium",
      "mesh_ranges": 29,
      "mesh_vertices": 728,
      "prop_batches": 19,
      "lightmap_pages": 2,
      "lightmap_charts": 5631,
      "irradiance_probes": 715,
      "probe_points": 1,
      "wall_boxes": 64,
      "navigation_cells": 4402,
      "navigation_regions": 5
    },
    {
      "lightmap_quality": "full",
      "mesh_ranges": 29,
      "mesh_vertices": 728,
      "prop_batches": 19,
      "lightmap_pages": 2,
      "lightmap_charts": 5631,
      "irradiance_probes": 715,
      "probe_points": 1,
      "wall_boxes": 64,
      "navigation_cells": 4402,
      "navigation_regions": 5
    }
  ],
  "phases": [
    {
      "phase": "load_validate_prepare_dependencies",
      "millis": 51.8995
    },
    {
      "phase": "fingerprints",
      "millis": 0.204167
    },
    {
      "phase": "current_package_integrity",
      "millis": 0.000125
    },
    {
      "phase": "semantics",
      "millis": 0.07175
    },
    {
      "phase": "navigation_collision_inputs",
      "millis": 0.9779999999999999
    },
    {
      "phase": "prepared_package_integrity",
      "millis": 0.000084
    },
    {
      "phase": "capture_device_materials",
      "millis": 71.98191600000001
    },
    {
      "phase": "prepare_encode_off",
      "millis": 49.048083
    },
    {
      "phase": "capture_off",
      "millis": 177.167333
    },
    {
      "phase": "prepare_encode_medium",
      "millis": 2922.213583
    },
    {
      "phase": "capture_medium",
      "millis": 106.15208299999999
    },
    {
      "phase": "prepare_encode_full",
      "millis": 11564.579458
    },
    {
      "phase": "capture_full",
      "millis": 104.563667
    },
    {
      "phase": "record_hashes_manifest",
      "millis": 201.035792
    },
    {
      "phase": "archive_compress_publish",
      "millis": 169.589917
    }
  ]
}
