[compiler-timing] phase=load_validate_prepare_dependencies millis=60.499
[compiler-timing] phase=fingerprints millis=0.407
[compiler-timing] phase=current_package_integrity millis=0.000
[compiler-timing] phase=semantics millis=0.062
[compiler-timing] phase=navigation_collision_inputs millis=1.266
[compiler-timing] phase=prepared_package_integrity millis=0.000
[compiler-timing] phase=capture_device_materials millis=60.012
[compiler-progress] preparing off
[compile-timing] quality=off legacy_lighting_ms=4.900 prop_geometry_and_charts_ms=15.157 architecture_and_charts_ms=0.548
[compiler-timing] phase=prepare_encode_off millis=24.916
[compiler-progress] capturing off
[renderer] wgpu | adapter: Apple M2 Pro | backend: Metal | device type: IntegratedGpu | surface format: Rgba8UnormSrgb | present mode: Fifo | alpha mode: Opaque | depth format: Depth32Float | drawable: 1280x720
[wgpu] texture filtering: world presets low 4x / medium 8x / high 16x requested | anisotropy supported
[wgpu] world upload: 385 vertices, 846 indices, 14 draws in 1 chunk(s) (neutral mesh: 385 vertices, 846 indices, 14 ranges)
[wgpu] textures: 10 unique, 9 uploaded, 3 cache hits, 1 fallbacks, 0 missing of 14 draws (53127840 bytes resident, max edge 1024px, high filtering)
[wgpu] materials: 11 resolved (6 response, 1 reflection-eligible), 2 normal maps (2 uploaded, 0 cache hits), 13 opaque / 0 cutout / 1 translucent of 14 draws (enabled response, high level)
[wgpu] world pipeline for surface format Rgba8UnormSrgb
[wgpu] decals: 0 draw(s), 0 chunk(s), 1 sheet(s) (0 external, 0 diagnostic)
[wgpu] sky `outdoor:tex_sky_stars_01`: 1024x512 uploaded
[wgpu] reflection probes: 1 probe(s), 6 face(s), face edge 64px
[wgpu] reflection probes: 1 probe(s), 6 face(s), face edge 48px
[compiler-timing] phase=capture_off millis=190.711
[compiler-progress] preparing medium
[lightmaps] transport scene triangles=5390 (0 skipped) emitters=4 (0 switchable)
[lightmap-timing] transport_scene_and_targets_ms=4.425
[compile-timing] quality=medium legacy_lighting_ms=0.563 prop_geometry_and_charts_ms=7.404 architecture_and_charts_ms=0.150
[lightmaps] transport workers=12 charts=5345 bounces=1 taps=2
[transport-audit] stage=direct room=None kind=Prop mean=0.025593 peak=0.372074 shoulder_fraction=0.000000
[transport-audit] stage=direct room=None kind=Wall mean=0.021401 peak=0.042802 shoulder_fraction=0.000000
[transport-audit] stage=direct room=Some(0) kind=Ceiling mean=0.007352 peak=0.255566 shoulder_fraction=0.000000
[transport-audit] stage=direct room=Some(0) kind=Floor mean=0.201465 peak=0.409407 shoulder_fraction=0.000000
[transport-audit] stage=direct room=Some(0) kind=Wall mean=0.081882 peak=0.304982 shoulder_fraction=0.000000
[transport-audit] stage=direct room=Some(1) kind=Ceiling mean=0.001283 peak=0.054158 shoulder_fraction=0.000000
[transport-audit] stage=direct room=Some(1) kind=Floor mean=0.124491 peak=0.295583 shoulder_fraction=0.000000
[transport-audit] stage=direct room=Some(1) kind=Wall mean=0.049327 peak=0.233932 shoulder_fraction=0.000000
[transport-audit] stage=direct room=Some(2) kind=Floor mean=0.084637 peak=0.108693 shoulder_fraction=0.000000
[transport-audit] stage=direct room=Some(2) kind=Wall mean=0.062437 peak=0.197482 shoulder_fraction=0.000000
[transport-progress] diffuse_order=1/1 receivers=125577 samples=32 workers=12
[transport-audit] stage=bounced room=None kind=Prop mean=0.079143 peak=0.549847 shoulder_fraction=0.000000
[transport-audit] stage=bounced room=None kind=Wall mean=0.143304 peak=0.164712 shoulder_fraction=0.000000
[transport-audit] stage=bounced room=Some(0) kind=Ceiling mean=0.184371 peak=0.360931 shoulder_fraction=0.000000
[transport-audit] stage=bounced room=Some(0) kind=Floor mean=0.258025 peak=0.461836 shoulder_fraction=0.000000
[transport-audit] stage=bounced room=Some(0) kind=Wall mean=0.190943 peak=0.475139 shoulder_fraction=0.000000
[transport-audit] stage=bounced room=Some(1) kind=Ceiling mean=0.105554 peak=0.229538 shoulder_fraction=0.000000
[transport-audit] stage=bounced room=Some(1) kind=Floor mean=0.166742 peak=0.342669 shoulder_fraction=0.000000
[transport-audit] stage=bounced room=Some(1) kind=Wall mean=0.139220 peak=0.331353 shoulder_fraction=0.000000
[transport-audit] stage=bounced room=Some(2) kind=Floor mean=0.185970 peak=0.217061 shoulder_fraction=0.000000
[transport-audit] stage=bounced room=Some(2) kind=Wall mean=0.164068 peak=0.328700 shoulder_fraction=0.000000
[transport-audit] stage=indirect room=None kind=Prop mean=0.053550 peak=0.366444 shoulder_fraction=0.000000
[transport-audit] stage=indirect room=None kind=Wall mean=0.121902 peak=0.121911 shoulder_fraction=0.000000
[transport-audit] stage=indirect room=Some(0) kind=Ceiling mean=0.177018 peak=0.296149 shoulder_fraction=0.000000
[transport-audit] stage=indirect room=Some(0) kind=Floor mean=0.056561 peak=0.173525 shoulder_fraction=0.000000
[transport-audit] stage=indirect room=Some(0) kind=Wall mean=0.109061 peak=0.220171 shoulder_fraction=0.000000
[transport-audit] stage=indirect room=Some(1) kind=Ceiling mean=0.104271 peak=0.220483 shoulder_fraction=0.000000
[transport-audit] stage=indirect room=Some(1) kind=Floor mean=0.042252 peak=0.109104 shoulder_fraction=0.000000
[transport-audit] stage=indirect room=Some(1) kind=Wall mean=0.089893 peak=0.214941 shoulder_fraction=0.000000
[transport-audit] stage=indirect room=Some(2) kind=Floor mean=0.101321 peak=0.121911 shoulder_fraction=0.000000
[transport-audit] stage=indirect room=Some(2) kind=Wall mean=0.101632 peak=0.143267 shoulder_fraction=0.000000
[transport-audit] stage=filtered room=None kind=Prop mean=0.079015 peak=0.549847 shoulder_fraction=0.000000
[transport-audit] stage=filtered room=None kind=Wall mean=0.143304 peak=0.164712 shoulder_fraction=0.000000
[transport-audit] stage=filtered room=Some(0) kind=Ceiling mean=0.184371 peak=0.359427 shoulder_fraction=0.000000
[transport-audit] stage=filtered room=Some(0) kind=Floor mean=0.258015 peak=0.459032 shoulder_fraction=0.000000
[transport-audit] stage=filtered room=Some(0) kind=Wall mean=0.190997 peak=0.473624 shoulder_fraction=0.000000
[transport-audit] stage=filtered room=Some(1) kind=Ceiling mean=0.105544 peak=0.232430 shoulder_fraction=0.000000
[transport-audit] stage=filtered room=Some(1) kind=Floor mean=0.166774 peak=0.341363 shoulder_fraction=0.000000
[transport-audit] stage=filtered room=Some(1) kind=Wall mean=0.139256 peak=0.331494 shoulder_fraction=0.000000
[transport-audit] stage=filtered room=Some(2) kind=Floor mean=0.186291 peak=0.217061 shoulder_fraction=0.000000
[transport-audit] stage=filtered room=Some(2) kind=Wall mean=0.164082 peak=0.322916 shoulder_fraction=0.000000
[transport-audit] stage=filled room=None kind=Prop mean=0.079015 peak=0.549847 shoulder_fraction=0.000000
[transport-audit] stage=filled room=None kind=Wall mean=0.143304 peak=0.164712 shoulder_fraction=0.000000
[transport-audit] stage=filled room=Some(0) kind=Ceiling mean=0.302633 peak=0.464388 shoulder_fraction=0.000000
[transport-audit] stage=filled room=Some(0) kind=Floor mean=0.336968 peak=0.577788 shoulder_fraction=0.000000
[transport-audit] stage=filled room=Some(0) kind=Wall mean=0.213040 peak=0.542202 shoulder_fraction=0.000000
[transport-audit] stage=filled room=Some(1) kind=Ceiling mean=0.214242 peak=0.424658 shoulder_fraction=0.000000
[transport-audit] stage=filled room=Some(1) kind=Floor mean=0.243558 peak=0.492277 shoulder_fraction=0.000000
[transport-audit] stage=filled room=Some(1) kind=Wall mean=0.186508 peak=0.475094 shoulder_fraction=0.000000
[transport-audit] stage=filled room=Some(2) kind=Floor mean=0.186617 peak=0.232599 shoulder_fraction=0.000000
[transport-audit] stage=filled room=Some(2) kind=Wall mean=0.166212 peak=0.328223 shoulder_fraction=0.000000
[transport-timing] base=true taps=2 bounces=1 receivers_ms=69.342 direct_visibility_ms=241.802 indirect_ms=573.649 probes_ms=6.712 filter_ms=311.983 fill_ms=19.529
[lightmap-work] triangles=5390 texels=125577 direct_rays=5577386 bounce_rays=4018464 cache_cells=754
[lightmap-timing] atlas_assembly_ms=7.052
[lightmaps] irradiance field probes=495 valid=260
[compiler-timing] phase=prepare_encode_medium millis=1376.229
[compiler-progress] capturing medium
[lightmaps] atlas array: 2 page(s) in 4 layer(s), 1024-texel edge, 33554432 bytes resident
[wgpu] world upload: 276 vertices, 426 indices, 14 draws in 1 chunk(s) (neutral mesh: 276 vertices, 426 indices, 14 ranges)
[wgpu] textures: 10 unique, 0 uploaded, 12 cache hits, 1 fallbacks, 0 missing of 14 draws (53127840 bytes resident, max edge 1024px, high filtering)
[wgpu] materials: 11 resolved (6 response, 1 reflection-eligible), 2 normal maps (0 uploaded, 2 cache hits), 13 opaque / 0 cutout / 1 translucent of 14 draws (enabled response, high level)
[wgpu] decals: 0 draw(s), 0 chunk(s), 1 sheet(s) (0 external, 0 diagnostic)
[wgpu] reflection probes: 1 probe(s), 6 face(s), face edge 64px
[wgpu] reflection probes: 1 probe(s), 6 face(s), face edge 48px
[compiler-timing] phase=capture_medium millis=101.054
[compiler-progress] preparing full
[lightmaps] transport scene triangles=5390 (0 skipped) emitters=4 (0 switchable)
[lightmap-timing] transport_scene_and_targets_ms=5.038
[compile-timing] quality=full legacy_lighting_ms=0.691 prop_geometry_and_charts_ms=7.103 architecture_and_charts_ms=0.155
[lightmaps] transport workers=12 charts=5345 bounces=2 taps=3
[transport-audit] stage=direct room=None kind=Prop mean=0.025759 peak=0.375456 shoulder_fraction=0.000000
[transport-audit] stage=direct room=None kind=Wall mean=0.021418 peak=0.042836 shoulder_fraction=0.000000
[transport-audit] stage=direct room=Some(0) kind=Ceiling mean=0.007375 peak=0.255519 shoulder_fraction=0.000000
[transport-audit] stage=direct room=Some(0) kind=Floor mean=0.202731 peak=0.413283 shoulder_fraction=0.000000
[transport-audit] stage=direct room=Some(0) kind=Wall mean=0.082281 peak=0.305782 shoulder_fraction=0.000000
[transport-audit] stage=direct room=Some(1) kind=Ceiling mean=0.001305 peak=0.022654 shoulder_fraction=0.000000
[transport-audit] stage=direct room=Some(1) kind=Floor mean=0.126001 peak=0.296175 shoulder_fraction=0.000000
[transport-audit] stage=direct room=Some(1) kind=Wall mean=0.050366 peak=0.240579 shoulder_fraction=0.000000
[transport-audit] stage=direct room=Some(2) kind=Floor mean=0.084613 peak=0.107711 shoulder_fraction=0.000000
[transport-audit] stage=direct room=Some(2) kind=Wall mean=0.062695 peak=0.198565 shoulder_fraction=0.000000
[transport-progress] diffuse_order=1/2 receivers=199964 samples=64 workers=12
[transport-progress] diffuse_order=2/2 receivers=199964 samples=64 workers=12
[transport-audit] stage=bounced room=None kind=Prop mean=0.099543 peak=0.637396 shoulder_fraction=0.000000
[transport-audit] stage=bounced room=None kind=Wall mean=0.137064 peak=0.158488 shoulder_fraction=0.000000
[transport-audit] stage=bounced room=Some(0) kind=Ceiling mean=0.245042 peak=0.455261 shoulder_fraction=0.000000
[transport-audit] stage=bounced room=Some(0) kind=Floor mean=0.359538 peak=0.609944 shoulder_fraction=0.000000
[transport-audit] stage=bounced room=Some(0) kind=Wall mean=0.246698 peak=0.578914 shoulder_fraction=0.000000
[transport-audit] stage=bounced room=Some(1) kind=Ceiling mean=0.155972 peak=0.293379 shoulder_fraction=0.000000
[transport-audit] stage=bounced room=Some(1) kind=Floor mean=0.242884 peak=0.467183 shoulder_fraction=0.000000
[transport-audit] stage=bounced room=Some(1) kind=Wall mean=0.178815 peak=0.467138 shoulder_fraction=0.000000
[transport-audit] stage=bounced room=Some(2) kind=Floor mean=0.190820 peak=0.237678 shoulder_fraction=0.000000
[transport-audit] stage=bounced room=Some(2) kind=Wall mean=0.199219 peak=0.416233 shoulder_fraction=0.000000
[transport-audit] stage=indirect room=None kind=Prop mean=0.073785 peak=0.401523 shoulder_fraction=0.000000
[transport-audit] stage=indirect room=None kind=Wall mean=0.115647 peak=0.115652 shoulder_fraction=0.000000
[transport-audit] stage=indirect room=Some(0) kind=Ceiling mean=0.237667 peak=0.356087 shoulder_fraction=0.000000
[transport-audit] stage=indirect room=Some(0) kind=Floor mean=0.156808 peak=0.290652 shoulder_fraction=0.000000
[transport-audit] stage=indirect room=Some(0) kind=Wall mean=0.164422 peak=0.317686 shoulder_fraction=0.000000
[transport-audit] stage=indirect room=Some(1) kind=Ceiling mean=0.154667 peak=0.290268 shoulder_fraction=0.000000
[transport-audit] stage=indirect room=Some(1) kind=Floor mean=0.116884 peak=0.217678 shoulder_fraction=0.000000
[transport-audit] stage=indirect room=Some(1) kind=Wall mean=0.128416 peak=0.286079 shoulder_fraction=0.000000
[transport-audit] stage=indirect room=Some(2) kind=Floor mean=0.106220 peak=0.142516 shoulder_fraction=0.000000
[transport-audit] stage=indirect room=Some(2) kind=Wall mean=0.136526 peak=0.224276 shoulder_fraction=0.000000
[transport-audit] stage=filtered room=None kind=Prop mean=0.099204 peak=0.637201 shoulder_fraction=0.000000
[transport-audit] stage=filtered room=None kind=Wall mean=0.137064 peak=0.158488 shoulder_fraction=0.000000
[transport-audit] stage=filtered room=Some(0) kind=Ceiling mean=0.245042 peak=0.453297 shoulder_fraction=0.000000
[transport-audit] stage=filtered room=Some(0) kind=Floor mean=0.359538 peak=0.605092 shoulder_fraction=0.000000
[transport-audit] stage=filtered room=Some(0) kind=Wall mean=0.246736 peak=0.577091 shoulder_fraction=0.000000
[transport-audit] stage=filtered room=Some(1) kind=Ceiling mean=0.155977 peak=0.291140 shoulder_fraction=0.000000
[transport-audit] stage=filtered room=Some(1) kind=Floor mean=0.242903 peak=0.466576 shoulder_fraction=0.000000
[transport-audit] stage=filtered room=Some(1) kind=Wall mean=0.178838 peak=0.466554 shoulder_fraction=0.000000
[transport-audit] stage=filtered room=Some(2) kind=Floor mean=0.191210 peak=0.235554 shoulder_fraction=0.000000
[transport-audit] stage=filtered room=Some(2) kind=Wall mean=0.199223 peak=0.410416 shoulder_fraction=0.000000
[transport-audit] stage=filled room=None kind=Prop mean=0.099204 peak=0.637201 shoulder_fraction=0.000000
[transport-audit] stage=filled room=None kind=Wall mean=0.137064 peak=0.158488 shoulder_fraction=0.000000
[transport-audit] stage=filled room=Some(0) kind=Ceiling mean=0.343234 peak=0.502913 shoulder_fraction=0.000000
[transport-audit] stage=filled room=Some(0) kind=Floor mean=0.410264 peak=0.682735 shoulder_fraction=0.000000
[transport-audit] stage=filled room=Some(0) kind=Wall mean=0.258379 peak=0.611924 shoulder_fraction=0.000000
[transport-audit] stage=filled room=Some(1) kind=Ceiling mean=0.246845 peak=0.455380 shoulder_fraction=0.000000
[transport-audit] stage=filled room=Some(1) kind=Floor mean=0.295566 peak=0.568490 shoulder_fraction=0.000000
[transport-audit] stage=filled room=Some(1) kind=Wall mean=0.214127 peak=0.569294 shoulder_fraction=0.000000
[transport-audit] stage=filled room=Some(2) kind=Floor mean=0.191431 peak=0.244290 shoulder_fraction=0.000000
[transport-audit] stage=filled room=Some(2) kind=Wall mean=0.200111 peak=0.410512 shoulder_fraction=0.000000
[transport-timing] base=true taps=3 bounces=2 receivers_ms=95.520 direct_visibility_ms=873.952 indirect_ms=3517.560 probes_ms=8.413 filter_ms=490.607 fill_ms=32.512
[lightmap-work] triangles=5390 texels=199964 direct_rays=23484158 bounce_rays=25595392 cache_cells=754
[lightmap-timing] atlas_assembly_ms=7.553
[lightmaps] irradiance field probes=495 valid=260
[compiler-timing] phase=prepare_encode_full millis=5171.917
[compiler-progress] capturing full
[lightmaps] atlas array: 2 page(s) in 4 layer(s), 1024-texel edge, 33554432 bytes resident
[wgpu] world upload: 276 vertices, 426 indices, 14 draws in 1 chunk(s) (neutral mesh: 276 vertices, 426 indices, 14 ranges)
[wgpu] textures: 10 unique, 0 uploaded, 12 cache hits, 1 fallbacks, 0 missing of 14 draws (53127840 bytes resident, max edge 1024px, high filtering)
[wgpu] materials: 11 resolved (6 response, 1 reflection-eligible), 2 normal maps (0 uploaded, 2 cache hits), 13 opaque / 0 cutout / 1 translucent of 14 draws (enabled response, high level)
[wgpu] decals: 0 draw(s), 0 chunk(s), 1 sheet(s) (0 external, 0 diagnostic)
[wgpu] reflection probes: 1 probe(s), 6 face(s), face edge 64px
[wgpu] reflection probes: 1 probe(s), 6 face(s), face edge 48px
[compiler-timing] phase=capture_full millis=101.008
[compiler-timing] phase=record_hashes_manifest millis=196.375
