{
  "source": "tests/fixtures/levels/art_style_hero.json",
  "out": "/Users/connordawkins/Documents/GitHub/Places/debug-maps/art-style-hero/evidence/stage3-original-published/art_style_hero.placesmap",
  "rebuilt": false,
  "reuse_reason": "/Users/connordawkins/Documents/GitHub/Places/debug-maps/art-style-hero/evidence/stage3-original-published/art_style_hero.placesmap is current for this source and asset identity",
  "variants": [
    "off",
    "medium",
    "full"
  ],
  "bytes": 5187045,
  "millis": 263.385042,
  "warnings": [],
  "fingerprint": "55958c0acfc7dc5d2771acfff79dae620dd9b5d2125d8eb440cdde674ffc3171",
  "variant_stats": [],
  "phases": [
    {
      "phase": "load_validate_prepare_dependencies",
      "millis": 37.286792
    },
    {
      "phase": "fingerprints",
      "millis": 0.956542
    },
    {
      "phase": "current_package_integrity",
      "millis": 225.107042
    }
  ]
}
