[compiler-timing] phase=load_validate_prepare_dependencies millis=59.673
[compiler-timing] phase=fingerprints millis=0.408
[compiler-timing] phase=current_package_integrity millis=0.000
[compiler-timing] phase=semantics millis=0.063
[compiler-timing] phase=navigation_collision_inputs millis=1.249
[compiler-timing] phase=prepared_package_integrity millis=0.000
[compiler-timing] phase=capture_device_materials millis=60.056
[compiler-progress] preparing off
[compile-timing] quality=off legacy_lighting_ms=4.988 prop_geometry_and_charts_ms=15.192 architecture_and_charts_ms=0.604
[compiler-timing] phase=prepare_encode_off millis=25.064
[compiler-progress] capturing off
[renderer] wgpu | adapter: Apple M2 Pro | backend: Metal | device type: IntegratedGpu | surface format: Rgba8UnormSrgb | present mode: Fifo | alpha mode: Opaque | depth format: Depth32Float | drawable: 1280x720
[wgpu] texture filtering: world presets low 4x / medium 8x / high 16x requested | anisotropy supported
[wgpu] world upload: 418 vertices, 900 indices, 14 draws in 1 chunk(s) (neutral mesh: 418 vertices, 900 indices, 14 ranges)
[wgpu] textures: 10 unique, 9 uploaded, 3 cache hits, 1 fallbacks, 0 missing of 14 draws (53127840 bytes resident, max edge 1024px, high filtering)
[wgpu] materials: 11 resolved (6 response, 1 reflection-eligible), 2 normal maps (2 uploaded, 0 cache hits), 13 opaque / 0 cutout / 1 translucent of 14 draws (enabled response, high level)
[wgpu] world pipeline for surface format Rgba8UnormSrgb
[wgpu] decals: 0 draw(s), 0 chunk(s), 1 sheet(s) (0 external, 0 diagnostic)
[wgpu] sky `outdoor:tex_sky_stars_01`: 1024x512 uploaded
[wgpu] reflection probes: 1 probe(s), 6 face(s), face edge 64px
[wgpu] reflection probes: 1 probe(s), 6 face(s), face edge 48px
[compiler-timing] phase=capture_off millis=194.748
[compiler-progress] preparing medium
[lightmaps] transport scene triangles=5408 (0 skipped) emitters=4 (0 switchable)
[lightmap-timing] transport_scene_and_targets_ms=4.913
[compile-timing] quality=medium legacy_lighting_ms=0.579 prop_geometry_and_charts_ms=7.670 architecture_and_charts_ms=0.173
[lightmaps] transport workers=12 charts=5354 bounces=1 taps=2
[transport-audit] stage=direct room=None kind=Prop mean=0.026044 peak=0.372074 shoulder_fraction=0.000000
[transport-audit] stage=direct room=None kind=Wall mean=0.082712 peak=0.095151 shoulder_fraction=0.000000
[transport-audit] stage=direct room=Some(0) kind=Ceiling mean=0.007352 peak=0.255566 shoulder_fraction=0.000000
[transport-audit] stage=direct room=Some(0) kind=Floor mean=0.203518 peak=0.421292 shoulder_fraction=0.000000
[transport-audit] stage=direct room=Some(0) kind=Wall mean=0.081882 peak=0.304982 shoulder_fraction=0.000000
[transport-audit] stage=direct room=Some(1) kind=Ceiling mean=0.001283 peak=0.054158 shoulder_fraction=0.000000
[transport-audit] stage=direct room=Some(1) kind=Floor mean=0.124504 peak=0.295583 shoulder_fraction=0.000000
[transport-audit] stage=direct room=Some(1) kind=Wall mean=0.049327 peak=0.233932 shoulder_fraction=0.000000
[transport-audit] stage=direct room=Some(2) kind=Floor mean=0.084505 peak=0.108693 shoulder_fraction=0.000000
[transport-audit] stage=direct room=Some(2) kind=Wall mean=0.067375 peak=0.197482 shoulder_fraction=0.000000
[transport-progress] diffuse_order=1/1 receivers=127974 samples=32 workers=12
[transport-audit] stage=bounced room=None kind=Prop mean=0.067543 peak=0.547985 shoulder_fraction=0.000000
[transport-audit] stage=bounced room=None kind=Wall mean=0.204435 peak=0.217061 shoulder_fraction=0.000000
[transport-audit] stage=bounced room=Some(0) kind=Ceiling mean=0.125628 peak=0.320841 shoulder_fraction=0.000000
[transport-audit] stage=bounced room=Some(0) kind=Floor mean=0.250770 peak=0.472732 shoulder_fraction=0.000000
[transport-audit] stage=bounced room=Some(0) kind=Wall mean=0.169747 peak=0.385319 shoulder_fraction=0.000000
[transport-audit] stage=bounced room=Some(1) kind=Ceiling mean=0.073463 peak=0.182918 shoulder_fraction=0.000000
[transport-audit] stage=bounced room=Some(1) kind=Floor mean=0.154454 peak=0.328313 shoulder_fraction=0.000000
[transport-audit] stage=bounced room=Some(1) kind=Wall mean=0.125722 peak=0.306249 shoulder_fraction=0.000000
[transport-audit] stage=bounced room=Some(2) kind=Floor mean=0.184661 peak=0.217061 shoulder_fraction=0.000000
[transport-audit] stage=bounced room=Some(2) kind=Wall mean=0.152367 peak=0.285686 shoulder_fraction=0.000000
[transport-audit] stage=indirect room=None kind=Prop mean=0.041499 peak=0.239504 shoulder_fraction=0.000000
[transport-audit] stage=indirect room=None kind=Wall mean=0.121724 peak=0.121911 shoulder_fraction=0.000000
[transport-audit] stage=indirect room=Some(0) kind=Ceiling mean=0.118276 peak=0.216399 shoulder_fraction=0.000000
[transport-audit] stage=indirect room=Some(0) kind=Floor mean=0.047252 peak=0.142136 shoulder_fraction=0.000000
[transport-audit] stage=indirect room=Some(0) kind=Wall mean=0.087869 peak=0.156085 shoulder_fraction=0.000000
[transport-audit] stage=indirect room=Some(1) kind=Ceiling mean=0.072180 peak=0.166584 shoulder_fraction=0.000000
[transport-audit] stage=indirect room=Some(1) kind=Floor mean=0.029950 peak=0.080883 shoulder_fraction=0.000000
[transport-audit] stage=indirect room=Some(1) kind=Wall mean=0.076395 peak=0.146892 shoulder_fraction=0.000000
[transport-audit] stage=indirect room=Some(2) kind=Floor mean=0.100145 peak=0.121911 shoulder_fraction=0.000000
[transport-audit] stage=indirect room=Some(2) kind=Wall mean=0.084994 peak=0.121911 shoulder_fraction=0.000000
[transport-audit] stage=filtered room=None kind=Prop mean=0.067447 peak=0.547985 shoulder_fraction=0.000000
[transport-audit] stage=filtered room=None kind=Wall mean=0.204435 peak=0.217061 shoulder_fraction=0.000000
[transport-audit] stage=filtered room=Some(0) kind=Ceiling mean=0.125625 peak=0.318596 shoulder_fraction=0.000000
[transport-audit] stage=filtered room=Some(0) kind=Floor mean=0.250609 peak=0.471691 shoulder_fraction=0.000000
[transport-audit] stage=filtered room=Some(0) kind=Wall mean=0.169789 peak=0.385888 shoulder_fraction=0.000000
[transport-audit] stage=filtered room=Some(1) kind=Ceiling mean=0.073438 peak=0.184105 shoulder_fraction=0.000000
[transport-audit] stage=filtered room=Some(1) kind=Floor mean=0.154455 peak=0.327918 shoulder_fraction=0.000000
[transport-audit] stage=filtered room=Some(1) kind=Wall mean=0.125747 peak=0.306324 shoulder_fraction=0.000000
[transport-audit] stage=filtered room=Some(2) kind=Floor mean=0.184911 peak=0.217061 shoulder_fraction=0.000000
[transport-audit] stage=filtered room=Some(2) kind=Wall mean=0.152399 peak=0.280933 shoulder_fraction=0.000000
[transport-audit] stage=filled room=None kind=Prop mean=0.067447 peak=0.547985 shoulder_fraction=0.000000
[transport-audit] stage=filled room=None kind=Wall mean=0.204435 peak=0.217061 shoulder_fraction=0.000000
[transport-audit] stage=filled room=Some(0) kind=Ceiling mean=0.267157 peak=0.412526 shoulder_fraction=0.000000
[transport-audit] stage=filled room=Some(0) kind=Floor mean=0.332029 peak=0.571440 shoulder_fraction=0.000000
[transport-audit] stage=filled room=Some(0) kind=Wall mean=0.196693 peak=0.479188 shoulder_fraction=0.000000
[transport-audit] stage=filled room=Some(1) kind=Ceiling mean=0.195272 peak=0.396260 shoulder_fraction=0.000000
[transport-audit] stage=filled room=Some(1) kind=Floor mean=0.235725 peak=0.480220 shoulder_fraction=0.000000
[transport-audit] stage=filled room=Some(1) kind=Wall mean=0.177925 peak=0.458988 shoulder_fraction=0.000000
[transport-audit] stage=filled room=Some(2) kind=Floor mean=0.185329 peak=0.235640 shoulder_fraction=0.000000
[transport-audit] stage=filled room=Some(2) kind=Wall mean=0.154421 peak=0.291889 shoulder_fraction=0.000000
[transport-timing] base=true taps=2 bounces=1 receivers_ms=69.289 direct_visibility_ms=249.344 indirect_ms=579.725 probes_ms=7.458 filter_ms=312.203 fill_ms=20.078
[lightmap-work] triangles=5408 texels=127974 direct_rays=5692549 bounce_rays=4095168 cache_cells=754
[lightmap-timing] atlas_assembly_ms=6.988
[lightmaps] irradiance field probes=495 valid=260
[compiler-timing] phase=prepare_encode_medium millis=1392.625
[compiler-progress] capturing medium
[lightmaps] atlas array: 2 page(s) in 4 layer(s), 1024-texel edge, 33554432 bytes resident
[wgpu] world upload: 312 vertices, 480 indices, 14 draws in 1 chunk(s) (neutral mesh: 312 vertices, 480 indices, 14 ranges)
[wgpu] textures: 10 unique, 0 uploaded, 12 cache hits, 1 fallbacks, 0 missing of 14 draws (53127840 bytes resident, max edge 1024px, high filtering)
[wgpu] materials: 11 resolved (6 response, 1 reflection-eligible), 2 normal maps (0 uploaded, 2 cache hits), 13 opaque / 0 cutout / 1 translucent of 14 draws (enabled response, high level)
[wgpu] decals: 0 draw(s), 0 chunk(s), 1 sheet(s) (0 external, 0 diagnostic)
[wgpu] reflection probes: 1 probe(s), 6 face(s), face edge 64px
[wgpu] reflection probes: 1 probe(s), 6 face(s), face edge 48px
[compiler-timing] phase=capture_medium millis=101.339
[compiler-progress] preparing full
[lightmaps] transport scene triangles=5408 (0 skipped) emitters=4 (0 switchable)
[lightmap-timing] transport_scene_and_targets_ms=5.546
[compile-timing] quality=full legacy_lighting_ms=0.702 prop_geometry_and_charts_ms=7.450 architecture_and_charts_ms=0.230
[lightmaps] transport workers=12 charts=5354 bounces=2 taps=3
[transport-audit] stage=direct room=None kind=Prop mean=0.026198 peak=0.375456 shoulder_fraction=0.000000
[transport-audit] stage=direct room=None kind=Wall mean=0.082725 peak=0.095162 shoulder_fraction=0.000000
[transport-audit] stage=direct room=Some(0) kind=Ceiling mean=0.007375 peak=0.255519 shoulder_fraction=0.000000
[transport-audit] stage=direct room=Some(0) kind=Floor mean=0.204634 peak=0.424715 shoulder_fraction=0.000000
[transport-audit] stage=direct room=Some(0) kind=Wall mean=0.082281 peak=0.305782 shoulder_fraction=0.000000
[transport-audit] stage=direct room=Some(1) kind=Ceiling mean=0.001305 peak=0.022654 shoulder_fraction=0.000000
[transport-audit] stage=direct room=Some(1) kind=Floor mean=0.126008 peak=0.296175 shoulder_fraction=0.000000
[transport-audit] stage=direct room=Some(1) kind=Wall mean=0.050366 peak=0.240579 shoulder_fraction=0.000000
[transport-audit] stage=direct room=Some(2) kind=Floor mean=0.084390 peak=0.103400 shoulder_fraction=0.000000
[transport-audit] stage=direct room=Some(2) kind=Wall mean=0.067611 peak=0.198565 shoulder_fraction=0.000000
[transport-progress] diffuse_order=1/2 receivers=203798 samples=64 workers=12
[transport-progress] diffuse_order=2/2 receivers=203798 samples=64 workers=12
[transport-audit] stage=bounced room=None kind=Prop mean=0.076702 peak=0.607824 shoulder_fraction=0.000000
[transport-audit] stage=bounced room=None kind=Wall mean=0.198274 peak=0.210990 shoulder_fraction=0.000000
[transport-audit] stage=bounced room=Some(0) kind=Ceiling mean=0.158959 peak=0.361996 shoulder_fraction=0.000000
[transport-audit] stage=bounced room=Some(0) kind=Floor mean=0.308284 peak=0.540329 shoulder_fraction=0.000000
[transport-audit] stage=bounced room=Some(0) kind=Wall mean=0.199689 peak=0.480794 shoulder_fraction=0.000000
[transport-audit] stage=bounced room=Some(1) kind=Ceiling mean=0.098870 peak=0.203904 shoulder_fraction=0.000000
[transport-audit] stage=bounced room=Some(1) kind=Floor mean=0.196146 peak=0.404967 shoulder_fraction=0.000000
[transport-audit] stage=bounced room=Some(1) kind=Wall mean=0.146829 peak=0.389696 shoulder_fraction=0.000000
[transport-audit] stage=bounced room=Some(2) kind=Floor mean=0.185994 peak=0.219925 shoulder_fraction=0.000000
[transport-audit] stage=bounced room=Some(2) kind=Wall mean=0.161962 peak=0.341293 shoulder_fraction=0.000000
[transport-audit] stage=indirect room=None kind=Prop mean=0.050504 peak=0.262627 shoulder_fraction=0.000000
[transport-audit] stage=indirect room=None kind=Wall mean=0.115549 peak=0.115828 shoulder_fraction=0.000000
[transport-audit] stage=indirect room=Some(0) kind=Ceiling mean=0.151585 peak=0.249434 shoulder_fraction=0.000000
[transport-audit] stage=indirect room=Some(0) kind=Floor mean=0.103650 peak=0.196167 shoulder_fraction=0.000000
[transport-audit] stage=indirect room=Some(0) kind=Wall mean=0.117413 peak=0.206190 shoulder_fraction=0.000000
[transport-audit] stage=indirect room=Some(1) kind=Ceiling mean=0.097565 peak=0.200792 shoulder_fraction=0.000000
[transport-audit] stage=indirect room=Some(1) kind=Floor mean=0.070138 peak=0.138579 shoulder_fraction=0.000000
[transport-audit] stage=indirect room=Some(1) kind=Wall mean=0.096448 peak=0.179710 shoulder_fraction=0.000000
[transport-audit] stage=indirect room=Some(2) kind=Floor mean=0.101616 peak=0.124763 shoulder_fraction=0.000000
[transport-audit] stage=indirect room=Some(2) kind=Wall mean=0.094350 peak=0.165557 shoulder_fraction=0.000000
[transport-audit] stage=filtered room=None kind=Prop mean=0.076467 peak=0.607824 shoulder_fraction=0.000000
[transport-audit] stage=filtered room=None kind=Wall mean=0.198274 peak=0.210989 shoulder_fraction=0.000000
[transport-audit] stage=filtered room=Some(0) kind=Ceiling mean=0.158958 peak=0.360425 shoulder_fraction=0.000000
[transport-audit] stage=filtered room=Some(0) kind=Floor mean=0.308166 peak=0.537883 shoulder_fraction=0.000000
[transport-audit] stage=filtered room=Some(0) kind=Wall mean=0.199715 peak=0.480069 shoulder_fraction=0.000000
[transport-audit] stage=filtered room=Some(1) kind=Ceiling mean=0.098865 peak=0.201975 shoulder_fraction=0.000000
[transport-audit] stage=filtered room=Some(1) kind=Floor mean=0.196138 peak=0.404668 shoulder_fraction=0.000000
[transport-audit] stage=filtered room=Some(1) kind=Wall mean=0.146844 peak=0.388228 shoulder_fraction=0.000000
[transport-audit] stage=filtered room=Some(2) kind=Floor mean=0.186181 peak=0.217661 shoulder_fraction=0.000000
[transport-audit] stage=filtered room=Some(2) kind=Wall mean=0.161989 peak=0.338165 shoulder_fraction=0.000000
[transport-audit] stage=filled room=None kind=Prop mean=0.076467 peak=0.607824 shoulder_fraction=0.000000
[transport-audit] stage=filled room=None kind=Wall mean=0.198274 peak=0.210989 shoulder_fraction=0.000000
[transport-audit] stage=filled room=Some(0) kind=Ceiling mean=0.287862 peak=0.435829 shoulder_fraction=0.000000
[transport-audit] stage=filled room=Some(0) kind=Floor mean=0.372411 peak=0.633383 shoulder_fraction=0.000000
[transport-audit] stage=filled room=Some(0) kind=Wall mean=0.219351 peak=0.518511 shoulder_fraction=0.000000
[transport-audit] stage=filled room=Some(1) kind=Ceiling mean=0.211393 peak=0.401232 shoulder_fraction=0.000000
[transport-audit] stage=filled room=Some(1) kind=Floor mean=0.262861 peak=0.517715 shoulder_fraction=0.000000
[transport-audit] stage=filled room=Some(1) kind=Wall mean=0.192164 peak=0.516538 shoulder_fraction=0.000000
[transport-audit] stage=filled room=Some(2) kind=Floor mean=0.186562 peak=0.252857 shoulder_fraction=0.000000
[transport-audit] stage=filled room=Some(2) kind=Wall mean=0.163048 peak=0.341701 shoulder_fraction=0.000000
[transport-timing] base=true taps=3 bounces=2 receivers_ms=96.559 direct_visibility_ms=882.307 indirect_ms=3582.685 probes_ms=8.696 filter_ms=493.859 fill_ms=33.474
[lightmap-work] triangles=5408 texels=203798 direct_rays=24097651 bounce_rays=26086144 cache_cells=754
[lightmap-timing] atlas_assembly_ms=7.058
[lightmaps] irradiance field probes=495 valid=260
[compiler-timing] phase=prepare_encode_full millis=5252.361
[compiler-progress] capturing full
[lightmaps] atlas array: 2 page(s) in 4 layer(s), 1024-texel edge, 33554432 bytes resident
[wgpu] world upload: 312 vertices, 480 indices, 14 draws in 1 chunk(s) (neutral mesh: 312 vertices, 480 indices, 14 ranges)
[wgpu] textures: 10 unique, 0 uploaded, 12 cache hits, 1 fallbacks, 0 missing of 14 draws (53127840 bytes resident, max edge 1024px, high filtering)
[wgpu] materials: 11 resolved (6 response, 1 reflection-eligible), 2 normal maps (0 uploaded, 2 cache hits), 13 opaque / 0 cutout / 1 translucent of 14 draws (enabled response, high level)
[wgpu] decals: 0 draw(s), 0 chunk(s), 1 sheet(s) (0 external, 0 diagnostic)
[wgpu] reflection probes: 1 probe(s), 6 face(s), face edge 64px
[wgpu] reflection probes: 1 probe(s), 6 face(s), face edge 48px
[compiler-timing] phase=capture_full millis=101.017
[compiler-timing] phase=record_hashes_manifest millis=196.122
[compiler-timing] phase=archive_compress_publish millis=137.087
{
  "source": "tests/fixtures/levels/art_style_hero.json",
  "out": "debug-maps/art-style-hero/evidence/stage3-sealed/art_style_hero.placesmap",
  "rebuilt": true,
  "reuse_reason": "",
  "variants": [
    "off",
    "medium",
    "full"
  ],
  "bytes": 5187047,
  "millis": 7525.718208,
  "warnings": [],
  "fingerprint": "55958c0acfc7dc5d2771acfff79dae620dd9b5d2125d8eb440cdde674ffc3171",
  "variant_stats": [
    {
      "lightmap_quality": "off",
      "mesh_ranges": 14,
      "mesh_vertices": 418,
      "prop_batches": 16,
      "lightmap_pages": 0,
      "lightmap_charts": 0,
      "irradiance_probes": 0,
      "probe_points": 1,
      "wall_boxes": 23,
      "navigation_cells": 3194,
      "navigation_regions": 2
    },
    {
      "lightmap_quality": "medium",
      "mesh_ranges": 14,
      "mesh_vertices": 312,
      "prop_batches": 16,
      "lightmap_pages": 2,
      "lightmap_charts": 5354,
      "irradiance_probes": 495,
      "probe_points": 1,
      "wall_boxes": 23,
      "navigation_cells": 3194,
      "navigation_regions": 2
    },
    {
      "lightmap_quality": "full",
      "mesh_ranges": 14,
      "mesh_vertices": 312,
      "prop_batches": 16,
      "lightmap_pages": 2,
      "lightmap_charts": 5354,
      "irradiance_probes": 495,
      "probe_points": 1,
      "wall_boxes": 23,
      "navigation_cells": 3194,
      "navigation_regions": 2
    }
  ],
  "phases": [
    {
      "phase": "load_validate_prepare_dependencies",
      "millis": 59.673333
    },
    {
      "phase": "fingerprints",
      "millis": 0.408208
    },
    {
      "phase": "current_package_integrity",
      "millis": 0.000083
    },
    {
      "phase": "semantics",
      "millis": 0.06325
    },
    {
      "phase": "navigation_collision_inputs",
      "millis": 1.2487080000000002
    },
    {
      "phase": "prepared_package_integrity",
      "millis": 0.000125
    },
    {
      "phase": "capture_device_materials",
      "millis": 60.0565
    },
    {
      "phase": "prepare_encode_off",
      "millis": 25.064415999999998
    },
    {
      "phase": "capture_off",
      "millis": 194.74845900000003
    },
    {
      "phase": "prepare_encode_medium",
      "millis": 1392.6252080000002
    },
    {
      "phase": "capture_medium",
      "millis": 101.339083
    },
    {
      "phase": "prepare_encode_full",
      "millis": 5252.361208
    },
    {
      "phase": "capture_full",
      "millis": 101.017375
    },
    {
      "phase": "record_hashes_manifest",
      "millis": 196.122209
    },
    {
      "phase": "archive_compress_publish",
      "millis": 137.087083
    }
  ]
}
