[package] /private/var/folders/sl/yxxj_m9n37sgntkntqw0x8yw0000gn/T/places-art-style-hero-jrtuta15 (assets: /private/var/folders/sl/yxxj_m9n37sgntkntqw0x8yw0000gn/T/places-art-style-hero-jrtuta15/assets/levels)
[package] asset root: /private/var/folders/sl/yxxj_m9n37sgntkntqw0x8yw0000gn/T/places-art-style-hero-jrtuta15/assets
[settings] quality high (saved high) [startup override] | lighting high | bloom on | reflections full | lightmaps full | vsync off | filtering high | window Windowed 640 x 360
[assets] 204 placeable asset(s) of 352 catalog entries; themes: office, pool, home, outdoor, winter
[renderer] wgpu | adapter: Apple M2 Pro | backend: Metal | device type: IntegratedGpu | surface format: Bgra8UnormSrgb | present mode: Fifo | alpha mode: Opaque | depth format: Depth32Float | drawable: 1280x720
[wgpu] texture filtering: world presets low 4x / medium 8x / high 16x requested | anisotropy supported
[visual-diagnostic] {"applied":{"bloom":true,"filtering":"high","lighting":"high","lightmaps":"full","quality":"high","reflections":"full"},"capture_submission":null,"event":"select","frame":{"base_color_format":"Rgba8UnormSrgb decoded to linear","bloom_allowed":false,"bloom_requested":true,"culling":true,"diagnostic_identity_post":true,"drawable":[1280,720],"scene_format":"Rgba16Float linear HDR","scene_size":null,"scene_uploaded_selector":null,"sky_decals_effects_suppressed":true,"world_uploaded_selector":null},"level":null,"meaning":"sampled authored base PNG RGB only; excludes tint, lighting and post; source tint is not recoverable from vertex-lit static colors","mode":"albedo","requested":{"bloom":true,"filtering":"high","lighting":"high","lightmaps":"full","quality":"high","reflections":"full"},"resident":{"active_plane":null,"active_probe":0,"atlas":{"bytes":0,"chart_texels":0,"charts":0,"format":"Rgba16Float irradiance+signed moment","page_edge":0,"pages":0},"characters":null,"dynamic":null,"filtering":"high","lighting_uniform":null,"lightmaps":"full","lightmaps_resident":false,"planar_resident":false,"props":null,"quality":"high","reflection_enabled":true,"reflection_probes":[],"world":null},"surface_submission":{"draw_calls":0,"material_changes":0,"source":"last surface RenderStats; may remain zero or stale when acquisition is skipped","texture_binds":0,"visible_batches":0,"visible_vertices":0},"unavailable":{"charts":"atlas grid has no true chart ID/boundary/seam metadata","decomposition":"direct/indirect/filter/fill remain offline solver exports","metallic":"no material shader input","probe_field":"probe positions, validity and visibility labels have no runtime visualization provider","shadow_ao":"no standalone payload"}}
[wgpu] present mode Immediate (immediate)
[window] logical 640x360 | drawable 1280x720 pixels | backing scale 2.0x
[wgpu] world pipeline for surface format Bgra8UnormSrgb
[wgpu] post targets: scene 1280x720, bloom 320x180, presented 1280x720
[startup] total 245.0 ms
[startup]   package root: +0.1 ms (0.1 ms)
[startup]   settings: +0.2 ms (0.3 ms)
[startup]   window: +111.9 ms (112.2 ms)
[startup]   asset catalog: +1.6 ms (113.8 ms)
[startup]   renderer device: +9.5 ms (123.2 ms)
[startup]   input responsive: +54.6 ms (177.8 ms)
[startup]   first scene attempted: +27.9 ms (205.7 ms)
[startup]   first UI attempted: +0.0 ms (205.7 ms)
[startup]   first presented: +39.2 ms (245.0 ms)
[loading] package identity level=art_style_hero variant=full sha256=3475f5fdee99304227246d784acbdac45c86794e1b02cd7d4e4e17e744741bc0 source=/var/folders/sl/yxxj_m9n37sgntkntqw0x8yw0000gn/T/places-art-style-hero-jrtuta15/assets/levels/art_style_hero.placesmap
[loading] compiled-cache miss level=art_style_hero variant=full
[lightmaps] atlas array: 2 page(s) in 4 layer(s), 1024-texel edge, 33554432 bytes resident
[wgpu] world upload: 728 vertices, 1116 indices, 29 draws in 1 chunk(s) (neutral mesh: 728 vertices, 1116 indices, 29 ranges)
[wgpu] textures: 15 unique, 14 uploaded, 9 cache hits, 3 fallbacks, 0 missing of 29 draws (81089860 bytes resident, max edge 1024px, high filtering)
[wgpu] materials: 16 resolved (11 response, 1 reflection-eligible), 2 normal maps (2 uploaded, 0 cache hits), 24 opaque / 1 cutout / 4 translucent of 29 draws (enabled response, high level)
[wgpu] decals: 0 draw(s), 0 chunk(s), 1 sheet(s) (0 external, 0 diagnostic)
[wgpu] sky `outdoor:tex_sky_stars_01`: 1024x512 uploaded
[wgpu] uploaded 1 packaged reflection probe(s) at 64 texels, 7 mip level(s)
[loading] committed art_style_hero
[props] 19 models cached (0 failed), 5498 triangles, 4624 KiB of textures, 24 draw call(s)
[level] 728 static vertices, 16494 prop vertices, 24 prop draw call(s), built in 0.2 ms (lighting 0.0 + props 0.0 + surfaces 0.0)
[spatial] 29 static batch(es) (floor 8 / ceiling 2 / wall 13 / light 6 / prop box 0 / decal 0), 24 prop batch(es)
[lighting] baked 5 room(s) / 5 baseline area(s) from 6 fixture(s): 32 wall + 79 slab + 258 prop blocker(s), baselines 0.31..0.41 (avg 0.38)
[lightmaps] 2 page(s), 5631 chart(s), 287480 chart texels, 2097152 page texels (32768 KiB), filled in 0.0 ms
[dynamic] 0 object(s): 0 draw call(s), 0 vertices (the demonstration path; never part of the static bake); doors: 0/0
[characters] `home:dining_chair` spawns through the dynamic path: the runtime model `environment/home/props/models/dining_chair.glb` carries no skin or animation; it cannot be posed
[visual-diagnostic] {"applied":{"bloom":true,"filtering":"high","lighting":"high","lightmaps":"full","quality":"high","reflections":"full"},"capture_submission":{"draw_calls":33,"frustum_visible_batches":33,"frustum_visible_distinct_vertices":9930,"material_binds":23,"scope":"base-scene accounted world/props/dynamics/actors plus decals/effects; excludes sky, reflections, emissive duplicates, post and UI","texture_binds":21,"vertices":"sum of distinct indexed vertices per submitted range/object, not a globally deduplicated count or triangle estimate","visibility":"CPU frustum acceptance and encoded draws, not GPU occlusion visibility or FPS"},"event":"capture","frame":{"base_color_format":"Rgba8UnormSrgb decoded to linear","bloom_allowed":false,"bloom_requested":true,"culling":true,"diagnostic_identity_post":true,"drawable":[1280,720],"scene_format":"Rgba16Float linear HDR","scene_size":[1280,720],"scene_uploaded_selector":1.0,"sky_decals_effects_suppressed":true,"world_uploaded_selector":1.0},"level":"art_style_hero","meaning":"sampled authored base PNG RGB only; excludes tint, lighting and post; source tint is not recoverable from vertex-lit static colors","mode":"albedo","requested":{"bloom":true,"filtering":"high","lighting":"high","lightmaps":"full","quality":"high","reflections":"full"},"resident":{"active_plane":null,"active_probe":0,"atlas":{"bytes":33554432,"chart_texels":287480,"charts":5631,"format":"Rgba16Float irradiance+signed moment","page_edge":1024,"pages":2},"characters":null,"dynamic":{"draws":1,"meshes":1,"objects":1,"vertices":432},"filtering":"high","lighting_uniform":{"fog_density":0.009499999694526196,"fog_region_count":0,"light_scale":[1.0,1.0,1.0],"lightmap_enabled":1.0,"page_count":2,"switchable_word":393216},"lightmaps":"full","lightmaps_resident":true,"planar_resident":false,"props":{"chunks":19,"draws":24,"indices":16494,"texture_bytes":6313276,"vertices":16494},"quality":"high","reflection_enabled":true,"reflection_probes":[{"face_size":64,"mip_levels":7,"position":[9.399998664855957,2.5999999046325684,9.149999618530273]}],"world":{"chunks":1,"draws":29,"index_bytes":2232,"indices":1116,"vertex_bytes":55328,"vertices":728}},"surface_submission":{"draw_calls":33,"material_changes":23,"source":"last surface RenderStats; may remain zero or stale when acquisition is skipped","texture_binds":21,"visible_batches":33,"visible_vertices":9930},"unavailable":{"charts":"atlas grid has no true chart ID/boundary/seam metadata","decomposition":"direct/indirect/filter/fill remain offline solver exports","metallic":"no material shader input","probe_field":"probe positions, validity and visibility labels have no runtime visualization provider","shadow_ao":"no standalone payload"}}
PLACES_CAPTURE: wrote /Users/connordawkins/Documents/GitHub/Places/docs/art-style/stage3/diagnostics/native/annex-albedo/annex.png
BENCH_SUMMARY {"level":"art_style_hero","frames":72,"swap_interval":0,"update_mean_ms":0.058,"render_mean_ms":5.252,"swap_mean_ms":1.565,"frame_mean_ms":6.876,"loop_mean_ms":5.512,"frame_median_ms":6.885,"loop_median_ms":7.018,"frame_p95_ms":11.303,"frame_p99_ms":16.235,"loop_p95_ms":11.085,"loop_p99_ms":15.624,"frame_min_ms":0.461,"frame_max_ms":119.396,"loop_min_ms":0.663,"loop_max_ms":16.451,"fps_median":142.49,"fps_p95":90.21,"fps_p99":64.00,"fps_1pct_low":64.00,"fps_mean":181.41,"measured_fps_mean":145.44,"worst_fps":60.78,"total_vertices":17654,"visible_vertices":9930,"culled_vertices":7724,"total_batches":54,"visible_batches":33,"draw_calls":33,"vbo_bytes":1341704,"index_bytes":36444,"texture_binds":21,"material_changes":23,"reflection_passes":0}
        1.09 real         0.79 user         0.18 sys
           530890752  maximum resident set size
                   0  average shared memory size
                   0  average unshared data size
                   0  average unshared stack size
               35738  page reclaims
                   6  page faults
                   0  swaps
                   0  block input operations
                   0  block output operations
                   0  messages sent
                   0  messages received
                   0  signals received
                   1  voluntary context switches
                5989  involuntary context switches
          9529251462  instructions retired
          3008033986  cycles elapsed
           616908168  peak memory footprint
