[package] /private/var/folders/sl/yxxj_m9n37sgntkntqw0x8yw0000gn/T/places-art-style-hero-bjw8a1gf (assets: /private/var/folders/sl/yxxj_m9n37sgntkntqw0x8yw0000gn/T/places-art-style-hero-bjw8a1gf/assets/levels)
[package] asset root: /private/var/folders/sl/yxxj_m9n37sgntkntqw0x8yw0000gn/T/places-art-style-hero-bjw8a1gf/assets
[settings] quality high (saved high) [startup override] | lighting high | bloom on | reflections full | lightmaps full | vsync off | filtering high | window Windowed 640 x 360
[assets] 205 placeable asset(s) of 353 catalog entries; themes: office, pool, home, outdoor, winter
[renderer] wgpu | adapter: Apple M2 Pro | backend: Metal | device type: IntegratedGpu | surface format: Bgra8UnormSrgb | present mode: Fifo | alpha mode: Opaque | depth format: Depth32Float | drawable: 1280x720
[wgpu] texture filtering: world presets low 4x / medium 8x / high 16x requested | anisotropy supported
[wgpu] present mode Immediate (immediate)
[window] logical 640x360 | drawable 1280x720 pixels | backing scale 2.0x
[wgpu] world pipeline for surface format Bgra8UnormSrgb
[wgpu] post targets: scene 1280x720, bloom 320x180, presented 1280x720
[startup] total 359.9 ms
[startup]   package root: +0.4 ms (0.4 ms)
[startup]   settings: +0.3 ms (0.7 ms)
[startup]   window: +116.5 ms (117.3 ms)
[startup]   asset catalog: +52.2 ms (169.5 ms)
[startup]   renderer device: +9.4 ms (178.9 ms)
[startup]   input responsive: +110.4 ms (289.3 ms)
[startup]   first scene attempted: +31.8 ms (321.2 ms)
[startup]   first UI attempted: +0.0 ms (321.2 ms)
[startup]   first presented: +38.7 ms (359.9 ms)
[loading] package identity level=art_style_hero variant=full sha256=4ec6896ceeb0991333467dbea293aa1bfaa8c2fe36d46ab6673660f82f6c2cf8 source=/var/folders/sl/yxxj_m9n37sgntkntqw0x8yw0000gn/T/places-art-style-hero-bjw8a1gf/assets/levels/art_style_hero.placesmap
[loading] compiled-cache miss level=art_style_hero variant=full
[lightmaps] atlas array: 2 page(s) in 4 layer(s), 1024-texel edge, 33554432 bytes resident
[wgpu] world upload: 502 vertices, 762 indices, 21 draws in 1 chunk(s) (neutral mesh: 502 vertices, 762 indices, 21 ranges)
[wgpu] textures: 14 unique, 13 uploaded, 6 cache hits, 1 fallbacks, 0 missing of 21 draws (75497456 bytes resident, max edge 1024px, high filtering)
[wgpu] materials: 17 resolved (12 response, 3 reflection-eligible), 2 normal maps (2 uploaded, 0 cache hits), 18 opaque / 0 cutout / 3 translucent of 21 draws (enabled response, high level)
[wgpu] decals: 0 draw(s), 0 chunk(s), 1 sheet(s) (0 external, 0 diagnostic)
[wgpu] sky `outdoor:tex_sky_stars_01`: 1024x512 uploaded
[wgpu] uploaded 2 packaged reflection probe(s) at 64 texels, 7 mip level(s)
[loading] committed art_style_hero
[props] 21 models cached (0 failed), 6188 triangles, 5136 KiB of textures, 26 draw call(s)
[level] 502 static vertices, 20316 prop vertices, 26 prop draw call(s), built in 0.3 ms (lighting 0.0 + props 0.0 + surfaces 0.0)
[spatial] 21 static batch(es) (floor 8 / ceiling 1 / wall 10 / light 2 / prop box 0 / decal 0), 26 prop batch(es)
[lighting] baked 3 room(s) / 3 baseline area(s) from 5 fixture(s): 14 wall + 88 slab + 228 prop blocker(s), baselines 0.35..0.41 (avg 0.39)
[lightmaps] 2 page(s), 6874 chart(s), 246682 chart texels, 2097152 page texels (32768 KiB), filled in 0.0 ms
[dynamic] 0 object(s): 0 draw call(s), 0 vertices (the demonstration path; never part of the static bake); doors: 0/0
[characters] `home:dining_chair_refined` spawns through the dynamic path: the runtime model `environment/home/props/models/dining_chair_refined.glb` carries no skin or animation; it cannot be posed
[wgpu] characters: 1 character(s), 1 mesh(es), 2 draw(s), 3810 vertices
PLACES_CAPTURE: wrote /Users/connordawkins/Documents/GitHub/Places/docs/art-style/stage7/before/high/entities.png
BENCH_SUMMARY {"level":"art_style_hero","frames":179,"swap_interval":0,"update_mean_ms":0.081,"render_mean_ms":1.982,"swap_mean_ms":0.469,"frame_mean_ms":2.533,"loop_mean_ms":2.248,"frame_median_ms":0.904,"loop_median_ms":1.035,"frame_p95_ms":8.321,"frame_p99_ms":9.155,"loop_p95_ms":8.452,"loop_p99_ms":9.360,"frame_min_ms":0.401,"frame_max_ms":83.045,"loop_min_ms":0.509,"loop_max_ms":9.454,"fps_median":966.42,"fps_p95":118.31,"fps_p99":106.84,"fps_1pct_low":106.84,"fps_mean":444.75,"measured_fps_mean":394.81,"worst_fps":105.77,"total_vertices":21570,"visible_vertices":19800,"culled_vertices":1770,"total_batches":48,"visible_batches":30,"draw_calls":30,"vbo_bytes":1639320,"index_bytes":44100,"texture_binds":25,"material_changes":27,"reflection_passes":0,"visible_indices":15540}
        1.27 real         1.07 user         0.29 sys
           528072704  maximum resident set size
                   0  average shared memory size
                   0  average unshared data size
                   0  average unshared stack size
               35718  page reclaims
                   6  page faults
                   0  swaps
                   0  block input operations
                   0  block output operations
                   0  messages sent
                   0  messages received
                   0  signals received
                   4  voluntary context switches
               12685  involuntary context switches
         12593790904  instructions retired
          4294181123  cycles elapsed
           613614960  peak memory footprint
