[package] /private/var/folders/sl/yxxj_m9n37sgntkntqw0x8yw0000gn/T/places-art-style-hero-bcdva3su (assets: /private/var/folders/sl/yxxj_m9n37sgntkntqw0x8yw0000gn/T/places-art-style-hero-bcdva3su/assets/levels)
[package] asset root: /private/var/folders/sl/yxxj_m9n37sgntkntqw0x8yw0000gn/T/places-art-style-hero-bcdva3su/assets
[settings] quality high (saved high) [startup override] | lighting high | bloom on | reflections full | lightmaps full | vsync off | filtering high | window Windowed 640 x 360
[assets] 204 placeable asset(s) of 352 catalog entries; themes: office, pool, home, outdoor, winter
[renderer] wgpu | adapter: Apple M2 Pro | backend: Metal | device type: IntegratedGpu | surface format: Bgra8UnormSrgb | present mode: Fifo | alpha mode: Opaque | depth format: Depth32Float | drawable: 1280x720
[wgpu] texture filtering: world presets low 4x / medium 8x / high 16x requested | anisotropy supported
[visual-diagnostic] {"applied":{"bloom":true,"filtering":"high","lighting":"high","lightmaps":"full","quality":"high","reflections":"full"},"capture_submission":null,"event":"select","frame":{"base_color_format":"Rgba8UnormSrgb decoded to linear","bloom_allowed":false,"bloom_requested":true,"culling":true,"diagnostic_identity_post":true,"drawable":[1280,720],"scene_format":"Rgba16Float linear HDR","scene_size":null,"scene_uploaded_selector":null,"sky_decals_effects_suppressed":true,"world_uploaded_selector":null},"level":null,"meaning":"sampled authored base PNG RGB only; excludes tint, lighting and post; source tint is not recoverable from vertex-lit static colors","mode":"albedo","requested":{"bloom":true,"filtering":"high","lighting":"high","lightmaps":"full","quality":"high","reflections":"full"},"resident":{"active_plane":null,"active_probe":0,"atlas":{"bytes":0,"chart_texels":0,"charts":0,"format":"Rgba16Float irradiance+signed moment","page_edge":0,"pages":0},"characters":null,"dynamic":null,"filtering":"high","lighting_uniform":null,"lightmaps":"full","lightmaps_resident":false,"planar_resident":false,"props":null,"quality":"high","reflection_enabled":true,"reflection_probes":[],"world":null},"surface_submission":{"draw_calls":0,"material_changes":0,"source":"last surface RenderStats; may remain zero or stale when acquisition is skipped","texture_binds":0,"visible_batches":0,"visible_vertices":0},"unavailable":{"charts":"atlas grid has no true chart ID/boundary/seam metadata","decomposition":"direct/indirect/filter/fill remain offline solver exports","metallic":"no material shader input","probe_field":"probe positions, validity and visibility labels have no runtime visualization provider","shadow_ao":"no standalone payload"}}
[wgpu] present mode Immediate (immediate)
[window] logical 640x360 | drawable 1280x720 pixels | backing scale 2.0x
[loading] package identity level=art_style_hero variant=full sha256=dcc7abd015ce0fa07b4823a1491639993796a4bf6e6bbb5a44476f35817a4a56 source=/var/folders/sl/yxxj_m9n37sgntkntqw0x8yw0000gn/T/places-art-style-hero-bcdva3su/assets/levels/art_style_hero.placesmap
[loading] compiled-cache miss level=art_style_hero variant=full
[wgpu] world pipeline for surface format Bgra8UnormSrgb
[wgpu] post targets: scene 1280x720, bloom 320x180, presented 1280x720
[lightmaps] atlas array: 2 page(s) in 4 layer(s), 1024-texel edge, 33554432 bytes resident
[startup] total 1777.6 ms
[startup]   package root: +0.3 ms (0.3 ms)
[startup]   settings: +0.4 ms (0.7 ms)
[startup]   window: +137.7 ms (138.4 ms)
[startup]   asset catalog: +3.0 ms (141.4 ms)
[startup]   renderer device: +13.5 ms (154.9 ms)
[startup]   input responsive: +58.5 ms (213.4 ms)
[startup]   first scene attempted: +1507.8 ms (1721.2 ms)
[startup]   first UI attempted: +0.0 ms (1721.2 ms)
[startup]   world geometry: pack: +51.7 ms (1772.9 ms)
[startup]   world geometry: GPU upload: +0.1 ms (1773.0 ms)
[startup]   first presented: +4.6 ms (1777.6 ms)
[wgpu] world upload: 684 vertices, 1050 indices, 29 draws in 1 chunk(s) (neutral mesh: 684 vertices, 1050 indices, 29 ranges)
[wgpu] textures: 15 unique, 14 uploaded, 9 cache hits, 3 fallbacks, 0 missing of 29 draws (81089860 bytes resident, max edge 1024px, high filtering)
[wgpu] materials: 16 resolved (11 response, 1 reflection-eligible), 2 normal maps (2 uploaded, 0 cache hits), 24 opaque / 1 cutout / 4 translucent of 29 draws (enabled response, high level)
[wgpu] decals: 0 draw(s), 0 chunk(s), 1 sheet(s) (0 external, 0 diagnostic)
[wgpu] sky `outdoor:tex_sky_stars_01`: 1024x512 uploaded
[wgpu] uploaded 1 packaged reflection probe(s) at 64 texels, 7 mip level(s)
[loading] committed art_style_hero
[props] 19 models cached (0 failed), 5498 triangles, 4624 KiB of textures, 24 draw call(s)
[level] 684 static vertices, 16494 prop vertices, 24 prop draw call(s), built in 0.3 ms (lighting 0.0 + props 0.0 + surfaces 0.0)
[spatial] 29 static batch(es) (floor 8 / ceiling 2 / wall 13 / light 6 / prop box 0 / decal 0), 24 prop batch(es)
[lighting] baked 5 room(s) / 5 baseline area(s) from 6 fixture(s): 28 wall + 79 slab + 258 prop blocker(s), baselines 0.31..0.41 (avg 0.38)
[lightmaps] 2 page(s), 5620 chart(s), 260211 chart texels, 2097152 page texels (32768 KiB), filled in 0.0 ms
[dynamic] 0 object(s): 0 draw call(s), 0 vertices (the demonstration path; never part of the static bake); doors: 0/0
[characters] `home:dining_chair` spawns through the dynamic path: the runtime model `environment/home/props/models/dining_chair.glb` carries no skin or animation; it cannot be posed
[visual-diagnostic] {"applied":{"bloom":true,"filtering":"high","lighting":"high","lightmaps":"full","quality":"high","reflections":"full"},"capture_submission":{"draw_calls":33,"frustum_visible_batches":33,"frustum_visible_distinct_vertices":9894,"material_binds":23,"scope":"base-scene accounted world/props/dynamics/actors plus decals/effects; excludes sky, reflections, emissive duplicates, post and UI","texture_binds":21,"vertices":"sum of distinct indexed vertices per submitted range/object, not a globally deduplicated count or triangle estimate","visibility":"CPU frustum acceptance and encoded draws, not GPU occlusion visibility or FPS"},"event":"capture","frame":{"base_color_format":"Rgba8UnormSrgb decoded to linear","bloom_allowed":false,"bloom_requested":true,"culling":true,"diagnostic_identity_post":true,"drawable":[1280,720],"scene_format":"Rgba16Float linear HDR","scene_size":[1280,720],"scene_uploaded_selector":1.0,"sky_decals_effects_suppressed":true,"world_uploaded_selector":1.0},"level":"art_style_hero","meaning":"sampled authored base PNG RGB only; excludes tint, lighting and post; source tint is not recoverable from vertex-lit static colors","mode":"albedo","requested":{"bloom":true,"filtering":"high","lighting":"high","lightmaps":"full","quality":"high","reflections":"full"},"resident":{"active_plane":null,"active_probe":0,"atlas":{"bytes":33554432,"chart_texels":260211,"charts":5620,"format":"Rgba16Float irradiance+signed moment","page_edge":1024,"pages":2},"characters":null,"dynamic":{"draws":1,"meshes":1,"objects":1,"vertices":432},"filtering":"high","lighting_uniform":{"fog_density":0.009499999694526196,"fog_region_count":0,"light_scale":[1.0,1.0,1.0],"lightmap_enabled":1.0,"page_count":2,"switchable_word":393216},"lightmaps":"full","lightmaps_resident":true,"planar_resident":false,"props":{"chunks":19,"draws":24,"indices":16494,"texture_bytes":6313276,"vertices":16494},"quality":"high","reflection_enabled":true,"reflection_probes":[{"face_size":64,"mip_levels":7,"position":[9.399998664855957,2.5999999046325684,9.149999618530273]}],"world":{"chunks":1,"draws":29,"index_bytes":2100,"indices":1050,"vertex_bytes":51984,"vertices":684}},"surface_submission":{"draw_calls":33,"material_changes":23,"source":"last surface RenderStats; may remain zero or stale when acquisition is skipped","texture_binds":21,"visible_batches":33,"visible_vertices":9894},"unavailable":{"charts":"atlas grid has no true chart ID/boundary/seam metadata","decomposition":"direct/indirect/filter/fill remain offline solver exports","metallic":"no material shader input","probe_field":"probe positions, validity and visibility labels have no runtime visualization provider","shadow_ao":"no standalone payload"}}
PLACES_CAPTURE: wrote /Users/connordawkins/Documents/GitHub/Places/docs/art-style/stage3/before/controls-albedo/annex.png
BENCH_SUMMARY {"level":"art_style_hero","frames":98,"swap_interval":0,"update_mean_ms":0.232,"render_mean_ms":3.920,"swap_mean_ms":1.132,"frame_mean_ms":5.283,"loop_mean_ms":4.417,"frame_median_ms":1.570,"loop_median_ms":1.785,"frame_p95_ms":14.877,"frame_p99_ms":16.534,"loop_p95_ms":14.604,"loop_p99_ms":15.744,"frame_min_ms":0.347,"frame_max_ms":111.706,"loop_min_ms":0.589,"loop_max_ms":16.715,"fps_median":560.21,"fps_p95":68.47,"fps_p99":63.52,"fps_1pct_low":63.52,"fps_mean":226.38,"measured_fps_mean":189.29,"worst_fps":59.83,"total_vertices":17610,"visible_vertices":9894,"culled_vertices":7716,"total_batches":54,"visible_batches":33,"draw_calls":33,"vbo_bytes":1338360,"index_bytes":36312,"texture_binds":21,"material_changes":23,"reflection_passes":0}
        3.30 real         0.82 user         0.22 sys
           531513344  maximum resident set size
                   0  average shared memory size
                   0  average unshared data size
                   0  average unshared stack size
               35382  page reclaims
                 127  page faults
                   0  swaps
                   0  block input operations
                   0  block output operations
                   0  messages sent
                   0  messages received
                   0  signals received
                 173  voluntary context switches
                6351  involuntary context switches
          9582869504  instructions retired
          3077895836  cycles elapsed
           596821408  peak memory footprint
