[package] /private/var/folders/sl/yxxj_m9n37sgntkntqw0x8yw0000gn/T/places-art-style-hero-fmhlxe_8 (assets: /private/var/folders/sl/yxxj_m9n37sgntkntqw0x8yw0000gn/T/places-art-style-hero-fmhlxe_8/assets/levels)
[package] asset root: /private/var/folders/sl/yxxj_m9n37sgntkntqw0x8yw0000gn/T/places-art-style-hero-fmhlxe_8/assets
[settings] quality high (saved high) [startup override] | lighting high | bloom on | reflections full | lightmaps full | vsync off | filtering high | window Windowed 640 x 360
[assets] 204 placeable asset(s) of 352 catalog entries; themes: office, pool, home, outdoor, winter
[renderer] wgpu | adapter: Apple M2 Pro | backend: Metal | device type: IntegratedGpu | surface format: Bgra8UnormSrgb | present mode: Fifo | alpha mode: Opaque | depth format: Depth32Float | drawable: 1280x720
[wgpu] texture filtering: world presets low 4x / medium 8x / high 16x requested | anisotropy supported
[wgpu] present mode Immediate (immediate)
[window] logical 640x360 | drawable 1280x720 pixels | backing scale 2.0x
[loading] package identity level=art_style_hero variant=full sha256=136d9434170cdc6f4858e2036bdc4d2ae9741929bd9aa2215b2a4dbbe779c7a7 source=/var/folders/sl/yxxj_m9n37sgntkntqw0x8yw0000gn/T/places-art-style-hero-fmhlxe_8/assets/levels/art_style_hero.placesmap
[loading] compiled-cache miss level=art_style_hero variant=full
[wgpu] world pipeline for surface format Bgra8UnormSrgb
[wgpu] post targets: scene 1280x720, bloom 320x180, presented 1280x720
[lightmaps] atlas array: 2 page(s) in 8 layer(s), 1024-texel edge, 67108864 bytes resident
[startup] total 2658.6 ms
[startup]   package root: +0.6 ms (0.6 ms)
[startup]   settings: +0.9 ms (1.5 ms)
[startup]   window: +133.0 ms (134.5 ms)
[startup]   asset catalog: +2.1 ms (136.6 ms)
[startup]   renderer device: +11.4 ms (148.0 ms)
[startup]   input responsive: +56.2 ms (204.2 ms)
[startup]   first scene attempted: +2345.5 ms (2549.8 ms)
[startup]   first UI attempted: +0.0 ms (2549.8 ms)
[startup]   world geometry: pack: +76.6 ms (2626.3 ms)
[startup]   world geometry: GPU upload: +0.1 ms (2626.4 ms)
[startup]   first presented: +32.2 ms (2658.6 ms)
[wgpu] world upload: 312 vertices, 480 indices, 15 draws in 1 chunk(s) (neutral mesh: 312 vertices, 480 indices, 15 ranges)
[wgpu] textures: 10 unique, 9 uploaded, 3 cache hits, 1 fallbacks, 0 missing of 15 draws (53127840 bytes resident, max edge 1024px, high filtering)
[wgpu] materials: 12 resolved (6 response, 1 reflection-eligible), 2 normal maps (2 uploaded, 0 cache hits), 14 opaque / 0 cutout / 1 translucent of 15 draws (enabled response, high level)
[wgpu] decals: 0 draw(s), 0 chunk(s), 1 sheet(s) (0 external, 0 diagnostic)
[wgpu] sky `outdoor:tex_sky_stars_01`: 1024x512 uploaded
[wgpu] uploaded 1 packaged reflection probe(s) at 64 texels, 7 mip level(s)
[wgpu] characters: 3 character(s), 1 mesh(es), 9 draw(s), 9087 vertices
[loading] committed art_style_hero
[props] 17 models cached (0 failed), 6674 triangles, 4624 KiB of textures, 21 draw call(s)
[level] 312 static vertices, 15900 prop vertices, 21 prop draw call(s), built in 0.2 ms (lighting 0.0 + props 0.0 + surfaces 0.0)
[spatial] 15 static batch(es) (floor 4 / ceiling 1 / wall 7 / light 3 / prop box 0 / decal 0), 21 prop batch(es)
[lighting] baked 3 room(s) / 3 baseline area(s) from 4 fixture(s): 14 wall + 36 slab + 222 prop blocker(s), baselines 0.31..0.40 (avg 0.36)
[lightmaps] 2 page(s), 5354 chart(s), 203798 chart texels, 2097152 page texels (32768 KiB), filled in 0.0 ms
[dynamic] 0 object(s): 0 draw call(s), 0 vertices (the demonstration path; never part of the static bake); doors: 0/0
[characters] `home:dining_chair` spawns through the dynamic path: the runtime model `environment/home/props/models/dining_chair.glb` carries no skin or animation; it cannot be posed
PLACES_CAPTURE: wrote /Users/connordawkins/Documents/GitHub/Places/docs/art-style/stage4/snapshot-verification-switchable/actors.png
BENCH_SUMMARY {"level":"art_style_hero","frames":109,"swap_interval":0,"update_mean_ms":0.697,"render_mean_ms":3.107,"swap_mean_ms":0.970,"frame_mean_ms":4.775,"loop_mean_ms":3.999,"frame_median_ms":1.194,"loop_median_ms":1.365,"frame_p95_ms":15.280,"frame_p99_ms":17.452,"loop_p95_ms":15.061,"loop_p99_ms":16.093,"frame_min_ms":0.849,"frame_max_ms":105.470,"loop_min_ms":1.022,"loop_max_ms":17.633,"fps_median":732.78,"fps_p95":66.40,"fps_p99":62.14,"fps_1pct_low":62.14,"fps_mean":250.05,"measured_fps_mean":209.44,"worst_fps":56.71,"total_vertices":16644,"visible_vertices":20038,"culled_vertices":0,"total_batches":37,"visible_batches":30,"draw_calls":30,"vbo_bytes":1264944,"index_bytes":33984,"texture_binds":26,"material_changes":28,"reflection_passes":0}
        4.08 real         0.94 user         0.25 sys
           660045824  maximum resident set size
                   0  average shared memory size
                   0  average unshared data size
                   0  average unshared stack size
               55677  page reclaims
                  39  page faults
                   0  swaps
                   0  block input operations
                   0  block output operations
                   0  messages sent
                   0  messages received
                   0  signals received
                   1  voluntary context switches
                7831  involuntary context switches
         11425426661  instructions retired
          3579886233  cycles elapsed
           816055856  peak memory footprint
