[package] /private/var/folders/sl/yxxj_m9n37sgntkntqw0x8yw0000gn/T/places-art-style-hero-r5cywo22 (assets: /private/var/folders/sl/yxxj_m9n37sgntkntqw0x8yw0000gn/T/places-art-style-hero-r5cywo22/assets/levels)
[package] asset root: /private/var/folders/sl/yxxj_m9n37sgntkntqw0x8yw0000gn/T/places-art-style-hero-r5cywo22/assets
[settings] quality high (saved high) [startup override] | lighting high | bloom on | reflections full | lightmaps full | vsync off | filtering high | window Windowed 640 x 360
[assets] 204 placeable asset(s) of 352 catalog entries; themes: office, pool, home, outdoor, winter
[renderer] wgpu | adapter: Apple M2 Pro | backend: Metal | device type: IntegratedGpu | surface format: Bgra8UnormSrgb | present mode: Fifo | alpha mode: Opaque | depth format: Depth32Float | drawable: 1280x720
[wgpu] texture filtering: world presets low 4x / medium 8x / high 16x requested | anisotropy supported
[wgpu] present mode Immediate (immediate)
[window] logical 640x360 | drawable 1280x720 pixels | backing scale 2.0x
[wgpu] world pipeline for surface format Bgra8UnormSrgb
[wgpu] post targets: scene 1280x720, bloom 320x180, presented 1280x720
[startup] total 236.0 ms
[startup]   package root: +0.1 ms (0.1 ms)
[startup]   settings: +0.2 ms (0.4 ms)
[startup]   window: +98.2 ms (98.6 ms)
[startup]   asset catalog: +1.5 ms (100.0 ms)
[startup]   renderer device: +9.4 ms (109.5 ms)
[startup]   input responsive: +59.4 ms (168.9 ms)
[startup]   first scene attempted: +28.3 ms (197.2 ms)
[startup]   first UI attempted: +0.0 ms (197.2 ms)
[startup]   first presented: +38.8 ms (236.0 ms)
[loading] package identity level=art_style_hero variant=full sha256=5748e65d065fdd12991fa1398905e77f94d35f7cb74fe732b81f69a53056ee17 source=/var/folders/sl/yxxj_m9n37sgntkntqw0x8yw0000gn/T/places-art-style-hero-r5cywo22/assets/levels/art_style_hero.placesmap
[loading] compiled-cache miss level=art_style_hero variant=full
[lightmaps] atlas array: 2 page(s) in 4 layer(s), 1024-texel edge, 33554432 bytes resident
[wgpu] world upload: 312 vertices, 480 indices, 14 draws in 1 chunk(s) (neutral mesh: 312 vertices, 480 indices, 14 ranges)
[wgpu] textures: 10 unique, 9 uploaded, 3 cache hits, 1 fallbacks, 0 missing of 14 draws (53127840 bytes resident, max edge 1024px, high filtering)
[wgpu] materials: 11 resolved (6 response, 1 reflection-eligible), 2 normal maps (2 uploaded, 0 cache hits), 13 opaque / 0 cutout / 1 translucent of 14 draws (enabled response, high level)
[wgpu] decals: 0 draw(s), 0 chunk(s), 1 sheet(s) (0 external, 0 diagnostic)
[wgpu] sky `outdoor:tex_sky_stars_01`: 1024x512 uploaded
[wgpu] uploaded 1 packaged reflection probe(s) at 64 texels, 7 mip level(s)
[wgpu] characters: 3 character(s), 1 mesh(es), 9 draw(s), 9087 vertices
[loading] committed art_style_hero
[props] 17 models cached (0 failed), 6674 triangles, 4624 KiB of textures, 21 draw call(s)
[level] 312 static vertices, 15900 prop vertices, 21 prop draw call(s), built in 0.2 ms (lighting 0.0 + props 0.0 + surfaces 0.0)
[spatial] 14 static batch(es) (floor 4 / ceiling 1 / wall 7 / light 2 / prop box 0 / decal 0), 21 prop batch(es)
[lighting] baked 3 room(s) / 3 baseline area(s) from 4 fixture(s): 14 wall + 36 slab + 222 prop blocker(s), baselines 0.31..0.41 (avg 0.37)
[lightmaps] 2 page(s), 5354 chart(s), 203798 chart texels, 2097152 page texels (32768 KiB), filled in 0.0 ms
[dynamic] 0 object(s): 0 draw call(s), 0 vertices (the demonstration path; never part of the static bake); doors: 0/0
[lighting-sequence] frame=1 action=Spawn { key: 900, model: "spooner-man", character: true, position: [6.6, 0.0, 2.3], yaw: 180.0, scale: 1.0 } applied=true
[wgpu] characters: 4 character(s), 1 mesh(es), 12 draw(s), 12116 vertices
[characters] `home:dining_chair` spawns through the dynamic path: the runtime model `environment/home/props/models/dining_chair.glb` carries no skin or animation; it cannot be posed
BENCH_SUMMARY {"level":"art_style_hero","frames":1000,"swap_interval":0,"update_mean_ms":0.844,"render_mean_ms":3.416,"swap_mean_ms":0.015,"frame_mean_ms":4.275,"loop_mean_ms":4.462,"frame_median_ms":1.442,"loop_median_ms":1.640,"frame_p95_ms":12.973,"frame_p99_ms":14.733,"loop_p95_ms":13.187,"loop_p99_ms":14.905,"frame_min_ms":0.798,"frame_max_ms":17.886,"loop_min_ms":0.892,"loop_max_ms":18.059,"fps_median":609.80,"fps_p95":75.83,"fps_p99":67.09,"fps_1pct_low":67.09,"fps_mean":224.10,"measured_fps_mean":233.91,"worst_fps":55.37,"total_vertices":16644,"visible_vertices":23067,"culled_vertices":0,"total_batches":36,"visible_batches":33,"draw_calls":33,"vbo_bytes":1264944,"index_bytes":33984,"texture_binds":29,"material_changes":31,"reflection_passes":0}
BENCH_SUMMARY {"level":"art_style_hero","frames":1000,"swap_interval":0,"update_mean_ms":0.844,"render_mean_ms":3.416,"swap_mean_ms":0.015,"frame_mean_ms":4.275,"loop_mean_ms":4.462,"frame_median_ms":1.442,"loop_median_ms":1.640,"frame_p95_ms":12.973,"frame_p99_ms":14.733,"loop_p95_ms":13.187,"loop_p99_ms":14.905,"frame_min_ms":0.798,"frame_max_ms":17.886,"loop_min_ms":0.892,"loop_max_ms":18.059,"fps_median":609.80,"fps_p95":75.83,"fps_p99":67.09,"fps_1pct_low":67.09,"fps_mean":224.10,"measured_fps_mean":233.91,"worst_fps":55.37,"total_vertices":16644,"visible_vertices":23067,"culled_vertices":0,"total_batches":36,"visible_batches":33,"draw_calls":33,"vbo_bytes":1264944,"index_bytes":33984,"texture_binds":29,"material_changes":31,"reflection_passes":0}
        5.59 real         1.92 user         1.28 sys
           459259904  maximum resident set size
                   0  average shared memory size
                   0  average unshared data size
                   0  average unshared stack size
               81649  page reclaims
                  31  page faults
                   0  swaps
                   0  block input operations
                   0  block output operations
                   0  messages sent
                   0  messages received
                   0  signals received
                   2  voluntary context switches
               51697  involuntary context switches
         19171044274  instructions retired
          6533173116  cycles elapsed
           514868520  peak memory footprint
