[package] /private/var/folders/sl/yxxj_m9n37sgntkntqw0x8yw0000gn/T/places-art-style-hero-cp053uob (assets: /private/var/folders/sl/yxxj_m9n37sgntkntqw0x8yw0000gn/T/places-art-style-hero-cp053uob/assets/levels)
[package] asset root: /private/var/folders/sl/yxxj_m9n37sgntkntqw0x8yw0000gn/T/places-art-style-hero-cp053uob/assets
[settings] quality high (saved high) [startup override] | lighting high | bloom on | reflections full | lightmaps full | vsync off | filtering high | window Windowed 640 x 360
[assets] 204 placeable asset(s) of 352 catalog entries; themes: office, pool, home, outdoor, winter
[renderer] wgpu | adapter: Apple M2 Pro | backend: Metal | device type: IntegratedGpu | surface format: Bgra8UnormSrgb | present mode: Fifo | alpha mode: Opaque | depth format: Depth32Float | drawable: 1280x720
[wgpu] texture filtering: world presets low 4x / medium 8x / high 16x requested | anisotropy supported
[wgpu] present mode Immediate (immediate)
[window] logical 640x360 | drawable 1280x720 pixels | backing scale 2.0x
[wgpu] world pipeline for surface format Bgra8UnormSrgb
[wgpu] post targets: scene 1280x720, bloom 320x180, presented 1280x720
[startup] total 237.3 ms
[startup]   package root: +0.1 ms (0.1 ms)
[startup]   settings: +0.2 ms (0.3 ms)
[startup]   window: +107.8 ms (108.1 ms)
[startup]   asset catalog: +1.4 ms (109.6 ms)
[startup]   renderer device: +8.9 ms (118.5 ms)
[startup]   input responsive: +54.6 ms (173.0 ms)
[startup]   first scene attempted: +24.3 ms (197.4 ms)
[startup]   first UI attempted: +0.0 ms (197.4 ms)
[startup]   first presented: +39.9 ms (237.3 ms)
[loading] package identity level=art_style_hero variant=full sha256=31daa5d7b7b4f617e0d4d681845df0322be83d0b5f3f996aa64cb07ec93d3ac2 source=/var/folders/sl/yxxj_m9n37sgntkntqw0x8yw0000gn/T/places-art-style-hero-cp053uob/assets/levels/art_style_hero.placesmap
[loading] compiled-cache miss level=art_style_hero variant=full
[lightmaps] atlas array: 2 page(s) in 4 layer(s), 1024-texel edge, 33554432 bytes resident
[wgpu] world upload: 312 vertices, 480 indices, 14 draws in 1 chunk(s) (neutral mesh: 312 vertices, 480 indices, 14 ranges)
[wgpu] textures: 10 unique, 9 uploaded, 3 cache hits, 1 fallbacks, 0 missing of 14 draws (53127840 bytes resident, max edge 1024px, high filtering)
[wgpu] materials: 11 resolved (6 response, 1 reflection-eligible), 2 normal maps (2 uploaded, 0 cache hits), 13 opaque / 0 cutout / 1 translucent of 14 draws (enabled response, high level)
[wgpu] decals: 0 draw(s), 0 chunk(s), 1 sheet(s) (0 external, 0 diagnostic)
[wgpu] sky `outdoor:tex_sky_stars_01`: 1024x512 uploaded
[wgpu] uploaded 1 packaged reflection probe(s) at 64 texels, 7 mip level(s)
[loading] committed art_style_hero
[props] 16 models cached (0 failed), 5300 triangles, 3856 KiB of textures, 21 draw call(s)
[level] 312 static vertices, 15900 prop vertices, 21 prop draw call(s), built in 0.3 ms (lighting 0.0 + props 0.0 + surfaces 0.0)
[spatial] 14 static batch(es) (floor 4 / ceiling 1 / wall 7 / light 2 / prop box 0 / decal 0), 21 prop batch(es)
[lighting] baked 3 room(s) / 3 baseline area(s) from 4 fixture(s): 14 wall + 36 slab + 222 prop blocker(s), baselines 0.31..0.41 (avg 0.37)
[lightmaps] 2 page(s), 5354 chart(s), 203798 chart texels, 2097152 page texels (32768 KiB), filled in 0.0 ms
[dynamic] 0 object(s): 0 draw call(s), 0 vertices (the demonstration path; never part of the static bake); doors: 0/0
[characters] `home:dining_chair` spawns through the dynamic path: the runtime model `environment/home/props/models/dining_chair.glb` carries no skin or animation; it cannot be posed
[wgpu] texture filtering: low active (trilinear + 4x anisotropy requested)
[wgpu] post targets: scene 480x270, bloom 120x67, presented 1280x720
[loading] package identity level=art_style_hero variant=off sha256=31daa5d7b7b4f617e0d4d681845df0322be83d0b5f3f996aa64cb07ec93d3ac2 source=/var/folders/sl/yxxj_m9n37sgntkntqw0x8yw0000gn/T/places-art-style-hero-cp053uob/assets/levels/art_style_hero.placesmap
[loading] compiled-cache miss level=art_style_hero variant=off
[wgpu] world upload: 418 vertices, 900 indices, 14 draws in 1 chunk(s) (neutral mesh: 418 vertices, 900 indices, 14 ranges)
[wgpu] textures: 10 unique, 9 uploaded, 3 cache hits, 1 fallbacks, 0 missing of 14 draws (7514784 bytes resident, max edge 1024px, low filtering)
[wgpu] materials: 11 resolved (0 response, 0 reflection-eligible), 0 normal maps (0 uploaded, 0 cache hits), 13 opaque / 0 cutout / 1 translucent of 14 draws (disabled response, low level)
[wgpu] decals: 0 draw(s), 0 chunk(s), 1 sheet(s) (0 external, 0 diagnostic)
[wgpu] sky `outdoor:tex_sky_stars_01`: 512x256 uploaded
[loading] committed art_style_hero
[props] 16 models cached (0 failed), 5300 triangles, 3856 KiB of textures, 21 draw call(s)
[level] 418 static vertices, 15900 prop vertices, 21 prop draw call(s), built in 0.2 ms (lighting 0.0 + props 0.0 + surfaces 0.0)
[spatial] 14 static batch(es) (floor 4 / ceiling 1 / wall 7 / light 2 / prop box 0 / decal 0), 21 prop batch(es)
[lighting] baked 3 room(s) / 3 baseline area(s) from 4 fixture(s): 14 wall + 36 slab + 193 prop blocker(s), baselines 0.31..0.41 (avg 0.37)
[lightmaps] 0 page(s), 0 chart(s), 0 chart texels, 0 page texels (0 KiB), filled in 0.0 ms
[dynamic] 1 object(s): 1 draw call(s), 432 vertices (the demonstration path; never part of the static bake); doors: 0/0
[wgpu] texture filtering: high active (trilinear + 16x anisotropy requested)
[wgpu] post targets: scene 1280x720, bloom 320x180, presented 1280x720
[loading] package identity level=art_style_hero variant=full sha256=31daa5d7b7b4f617e0d4d681845df0322be83d0b5f3f996aa64cb07ec93d3ac2 source=/var/folders/sl/yxxj_m9n37sgntkntqw0x8yw0000gn/T/places-art-style-hero-cp053uob/assets/levels/art_style_hero.placesmap
[loading] compiled-cache hit level=art_style_hero variant=full
[lightmaps] atlas array: 2 page(s) in 4 layer(s), 1024-texel edge, 33554432 bytes resident
[wgpu] world upload: 312 vertices, 480 indices, 14 draws in 1 chunk(s) (neutral mesh: 312 vertices, 480 indices, 14 ranges)
[wgpu] textures: 10 unique, 9 uploaded, 3 cache hits, 1 fallbacks, 0 missing of 14 draws (53127840 bytes resident, max edge 1024px, high filtering)
[wgpu] materials: 11 resolved (6 response, 1 reflection-eligible), 2 normal maps (2 uploaded, 0 cache hits), 13 opaque / 0 cutout / 1 translucent of 14 draws (enabled response, high level)
[wgpu] decals: 0 draw(s), 0 chunk(s), 1 sheet(s) (0 external, 0 diagnostic)
[wgpu] sky `outdoor:tex_sky_stars_01`: 1024x512 uploaded
[wgpu] uploaded 1 packaged reflection probe(s) at 64 texels, 7 mip level(s)
[loading] committed art_style_hero
[props] 16 models cached (0 failed), 5300 triangles, 3856 KiB of textures, 21 draw call(s)
[level] 312 static vertices, 15900 prop vertices, 21 prop draw call(s), built in 0.2 ms (lighting 0.0 + props 0.0 + surfaces 0.0)
[spatial] 14 static batch(es) (floor 4 / ceiling 1 / wall 7 / light 2 / prop box 0 / decal 0), 21 prop batch(es)
[lighting] baked 3 room(s) / 3 baseline area(s) from 4 fixture(s): 14 wall + 36 slab + 222 prop blocker(s), baselines 0.31..0.41 (avg 0.37)
[lightmaps] 2 page(s), 5354 chart(s), 203798 chart texels, 2097152 page texels (32768 KiB), filled in 0.0 ms
[dynamic] 1 object(s): 1 draw call(s), 432 vertices (the demonstration path; never part of the static bake); doors: 0/0
[entity-light] name=DynamicId(0) path=dynamic:environment/home/props/models/dining_chair.glb map=Some("art_style_hero") graphics=GraphicsSpec { quality: High, lighting: High, filtering: "high", bloom: true, lightmaps: Full, reflections: Full } transform=Mat4 { x_axis: Vec4(1.0, 0.0, 0.0, 0.0), y_axis: Vec4(0.0, 1.0, 0.0, 0.0), z_axis: Vec4(0.0, 0.0, 1.0, 0.0), w_axis: Vec4(6.7, 0.0, 1.3, 1.0) } sample_position=[6.7, 0.451, 1.3] cell=Some([4.0, 0.0, 5.0]) room=Some(0) region=Some(0) sample=EntityLighting { prepared: Some(LightmapTexel { irradiance: [0.47301406, 0.45541227, 0.42335755], direction: [-0.14091948, 0.32532603, 0.2681026], axis: [0.5, 0.5] }), display: [0.47301406, 0.45541227, 0.42335755], source: Prepared } candidates=Some([ProbeContribution { id: 229, world_position: [5.25, 0.09999871, 1.1500025], distance_m: 1.499400078704088, weight: 0.019195228371806778, probe: ProbeSample { irradiance: [0.47804824, 0.46120396, 0.43106818], direction: [0.0060251104, 0.33672854, 0.28405392], axis: [0.5, 0.5], room: 0 } }, ProbeContribution { id: 230, world_position: [6.75, 0.09999871, 1.1500025], distance_m: 0.3849690483953417, weight: 0.8843018700433327, probe: ProbeSample { irradiance: [0.46854758, 0.4508789, 0.41874203], direction: [-0.14016163, 0.32999378, 0.26875642], axis: [0.5, 0.5], room: 0 } }, ProbeContribution { id: 238, world_position: [5.25, 1.5999987, 1.1500025], distance_m: 1.856124111856875, weight: 0.007278506758140935, probe: ProbeSample { irradiance: [0.4691195, 0.45421425, 0.4288054], direction: [0.06200957, 0.22354375, 0.41850567], axis: [0.5, 0.5], room: 0 } }, ProbeContribution { id: 239, world_position: [6.75, 1.5999987, 1.1500025], distance_m: 1.159826405468104, weight: 0.04824253364805085, probe: ProbeSample { irradiance: [0.46801808, 0.45240784, 0.42316964], direction: [-0.18890867, 0.17600307, 0.33799657], axis: [0.5, 0.5], room: 0 } }, ProbeContribution { id: 274, world_position: [5.25, 0.09999871, 2.6500025], distance_m: 2.012015948676511, weight: 0.004620995371066412, probe: ProbeSample { irradiance: [0.5943321, 0.57523024, 0.5394654], direction: [0.04877853, 0.49586445, 0.14985788], axis: [0.5, 0.5], room: 0 } }, ProbeContribution { id: 275, world_position: [6.75, 0.09999871, 2.6500025], distance_m: 1.395782486612162, weight: 0.025315675508942814, probe: ProbeSample { irradiance: [0.57449096, 0.55375886, 0.51618505], direction: [-0.21923521, 0.4369344, 0.112539425], axis: [0.5, 0.5], room: 0 } }, ProbeContribution { id: 283, world_position: [5.25, 1.5999987, 2.6500025], distance_m: 2.2902411009165147, weight: 0.0018405930921230383, probe: ProbeSample { irradiance: [0.5681668, 0.551184, 0.52154315], direction: [0.05475992, 0.46681726, 0.2401961], axis: [0.5, 0.5], room: 0 } }, ProbeContribution { id: 284, world_position: [6.75, 1.5999987, 2.6500025], distance_m: 1.773472546314681, weight: 0.009166511987444226, probe: ProbeSample { irradiance: [0.5618876, 0.5458118, 0.5142067], direction: [-0.3484823, 0.2948963, 0.18100576], axis: [0.5, 0.5], room: 0 } }, ProbeContribution { id: 320, world_position: [6.75, 0.09999871, 4.1500025], distance_m: 2.8719708096782677, weight: 3.808521909227506e-5, probe: ProbeSample { irradiance: [0.554261, 0.535467, 0.49977922], direction: [-0.25150484, 0.40332013, -0.16776958], axis: [0.5, 0.5], room: 0 } }]) uploaded_energy_moment_scale=Some(([0.47301406, 0.45541227, 0.42335755, 1.0], [-0.14091948, 0.32532603, 0.2681026, 0.0], [1.0, 1.0, 1.0])) pre_tonemap_normal_samples=Some([([1.0, 0.0, 0.0], [0.31747767, 0.30566368, 0.2841492]), ([-1.0, 0.0, 0.0], [0.4160983, 0.40061447, 0.37241673]), ([0.0, 1.0, 0.0], [0.5451528, 0.5248666, 0.48792323]), ([0.0, -1.0, 0.0], [0.31747767, 0.30566368, 0.2841492]), ([0.0, 0.0, 1.0], [0.50510573, 0.48630974, 0.45208025]), ([0.0, 0.0, -1.0], [0.31747767, 0.30566368, 0.2841492])])
PLACES_CAPTURE: wrote /Users/connordawkins/Documents/GitHub/Places/docs/art-style/stage4/before/restore-high/entities.png
BENCH_SUMMARY {"level":"art_style_hero","frames":165,"swap_interval":0,"update_mean_ms":0.238,"render_mean_ms":4.387,"swap_mean_ms":0.682,"frame_mean_ms":5.307,"loop_mean_ms":4.864,"frame_median_ms":1.860,"loop_median_ms":2.215,"frame_p95_ms":14.536,"frame_p99_ms":16.115,"loop_p95_ms":14.473,"loop_p99_ms":16.143,"frame_min_ms":0.432,"frame_max_ms":110.733,"loop_min_ms":0.580,"loop_max_ms":17.469,"fps_median":451.37,"fps_p95":69.09,"fps_p99":61.95,"fps_1pct_low":61.95,"fps_mean":205.59,"measured_fps_mean":188.44,"worst_fps":57.24,"total_vertices":16644,"visible_vertices":10688,"culled_vertices":5956,"total_batches":36,"visible_batches":17,"draw_calls":17,"vbo_bytes":1264944,"index_bytes":33984,"texture_binds":13,"material_changes":15,"reflection_passes":0}
        1.65 real         1.06 user         0.31 sys
           465534976  maximum resident set size
                   0  average shared memory size
                   0  average unshared data size
                   0  average unshared stack size
               38413  page reclaims
                   6  page faults
                   0  swaps
                   0  block input operations
                   0  block output operations
                   0  messages sent
                   0  messages received
                   0  signals received
                   2  voluntary context switches
               12116  involuntary context switches
         13096348050  instructions retired
          4035709942  cycles elapsed
           549389680  peak memory footprint
