[package] /private/var/folders/sl/yxxj_m9n37sgntkntqw0x8yw0000gn/T/places-art-style-hero-nok2_jtk (assets: /private/var/folders/sl/yxxj_m9n37sgntkntqw0x8yw0000gn/T/places-art-style-hero-nok2_jtk/assets/levels)
[package] asset root: /private/var/folders/sl/yxxj_m9n37sgntkntqw0x8yw0000gn/T/places-art-style-hero-nok2_jtk/assets
[settings] quality high (saved high) [startup override] | lighting high | bloom on | reflections full | lightmaps full | vsync off | filtering high | window Windowed 640 x 360
[assets] 204 placeable asset(s) of 352 catalog entries; themes: office, pool, home, outdoor, winter
[renderer] wgpu | adapter: Apple M2 Pro | backend: Metal | device type: IntegratedGpu | surface format: Bgra8UnormSrgb | present mode: Fifo | alpha mode: Opaque | depth format: Depth32Float | drawable: 1280x720
[wgpu] texture filtering: world presets low 4x / medium 8x / high 16x requested | anisotropy supported
[wgpu] present mode Immediate (immediate)
[window] logical 640x360 | drawable 1280x720 pixels | backing scale 2.0x
[wgpu] world pipeline for surface format Bgra8UnormSrgb
[wgpu] post targets: scene 1280x720, bloom 320x180, presented 1280x720
[startup] total 255.2 ms
[startup]   package root: +0.3 ms (0.3 ms)
[startup]   settings: +0.2 ms (0.5 ms)
[startup]   window: +125.9 ms (126.4 ms)
[startup]   asset catalog: +1.6 ms (127.9 ms)
[startup]   renderer device: +9.9 ms (137.9 ms)
[startup]   input responsive: +63.4 ms (201.2 ms)
[startup]   first scene attempted: +31.2 ms (232.4 ms)
[startup]   first UI attempted: +0.0 ms (232.4 ms)
[startup]   first presented: +22.7 ms (255.2 ms)
[loading] package identity level=art_style_hero variant=full sha256=3f791e4b7a9692a4e5d7bfce45429303d462bc013eb14b8d74fe602418464081 source=/var/folders/sl/yxxj_m9n37sgntkntqw0x8yw0000gn/T/places-art-style-hero-nok2_jtk/assets/levels/art_style_hero.placesmap
[loading] compiled-cache miss level=art_style_hero variant=full
[lightmaps] atlas array: 2 page(s) in 4 layer(s), 1024-texel edge, 33554432 bytes resident
[wgpu] world upload: 312 vertices, 480 indices, 14 draws in 1 chunk(s) (neutral mesh: 312 vertices, 480 indices, 14 ranges)
[wgpu] textures: 10 unique, 9 uploaded, 3 cache hits, 1 fallbacks, 0 missing of 14 draws (53127840 bytes resident, max edge 1024px, high filtering)
[wgpu] materials: 11 resolved (6 response, 1 reflection-eligible), 2 normal maps (2 uploaded, 0 cache hits), 13 opaque / 0 cutout / 1 translucent of 14 draws (enabled response, high level)
[wgpu] decals: 0 draw(s), 0 chunk(s), 1 sheet(s) (0 external, 0 diagnostic)
[wgpu] sky `outdoor:tex_sky_stars_01`: 1024x512 uploaded
[wgpu] uploaded 1 packaged reflection probe(s) at 64 texels, 7 mip level(s)
[loading] committed art_style_hero
[props] 16 models cached (0 failed), 5300 triangles, 3856 KiB of textures, 21 draw call(s)
[level] 312 static vertices, 15900 prop vertices, 21 prop draw call(s), built in 0.2 ms (lighting 0.0 + props 0.0 + surfaces 0.0)
[spatial] 14 static batch(es) (floor 4 / ceiling 1 / wall 7 / light 2 / prop box 0 / decal 0), 21 prop batch(es)
[lighting] baked 3 room(s) / 3 baseline area(s) from 4 fixture(s): 14 wall + 36 slab + 222 prop blocker(s), baselines 0.31..0.41 (avg 0.37)
[lightmaps] 2 page(s), 5354 chart(s), 203798 chart texels, 2097152 page texels (32768 KiB), filled in 0.0 ms
[dynamic] 0 object(s): 0 draw call(s), 0 vertices (the demonstration path; never part of the static bake); doors: 0/0
[characters] `home:dining_chair` spawns through the dynamic path: the runtime model `environment/home/props/models/dining_chair.glb` carries no skin or animation; it cannot be posed
PLACES_CAPTURE: wrote /Users/connordawkins/Documents/GitHub/Places/docs/art-style/stage6/before/original/hall.png
BENCH_SUMMARY {"level":"art_style_hero","frames":165,"swap_interval":0,"update_mean_ms":0.113,"render_mean_ms":2.475,"swap_mean_ms":0.586,"frame_mean_ms":3.174,"loop_mean_ms":2.780,"frame_median_ms":2.213,"loop_median_ms":2.314,"frame_p95_ms":7.766,"frame_p99_ms":11.558,"loop_p95_ms":7.952,"loop_p99_ms":9.531,"frame_min_ms":0.234,"frame_max_ms":94.826,"loop_min_ms":0.339,"loop_max_ms":13.906,"fps_median":432.10,"fps_p95":125.75,"fps_p99":104.92,"fps_1pct_low":104.92,"fps_mean":359.74,"measured_fps_mean":315.11,"worst_fps":71.91,"total_vertices":16644,"visible_vertices":228,"culled_vertices":16416,"total_batches":36,"visible_batches":8,"draw_calls":8,"vbo_bytes":1264944,"index_bytes":33984,"texture_binds":8,"material_changes":8,"reflection_passes":0}
        1.10 real         0.78 user         0.26 sys
           452673536  maximum resident set size
                   0  average shared memory size
                   0  average unshared data size
                   0  average unshared stack size
               31364  page reclaims
                  10  page faults
                   0  swaps
                   0  block input operations
                   0  block output operations
                   0  messages sent
                   0  messages received
                   0  signals received
                   8  voluntary context switches
               13533  involuntary context switches
          8927621050  instructions retired
          3344775185  cycles elapsed
           514393432  peak memory footprint
