[package] /private/var/folders/sl/yxxj_m9n37sgntkntqw0x8yw0000gn/T/places-art-style-hero-5w47x9uj (assets: /private/var/folders/sl/yxxj_m9n37sgntkntqw0x8yw0000gn/T/places-art-style-hero-5w47x9uj/assets/levels)
[package] asset root: /private/var/folders/sl/yxxj_m9n37sgntkntqw0x8yw0000gn/T/places-art-style-hero-5w47x9uj/assets
[settings] quality high (saved high) [startup override] | lighting high | bloom on | reflections full | lightmaps full | vsync off | filtering high | window Windowed 640 x 360
[assets] 204 placeable asset(s) of 352 catalog entries; themes: office, pool, home, outdoor, winter
[renderer] wgpu | adapter: Apple M2 Pro | backend: Metal | device type: IntegratedGpu | surface format: Bgra8UnormSrgb | present mode: Fifo | alpha mode: Opaque | depth format: Depth32Float | drawable: 1280x720
[wgpu] texture filtering: world presets low 4x / medium 8x / high 16x requested | anisotropy supported
[wgpu] present mode Immediate (immediate)
[window] logical 640x360 | drawable 1280x720 pixels | backing scale 2.0x
[wgpu] world pipeline for surface format Bgra8UnormSrgb
[wgpu] post targets: scene 1280x720, bloom 320x180, presented 1280x720
[startup] total 249.1 ms
[startup]   package root: +0.5 ms (0.5 ms)
[startup]   settings: +0.4 ms (0.9 ms)
[startup]   window: +104.8 ms (105.7 ms)
[startup]   asset catalog: +2.4 ms (108.2 ms)
[startup]   renderer device: +11.1 ms (119.2 ms)
[startup]   input responsive: +60.0 ms (179.2 ms)
[startup]   first scene attempted: +31.5 ms (210.8 ms)
[startup]   first UI attempted: +0.0 ms (210.8 ms)
[startup]   first presented: +38.3 ms (249.1 ms)
[loading] package identity level=art_style_hero variant=full sha256=8dde2dc3f10d7dc3db63220d7944cebb85cfc4d64ebb9c8ef5295412864be472 source=/var/folders/sl/yxxj_m9n37sgntkntqw0x8yw0000gn/T/places-art-style-hero-5w47x9uj/assets/levels/art_style_hero.placesmap
[loading] compiled-cache miss level=art_style_hero variant=full
[lightmaps] atlas array: 2 page(s) in 4 layer(s), 1024-texel edge, 33554432 bytes resident
[wgpu] world upload: 456 vertices, 696 indices, 21 draws in 1 chunk(s) (neutral mesh: 456 vertices, 696 indices, 21 ranges)
[wgpu] textures: 14 unique, 13 uploaded, 6 cache hits, 1 fallbacks, 0 missing of 21 draws (75497456 bytes resident, max edge 1024px, high filtering)
[wgpu] materials: 17 resolved (11 response, 3 reflection-eligible), 2 normal maps (2 uploaded, 0 cache hits), 18 opaque / 0 cutout / 3 translucent of 21 draws (enabled response, high level)
[wgpu] decals: 0 draw(s), 0 chunk(s), 1 sheet(s) (0 external, 0 diagnostic)
[wgpu] sky `winter:tex_sky_aurora_01`: 2048x1024 uploaded
[wgpu] uploaded 2 packaged reflection probe(s) at 64 texels, 7 mip level(s)
[wgpu] effects: 1 emitter(s), 1400 particle(s), 1 draw(s), 1 sheet(s) (1 uploaded, 0 cached)
[loading] committed art_style_hero
[props] 16 models cached (0 failed), 5300 triangles, 3856 KiB of textures, 21 draw call(s)
[level] 456 static vertices, 16524 prop vertices, 21 prop draw call(s), built in 0.4 ms (lighting 0.0 + props 0.0 + surfaces 0.0)
[spatial] 21 static batch(es) (floor 9 / ceiling 1 / wall 9 / light 2 / prop box 0 / decal 0), 21 prop batch(es)
[lighting] baked 3 room(s) / 3 baseline area(s) from 5 fixture(s): 14 wall + 91 slab + 223 prop blocker(s), baselines 0.35..0.41 (avg 0.39)
[lightmaps] 2 page(s), 5598 chart(s), 214709 chart texels, 2097152 page texels (32768 KiB), filled in 0.0 ms
[dynamic] 0 object(s): 0 draw call(s), 0 vertices (the demonstration path; never part of the static bake); doors: 0/0
[characters] `home:dining_chair` spawns through the dynamic path: the runtime model `environment/home/props/models/dining_chair.glb` carries no skin or animation; it cannot be posed
PLACES_CAPTURE: wrote /Users/connordawkins/Documents/GitHub/Places/docs/art-style/stage5/snapshot-replay/storm/window.png
BENCH_SUMMARY {"level":"art_style_hero","frames":58,"swap_interval":0,"update_mean_ms":0.067,"render_mean_ms":6.666,"swap_mean_ms":1.502,"frame_mean_ms":8.235,"loop_mean_ms":6.895,"frame_median_ms":7.865,"loop_median_ms":7.961,"frame_p95_ms":15.423,"frame_p99_ms":17.422,"loop_p95_ms":15.314,"loop_p99_ms":17.272,"frame_min_ms":0.458,"frame_max_ms":94.420,"loop_min_ms":0.712,"loop_max_ms":17.568,"fps_median":125.61,"fps_p95":65.30,"fps_p99":57.90,"fps_1pct_low":57.90,"fps_mean":145.03,"measured_fps_mean":121.43,"worst_fps":56.92,"total_vertices":17412,"visible_vertices":12412,"culled_vertices":5000,"total_batches":43,"visible_batches":27,"draw_calls":27,"vbo_bytes":1323312,"index_bytes":35664,"texture_binds":20,"material_changes":21,"reflection_passes":0}
        1.75 real         0.84 user         0.20 sys
           520699904  maximum resident set size
                   0  average shared memory size
                   0  average unshared data size
                   0  average unshared stack size
               37268  page reclaims
                  44  page faults
                   0  swaps
                   0  block input operations
                   0  block output operations
                   0  messages sent
                   0  messages received
                   0  signals received
                  43  voluntary context switches
                7143  involuntary context switches
         10072540829  instructions retired
          3311995612  cycles elapsed
           614811040  peak memory footprint
