[package] /private/var/folders/sl/yxxj_m9n37sgntkntqw0x8yw0000gn/T/places-art-style-hero-r7o_7s4d (assets: /private/var/folders/sl/yxxj_m9n37sgntkntqw0x8yw0000gn/T/places-art-style-hero-r7o_7s4d/assets/levels)
[package] asset root: /private/var/folders/sl/yxxj_m9n37sgntkntqw0x8yw0000gn/T/places-art-style-hero-r7o_7s4d/assets
[settings] quality high (saved high) [startup override] | lighting high | bloom on | reflections full | lightmaps full | vsync off | filtering high | window Windowed 640 x 360
[assets] 204 placeable asset(s) of 352 catalog entries; themes: office, pool, home, outdoor, winter
[renderer] wgpu | adapter: Apple M2 Pro | backend: Metal | device type: IntegratedGpu | surface format: Bgra8UnormSrgb | present mode: Fifo | alpha mode: Opaque | depth format: Depth32Float | drawable: 1280x720
[wgpu] texture filtering: world presets low 4x / medium 8x / high 16x requested | anisotropy supported
[wgpu] present mode Immediate (immediate)
[window] logical 640x360 | drawable 1280x720 pixels | backing scale 2.0x
[wgpu] world pipeline for surface format Bgra8UnormSrgb
[wgpu] post targets: scene 1280x720, bloom 320x180, presented 1280x720
[startup] total 185.5 ms
[startup]   package root: +0.2 ms (0.2 ms)
[startup]   settings: +0.2 ms (0.4 ms)
[startup]   window: +109.9 ms (110.3 ms)
[startup]   asset catalog: +1.4 ms (111.7 ms)
[startup]   renderer device: +9.8 ms (121.5 ms)
[startup]   input responsive: +30.5 ms (152.0 ms)
[startup]   first scene attempted: +27.4 ms (179.4 ms)
[startup]   first UI attempted: +0.0 ms (179.4 ms)
[startup]   first presented: +6.1 ms (185.5 ms)
[loading] package identity level=art_style_hero variant=full sha256=b116315f27866313782f602cc94093ad5ce15211d9d057f8246efa26cc94f1d8 source=/var/folders/sl/yxxj_m9n37sgntkntqw0x8yw0000gn/T/places-art-style-hero-r7o_7s4d/assets/levels/art_style_hero.placesmap
[loading] compiled-cache miss level=art_style_hero variant=full
[lightmaps] atlas array: 2 page(s) in 4 layer(s), 1024-texel edge, 33554432 bytes resident
[wgpu] world upload: 456 vertices, 696 indices, 21 draws in 1 chunk(s) (neutral mesh: 456 vertices, 696 indices, 21 ranges)
[wgpu] textures: 14 unique, 13 uploaded, 6 cache hits, 1 fallbacks, 0 missing of 21 draws (75497456 bytes resident, max edge 1024px, high filtering)
[wgpu] materials: 17 resolved (10 response, 1 reflection-eligible), 2 normal maps (2 uploaded, 0 cache hits), 18 opaque / 0 cutout / 3 translucent of 21 draws (enabled response, high level)
[wgpu] decals: 0 draw(s), 0 chunk(s), 1 sheet(s) (0 external, 0 diagnostic)
[wgpu] sky `outdoor:tex_sky_stars_01`: 1024x512 uploaded
[wgpu] uploaded 1 packaged reflection probe(s) at 64 texels, 7 mip level(s)
[loading] committed art_style_hero
[props] 16 models cached (0 failed), 5300 triangles, 3856 KiB of textures, 21 draw call(s)
[level] 456 static vertices, 16524 prop vertices, 21 prop draw call(s), built in 0.3 ms (lighting 0.0 + props 0.0 + surfaces 0.0)
[spatial] 21 static batch(es) (floor 9 / ceiling 1 / wall 9 / light 2 / prop box 0 / decal 0), 21 prop batch(es)
[lighting] baked 3 room(s) / 3 baseline area(s) from 5 fixture(s): 14 wall + 91 slab + 223 prop blocker(s), baselines 0.35..0.41 (avg 0.39)
[lightmaps] 2 page(s), 5597 chart(s), 213356 chart texels, 2097152 page texels (32768 KiB), filled in 0.0 ms
[dynamic] 0 object(s): 0 draw call(s), 0 vertices (the demonstration path; never part of the static bake); doors: 0/0
[characters] `home:dining_chair` spawns through the dynamic path: the runtime model `environment/home/props/models/dining_chair.glb` carries no skin or animation; it cannot be posed
PLACES_CAPTURE: wrote /Users/connordawkins/Documents/GitHub/Places/docs/art-style/stage5/before/control-corrected/night.png
BENCH_SUMMARY {"level":"art_style_hero","frames":48,"swap_interval":0,"update_mean_ms":0.141,"render_mean_ms":7.844,"swap_mean_ms":1.408,"frame_mean_ms":9.393,"loop_mean_ms":8.340,"frame_median_ms":8.138,"loop_median_ms":8.329,"frame_p95_ms":9.199,"frame_p99_ms":74.623,"loop_p95_ms":9.528,"loop_p99_ms":9.686,"frame_min_ms":6.266,"frame_max_ms":74.623,"loop_min_ms":6.586,"loop_max_ms":9.686,"fps_median":120.06,"fps_p95":104.96,"fps_p99":103.25,"fps_1pct_low":103.25,"fps_mean":119.91,"measured_fps_mean":106.46,"worst_fps":103.25,"total_vertices":17412,"visible_vertices":25156,"culled_vertices":0,"total_batches":43,"visible_batches":41,"draw_calls":41,"vbo_bytes":1323312,"index_bytes":35664,"texture_binds":32,"material_changes":36,"reflection_passes":0}
        1.07 real         0.76 user         0.22 sys
           515784704  maximum resident set size
                   0  average shared memory size
                   0  average unshared data size
                   0  average unshared stack size
               34837  page reclaims
                   6  page faults
                   0  swaps
                   0  block input operations
                   0  block output operations
                   0  messages sent
                   0  messages received
                   0  signals received
                   0  voluntary context switches
                6961  involuntary context switches
          9081629963  instructions retired
          3052563986  cycles elapsed
           602293640  peak memory footprint
