[package] /private/var/folders/sl/yxxj_m9n37sgntkntqw0x8yw0000gn/T/places-art-style-hero-g8ngvbhi (assets: /private/var/folders/sl/yxxj_m9n37sgntkntqw0x8yw0000gn/T/places-art-style-hero-g8ngvbhi/assets/levels)
[package] asset root: /private/var/folders/sl/yxxj_m9n37sgntkntqw0x8yw0000gn/T/places-art-style-hero-g8ngvbhi/assets
[settings] quality high (saved high) [startup override] | lighting high | bloom on | reflections full | lightmaps full | vsync off | filtering high | window Windowed 640 x 360
[assets] 204 placeable asset(s) of 352 catalog entries; themes: office, pool, home, outdoor, winter
[renderer] wgpu | adapter: Apple M2 Pro | backend: Metal | device type: IntegratedGpu | surface format: Bgra8UnormSrgb | present mode: Fifo | alpha mode: Opaque | depth format: Depth32Float | drawable: 1280x720
[wgpu] texture filtering: world presets low 4x / medium 8x / high 16x requested | anisotropy supported
[wgpu] present mode Immediate (immediate)
[window] logical 640x360 | drawable 1280x720 pixels | backing scale 2.0x
[loading] package identity level=art_style_hero variant=full sha256=49222a2ed91ec0dfd9f9a2e5ced01a4588f0a2de851c4315434cd37ddb76953a source=/var/folders/sl/yxxj_m9n37sgntkntqw0x8yw0000gn/T/places-art-style-hero-g8ngvbhi/assets/levels/art_style_hero.placesmap
[loading] compiled-cache miss level=art_style_hero variant=full
[wgpu] world pipeline for surface format Bgra8UnormSrgb
[wgpu] post targets: scene 1280x720, bloom 320x180, presented 1280x720
[lightmaps] atlas array: 2 page(s) in 4 layer(s), 1024-texel edge, 33554432 bytes resident
[startup] total 2588.7 ms
[startup]   package root: +0.6 ms (0.6 ms)
[startup]   settings: +0.8 ms (1.4 ms)
[startup]   window: +141.7 ms (143.1 ms)
[startup]   asset catalog: +2.5 ms (145.6 ms)
[startup]   renderer device: +11.8 ms (157.4 ms)
[startup]   input responsive: +58.8 ms (216.2 ms)
[startup]   first scene attempted: +2288.8 ms (2505.0 ms)
[startup]   first UI attempted: +0.0 ms (2505.0 ms)
[startup]   world geometry: pack: +51.1 ms (2556.1 ms)
[startup]   world geometry: GPU upload: +0.1 ms (2556.2 ms)
[startup]   first presented: +32.5 ms (2588.7 ms)
[wgpu] world upload: 728 vertices, 1116 indices, 29 draws in 1 chunk(s) (neutral mesh: 728 vertices, 1116 indices, 29 ranges)
[wgpu] textures: 15 unique, 14 uploaded, 9 cache hits, 3 fallbacks, 0 missing of 29 draws (81089860 bytes resident, max edge 1024px, high filtering)
[wgpu] materials: 16 resolved (11 response, 1 reflection-eligible), 2 normal maps (2 uploaded, 0 cache hits), 24 opaque / 1 cutout / 4 translucent of 29 draws (enabled response, high level)
[wgpu] decals: 0 draw(s), 0 chunk(s), 1 sheet(s) (0 external, 0 diagnostic)
[wgpu] sky `outdoor:tex_sky_stars_01`: 1024x512 uploaded
[wgpu] uploaded 1 packaged reflection probe(s) at 64 texels, 7 mip level(s)
[loading] committed art_style_hero
[props] 19 models cached (0 failed), 5498 triangles, 4624 KiB of textures, 24 draw call(s)
[level] 728 static vertices, 16494 prop vertices, 24 prop draw call(s), built in 0.3 ms (lighting 0.0 + props 0.0 + surfaces 0.0)
[spatial] 29 static batch(es) (floor 8 / ceiling 2 / wall 13 / light 6 / prop box 0 / decal 0), 24 prop batch(es)
[lighting] baked 5 room(s) / 5 baseline area(s) from 6 fixture(s): 32 wall + 79 slab + 258 prop blocker(s), baselines 0.31..0.41 (avg 0.38)
[lightmaps] 2 page(s), 5631 chart(s), 287480 chart texels, 2097152 page texels (32768 KiB), filled in 0.0 ms
[dynamic] 0 object(s): 0 draw call(s), 0 vertices (the demonstration path; never part of the static bake); doors: 0/0
[characters] `home:dining_chair` spawns through the dynamic path: the runtime model `environment/home/props/models/dining_chair.glb` carries no skin or animation; it cannot be posed
PLACES_CAPTURE: wrote /Users/connordawkins/Documents/GitHub/Places/docs/art-style/stage3/snapshot-verification-controls/annex.png
BENCH_SUMMARY {"level":"art_style_hero","frames":95,"swap_interval":0,"update_mean_ms":0.087,"render_mean_ms":3.927,"swap_mean_ms":1.195,"frame_mean_ms":5.209,"loop_mean_ms":4.410,"frame_median_ms":1.511,"loop_median_ms":1.920,"frame_p95_ms":14.816,"frame_p99_ms":16.501,"loop_p95_ms":15.015,"loop_p99_ms":15.954,"frame_min_ms":0.324,"frame_max_ms":111.995,"loop_min_ms":0.474,"loop_max_ms":17.059,"fps_median":520.75,"fps_p95":66.60,"fps_p99":62.68,"fps_1pct_low":62.68,"fps_mean":226.76,"measured_fps_mean":191.98,"worst_fps":58.62,"total_vertices":17654,"visible_vertices":9930,"culled_vertices":7724,"total_batches":54,"visible_batches":33,"draw_calls":33,"vbo_bytes":1341704,"index_bytes":36444,"texture_binds":21,"material_changes":23,"reflection_passes":0}
        3.99 real         0.86 user         0.26 sys
           503562240  maximum resident set size
                   0  average shared memory size
                   0  average unshared data size
                   0  average unshared stack size
               35521  page reclaims
                  38  page faults
                   0  swaps
                   0  block input operations
                   0  block output operations
                   0  messages sent
                   0  messages received
                   0  signals received
                   7  voluntary context switches
                7927  involuntary context switches
          9725497010  instructions retired
          3271633991  cycles elapsed
           580224320  peak memory footprint
