[package] /private/var/folders/sl/yxxj_m9n37sgntkntqw0x8yw0000gn/T/places-art-style-hero-m5l851fc (assets: /private/var/folders/sl/yxxj_m9n37sgntkntqw0x8yw0000gn/T/places-art-style-hero-m5l851fc/assets/levels)
[package] asset root: /private/var/folders/sl/yxxj_m9n37sgntkntqw0x8yw0000gn/T/places-art-style-hero-m5l851fc/assets
[settings] quality high (saved high) [startup override] | lighting high | bloom on | reflections full | lightmaps full | vsync off | filtering high | window Windowed 640 x 360
[assets] 204 placeable asset(s) of 352 catalog entries; themes: office, pool, home, outdoor, winter
[renderer] wgpu | adapter: Apple M2 Pro | backend: Metal | device type: IntegratedGpu | surface format: Bgra8UnormSrgb | present mode: Fifo | alpha mode: Opaque | depth format: Depth32Float | drawable: 1280x720
[wgpu] texture filtering: world presets low 4x / medium 8x / high 16x requested | anisotropy supported
[wgpu] present mode Immediate (immediate)
[window] logical 640x360 | drawable 1280x720 pixels | backing scale 2.0x
[wgpu] world pipeline for surface format Bgra8UnormSrgb
[wgpu] post targets: scene 1280x720, bloom 320x180, presented 1280x720
[startup] total 268.6 ms
[startup]   package root: +0.6 ms (0.6 ms)
[startup]   settings: +0.9 ms (1.5 ms)
[startup]   window: +130.0 ms (131.5 ms)
[startup]   asset catalog: +2.2 ms (133.7 ms)
[startup]   renderer device: +10.7 ms (144.4 ms)
[startup]   input responsive: +56.7 ms (201.0 ms)
[startup]   first scene attempted: +28.4 ms (229.4 ms)
[startup]   first UI attempted: +0.0 ms (229.4 ms)
[startup]   first presented: +39.2 ms (268.6 ms)
[loading] package identity level=art_style_hero variant=full sha256=7f1dbd581ea15eec4db4c701d25f6037be9e837d8f1b3feaf6bcd1c5ac9204c9 source=/var/folders/sl/yxxj_m9n37sgntkntqw0x8yw0000gn/T/places-art-style-hero-m5l851fc/assets/levels/art_style_hero.placesmap
[loading] compiled-cache miss level=art_style_hero variant=full
[lightmaps] atlas array: 2 page(s) in 8 layer(s), 1024-texel edge, 67108864 bytes resident
[wgpu] world upload: 312 vertices, 480 indices, 15 draws in 1 chunk(s) (neutral mesh: 312 vertices, 480 indices, 15 ranges)
[wgpu] textures: 10 unique, 9 uploaded, 3 cache hits, 1 fallbacks, 0 missing of 15 draws (53127840 bytes resident, max edge 1024px, high filtering)
[wgpu] materials: 12 resolved (6 response, 1 reflection-eligible), 2 normal maps (2 uploaded, 0 cache hits), 14 opaque / 0 cutout / 1 translucent of 15 draws (enabled response, high level)
[wgpu] decals: 0 draw(s), 0 chunk(s), 1 sheet(s) (0 external, 0 diagnostic)
[wgpu] sky `outdoor:tex_sky_stars_01`: 1024x512 uploaded
[wgpu] uploaded 1 packaged reflection probe(s) at 64 texels, 7 mip level(s)
[wgpu] characters: 3 character(s), 1 mesh(es), 9 draw(s), 9087 vertices
[loading] committed art_style_hero
[props] 17 models cached (0 failed), 6674 triangles, 4624 KiB of textures, 22 draw call(s)
[level] 312 static vertices, 17736 prop vertices, 22 prop draw call(s), built in 0.2 ms (lighting 0.0 + props 0.0 + surfaces 0.0)
[spatial] 15 static batch(es) (floor 4 / ceiling 1 / wall 7 / light 3 / prop box 0 / decal 0), 22 prop batch(es)
[lighting] baked 3 room(s) / 3 baseline area(s) from 4 fixture(s): 14 wall + 36 slab + 246 prop blocker(s), baselines 0.31..0.40 (avg 0.36)
[lightmaps] 2 page(s), 5966 chart(s), 212366 chart texels, 2097152 page texels (32768 KiB), filled in 0.0 ms
[dynamic] 0 object(s): 0 draw call(s), 0 vertices (the demonstration path; never part of the static bake); doors: 0/0
[characters] `home:dining_chair` spawns through the dynamic path: the runtime model `environment/home/props/models/dining_chair.glb` carries no skin or animation; it cannot be posed
[characters] `home:dining_chair` spawns through the dynamic path: the runtime model `environment/home/props/models/dining_chair.glb` carries no skin or animation; it cannot be posed
[characters] `home:dining_chair` spawns through the dynamic path: the runtime model `environment/home/props/models/dining_chair.glb` carries no skin or animation; it cannot be posed
[characters] `home:dining_chair` spawns through the dynamic path: the runtime model `environment/home/props/models/dining_chair.glb` carries no skin or animation; it cannot be posed
PLACES_CAPTURE: wrote /Users/connordawkins/Documents/GitHub/Places/docs/art-style/stage4/snapshot-verification-comparison/broad.png
BENCH_SUMMARY {"level":"art_style_hero","frames":87,"swap_interval":0,"update_mean_ms":0.799,"render_mean_ms":3.623,"swap_mean_ms":1.233,"frame_mean_ms":5.655,"loop_mean_ms":4.703,"frame_median_ms":1.334,"loop_median_ms":1.515,"frame_p95_ms":14.827,"frame_p99_ms":16.188,"loop_p95_ms":14.489,"loop_p99_ms":16.252,"frame_min_ms":0.917,"frame_max_ms":107.285,"loop_min_ms":1.077,"loop_max_ms":16.367,"fps_median":660.25,"fps_p95":69.02,"fps_p99":61.53,"fps_1pct_low":61.53,"fps_mean":212.63,"measured_fps_mean":176.84,"worst_fps":61.10,"total_vertices":19776,"visible_vertices":19018,"culled_vertices":758,"total_batches":41,"visible_batches":26,"draw_calls":26,"vbo_bytes":1404480,"index_bytes":37656,"texture_binds":22,"material_changes":24,"reflection_passes":0}
        1.86 real         0.94 user         0.25 sys
           662847488  maximum resident set size
                   0  average shared memory size
                   0  average unshared data size
                   0  average unshared stack size
               54800  page reclaims
                   6  page faults
                   0  swaps
                   0  block input operations
                   0  block output operations
                   0  messages sent
                   0  messages received
                   0  signals received
                   3  voluntary context switches
                7959  involuntary context switches
         11424632038  instructions retired
          3595255761  cycles elapsed
           816383536  peak memory footprint
