[package] /private/var/folders/sl/yxxj_m9n37sgntkntqw0x8yw0000gn/T/places-art-style-hero-tqyxumy8 (assets: /private/var/folders/sl/yxxj_m9n37sgntkntqw0x8yw0000gn/T/places-art-style-hero-tqyxumy8/assets/levels)
[package] asset root: /private/var/folders/sl/yxxj_m9n37sgntkntqw0x8yw0000gn/T/places-art-style-hero-tqyxumy8/assets
[settings] quality high (saved high) [startup override] | lighting high | bloom on | reflections full | lightmaps full | vsync off | filtering high | window Windowed 640 x 360
[assets] 204 placeable asset(s) of 352 catalog entries; themes: office, pool, home, outdoor, winter
[renderer] wgpu | adapter: Apple M2 Pro | backend: Metal | device type: IntegratedGpu | surface format: Bgra8UnormSrgb | present mode: Fifo | alpha mode: Opaque | depth format: Depth32Float | drawable: 1280x720
[wgpu] texture filtering: world presets low 4x / medium 8x / high 16x requested | anisotropy supported
[wgpu] present mode Immediate (immediate)
[window] logical 640x360 | drawable 1280x720 pixels | backing scale 2.0x
[wgpu] world pipeline for surface format Bgra8UnormSrgb
[wgpu] post targets: scene 1280x720, bloom 320x180, presented 1280x720
[startup] total 242.5 ms
[startup]   package root: +0.2 ms (0.2 ms)
[startup]   settings: +0.3 ms (0.4 ms)
[startup]   window: +107.7 ms (108.1 ms)
[startup]   asset catalog: +1.4 ms (109.4 ms)
[startup]   renderer device: +9.5 ms (118.9 ms)
[startup]   input responsive: +56.8 ms (175.7 ms)
[startup]   first scene attempted: +27.8 ms (203.5 ms)
[startup]   first UI attempted: +0.0 ms (203.5 ms)
[startup]   first presented: +39.0 ms (242.5 ms)
[loading] package identity level=art_style_hero variant=full sha256=5748e65d065fdd12991fa1398905e77f94d35f7cb74fe732b81f69a53056ee17 source=/var/folders/sl/yxxj_m9n37sgntkntqw0x8yw0000gn/T/places-art-style-hero-tqyxumy8/assets/levels/art_style_hero.placesmap
[loading] compiled-cache miss level=art_style_hero variant=full
[lightmaps] atlas array: 2 page(s) in 4 layer(s), 1024-texel edge, 33554432 bytes resident
[wgpu] world upload: 312 vertices, 480 indices, 14 draws in 1 chunk(s) (neutral mesh: 312 vertices, 480 indices, 14 ranges)
[wgpu] textures: 10 unique, 9 uploaded, 3 cache hits, 1 fallbacks, 0 missing of 14 draws (53127840 bytes resident, max edge 1024px, high filtering)
[wgpu] materials: 11 resolved (6 response, 1 reflection-eligible), 2 normal maps (2 uploaded, 0 cache hits), 13 opaque / 0 cutout / 1 translucent of 14 draws (enabled response, high level)
[wgpu] decals: 0 draw(s), 0 chunk(s), 1 sheet(s) (0 external, 0 diagnostic)
[wgpu] sky `outdoor:tex_sky_stars_01`: 1024x512 uploaded
[wgpu] uploaded 1 packaged reflection probe(s) at 64 texels, 7 mip level(s)
[wgpu] characters: 3 character(s), 1 mesh(es), 9 draw(s), 9087 vertices
[loading] committed art_style_hero
[props] 17 models cached (0 failed), 6674 triangles, 4624 KiB of textures, 21 draw call(s)
[level] 312 static vertices, 15900 prop vertices, 21 prop draw call(s), built in 0.2 ms (lighting 0.0 + props 0.0 + surfaces 0.0)
[spatial] 14 static batch(es) (floor 4 / ceiling 1 / wall 7 / light 2 / prop box 0 / decal 0), 21 prop batch(es)
[lighting] baked 3 room(s) / 3 baseline area(s) from 4 fixture(s): 14 wall + 36 slab + 222 prop blocker(s), baselines 0.31..0.41 (avg 0.37)
[lightmaps] 2 page(s), 5354 chart(s), 203798 chart texels, 2097152 page texels (32768 KiB), filled in 0.0 ms
[dynamic] 0 object(s): 0 draw call(s), 0 vertices (the demonstration path; never part of the static bake); doors: 0/0
[characters] `home:dining_chair` spawns through the dynamic path: the runtime model `environment/home/props/models/dining_chair.glb` carries no skin or animation; it cannot be posed
PLACES_CAPTURE: wrote /Users/connordawkins/Documents/GitHub/Places/docs/art-style/stage4/snapshot-verification-entities/exterior.png
BENCH_SUMMARY {"level":"art_style_hero","frames":62,"swap_interval":0,"update_mean_ms":0.755,"render_mean_ms":5.349,"swap_mean_ms":1.159,"frame_mean_ms":7.263,"loop_mean_ms":6.417,"frame_median_ms":7.858,"loop_median_ms":8.043,"frame_p95_ms":14.346,"frame_p99_ms":14.929,"loop_p95_ms":13.719,"loop_p99_ms":14.894,"frame_min_ms":1.061,"frame_max_ms":72.075,"loop_min_ms":1.256,"loop_max_ms":15.150,"fps_median":124.34,"fps_p95":72.89,"fps_p99":67.14,"fps_1pct_low":67.14,"fps_mean":155.85,"measured_fps_mean":137.69,"worst_fps":66.01,"total_vertices":16644,"visible_vertices":31947,"culled_vertices":0,"total_batches":36,"visible_batches":44,"draw_calls":44,"vbo_bytes":1264944,"index_bytes":33984,"texture_binds":36,"material_changes":40,"reflection_passes":0}
        1.03 real         0.73 user         0.20 sys
           458457088  maximum resident set size
                   0  average shared memory size
                   0  average unshared data size
                   0  average unshared stack size
               34987  page reclaims
                  47  page faults
                   0  swaps
                   0  block input operations
                   0  block output operations
                   0  messages sent
                   0  messages received
                   0  signals received
                   1  voluntary context switches
                6480  involuntary context switches
          8699282056  instructions retired
          2875645281  cycles elapsed
           516998512  peak memory footprint
