[package] /Users/connordawkins/Documents/GitHub/Places (assets: /Users/connordawkins/Documents/GitHub/Places/assets/levels)
[package] asset root: /Users/connordawkins/Documents/GitHub/Places/assets
[settings] quality high (saved high) [startup override] | bloom on | reflections full | lightmaps full | vsync on | filtering high | window Windowed 1920 x 1080
[display] requested windowed 1920 x 1080 does not fit the display work area (1512 x 870); opening 1512 x 850 instead
[assets] 48 placeable asset(s) of 137 catalog entries; themes: office, pool, home
[renderer] wgpu | adapter: Apple M2 Pro | backend: Metal | device type: IntegratedGpu | surface format: Bgra8UnormSrgb | present mode: Fifo | alpha mode: Opaque | depth format: Depth32Float | drawable: 3024x1676
[wgpu] texture filtering: world presets low 4x / medium 8x / high 16x requested | anisotropy supported
[window] logical 1512x838 | drawable 3024x1676 pixels | backing scale 2.0x
[wgpu] world pipeline for surface format Bgra8UnormSrgb
[wgpu] post targets: scene 3024x1676, bloom 756x419, presented 3024x1676
[startup] total 199.3 ms
[startup]   package root: +1.4 ms (1.4 ms)
[startup]   settings: +3.5 ms (5.0 ms)
[startup]   window: +122.1 ms (127.1 ms)
[startup]   asset catalog: +10.2 ms (137.3 ms)
[startup]   renderer device: +18.1 ms (155.4 ms)
[startup]   input responsive: +27.0 ms (182.4 ms)
[startup]   first scene submitted: +16.6 ms (199.0 ms)
[startup]   first UI submitted: +0.3 ms (199.3 ms)
[startup]   first presented: +0.0 ms (199.3 ms)
[loading] prepared-cache miss level=places_demo
[lightmaps] fill workers=3 charts=1060
BENCH_SUMMARY {"frames":0}
