[package] /Users/connordawkins/Documents/GitHub/Places (assets: /Users/connordawkins/Documents/GitHub/Places/assets/levels)
[package] asset root: /Users/connordawkins/Documents/GitHub/Places/assets
[settings] quality high (saved high) [startup override] | bloom on | reflections full | lightmaps full | vsync on | filtering high | window Windowed 1920 x 1080
[display] requested windowed 1920 x 1080 does not fit the display work area (1512 x 870); opening 1512 x 850 instead
[assets] 48 placeable asset(s) of 137 catalog entries; themes: office, pool, home
[renderer] wgpu | adapter: Apple M2 Pro | backend: Metal | device type: IntegratedGpu | surface format: Bgra8UnormSrgb | present mode: Fifo | alpha mode: Opaque | depth format: Depth32Float | drawable: 3024x1676
[wgpu] texture filtering: world presets low 4x / medium 8x / high 16x requested | anisotropy supported
[window] logical 1512x838 | drawable 3024x1676 pixels | backing scale 2.0x
[wgpu] world pipeline for surface format Bgra8UnormSrgb
[wgpu] post targets: scene 3024x1676, bloom 756x419, presented 3024x1676
[startup] total 154.0 ms
[startup]   package root: +0.1 ms (0.1 ms)
[startup]   settings: +0.1 ms (0.2 ms)
[startup]   window: +101.3 ms (101.5 ms)
[startup]   asset catalog: +7.5 ms (109.0 ms)
[startup]   renderer device: +8.8 ms (117.8 ms)
[startup]   input responsive: +25.3 ms (143.1 ms)
[startup]   first scene submitted: +10.9 ms (154.0 ms)
[startup]   first UI submitted: +0.0 ms (154.0 ms)
[startup]   first presented: +0.0 ms (154.0 ms)
[loading] prepared-cache miss level=wgpu_smoke_second
[lightmaps] fill workers=2 charts=2
[lightmaps] atlas array: 1 of 8 layer(s) resident, 1024-texel edge, 4194304 bytes of page data (33554432 bytes allocated)
[wgpu] world upload: 8 vertices, 12 indices, 2 draws in 1 chunk(s) (neutral mesh: 8 vertices, 12 indices, 2 ranges)
[wgpu] textures: 2 unique, 2 uploaded, 0 cache hits, 0 fallbacks, 0 missing of 2 draws (11184808 bytes resident, max edge 1024px, high filtering)
[wgpu] materials: 2 resolved (0 response, 0 reflection-eligible), 0 normal maps (0 uploaded, 0 cache hits), 2 opaque / 0 cutout / 0 translucent of 2 draws (enabled response, high level)
[wgpu] decals: 0 draw(s), 0 chunk(s), 1 sheet(s) (0 external, 0 diagnostic)
[loading] committed wgpu_smoke_second
[props] 0 models cached (0 failed), 0 triangles, 0 KiB of textures, 0 draw call(s)
[level] 8 static vertices, 0 prop vertices, 0 prop draw call(s), built in 0.0 ms (lighting 0.0 + props 0.0 + surfaces 0.0)
[spatial] 2 static batch(es) (floor 1 / ceiling 1 / wall 0 / light 0 / prop box 0 / decal 0), 0 prop batch(es)
[lighting] baked 1 room(s) / 1 baseline area(s) from 0 fixture(s): 0 wall + 5 slab + 0 prop blocker(s), baselines 0.10..0.10 (avg 0.10)
[lightmaps] 1 page(s), 2 chart(s), 8192 chart texels, 1048576 page texels (3072 KiB), filled in 0.2 ms
[dynamic] 0 object(s): 0 draw call(s), 0 vertices (the demonstration path; never part of the static bake)
[loading] prepared-cache miss level=capacity_dense
[lightmaps] fill workers=3 charts=487
[characters] the level places more than 64 skinned characters; the rest stay in their static bind pose
[lightmaps] atlas array: 4 of 8 layer(s) resident, 1024-texel edge, 16777216 bytes of page data (33554432 bytes allocated)
BENCH_SUMMARY {"level":"wgpu_smoke_second","frames":5,"swap_interval":1,"update_mean_ms":0.357,"render_mean_ms":0.009,"swap_mean_ms":0.000,"frame_mean_ms":0.366,"loop_mean_ms":5570.278,"frame_median_ms":0.014,"loop_median_ms":0.517,"frame_p95_ms":1.284,"frame_p99_ms":1.284,"loop_p95_ms":27849.564,"loop_p99_ms":27849.564,"frame_min_ms":0.009,"frame_max_ms":1.284,"loop_min_ms":0.009,"loop_max_ms":27849.564,"fps_median":1934.86,"fps_p95":0.04,"fps_p99":0.04,"fps_1pct_low":0.04,"fps_mean":0.18,"measured_fps_mean":2729.32,"worst_fps":0.04,"total_vertices":0,"visible_vertices":0,"culled_vertices":0,"total_batches":0,"visible_batches":0,"draw_calls":0,"vbo_bytes":0,"index_bytes":0,"texture_binds":0,"material_changes":0,"reflection_passes":0}
