geometry check: level0_pit (levels/level0_pit.json)
  coplanar-sliver: 0 error(s), 24 warning(s)
  duplicate-surface: 16 error(s), 0 warning(s)
  missing-wall: 0 error(s), 52 warning(s)
ERROR   [duplicate-surface] Wall m0: coplanar surfaces overlap by 0.0043 m²: a m0 [[53.35, -9.0, -8.349999], [56.35, -9.0, -8.65], [53.35, -9.0, -8.65]] n[0.0, 1.0, 0.0] b m0 [[53.35, -9.0, -11.45], [53.649998, -9.0, -8.349999], [53.649998, -9.0, -11.45]] n[0.0, 1.0, 0.0] @ (54.350, -9.000, -8.550)
ERROR   [duplicate-surface] Wall m0: coplanar surfaces overlap by 0.0043 m²: a m0 [[65.549995, -9.0, -23.35], [68.65, -9.0, -23.65], [65.549995, -9.0, -23.65]] n[0.0, 1.0, 0.0] b m0 [[68.35, -9.0, -23.65], [68.65, -9.0, -20.65], [68.65, -9.0, -23.65]] n[0.0, 1.0, 0.0] @ (66.583, -9.000, -23.550)
ERROR   [duplicate-surface] Wall m0: coplanar surfaces overlap by 0.0043 m²: a m0 [[65.549995, -9.0, -8.349999], [68.65, -9.0, -8.349999], [68.65, -9.0, -8.65]] n[-0.0, 1.0, 0.0] b m0 [[68.35, -9.0, -11.45], [68.65, -9.0, -8.349999], [68.65, -9.0, -11.45]] n[0.0, 1.0, 0.0] @ (67.617, -9.000, -8.450)
ERROR   [duplicate-surface] Wall m0: coplanar surfaces overlap by 0.0043 m²: a m0 [[65.549995, -9.0, -8.349999], [68.65, -9.0, -8.65], [65.549995, -9.0, -8.65]] n[0.0, 1.0, 0.0] b m0 [[68.35, -9.0, -11.45], [68.35, -9.0, -8.349999], [68.65, -9.0, -8.349999]] n[0.0, 1.0, 0.0] @ (66.583, -9.000, -8.550)
ERROR   [duplicate-surface] Wall m0: coplanar surfaces overlap by 0.0045 m²: a m0 [[53.35, -9.0, -23.35], [56.35, -9.0, -23.35], [56.35, -9.0, -23.65]] n[-0.0, 1.0, 0.0] b m0 [[53.35, -9.0, -23.65], [53.649998, -9.0, -20.65], [53.649998, -9.0, -23.65]] n[0.0, 1.0, 0.0] @ (55.350, -9.000, -23.450)
ERROR   [duplicate-surface] Wall m0: coplanar surfaces overlap by 0.0045 m²: a m0 [[53.35, -9.0, -23.35], [56.35, -9.0, -23.65], [53.35, -9.0, -23.65]] n[0.0, 1.0, 0.0] b m0 [[53.35, -9.0, -23.65], [53.35, -9.0, -20.65], [53.649998, -9.0, -20.65]] n[0.0, 1.0, 0.0] @ (54.350, -9.000, -23.550)
ERROR   [duplicate-surface] Wall m0: coplanar surfaces overlap by 0.0045 m²: a m0 [[53.35, -9.0, -8.349999], [56.35, -9.0, -8.349999], [56.35, -9.0, -8.65]] n[-0.0, 1.0, 0.0] b m0 [[53.35, -9.0, -11.45], [53.35, -9.0, -8.349999], [53.649998, -9.0, -8.349999]] n[0.0, 1.0, 0.0] @ (55.350, -9.000, -8.450)
ERROR   [duplicate-surface] Wall m0: coplanar surfaces overlap by 0.0045 m²: a m0 [[65.549995, -9.0, -23.35], [68.65, -9.0, -23.35], [68.65, -9.0, -23.65]] n[-0.0, 1.0, 0.0] b m0 [[68.35, -9.0, -23.65], [68.35, -9.0, -20.65], [68.65, -9.0, -20.65]] n[0.0, 1.0, 0.0] @ (67.617, -9.000, -23.450)
ERROR   [duplicate-surface] Wall m0: coplanar surfaces overlap by 0.0810 m²: a m0 [[53.35, -9.0, -23.35], [56.35, -9.0, -23.65], [53.35, -9.0, -23.65]] n[0.0, 1.0, 0.0] b m0 [[53.35, -9.0, -23.65], [53.649998, -9.0, -20.65], [53.649998, -9.0, -23.65]] n[0.0, 1.0, 0.0] @ (54.350, -9.000, -23.550)
ERROR   [duplicate-surface] Wall m0: coplanar surfaces overlap by 0.0812 m²: a m0 [[53.35, -9.0, -8.349999], [56.35, -9.0, -8.65], [53.35, -9.0, -8.65]] n[0.0, 1.0, 0.0] b m0 [[53.35, -9.0, -11.45], [53.35, -9.0, -8.349999], [53.649998, -9.0, -8.349999]] n[0.0, 1.0, 0.0] @ (54.350, -9.000, -8.550)
ERROR   [duplicate-surface] Wall m0: coplanar surfaces overlap by 0.0812 m²: a m0 [[65.549995, -9.0, -23.35], [68.65, -9.0, -23.35], [68.65, -9.0, -23.65]] n[-0.0, 1.0, 0.0] b m0 [[68.35, -9.0, -23.65], [68.65, -9.0, -20.65], [68.65, -9.0, -23.65]] n[0.0, 1.0, 0.0] @ (67.617, -9.000, -23.450)
ERROR   [duplicate-surface] Wall m0: coplanar surfaces overlap by 0.0813 m²: a m0 [[65.549995, -9.0, -8.349999], [68.65, -9.0, -8.349999], [68.65, -9.0, -8.65]] n[-0.0, 1.0, 0.0] b m0 [[68.35, -9.0, -11.45], [68.35, -9.0, -8.349999], [68.65, -9.0, -8.349999]] n[0.0, 1.0, 0.0] @ (67.617, -9.000, -8.450)
ERROR   [duplicate-surface] Wall m0: coplanar surfaces overlap by 0.0889 m²: a m0 [[48.85, 0.4499998, -27.85], [73.149994, 0.4499998, -27.85], [73.149994, 0.4499998, -28.15]] n[-0.0, 1.0, 0.0] b m0 [[72.85, 0.4499998, -28.15], [73.15, 0.4499998, -3.8500004], [73.15, 0.4499998, -28.15]] n[0.0, 1.0, 0.0] @ (65.050, 0.450, -27.950)
ERROR   [duplicate-surface] Wall m0: coplanar surfaces overlap by 0.0889 m²: a m0 [[48.85, 0.4499998, -28.15], [48.85, 0.4499998, -3.8500004], [49.149998, 0.4499998, -3.8500004]] n[0.0, 1.0, 0.0] b m0 [[48.85, 0.4499998, -3.8500001], [73.149994, 0.4499998, -4.15], [48.85, 0.4499998, -4.15]] n[0.0, 1.0, 0.0] @ (48.950, 0.450, -11.950)
ERROR   [duplicate-surface] Wall m0: coplanar surfaces overlap by 0.0889 m²: a m0 [[48.85, 0.4499998, -28.15], [49.149998, 0.4499998, -3.8500004], [49.149998, 0.4499998, -28.15]] n[0.0, 1.0, 0.0] b m0 [[48.85, 0.4499998, -27.85], [73.149994, 0.4499998, -28.15], [48.85, 0.4499998, -28.15]] n[0.0, 1.0, 0.0] @ (49.050, 0.450, -20.050)
ERROR   [duplicate-surface] Wall m0: coplanar surfaces overlap by 0.0889 m²: a m0 [[48.85, 0.4499998, -3.8500001], [73.149994, 0.4499998, -3.8500001], [73.149994, 0.4499998, -4.15]] n[-0.0, 1.0, 0.0] b m0 [[72.85, 0.4499998, -28.15], [72.85, 0.4499998, -3.8500004], [73.15, 0.4499998, -3.8500004]] n[0.0, 1.0, 0.0] @ (65.050, 0.450, -3.950)
WARNING [coplanar-sliver] Wall m0: a 0.00055 m² coplanar overlap sliver at a joint (a at 65.05,0.45,-3.95; b at 73.05,0.45,-20.05) @ (65.050, 0.450, -3.950)
WARNING [coplanar-sliver] Wall m0: a 0.00056 m² coplanar overlap sliver at a joint (a at 48.95,0.45,-11.95; b at 56.95,0.45,-28.05) @ (48.950, 0.450, -11.950)
WARNING [coplanar-sliver] Wall m0: a 0.00056 m² coplanar overlap sliver at a joint (a at 48.95,0.45,-11.95; b at 65.05,0.45,-3.95) @ (48.950, 0.450, -11.950)
WARNING [coplanar-sliver] Wall m0: a 0.00056 m² coplanar overlap sliver at a joint (a at 49.05,0.45,-20.05; b at 56.95,0.45,-4.05) @ (49.050, 0.450, -20.050)
WARNING [coplanar-sliver] Wall m0: a 0.00056 m² coplanar overlap sliver at a joint (a at 49.05,0.45,-20.05; b at 65.05,0.45,-27.95) @ (49.050, 0.450, -20.050)
WARNING [coplanar-sliver] Wall m0: a 0.00056 m² coplanar overlap sliver at a joint (a at 56.95,0.45,-28.05; b at 73.05,0.45,-20.05) @ (56.950, 0.450, -28.050)
WARNING [coplanar-sliver] Wall m0: a 0.00056 m² coplanar overlap sliver at a joint (a at 56.95,0.45,-4.05; b at 72.95,0.45,-11.95) @ (56.950, 0.450, -4.050)
WARNING [coplanar-sliver] Wall m0: a 0.00056 m² coplanar overlap sliver at a joint (a at 65.05,0.45,-27.95; b at 72.95,0.45,-11.95) @ (65.050, 0.450, -27.950)
WARNING [coplanar-sliver] Wall m6: a 0.00011 m² coplanar overlap sliver at a joint (a at 20.92,0.09,0.16; b at 20.71,0.09,0.10) @ (20.917, 0.090, 0.162)
WARNING [coplanar-sliver] Wall m6: a 0.00012 m² coplanar overlap sliver at a joint (a at 20.92,0.09,0.16; b at 20.39,0.09,0.10) @ (20.917, 0.090, 0.162)
WARNING [coplanar-sliver] Wall m6: a 0.00012 m² coplanar overlap sliver at a joint (a at 20.92,0.09,0.16; b at 20.71,0.09,0.20) @ (20.917, 0.090, 0.162)
WARNING [coplanar-sliver] Wall m6: a 0.00013 m² coplanar overlap sliver at a joint (a at 20.92,0.09,0.16; b at 20.39,0.09,0.20) @ (20.917, 0.090, 0.162)
WARNING [coplanar-sliver] Wall m6: a 0.00029 m² coplanar overlap sliver at a joint (a at 23.87,0.09,-16.16; b at 25.84,0.09,-17.80) @ (23.867, 0.090, -16.162)
WARNING [coplanar-sliver] Wall m6: a 0.00030 m² coplanar overlap sliver at a joint (a at 19.38,0.09,-29.84; b at 25.84,0.09,-27.87) @ (19.383, 0.090, -29.844)
WARNING [coplanar-sliver] Wall m6: a 0.00030 m² coplanar overlap sliver at a joint (a at 22.53,0.09,0.16; b at 23.84,0.09,3.95) @ (22.533, 0.090, 0.156)
WARNING [coplanar-sliver] Wall m6: a 0.00031 m² coplanar overlap sliver at a joint (a at 23.84,0.09,8.05; b at 18.72,0.09,11.84) @ (23.844, 0.090, 8.050)
WARNING [coplanar-sliver] Wall m6: a 0.00031 m² coplanar overlap sliver at a joint (a at 44.16,0.09,-29.87; b at 55.28,0.09,-32.84) @ (44.156, 0.090, -29.867)
WARNING [coplanar-sliver] Wall m6: a 0.00031 m² coplanar overlap sliver at a joint (a at 6.16,0.09,-20.62; b at 9.80,0.09,-16.16) @ (6.162, 0.090, -20.617)
WARNING [coplanar-sliver] Wall m6: a 0.00031 m² coplanar overlap sliver at a joint (a at 6.16,0.09,-25.38; b at 12.62,0.09,-29.84) @ (6.156, 0.090, -25.383)
WARNING [coplanar-sliver] Wall m6: a 0.00031 m² coplanar overlap sliver at a joint (a at 8.16,0.09,3.95; b at 11.13,0.09,0.16) @ (8.156, 0.090, 3.950)
WARNING [coplanar-sliver] Wall m6: a 0.00031 m² coplanar overlap sliver at a joint (a at 8.16,0.09,8.05; b at 13.28,0.09,11.84) @ (8.162, 0.090, 8.050)
WARNING [coplanar-sliver] Wall m6: a 0.00032 m² coplanar overlap sliver at a joint (a at 44.16,0.09,-6.47; b at 55.28,0.09,0.84) @ (44.162, 0.090, -6.467)
WARNING [coplanar-sliver] Wall m6: a 0.00032 m² coplanar overlap sliver at a joint (a at 66.72,0.09,-32.84; b at 77.84,0.09,-21.72) @ (66.717, 0.090, -32.844)
WARNING [coplanar-sliver] Wall m6: a 0.00032 m² coplanar overlap sliver at a joint (a at 66.72,0.09,0.84; b at 77.84,0.09,-10.28) @ (66.717, 0.090, 0.838)
WARNING [missing-wall] room 10: a 2.70 m perimeter run has no wall solid and no authored opening @ (50.425, -1.900, -25.000)
WARNING [missing-wall] room 10: a 2.70 m perimeter run has no wall solid and no authored opening @ (50.425, -1.900, -7.000)
WARNING [missing-wall] room 11: a 2.70 m perimeter run has no wall solid and no authored opening @ (71.575, -1.900, -25.000)
WARNING [missing-wall] room 11: a 2.70 m perimeter run has no wall solid and no authored opening @ (71.575, -1.900, -7.000)
WARNING [missing-wall] room 12: a 3.97 m perimeter run has no wall solid and no authored opening @ (51.082, -4.500, -23.500)
WARNING [missing-wall] room 12: a 3.97 m perimeter run has no wall solid and no authored opening @ (70.918, -4.500, -23.500)
WARNING [missing-wall] room 13: a 3.97 m perimeter run has no wall solid and no authored opening @ (51.082, -4.500, -8.500)
WARNING [missing-wall] room 13: a 3.97 m perimeter run has no wall solid and no authored opening @ (70.918, -4.500, -8.500)
WARNING [missing-wall] room 14: a 4.19 m perimeter run has no wall solid and no authored opening @ (51.175, -4.500, -23.500)
WARNING [missing-wall] room 14: a 4.19 m perimeter run has no wall solid and no authored opening @ (51.175, -4.500, -8.500)
WARNING [missing-wall] room 15: a 4.19 m perimeter run has no wall solid and no authored opening @ (70.825, -4.500, -23.500)
WARNING [missing-wall] room 15: a 4.19 m perimeter run has no wall solid and no authored opening @ (70.825, -4.500, -8.500)
WARNING [missing-wall] room 16: a 5.46 m perimeter run has no wall solid and no authored opening @ (51.826, -7.100, -22.000)
WARNING [missing-wall] room 16: a 5.46 m perimeter run has no wall solid and no authored opening @ (70.174, -7.100, -22.000)
WARNING [missing-wall] room 17: a 5.46 m perimeter run has no wall solid and no authored opening @ (51.826, -7.100, -10.000)
WARNING [missing-wall] room 17: a 5.46 m perimeter run has no wall solid and no authored opening @ (70.174, -7.100, -10.000)
WARNING [missing-wall] room 18: a 5.68 m perimeter run has no wall solid and no authored opening @ (51.925, -7.100, -22.000)
WARNING [missing-wall] room 18: a 5.68 m perimeter run has no wall solid and no authored opening @ (51.925, -7.100, -10.000)
WARNING [missing-wall] room 19: a 5.68 m perimeter run has no wall solid and no authored opening @ (70.075, -7.100, -22.000)
WARNING [missing-wall] room 19: a 5.68 m perimeter run has no wall solid and no authored opening @ (70.075, -7.100, -10.000)
WARNING [missing-wall] room 20: a 14.50 m perimeter run has no wall solid and no authored opening @ (61.000, -10.500, -22.000)
WARNING [missing-wall] room 20: a 4.00 m perimeter run has no wall solid and no authored opening @ (51.250, -10.500, -22.000)
WARNING [missing-wall] room 20: a 4.00 m perimeter run has no wall solid and no authored opening @ (70.750, -10.500, -22.000)
WARNING [missing-wall] room 21: a 14.50 m perimeter run has no wall solid and no authored opening @ (61.000, -10.500, -10.000)
WARNING [missing-wall] room 21: a 4.00 m perimeter run has no wall solid and no authored opening @ (51.250, -10.500, -10.000)
WARNING [missing-wall] room 21: a 4.00 m perimeter run has no wall solid and no authored opening @ (70.750, -10.500, -10.000)
WARNING [missing-wall] room 22: a 1.50 m perimeter run has no wall solid and no authored opening @ (54.500, -10.500, -22.000)
WARNING [missing-wall] room 22: a 1.50 m perimeter run has no wall solid and no authored opening @ (54.500, -10.500, -10.000)
WARNING [missing-wall] room 22: a 12.50 m perimeter run has no wall solid and no authored opening @ (55.000, -10.500, -16.000)
WARNING [missing-wall] room 22: a 4.00 m perimeter run has no wall solid and no authored opening @ (51.250, -10.500, -22.000)
WARNING [missing-wall] room 22: a 4.00 m perimeter run has no wall solid and no authored opening @ (51.250, -10.500, -10.000)
WARNING [missing-wall] room 23: a 1.50 m perimeter run has no wall solid and no authored opening @ (67.500, -10.500, -22.000)
WARNING [missing-wall] room 23: a 1.50 m perimeter run has no wall solid and no authored opening @ (67.500, -10.500, -10.000)
WARNING [missing-wall] room 23: a 12.50 m perimeter run has no wall solid and no authored opening @ (67.000, -10.500, -16.000)
WARNING [missing-wall] room 23: a 4.00 m perimeter run has no wall solid and no authored opening @ (70.750, -10.500, -22.000)
WARNING [missing-wall] room 23: a 4.00 m perimeter run has no wall solid and no authored opening @ (70.750, -10.500, -10.000)
WARNING [missing-wall] room 24: a 12.50 m perimeter run has no wall solid and no authored opening @ (61.000, -10.500, -22.000)
WARNING [missing-wall] room 24: a 12.50 m perimeter run has no wall solid and no authored opening @ (61.000, -10.500, -10.000)
WARNING [missing-wall] room 24: a 12.50 m perimeter run has no wall solid and no authored opening @ (55.000, -10.500, -16.000)
WARNING [missing-wall] room 24: a 12.50 m perimeter run has no wall solid and no authored opening @ (67.000, -10.500, -16.000)
WARNING [missing-wall] room 4: a 4.50 m perimeter run has no wall solid and no authored opening @ (46.500, 0.500, -28.000)
WARNING [missing-wall] room 4: a 4.50 m perimeter run has no wall solid and no authored opening @ (75.500, 0.500, -28.000)
WARNING [missing-wall] room 5: a 4.50 m perimeter run has no wall solid and no authored opening @ (46.500, 0.500, -4.000)
WARNING [missing-wall] room 5: a 4.50 m perimeter run has no wall solid and no authored opening @ (75.500, 0.500, -4.000)
WARNING [missing-wall] room 6: a 4.50 m perimeter run has no wall solid and no authored opening @ (46.500, 0.500, -28.000)
WARNING [missing-wall] room 6: a 4.50 m perimeter run has no wall solid and no authored opening @ (46.500, 0.500, -4.000)
WARNING [missing-wall] room 7: a 4.50 m perimeter run has no wall solid and no authored opening @ (75.500, 0.500, -28.000)
WARNING [missing-wall] room 7: a 4.50 m perimeter run has no wall solid and no authored opening @ (75.500, 0.500, -4.000)
WARNING [missing-wall] room 8: a 2.48 m perimeter run has no wall solid and no authored opening @ (50.338, -1.900, -25.000)
WARNING [missing-wall] room 8: a 2.48 m perimeter run has no wall solid and no authored opening @ (71.662, -1.900, -25.000)
WARNING [missing-wall] room 9: a 2.48 m perimeter run has no wall solid and no authored opening @ (50.338, -1.900, -7.000)
WARNING [missing-wall] room 9: a 2.48 m perimeter run has no wall solid and no authored opening @ (71.662, -1.900, -7.000)
summary: 16 error(s), 76 warning(s)
