[package] /private/var/folders/sl/yxxj_m9n37sgntkntqw0x8yw0000gn/T/places-art-style-hero-o04tbsgd (assets: /private/var/folders/sl/yxxj_m9n37sgntkntqw0x8yw0000gn/T/places-art-style-hero-o04tbsgd/assets/levels)
[package] asset root: /private/var/folders/sl/yxxj_m9n37sgntkntqw0x8yw0000gn/T/places-art-style-hero-o04tbsgd/assets
[settings] quality medium (saved medium) [startup override] | lighting medium | bloom on | reflections medium | lightmaps medium | vsync off | filtering medium | window Windowed 640 x 360
[assets] 204 placeable asset(s) of 352 catalog entries; themes: office, pool, home, outdoor, winter
[renderer] wgpu | adapter: Apple M2 Pro | backend: Metal | device type: IntegratedGpu | surface format: Bgra8UnormSrgb | present mode: Fifo | alpha mode: Opaque | depth format: Depth32Float | drawable: 1280x720
[wgpu] texture filtering: world presets low 4x / medium 8x / high 16x requested | anisotropy supported
[wgpu] texture filtering: medium active (trilinear + 8x anisotropy requested)
[wgpu] present mode Immediate (immediate)
[window] logical 640x360 | drawable 1280x720 pixels | backing scale 2.0x
[wgpu] world pipeline for surface format Bgra8UnormSrgb
[wgpu] post targets: scene 640x360, bloom 160x90, presented 1280x720
[loading] package identity level=art_style_hero variant=medium sha256=37d9d3c66ae70e3b14335a930d18daa29d6395dd8a21df4b6ae473c5ebdf0097 source=/var/folders/sl/yxxj_m9n37sgntkntqw0x8yw0000gn/T/places-art-style-hero-o04tbsgd/assets/levels/art_style_hero.placesmap
[loading] compiled-cache miss level=art_style_hero variant=medium
[lightmaps] atlas array: 2 page(s) in 4 layer(s), 1024-texel edge, 33554432 bytes resident
[wgpu] world upload: 284 vertices, 438 indices, 14 draws in 1 chunk(s) (neutral mesh: 284 vertices, 438 indices, 14 ranges)
[wgpu] textures: 10 unique, 9 uploaded, 3 cache hits, 1 fallbacks, 0 missing of 14 draws (17476256 bytes resident, max edge 1024px, medium filtering)
[wgpu] materials: 11 resolved (6 response, 1 reflection-eligible), 2 normal maps (2 uploaded, 0 cache hits), 13 opaque / 0 cutout / 1 translucent of 14 draws (enabled response, medium level)
[wgpu] decals: 0 draw(s), 0 chunk(s), 1 sheet(s) (0 external, 0 diagnostic)
[wgpu] sky `outdoor:tex_sky_stars_01`: 1024x512 uploaded
[wgpu] uploaded 1 packaged reflection probe(s) at 48 texels, 6 mip level(s)
[loading] committed art_style_hero
[props] 16 models cached (0 failed), 5300 triangles, 3856 KiB of textures, 21 draw call(s)
[level] 284 static vertices, 15900 prop vertices, 21 prop draw call(s), built in 0.2 ms (lighting 0.0 + props 0.0 + surfaces 0.0)
[spatial] 14 static batch(es) (floor 4 / ceiling 1 / wall 7 / light 2 / prop box 0 / decal 0), 21 prop batch(es)
[lighting] baked 3 room(s) / 3 baseline area(s) from 4 fixture(s): 12 wall + 36 slab + 213 prop blocker(s), baselines 0.31..0.41 (avg 0.37)
[lightmaps] 2 page(s), 5347 chart(s), 98067 chart texels, 2097152 page texels (32768 KiB), filled in 0.0 ms
[dynamic] 0 object(s): 0 draw call(s), 0 vertices (the demonstration path; never part of the static bake); doors: 0/0
[characters] `home:dining_chair` spawns through the dynamic path: the runtime model `environment/home/props/models/dining_chair.glb` carries no skin or animation; it cannot be posed
BENCH_SUMMARY {"level":"art_style_hero","frames":360,"swap_interval":0,"update_mean_ms":0.302,"render_mean_ms":0.211,"swap_mean_ms":17.082,"frame_mean_ms":17.595,"loop_mean_ms":18.118,"frame_median_ms":18.019,"loop_median_ms":18.410,"frame_p95_ms":18.036,"frame_p99_ms":18.049,"loop_p95_ms":18.848,"loop_p99_ms":19.085,"frame_min_ms":16.117,"frame_max_ms":18.078,"loop_min_ms":16.477,"loop_max_ms":19.981,"fps_median":54.32,"fps_p95":53.06,"fps_p99":52.40,"fps_1pct_low":52.40,"fps_mean":55.19,"measured_fps_mean":56.83,"worst_fps":50.05,"total_vertices":0,"visible_vertices":0,"culled_vertices":0,"total_batches":0,"visible_batches":0,"draw_calls":0,"vbo_bytes":0,"index_bytes":0,"texture_binds":0,"material_changes":0,"reflection_passes":0}
BENCH_SUMMARY {"level":"art_style_hero","frames":360,"swap_interval":0,"update_mean_ms":0.302,"render_mean_ms":0.211,"swap_mean_ms":17.082,"frame_mean_ms":17.595,"loop_mean_ms":18.118,"frame_median_ms":18.019,"loop_median_ms":18.410,"frame_p95_ms":18.036,"frame_p99_ms":18.049,"loop_p95_ms":18.848,"loop_p99_ms":19.085,"frame_min_ms":16.117,"frame_max_ms":18.078,"loop_min_ms":16.477,"loop_max_ms":19.981,"fps_median":54.32,"fps_p95":53.06,"fps_p99":52.40,"fps_1pct_low":52.40,"fps_mean":55.19,"measured_fps_mean":56.83,"worst_fps":50.05,"total_vertices":0,"visible_vertices":0,"culled_vertices":0,"total_batches":0,"visible_batches":0,"draw_calls":0,"vbo_bytes":0,"index_bytes":0,"texture_binds":0,"material_changes":0,"reflection_passes":0}
        9.10 real         0.66 user         0.33 sys
           394149888  maximum resident set size
                   0  average shared memory size
                   0  average unshared data size
                   0  average unshared stack size
               24764  page reclaims
                   9  page faults
                   0  swaps
                   0  block input operations
                   0  block output operations
                   0  messages sent
                   0  messages received
                   0  signals received
                   1  voluntary context switches
                2866  involuntary context switches
          5998597748  instructions retired
          2532451647  cycles elapsed
           324404544  peak memory footprint
