[package] /private/var/folders/sl/yxxj_m9n37sgntkntqw0x8yw0000gn/T/places-art-style-hero-7s7t076q (assets: /private/var/folders/sl/yxxj_m9n37sgntkntqw0x8yw0000gn/T/places-art-style-hero-7s7t076q/assets/levels)
[package] asset root: /private/var/folders/sl/yxxj_m9n37sgntkntqw0x8yw0000gn/T/places-art-style-hero-7s7t076q/assets
[settings] quality high (saved high) [startup override] | lighting high | bloom on | reflections full | lightmaps full | vsync off | filtering high | window Windowed 640 x 360
[assets] 205 placeable asset(s) of 353 catalog entries; themes: office, pool, home, outdoor, winter
[renderer] wgpu | adapter: Apple M2 Pro | backend: Metal | device type: IntegratedGpu | surface format: Bgra8UnormSrgb | present mode: Fifo | alpha mode: Opaque | depth format: Depth32Float | drawable: 1280x720
[wgpu] texture filtering: world presets low 4x / medium 8x / high 16x requested | anisotropy supported
[visual-diagnostic] {"applied":{"bloom":true,"filtering":"high","lighting":"high","lightmaps":"full","quality":"high","reflections":"full"},"capture_submission":null,"event":"select","frame":{"base_color_format":"Rgba8UnormSrgb decoded to linear","bloom_allowed":true,"bloom_requested":true,"culling":true,"diagnostic_identity_post":false,"display_encoding":"linear HDR + bloom, fixed exposure, hue-preserving shoulder, sRGB, display grade","drawable":[1280,720],"scene_format":"Rgba16Float linear HDR","scene_size":null,"scene_uploaded_selector":null,"sky_decals_effects_suppressed":false,"world_uploaded_selector":null},"level":null,"meaning":"ordinary final composition including sky, fog, response, emission, reflections and post","mode":"final","requested":{"bloom":true,"filtering":"high","lighting":"high","lightmaps":"full","quality":"high","reflections":"full"},"resident":{"active_plane":null,"active_probe":0,"atlas":{"bytes":0,"chart_texels":0,"charts":0,"format":"Rgba16Float irradiance+signed moment","page_edge":0,"pages":0},"characters":null,"contact_subjects":0,"dynamic":null,"entity_uniform_bytes":5632,"filtering":"high","irradiance_field":null,"lighting_uniform":null,"lightmaps":"full","lightmaps_resident":false,"movable_visibility":{"casters":0,"meshes":0,"model_builds":0,"preparation_millis":0.0,"triangles":0},"movable_visibility_error":null,"planar_resident":false,"props":null,"quality":"high","reflection_enabled":true,"reflection_probes":[],"runtime_visibility_scene":false,"world":null},"surface_submission":{"draw_calls":0,"material_changes":0,"source":"last surface RenderStats; may remain zero or stale when acquisition is skipped","texture_binds":0,"visible_batches":0,"visible_vertices":0},"unavailable":{"charts":"atlas grid has no true chart ID/boundary/seam metadata","decomposition":"direct/indirect/filter/fill remain offline solver exports","metallic":"no material shader input","probe_field":"native prepared-position provider; bounded markers and actual accepted contributor links","shadow_ao":"no standalone payload"}}
[wgpu] present mode Immediate (immediate)
[window] logical 640x360 | drawable 1280x720 pixels | backing scale 2.0x
[wgpu] world pipeline for surface format Bgra8UnormSrgb
[wgpu] post targets: scene 1280x720, bloom 320x180, presented 1280x720
[startup] total 372.4 ms
[startup]   package root: +0.2 ms (0.2 ms)
[startup]   settings: +0.2 ms (0.4 ms)
[startup]   window: +121.2 ms (121.6 ms)
[startup]   asset catalog: +52.9 ms (174.5 ms)
[startup]   renderer device: +10.1 ms (184.6 ms)
[startup]   input responsive: +109.5 ms (294.0 ms)
[startup]   first scene attempted: +36.2 ms (330.3 ms)
[startup]   first UI attempted: +0.0 ms (330.3 ms)
[startup]   first presented: +42.1 ms (372.4 ms)
[loading] package identity level=art_style_hero variant=full sha256=d76049f3a383db1d8a75d7dc4814054ccea297a69a2637d1ba7892406c444b5f source=/var/folders/sl/yxxj_m9n37sgntkntqw0x8yw0000gn/T/places-art-style-hero-7s7t076q/assets/levels/art_style_hero.placesmap
[loading] compiled-cache miss level=art_style_hero variant=full
[lightmaps] atlas array: 2 page(s) in 4 layer(s), 1024-texel edge, 33554432 bytes resident
[wgpu] world upload: 502 vertices, 762 indices, 21 draws in 1 chunk(s) (neutral mesh: 502 vertices, 762 indices, 21 ranges)
[wgpu] textures: 14 unique, 13 uploaded, 6 cache hits, 1 fallbacks, 0 missing of 21 draws (75497456 bytes resident, max edge 1024px, high filtering)
[wgpu] materials: 17 resolved (12 response, 3 reflection-eligible), 2 normal maps (2 uploaded, 0 cache hits), 18 opaque / 0 cutout / 3 translucent of 21 draws (enabled response, high level)
[wgpu] decals: 0 draw(s), 0 chunk(s), 1 sheet(s) (0 external, 0 diagnostic)
[wgpu] sky `outdoor:tex_sky_stars_01`: 1024x512 uploaded
[wgpu] uploaded 2 packaged reflection probe(s) at 64 texels, 7 mip level(s)
[loading] committed art_style_hero
[props] 21 models cached (0 failed), 6188 triangles, 5136 KiB of textures, 26 draw call(s)
[level] 502 static vertices, 20316 prop vertices, 26 prop draw call(s), built in 0.4 ms (lighting 0.0 + props 0.0 + surfaces 0.0)
[spatial] 21 static batch(es) (floor 8 / ceiling 1 / wall 10 / light 2 / prop box 0 / decal 0), 26 prop batch(es)
[lighting] baked 3 room(s) / 3 baseline area(s) from 5 fixture(s): 14 wall + 88 slab + 228 prop blocker(s), baselines 0.35..0.41 (avg 0.39)
[lightmaps] 2 page(s), 6874 chart(s), 246682 chart texels, 2097152 page texels (32768 KiB), filled in 0.0 ms
[dynamic] 0 object(s): 0 draw call(s), 0 vertices (the demonstration path; never part of the static bake); doors: 0/0
[characters] `home:dining_chair_refined` spawns through the dynamic path: the runtime model `environment/home/props/models/dining_chair_refined.glb` carries no skin or animation; it cannot be posed
[wgpu] characters: 1 character(s), 1 mesh(es), 2 draw(s), 3810 vertices
[visual-diagnostic] {"applied":{"bloom":true,"filtering":"high","lighting":"high","lightmaps":"full","quality":"high","reflections":"full"},"capture_submission":{"draw_calls":30,"frustum_visible_batches":30,"frustum_visible_distinct_vertices":19800,"material_binds":27,"scope":"base-scene accounted world/props/dynamics/actors plus decals/effects; excludes sky, reflections, emissive duplicates, post and UI","submitted_indices":15540,"submitted_triangles":5180,"texture_binds":25,"vertices":"sum of distinct indexed vertices per submitted range/object, not a globally deduplicated count or triangle estimate","visibility":"CPU frustum acceptance and encoded draws, not GPU occlusion visibility or FPS"},"event":"capture","frame":{"base_color_format":"Rgba8UnormSrgb decoded to linear","bloom_allowed":true,"bloom_requested":true,"culling":true,"diagnostic_identity_post":false,"display_encoding":"linear HDR + bloom, fixed exposure, hue-preserving shoulder, sRGB, display grade","drawable":[1280,720],"scene_format":"Rgba16Float linear HDR","scene_size":[1280,720],"scene_uploaded_selector":0.0,"sky_decals_effects_suppressed":false,"world_uploaded_selector":0.0},"level":"art_style_hero","meaning":"ordinary final composition including sky, fog, response, emission, reflections and post","mode":"final","requested":{"bloom":true,"filtering":"high","lighting":"high","lightmaps":"full","quality":"high","reflections":"full"},"resident":{"active_plane":null,"active_probe":1,"atlas":{"bytes":33554432,"chart_texels":246682,"charts":6874,"format":"Rgba16Float irradiance+signed moment","page_edge":1024,"pages":2},"characters":{"characters":1,"draws":2,"meshes":1,"vertices":3810},"contact_subjects":1,"dynamic":{"draws":1,"meshes":1,"objects":1,"vertices":752},"entity_uniform_bytes":5632,"filtering":"high","irradiance_field":{"cell_m":1.5,"dims":[9,5,11],"native_marker_stride":1,"selected_direct_sidecar":true,"selected_source_indices":[0,1,2,3,4],"serialized_bytes":29762,"slots":495,"valid":221},"lighting_uniform":{"fog_density":0.009499999694526196,"fog_region_count":0,"light_scale":[1.0,1.0,1.0],"lightmap_enabled":1.0,"page_count":2,"switchable_word":393216},"lightmaps":"full","lightmaps_resident":true,"movable_visibility":{"casters":1,"meshes":1,"model_builds":1,"preparation_millis":0.20183399999999999,"triangles":324},"movable_visibility_error":null,"planar_resident":false,"props":{"chunks":21,"draws":26,"indices":20316,"texture_bytes":7012324,"vertices":20316},"quality":"high","reflection_enabled":true,"reflection_probes":[{"face_size":64,"mip_levels":7,"position":[6.09999942779541,1.0800000429153442,-4.550000190734863]},{"face_size":64,"mip_levels":7,"position":[9.399998664855957,2.5999999046325684,9.149999618530273]}],"runtime_visibility_scene":true,"world":{"chunks":1,"draws":21,"index_bytes":1524,"indices":762,"vertex_bytes":38152,"vertices":502}},"surface_submission":{"draw_calls":30,"material_changes":27,"source":"last surface RenderStats; may remain zero or stale when acquisition is skipped","texture_binds":25,"visible_batches":30,"visible_vertices":19800},"unavailable":{"charts":"atlas grid has no true chart ID/boundary/seam metadata","decomposition":"direct/indirect/filter/fill remain offline solver exports","metallic":"no material shader input","probe_field":"native prepared-position provider; bounded markers and actual accepted contributor links","shadow_ao":"no standalone payload"}}
PLACES_CAPTURE: wrote /Users/connordawkins/Documents/GitHub/Places/docs/art-style/stage6/budgets/after/entities.png
BENCH_SUMMARY {"level":"art_style_hero","frames":66,"swap_interval":0,"update_mean_ms":0.158,"render_mean_ms":5.648,"swap_mean_ms":1.471,"frame_mean_ms":7.277,"loop_mean_ms":6.131,"frame_median_ms":5.200,"loop_median_ms":5.930,"frame_p95_ms":14.458,"frame_p99_ms":14.890,"loop_p95_ms":13.386,"loop_p99_ms":15.033,"frame_min_ms":0.739,"frame_max_ms":98.810,"loop_min_ms":0.912,"loop_max_ms":15.120,"fps_median":168.63,"fps_p95":74.70,"fps_p99":66.52,"fps_1pct_low":66.52,"fps_mean":163.12,"measured_fps_mean":137.42,"worst_fps":66.14,"total_vertices":21570,"visible_vertices":19800,"culled_vertices":1770,"total_batches":48,"visible_batches":30,"draw_calls":30,"vbo_bytes":1639320,"index_bytes":44100,"texture_binds":25,"material_changes":27,"reflection_passes":0,"visible_indices":15540}
        1.27 real         1.05 user         0.23 sys
           524746752  maximum resident set size
                   0  average shared memory size
                   0  average unshared data size
                   0  average unshared stack size
               36311  page reclaims
                  36  page faults
                   0  swaps
                   0  block input operations
                   0  block output operations
                   0  messages sent
                   0  messages received
                   0  signals received
                   1  voluntary context switches
                7711  involuntary context switches
         12031196083  instructions retired
          3997540663  cycles elapsed
           599491952  peak memory footprint
