[package] /private/var/folders/sl/yxxj_m9n37sgntkntqw0x8yw0000gn/T/places-art-style-hero-nr4v1wvu (assets: /private/var/folders/sl/yxxj_m9n37sgntkntqw0x8yw0000gn/T/places-art-style-hero-nr4v1wvu/assets/levels)
[package] asset root: /private/var/folders/sl/yxxj_m9n37sgntkntqw0x8yw0000gn/T/places-art-style-hero-nr4v1wvu/assets
[settings] quality high (saved high) [startup override] | lighting high | bloom on | reflections full | lightmaps full | vsync off | filtering high | window Windowed 640 x 360
[assets] 204 placeable asset(s) of 352 catalog entries; themes: office, pool, home, outdoor, winter
[renderer] wgpu | adapter: Apple M2 Pro | backend: Metal | device type: IntegratedGpu | surface format: Bgra8UnormSrgb | present mode: Fifo | alpha mode: Opaque | depth format: Depth32Float | drawable: 1280x720
[wgpu] texture filtering: world presets low 4x / medium 8x / high 16x requested | anisotropy supported
[wgpu] present mode Immediate (immediate)
[window] logical 640x360 | drawable 1280x720 pixels | backing scale 2.0x
[wgpu] world pipeline for surface format Bgra8UnormSrgb
[wgpu] post targets: scene 1280x720, bloom 320x180, presented 1280x720
[startup] total 400.6 ms
[startup]   package root: +0.3 ms (0.3 ms)
[startup]   settings: +1.7 ms (2.0 ms)
[startup]   window: +133.4 ms (135.4 ms)
[startup]   asset catalog: +61.4 ms (196.7 ms)
[startup]   renderer device: +13.2 ms (209.9 ms)
[startup]   input responsive: +109.9 ms (319.8 ms)
[startup]   first scene attempted: +39.9 ms (359.7 ms)
[startup]   first UI attempted: +0.0 ms (359.7 ms)
[startup]   first presented: +40.9 ms (400.6 ms)
[loading] package identity level=art_style_hero variant=full sha256=daacd574b8d578fa1d3029487ffb8cea1d476e6d569262d5981bcf0fd8b87e50 source=/var/folders/sl/yxxj_m9n37sgntkntqw0x8yw0000gn/T/places-art-style-hero-nr4v1wvu/assets/levels/art_style_hero.placesmap
[loading] compiled-cache miss level=art_style_hero variant=full
[lightmaps] atlas array: 2 page(s) in 4 layer(s), 1024-texel edge, 33554432 bytes resident
[wgpu] world upload: 456 vertices, 696 indices, 21 draws in 1 chunk(s) (neutral mesh: 456 vertices, 696 indices, 21 ranges)
[wgpu] textures: 14 unique, 13 uploaded, 6 cache hits, 1 fallbacks, 0 missing of 21 draws (75497456 bytes resident, max edge 1024px, high filtering)
[wgpu] materials: 17 resolved (11 response, 3 reflection-eligible), 2 normal maps (2 uploaded, 0 cache hits), 18 opaque / 0 cutout / 3 translucent of 21 draws (enabled response, high level)
[wgpu] decals: 0 draw(s), 0 chunk(s), 1 sheet(s) (0 external, 0 diagnostic)
[wgpu] sky `outdoor:tex_sky_stars_01`: 1024x512 uploaded
[wgpu] uploaded 2 packaged reflection probe(s) at 64 texels, 7 mip level(s)
[loading] committed art_style_hero
[props] 16 models cached (0 failed), 5300 triangles, 3856 KiB of textures, 21 draw call(s)
[level] 456 static vertices, 16524 prop vertices, 21 prop draw call(s), built in 0.4 ms (lighting 0.0 + props 0.0 + surfaces 0.0)
[spatial] 21 static batch(es) (floor 9 / ceiling 1 / wall 9 / light 2 / prop box 0 / decal 0), 21 prop batch(es)
[lighting] baked 3 room(s) / 3 baseline area(s) from 5 fixture(s): 14 wall + 91 slab + 223 prop blocker(s), baselines 0.35..0.41 (avg 0.39)
[lightmaps] 2 page(s), 5598 chart(s), 214709 chart texels, 2097152 page texels (32768 KiB), filled in 0.0 ms
[dynamic] 0 object(s): 0 draw call(s), 0 vertices (the demonstration path; never part of the static bake); doors: 0/0
[characters] `home:dining_chair` spawns through the dynamic path: the runtime model `environment/home/props/models/dining_chair.glb` carries no skin or animation; it cannot be posed
[wgpu] characters: 1 character(s), 1 mesh(es), 2 draw(s), 3810 vertices
PLACES_CAPTURE: wrote /Users/connordawkins/Documents/GitHub/Places/docs/art-style/stage6/runtime-parity/before-current/room.png
BENCH_SUMMARY {"level":"art_style_hero","frames":55,"swap_interval":0,"update_mean_ms":0.202,"render_mean_ms":6.985,"swap_mean_ms":2.110,"frame_mean_ms":9.297,"loop_mean_ms":7.460,"frame_median_ms":8.015,"loop_median_ms":8.253,"frame_p95_ms":9.781,"frame_p99_ms":14.469,"loop_p95_ms":9.781,"loop_p99_ms":13.400,"frame_min_ms":0.939,"frame_max_ms":123.209,"loop_min_ms":1.129,"loop_max_ms":14.708,"fps_median":121.16,"fps_p95":102.24,"fps_p99":74.63,"fps_1pct_low":74.63,"fps_mean":134.05,"measured_fps_mean":107.56,"worst_fps":67.99,"total_vertices":17412,"visible_vertices":23048,"culled_vertices":0,"total_batches":43,"visible_batches":38,"draw_calls":38,"vbo_bytes":1323312,"index_bytes":35664,"texture_binds":29,"material_changes":33,"reflection_passes":0,"visible_indices":15702}
        1.28 real         1.00 user         0.22 sys
           518848512  maximum resident set size
                   0  average shared memory size
                   0  average unshared data size
                   0  average unshared stack size
               34856  page reclaims
                 176  page faults
                   0  swaps
                   0  block input operations
                   0  block output operations
                   0  messages sent
                   0  messages received
                   0  signals received
                 108  voluntary context switches
                6952  involuntary context switches
         11648046409  instructions retired
          3815104231  cycles elapsed
           598525296  peak memory footprint
