[package] /private/var/folders/sl/yxxj_m9n37sgntkntqw0x8yw0000gn/T/places-art-style-hero-rkgi6bvp (assets: /private/var/folders/sl/yxxj_m9n37sgntkntqw0x8yw0000gn/T/places-art-style-hero-rkgi6bvp/assets/levels)
[package] asset root: /private/var/folders/sl/yxxj_m9n37sgntkntqw0x8yw0000gn/T/places-art-style-hero-rkgi6bvp/assets
[settings] quality high (saved high) [startup override] | lighting low | bloom on | reflections off | lightmaps off | vsync off | filtering high | window Windowed 640 x 360
[assets] 204 placeable asset(s) of 352 catalog entries; themes: office, pool, home, outdoor, winter
[renderer] wgpu | adapter: Apple M2 Pro | backend: Metal | device type: IntegratedGpu | surface format: Bgra8UnormSrgb | present mode: Fifo | alpha mode: Opaque | depth format: Depth32Float | drawable: 1280x720
[wgpu] texture filtering: world presets low 4x / medium 8x / high 16x requested | anisotropy supported
[visual-diagnostic] {"applied":{"bloom":true,"filtering":"high","lighting":"high","lightmaps":"full","quality":"high","reflections":"full"},"capture_submission":null,"event":"select","frame":{"base_color_format":"Rgba8Unorm raw authored display","bloom_allowed":true,"bloom_requested":true,"culling":true,"diagnostic_identity_post":false,"drawable":[1280,720],"scene_format":"Rgba8Unorm raw display","scene_size":null,"scene_uploaded_selector":null,"sky_decals_effects_suppressed":false,"world_uploaded_selector":null},"level":null,"meaning":"ordinary final composition including sky, fog, response, emission, reflections and post","mode":"final","requested":{"bloom":true,"filtering":"high","lighting":"low","lightmaps":"off","quality":"high","reflections":"off"},"resident":{"active_plane":null,"active_probe":0,"atlas":{"bytes":0,"chart_texels":0,"charts":0,"format":"Rgba16Float irradiance+signed moment","page_edge":0,"pages":0},"characters":null,"dynamic":null,"filtering":"high","lighting_uniform":null,"lightmaps":"full","lightmaps_resident":false,"planar_resident":false,"props":null,"quality":"high","reflection_enabled":true,"reflection_probes":[],"world":null},"surface_submission":{"draw_calls":0,"material_changes":0,"source":"last surface RenderStats; may remain zero or stale when acquisition is skipped","texture_binds":0,"visible_batches":0,"visible_vertices":0},"unavailable":{"charts":"atlas grid has no true chart ID/boundary/seam metadata","decomposition":"direct/indirect/filter/fill remain offline solver exports","metallic":"no material shader input","probe_field":"probe positions, validity and visibility labels have no runtime visualization provider","shadow_ao":"no standalone payload"}}
[wgpu] present mode Immediate (immediate)
[loading] package identity level=art_style_hero variant=off sha256=37d9d3c66ae70e3b14335a930d18daa29d6395dd8a21df4b6ae473c5ebdf0097 source=/var/folders/sl/yxxj_m9n37sgntkntqw0x8yw0000gn/T/places-art-style-hero-rkgi6bvp/assets/levels/art_style_hero.placesmap
[loading] compiled-cache miss level=art_style_hero variant=off
[window] logical 640x360 | drawable 1280x720 pixels | backing scale 2.0x
[wgpu] world pipeline for surface format Bgra8UnormSrgb
[wgpu] post targets: scene 1280x720, bloom 320x180, presented 1280x720
[startup] total 259.9 ms
[startup]   package root: +0.2 ms (0.2 ms)
[startup]   settings: +0.2 ms (0.4 ms)
[startup]   window: +118.6 ms (118.9 ms)
[startup]   asset catalog: +1.5 ms (120.5 ms)
[startup]   renderer device: +9.6 ms (130.0 ms)
[startup]   input responsive: +64.2 ms (194.2 ms)
[startup]   first scene attempted: +25.5 ms (219.7 ms)
[startup]   first UI attempted: +0.0 ms (219.7 ms)
[startup]   world geometry: pack: +18.6 ms (238.3 ms)
[startup]   world geometry: GPU upload: +0.1 ms (238.4 ms)
[startup]   world textures: plan: +1.9 ms (240.3 ms)
[startup]   textures: CPU prepare: +5.1 ms (245.4 ms)
[startup]   textures: GPU upload: +6.7 ms (252.1 ms)
[startup]   world textures: batch: +0.0 ms (252.1 ms)
[startup]   first presented: +7.8 ms (259.9 ms)
[wgpu] world upload: 394 vertices, 864 indices, 14 draws in 1 chunk(s) (neutral mesh: 394 vertices, 864 indices, 14 ranges)
[wgpu] textures: 10 unique, 9 uploaded, 3 cache hits, 1 fallbacks, 0 missing of 14 draws (53127840 bytes resident, max edge 1024px, high filtering)
[wgpu] materials: 11 resolved (0 response, 0 reflection-eligible), 0 normal maps (0 uploaded, 0 cache hits), 13 opaque / 0 cutout / 1 translucent of 14 draws (disabled response, high level)
[wgpu] decals: 0 draw(s), 0 chunk(s), 1 sheet(s) (0 external, 0 diagnostic)
[wgpu] sky `outdoor:tex_sky_stars_01`: 1024x512 uploaded
[loading] committed art_style_hero
[props] 16 models cached (0 failed), 5300 triangles, 3856 KiB of textures, 21 draw call(s)
[level] 394 static vertices, 11787 prop vertices, 21 prop draw call(s), built in 0.1 ms (lighting 0.0 + props 0.0 + surfaces 0.0)
[spatial] 14 static batch(es) (floor 4 / ceiling 1 / wall 7 / light 2 / prop box 0 / decal 0), 21 prop batch(es)
[lighting] baked 3 room(s) / 3 baseline area(s) from 4 fixture(s): 12 wall + 36 slab + 193 prop blocker(s), baselines 0.31..0.41 (avg 0.37)
[lightmaps] 0 page(s), 0 chart(s), 0 chart texels, 0 page texels (0 KiB), filled in 0.0 ms
[dynamic] 0 object(s): 0 draw call(s), 0 vertices (the demonstration path; never part of the static bake); doors: 0/0
[characters] `home:dining_chair` spawns through the dynamic path: the runtime model `environment/home/props/models/dining_chair.glb` carries no skin or animation; it cannot be posed
[visual-diagnostic] {"applied":{"bloom":true,"filtering":"high","lighting":"low","lightmaps":"off","quality":"high","reflections":"off"},"capture_submission":{"draw_calls":17,"frustum_visible_batches":17,"frustum_visible_distinct_vertices":9016,"material_binds":15,"scope":"base-scene accounted world/props/dynamics/actors plus decals/effects; excludes sky, reflections, emissive duplicates, post and UI","texture_binds":13,"vertices":"sum of distinct indexed vertices per submitted range/object, not a globally deduplicated count or triangle estimate","visibility":"CPU frustum acceptance and encoded draws, not GPU occlusion visibility or FPS"},"event":"capture","frame":{"base_color_format":"Rgba8Unorm raw authored display","bloom_allowed":true,"bloom_requested":true,"culling":true,"diagnostic_identity_post":false,"drawable":[1280,720],"scene_format":"Rgba8Unorm raw display","scene_size":[1280,720],"scene_uploaded_selector":0.0,"sky_decals_effects_suppressed":false,"world_uploaded_selector":0.0},"level":"art_style_hero","meaning":"ordinary final composition including sky, fog, response, emission, reflections and post","mode":"final","requested":{"bloom":true,"filtering":"high","lighting":"low","lightmaps":"off","quality":"high","reflections":"off"},"resident":{"active_plane":null,"active_probe":0,"atlas":{"bytes":0,"chart_texels":0,"charts":0,"format":"Rgba16Float irradiance+signed moment","page_edge":0,"pages":0},"characters":null,"dynamic":{"draws":1,"meshes":1,"objects":1,"vertices":432},"filtering":"high","lighting_uniform":{"fog_density":0.009499999694526196,"fog_region_count":0,"light_scale":[1.0,1.0,1.0],"lightmap_enabled":0.0,"page_count":0,"switchable_word":0},"lightmaps":"off","lightmaps_resident":false,"planar_resident":false,"props":{"chunks":16,"draws":21,"indices":15900,"texture_bytes":5264704,"vertices":11787},"quality":"high","reflection_enabled":false,"reflection_probes":[],"world":{"chunks":1,"draws":14,"index_bytes":1728,"indices":864,"vertex_bytes":25216,"vertices":394}},"surface_submission":{"draw_calls":17,"material_changes":15,"source":"last surface RenderStats; may remain zero or stale when acquisition is skipped","texture_binds":13,"visible_batches":17,"visible_vertices":9016},"unavailable":{"charts":"atlas grid has no true chart ID/boundary/seam metadata","decomposition":"direct/indirect/filter/fill remain offline solver exports","metallic":"no material shader input","probe_field":"probe positions, validity and visibility labels have no runtime visualization provider","shadow_ao":"no standalone payload"}}
PLACES_CAPTURE: wrote /Users/connordawkins/Documents/GitHub/Places/docs/art-style/diagnostics/native/low-lighting/entities.png
BENCH_SUMMARY {"level":"art_style_hero","frames":47,"swap_interval":0,"update_mean_ms":0.324,"render_mean_ms":7.725,"swap_mean_ms":2.103,"frame_mean_ms":10.153,"loop_mean_ms":8.367,"frame_median_ms":8.086,"loop_median_ms":8.343,"frame_p95_ms":9.216,"frame_p99_ms":104.550,"loop_p95_ms":9.432,"loop_p99_ms":9.690,"frame_min_ms":6.619,"frame_max_ms":104.550,"loop_min_ms":6.844,"loop_max_ms":9.690,"fps_median":119.86,"fps_p95":106.02,"fps_p99":103.20,"fps_1pct_low":103.20,"fps_mean":119.52,"measured_fps_mean":98.49,"worst_fps":103.20,"total_vertices":12613,"visible_vertices":9016,"culled_vertices":3597,"total_batches":36,"visible_batches":17,"draw_calls":17,"vbo_bytes":807232,"index_bytes":34752,"texture_binds":13,"material_changes":15,"reflection_passes":0}
        0.95 real         0.46 user         0.15 sys
           268877824  maximum resident set size
                   0  average shared memory size
                   0  average unshared data size
                   0  average unshared stack size
               18548  page reclaims
                   6  page faults
                   0  swaps
                   0  block input operations
                   0  block output operations
                   0  messages sent
                   0  messages received
                   0  signals received
                   1  voluntary context switches
                5123  involuntary context switches
          4378400195  instructions retired
          1787022131  cycles elapsed
           283903176  peak memory footprint
