[package] /private/var/folders/sl/yxxj_m9n37sgntkntqw0x8yw0000gn/T/places-art-style-hero-vrrkgbdk (assets: /private/var/folders/sl/yxxj_m9n37sgntkntqw0x8yw0000gn/T/places-art-style-hero-vrrkgbdk/assets/levels)
[package] asset root: /private/var/folders/sl/yxxj_m9n37sgntkntqw0x8yw0000gn/T/places-art-style-hero-vrrkgbdk/assets
[settings] quality high (saved high) [startup override] | lighting high | bloom on | reflections full | lightmaps full | vsync off | filtering high | window Windowed 640 x 360
[assets] 204 placeable asset(s) of 352 catalog entries; themes: office, pool, home, outdoor, winter
[renderer] wgpu | adapter: Apple M2 Pro | backend: Metal | device type: IntegratedGpu | surface format: Bgra8UnormSrgb | present mode: Fifo | alpha mode: Opaque | depth format: Depth32Float | drawable: 1280x720
[wgpu] texture filtering: world presets low 4x / medium 8x / high 16x requested | anisotropy supported
[wgpu] present mode Immediate (immediate)
[window] logical 640x360 | drawable 1280x720 pixels | backing scale 2.0x
[wgpu] world pipeline for surface format Bgra8UnormSrgb
[wgpu] post targets: scene 1280x720, bloom 320x180, presented 1280x720
[startup] total 267.5 ms
[startup]   package root: +0.3 ms (0.3 ms)
[startup]   settings: +1.9 ms (2.2 ms)
[startup]   window: +125.3 ms (127.5 ms)
[startup]   asset catalog: +2.4 ms (129.9 ms)
[startup]   renderer device: +11.3 ms (141.2 ms)
[startup]   input responsive: +60.4 ms (201.6 ms)
[startup]   first scene attempted: +26.0 ms (227.6 ms)
[startup]   first UI attempted: +0.0 ms (227.6 ms)
[startup]   first presented: +39.8 ms (267.5 ms)
[loading] package identity level=art_style_hero variant=full sha256=79e84b0d9e110ac0aba8b22c4c48fa3e4a6c2d8a6b9eea1d2cdfb41953b37c5f source=/var/folders/sl/yxxj_m9n37sgntkntqw0x8yw0000gn/T/places-art-style-hero-vrrkgbdk/assets/levels/art_style_hero.placesmap
[loading] compiled-cache miss level=art_style_hero variant=full
[lightmaps] atlas array: 2 page(s) in 4 layer(s), 1024-texel edge, 33554432 bytes resident
[wgpu] world upload: 756 vertices, 1158 indices, 30 draws in 1 chunk(s) (neutral mesh: 756 vertices, 1158 indices, 30 ranges)
[wgpu] textures: 15 unique, 14 uploaded, 9 cache hits, 4 fallbacks, 0 missing of 30 draws (81089860 bytes resident, max edge 1024px, high filtering)
[wgpu] materials: 17 resolved (11 response, 1 reflection-eligible), 2 normal maps (2 uploaded, 0 cache hits), 25 opaque / 1 cutout / 4 translucent of 30 draws (enabled response, high level)
[wgpu] decals: 0 draw(s), 0 chunk(s), 1 sheet(s) (0 external, 0 diagnostic)
[wgpu] sky `outdoor:tex_sky_stars_01`: 1024x512 uploaded
[wgpu] uploaded 1 packaged reflection probe(s) at 64 texels, 7 mip level(s)
[loading] committed art_style_hero
[props] 19 models cached (0 failed), 5498 triangles, 4624 KiB of textures, 21 draw call(s)
[level] 756 static vertices, 15900 prop vertices, 21 prop draw call(s), built in 0.2 ms (lighting 0.0 + props 0.0 + surfaces 0.0)
[spatial] 30 static batch(es) (floor 8 / ceiling 2 / wall 13 / light 6 / prop box 1 / decal 0), 21 prop batch(es)
[lighting] baked 5 room(s) / 5 baseline area(s) from 6 fixture(s): 28 wall + 79 slab + 225 prop blocker(s), baselines 0.31..0.41 (avg 0.38)
[lightmaps] 2 page(s), 5422 chart(s), 252889 chart texels, 2097152 page texels (32768 KiB), filled in 0.0 ms
[dynamic] 0 object(s): 0 draw call(s), 0 vertices (the demonstration path; never part of the static bake); doors: 0/0
[characters] `home:dining_chair` spawns through the dynamic path: the runtime model `environment/home/props/models/dining_chair.glb` carries no skin or animation; it cannot be posed
PLACES_CAPTURE: wrote /Users/connordawkins/Documents/GitHub/Places/docs/art-style/stage3/before/controls/apertures.png
BENCH_SUMMARY {"level":"art_style_hero","frames":71,"swap_interval":0,"update_mean_ms":0.100,"render_mean_ms":5.154,"swap_mean_ms":1.600,"frame_mean_ms":6.854,"loop_mean_ms":5.645,"frame_median_ms":6.660,"loop_median_ms":6.831,"frame_p95_ms":13.089,"frame_p99_ms":16.675,"loop_p95_ms":13.324,"loop_p99_ms":15.280,"frame_min_ms":0.599,"frame_max_ms":113.793,"loop_min_ms":0.838,"loop_max_ms":16.968,"fps_median":146.40,"fps_p95":75.05,"fps_p99":65.44,"fps_1pct_low":65.44,"fps_mean":177.15,"measured_fps_mean":145.90,"worst_fps":58.93,"total_vertices":17088,"visible_vertices":1696,"culled_vertices":15392,"total_batches":52,"visible_batches":27,"draw_calls":27,"vbo_bytes":1298688,"index_bytes":35340,"texture_binds":16,"material_changes":17,"reflection_passes":0}
        1.10 real         0.82 user         0.23 sys
           529055744  maximum resident set size
                   0  average shared memory size
                   0  average unshared data size
                   0  average unshared stack size
               35391  page reclaims
                 187  page faults
                   0  swaps
                   0  block input operations
                   0  block output operations
                   0  messages sent
                   0  messages received
                   0  signals received
                 186  voluntary context switches
                6801  involuntary context switches
          9549099833  instructions retired
          3179203537  cycles elapsed
           615581088  peak memory footprint
