[package] /private/var/folders/sl/yxxj_m9n37sgntkntqw0x8yw0000gn/T/places-desktop-baseline-zlkc5twv (assets: /private/var/folders/sl/yxxj_m9n37sgntkntqw0x8yw0000gn/T/places-desktop-baseline-zlkc5twv/assets/levels)
[package] asset root: /private/var/folders/sl/yxxj_m9n37sgntkntqw0x8yw0000gn/T/places-desktop-baseline-zlkc5twv/assets
[settings] quality high (saved high) [startup override] | bloom on | reflections full | lightmaps full | vsync on | filtering high | window Windowed 640 x 360
[assets] 48 placeable asset(s) of 137 catalog entries; themes: office, pool, home
[renderer] wgpu | adapter: Apple M2 Pro | backend: Metal | device type: IntegratedGpu | surface format: Bgra8UnormSrgb | present mode: Fifo | alpha mode: Opaque | depth format: Depth32Float | drawable: 1280x720
[wgpu] texture filtering: world presets low 4x / medium 8x / high 16x requested | anisotropy supported
[lightmaps] atlas array: 2 of 8 layer(s) resident, 1024-texel edge, 8388608 bytes of page data (33554432 bytes allocated)
[wgpu] world upload: 7256 vertices, 11730 indices, 122 draws in 1 chunk(s) (neutral mesh: 7284 vertices, 11772 indices, 128 ranges)
[wgpu] textures: 35 unique, 31 uploaded, 60 cache hits, 13 fallbacks, 0 missing of 122 draws (194336044 bytes resident, max edge 1024px, high filtering)
[wgpu] materials: 39 resolved (23 response, 4 reflection-eligible), 3 normal maps (2 uploaded, 1 cache hits), 116 opaque / 1 cutout / 5 translucent of 122 draws (enabled response, high level)
[wgpu] world pipeline for surface format Bgra8UnormSrgb
[wgpu] decals: 6 draw(s), 1 chunk(s), 4 sheet(s) (3 external, 0 diagnostic)
[wgpu] reflection probes: 2 probe(s), 12 face(s), face edge 64px
[wgpu] characters: 2 character(s), 2 mesh(es), 5 draw(s), 3549 vertices
[settings] graphics applied: quality 'high', lightmaps 'full', reflections 'full', filtering 'high', bloom on
[props] 38 models cached (0 failed), 12042 triangles, 8656 KiB of textures, 44 draw call(s)
[level] 7284 static vertices, 36007 prop vertices, 44 prop draw call(s), built in 341716.3 ms (lighting 291.2 + props 18403.7 + surfaces 511.1)
[spatial] 122 static batch(es) (floor 24 / ceiling 11 / wall 56 / light 31 / prop box 0 / decal 0), 44 prop batch(es)
[lighting] baked 11 room(s) / 11 baseline area(s) from 42 fixture(s): 92 wall + 8829 slab + 588 prop blocker(s), baselines 0.32..0.41 (avg 0.38)
[lightmaps] 2 page(s), 1104 chart(s), 1086975 chart texels, 2097152 page texels (6144 KiB), filled in 320099.2 ms
[dynamic] 2 object(s): 2 draw call(s), 1537 vertices (the demonstration path; never part of the static bake)
[window] logical 640x360 | drawable 1280x720 pixels | backing scale 2.0x
[wgpu] post targets: scene 1280x720, bloom 320x180, presented 1280x720
[startup] total 346383.4 ms
[startup]   package root: +0.9 ms (0.9 ms)
[startup]   settings: +1.0 ms (1.8 ms)
[startup]   window: +103.4 ms (105.3 ms)
[startup]   asset catalog: +105.6 ms (210.9 ms)
[startup]   level loaded: +3558.1 ms (3769.0 ms)
[startup]   renderer device: +90.6 ms (3859.6 ms)
[startup]   world geometry: pack: +339736.2 ms (343595.8 ms)
[startup]   world geometry: GPU upload: +0.5 ms (343596.3 ms)
[startup]   world textures: plan: +0.1 ms (343596.4 ms)
[startup]   textures: CPU prepare: +490.9 ms (344087.3 ms)
[startup]   textures: GPU upload: +42.6 ms (344129.9 ms)
[startup]   world textures: batch: +0.0 ms (344129.9 ms)
[startup]   level uploaded: +2167.1 ms (346297.0 ms)
[startup]   game ready: +34.1 ms (346331.1 ms)
[startup]   input responsive: +36.7 ms (346367.7 ms)
[startup]   first scene submitted: +15.3 ms (346383.0 ms)
[startup]   first UI submitted: +0.1 ms (346383.1 ms)
[startup]   first presented: +0.3 ms (346383.4 ms)
BENCH_SUMMARY {"level":"","frames":4,"swap_interval":1,"update_mean_ms":16.057,"render_mean_ms":14.704,"swap_mean_ms":0.148,"frame_mean_ms":30.909,"loop_mean_ms":40.135,"frame_median_ms":40.293,"loop_median_ms":52.300,"frame_p95_ms":52.300,"frame_p99_ms":52.300,"loop_p95_ms":52.423,"loop_p99_ms":52.423,"frame_min_ms":15.516,"frame_max_ms":52.300,"loop_min_ms":15.519,"loop_max_ms":52.423,"fps_median":19.12,"fps_p95":19.08,"fps_p99":19.08,"fps_1pct_low":19.08,"fps_mean":24.92,"measured_fps_mean":32.35,"worst_fps":19.08,"total_vertices":44800,"visible_vertices":44875,"culled_vertices":0,"total_batches":168,"visible_batches":167,"draw_calls":167,"vbo_bytes":2867200,"index_bytes":128592,"texture_binds":85,"material_changes":85,"reflection_passes":4}
BENCH_SUMMARY {"level":"","frames":4,"swap_interval":1,"update_mean_ms":16.057,"render_mean_ms":14.704,"swap_mean_ms":0.148,"frame_mean_ms":30.909,"loop_mean_ms":40.135,"frame_median_ms":40.293,"loop_median_ms":52.300,"frame_p95_ms":52.300,"frame_p99_ms":52.300,"loop_p95_ms":52.423,"loop_p99_ms":52.423,"frame_min_ms":15.516,"frame_max_ms":52.300,"loop_min_ms":15.519,"loop_max_ms":52.423,"fps_median":19.12,"fps_p95":19.08,"fps_p99":19.08,"fps_1pct_low":19.08,"fps_mean":24.92,"measured_fps_mean":32.35,"worst_fps":19.08,"total_vertices":44800,"visible_vertices":44875,"culled_vertices":0,"total_batches":168,"visible_batches":167,"draw_calls":167,"vbo_bytes":2867200,"index_bytes":128592,"texture_binds":85,"material_changes":85,"reflection_passes":4}
      346.51 real       345.41 user         4.25 sys
           752566272  maximum resident set size
                   0  average shared memory size
                   0  average unshared data size
                   0  average unshared stack size
               47605  page reclaims
                  24  page faults
                   0  swaps
                   0  block input operations
                   0  block output operations
                   0  messages sent
                   0  messages received
                   0  signals received
                  91  voluntary context switches
               15867  involuntary context switches
       3941938993371  instructions retired
       1185391176342  cycles elapsed
           970327504  peak memory footprint
