[package] /private/var/folders/sl/yxxj_m9n37sgntkntqw0x8yw0000gn/T/places-art-style-hero-ou2i7lp6 (assets: /private/var/folders/sl/yxxj_m9n37sgntkntqw0x8yw0000gn/T/places-art-style-hero-ou2i7lp6/assets/levels)
[package] asset root: /private/var/folders/sl/yxxj_m9n37sgntkntqw0x8yw0000gn/T/places-art-style-hero-ou2i7lp6/assets
[settings] quality high (saved high) [startup override] | lighting high | bloom on | reflections full | lightmaps full | vsync off | filtering high | window Windowed 640 x 360
[assets] 204 placeable asset(s) of 352 catalog entries; themes: office, pool, home, outdoor, winter
[renderer] wgpu | adapter: Apple M2 Pro | backend: Metal | device type: IntegratedGpu | surface format: Bgra8UnormSrgb | present mode: Fifo | alpha mode: Opaque | depth format: Depth32Float | drawable: 1280x720
[wgpu] texture filtering: world presets low 4x / medium 8x / high 16x requested | anisotropy supported
[wgpu] present mode Immediate (immediate)
[window] logical 640x360 | drawable 1280x720 pixels | backing scale 2.0x
[wgpu] world pipeline for surface format Bgra8UnormSrgb
[wgpu] post targets: scene 1280x720, bloom 320x180, presented 1280x720
[startup] total 249.8 ms
[startup]   package root: +0.2 ms (0.2 ms)
[startup]   settings: +0.2 ms (0.4 ms)
[startup]   window: +111.2 ms (111.6 ms)
[startup]   asset catalog: +1.4 ms (113.0 ms)
[startup]   renderer device: +9.3 ms (122.3 ms)
[startup]   input responsive: +56.7 ms (178.9 ms)
[startup]   first scene attempted: +28.3 ms (207.2 ms)
[startup]   first UI attempted: +0.0 ms (207.2 ms)
[startup]   first presented: +42.6 ms (249.8 ms)
[loading] package identity level=art_style_hero variant=full sha256=773f8435657abbad35c73c081d714fc140c6dc9de90cd371eccf9c8f51cb4276 source=/var/folders/sl/yxxj_m9n37sgntkntqw0x8yw0000gn/T/places-art-style-hero-ou2i7lp6/assets/levels/art_style_hero.placesmap
[loading] compiled-cache miss level=art_style_hero variant=full
[lightmaps] atlas array: 2 page(s) in 4 layer(s), 1024-texel edge, 33554432 bytes resident
[wgpu] world upload: 456 vertices, 696 indices, 21 draws in 1 chunk(s) (neutral mesh: 456 vertices, 696 indices, 21 ranges)
[wgpu] textures: 14 unique, 13 uploaded, 6 cache hits, 1 fallbacks, 0 missing of 21 draws (75497456 bytes resident, max edge 1024px, high filtering)
[wgpu] materials: 17 resolved (10 response, 1 reflection-eligible), 2 normal maps (2 uploaded, 0 cache hits), 18 opaque / 0 cutout / 3 translucent of 21 draws (enabled response, high level)
[wgpu] decals: 0 draw(s), 0 chunk(s), 1 sheet(s) (0 external, 0 diagnostic)
[wgpu] sky `outdoor:tex_sky_stars_01`: 1024x512 uploaded
[wgpu] uploaded 1 packaged reflection probe(s) at 64 texels, 7 mip level(s)
[loading] committed art_style_hero
[props] 16 models cached (0 failed), 5300 triangles, 3856 KiB of textures, 21 draw call(s)
[level] 456 static vertices, 16524 prop vertices, 21 prop draw call(s), built in 0.2 ms (lighting 0.0 + props 0.0 + surfaces 0.0)
[spatial] 21 static batch(es) (floor 9 / ceiling 1 / wall 9 / light 2 / prop box 0 / decal 0), 21 prop batch(es)
[lighting] baked 3 room(s) / 3 baseline area(s) from 5 fixture(s): 14 wall + 91 slab + 223 prop blocker(s), baselines 0.35..0.41 (avg 0.39)
[lightmaps] 2 page(s), 5597 chart(s), 213356 chart texels, 2097152 page texels (32768 KiB), filled in 0.0 ms
[dynamic] 0 object(s): 0 draw call(s), 0 vertices (the demonstration path; never part of the static bake); doors: 0/0
[characters] `home:dining_chair` spawns through the dynamic path: the runtime model `environment/home/props/models/dining_chair.glb` carries no skin or animation; it cannot be posed
PLACES_CAPTURE: wrote /Users/connordawkins/Documents/GitHub/Places/docs/art-style/stage5/before/surfaces/water.png
BENCH_SUMMARY {"level":"art_style_hero","frames":90,"swap_interval":0,"update_mean_ms":0.056,"render_mean_ms":4.182,"swap_mean_ms":0.978,"frame_mean_ms":5.216,"loop_mean_ms":4.523,"frame_median_ms":1.979,"loop_median_ms":2.175,"frame_p95_ms":15.184,"frame_p99_ms":15.741,"loop_p95_ms":14.666,"loop_p99_ms":15.704,"frame_min_ms":0.206,"frame_max_ms":89.940,"loop_min_ms":0.375,"loop_max_ms":15.946,"fps_median":459.73,"fps_p95":68.19,"fps_p99":63.68,"fps_1pct_low":63.68,"fps_mean":221.07,"measured_fps_mean":191.70,"worst_fps":62.71,"total_vertices":17412,"visible_vertices":4460,"culled_vertices":12952,"total_batches":43,"visible_batches":8,"draw_calls":8,"vbo_bytes":1323312,"index_bytes":35664,"texture_binds":6,"material_changes":7,"reflection_passes":0}
        1.23 real         0.82 user         0.22 sys
           516931584  maximum resident set size
                   0  average shared memory size
                   0  average unshared data size
                   0  average unshared stack size
               34911  page reclaims
                   8  page faults
                   0  swaps
                   0  block input operations
                   0  block output operations
                   0  messages sent
                   0  messages received
                   0  signals received
                   2  voluntary context switches
                7202  involuntary context switches
          9303604887  instructions retired
          3195338181  cycles elapsed
           594085256  peak memory footprint
