[package] /private/var/folders/sl/yxxj_m9n37sgntkntqw0x8yw0000gn/T/places-art-style-hero-z1v1865y (assets: /private/var/folders/sl/yxxj_m9n37sgntkntqw0x8yw0000gn/T/places-art-style-hero-z1v1865y/assets/levels)
[package] asset root: /private/var/folders/sl/yxxj_m9n37sgntkntqw0x8yw0000gn/T/places-art-style-hero-z1v1865y/assets
[settings] quality low (saved low) [startup override] | lighting low | bloom on | reflections off | lightmaps off | vsync off | filtering low | window Windowed 640 x 360
[assets] 204 placeable asset(s) of 352 catalog entries; themes: office, pool, home, outdoor, winter
[renderer] wgpu | adapter: Apple M2 Pro | backend: Metal | device type: IntegratedGpu | surface format: Bgra8UnormSrgb | present mode: Fifo | alpha mode: Opaque | depth format: Depth32Float | drawable: 1280x720
[wgpu] texture filtering: world presets low 4x / medium 8x / high 16x requested | anisotropy supported
[wgpu] texture filtering: low active (trilinear + 4x anisotropy requested)
[wgpu] present mode Immediate (immediate)
[window] logical 640x360 | drawable 1280x720 pixels | backing scale 2.0x
[loading] package identity level=art_style_hero variant=off sha256=6c9adaa9c555937cb3932b8c28a9f59a166de89dbe6be66c7c58de55e70a8f15 source=/var/folders/sl/yxxj_m9n37sgntkntqw0x8yw0000gn/T/places-art-style-hero-z1v1865y/assets/levels/art_style_hero.placesmap
[loading] compiled-cache miss level=art_style_hero variant=off
[wgpu] world pipeline for surface format Bgra8UnormSrgb
[wgpu] post targets: scene 480x270, bloom 120x67, presented 1280x720
[startup] total 254.4 ms
[startup]   package root: +0.1 ms (0.1 ms)
[startup]   settings: +0.2 ms (0.3 ms)
[startup]   window: +107.7 ms (108.1 ms)
[startup]   asset catalog: +1.5 ms (109.6 ms)
[startup]   renderer device: +9.3 ms (118.9 ms)
[startup]   input responsive: +57.7 ms (176.6 ms)
[startup]   first scene attempted: +23.3 ms (199.9 ms)
[startup]   first UI attempted: +0.0 ms (199.9 ms)
[startup]   world geometry: pack: +16.3 ms (216.3 ms)
[startup]   world geometry: GPU upload: +0.1 ms (216.3 ms)
[startup]   world textures: plan: +23.0 ms (239.4 ms)
[startup]   textures: CPU prepare: +10.6 ms (250.0 ms)
[startup]   textures: GPU upload: +1.2 ms (251.2 ms)
[startup]   world textures: batch: +0.0 ms (251.2 ms)
[startup]   first presented: +3.3 ms (254.4 ms)
[wgpu] world upload: 394 vertices, 864 indices, 14 draws in 1 chunk(s) (neutral mesh: 394 vertices, 864 indices, 14 ranges)
[wgpu] textures: 10 unique, 9 uploaded, 3 cache hits, 1 fallbacks, 0 missing of 14 draws (7514784 bytes resident, max edge 1024px, low filtering)
[wgpu] materials: 11 resolved (0 response, 0 reflection-eligible), 0 normal maps (0 uploaded, 0 cache hits), 13 opaque / 0 cutout / 1 translucent of 14 draws (disabled response, low level)
[wgpu] decals: 0 draw(s), 0 chunk(s), 1 sheet(s) (0 external, 0 diagnostic)
[wgpu] sky `outdoor:tex_sky_stars_01`: 512x256 uploaded
[loading] committed art_style_hero
[props] 16 models cached (0 failed), 5300 triangles, 3856 KiB of textures, 21 draw call(s)
[level] 394 static vertices, 15900 prop vertices, 21 prop draw call(s), built in 0.1 ms (lighting 0.0 + props 0.0 + surfaces 0.0)
[spatial] 14 static batch(es) (floor 4 / ceiling 1 / wall 7 / light 2 / prop box 0 / decal 0), 21 prop batch(es)
[lighting] baked 3 room(s) / 3 baseline area(s) from 4 fixture(s): 12 wall + 36 slab + 193 prop blocker(s), baselines 0.31..0.41 (avg 0.37)
[lightmaps] 0 page(s), 0 chart(s), 0 chart texels, 0 page texels (0 KiB), filled in 0.0 ms
[dynamic] 0 object(s): 0 draw call(s), 0 vertices (the demonstration path; never part of the static bake); doors: 0/0
[characters] `home:dining_chair` spawns through the dynamic path: the runtime model `environment/home/props/models/dining_chair.glb` carries no skin or animation; it cannot be posed
BENCH_SUMMARY {"level":"art_style_hero","frames":360,"swap_interval":0,"update_mean_ms":0.096,"render_mean_ms":4.952,"swap_mean_ms":0.029,"frame_mean_ms":5.077,"loop_mean_ms":5.379,"frame_median_ms":4.207,"loop_median_ms":4.416,"frame_p95_ms":13.331,"frame_p99_ms":15.792,"loop_p95_ms":13.581,"loop_p99_ms":16.375,"frame_min_ms":0.454,"frame_max_ms":18.246,"loop_min_ms":0.731,"loop_max_ms":18.482,"fps_median":226.45,"fps_p95":73.63,"fps_p99":61.07,"fps_1pct_low":61.07,"fps_mean":185.89,"measured_fps_mean":196.97,"worst_fps":54.11,"total_vertices":16726,"visible_vertices":21104,"culled_vertices":0,"total_batches":36,"visible_batches":31,"draw_calls":31,"vbo_bytes":1271176,"index_bytes":34752,"texture_binds":23,"material_changes":27,"reflection_passes":0}
BENCH_SUMMARY {"level":"art_style_hero","frames":360,"swap_interval":0,"update_mean_ms":0.096,"render_mean_ms":4.952,"swap_mean_ms":0.029,"frame_mean_ms":5.077,"loop_mean_ms":5.379,"frame_median_ms":4.207,"loop_median_ms":4.416,"frame_p95_ms":13.331,"frame_p99_ms":15.792,"loop_p95_ms":13.581,"loop_p99_ms":16.375,"frame_min_ms":0.454,"frame_max_ms":18.246,"loop_min_ms":0.731,"loop_max_ms":18.482,"fps_median":226.45,"fps_p95":73.63,"fps_p99":61.07,"fps_1pct_low":61.07,"fps_mean":185.89,"measured_fps_mean":196.97,"worst_fps":54.11,"total_vertices":16726,"visible_vertices":21104,"culled_vertices":0,"total_batches":36,"visible_batches":31,"draw_calls":31,"vbo_bytes":1271176,"index_bytes":34752,"texture_binds":23,"material_changes":27,"reflection_passes":0}
        3.02 real         0.86 user         0.66 sys
           184844288  maximum resident set size
                   0  average shared memory size
                   0  average unshared data size
                   0  average unshared stack size
               13210  page reclaims
                   6  page faults
                   0  swaps
                   0  block input operations
                   0  block output operations
                   0  messages sent
                   0  messages received
                   0  signals received
                   1  voluntary context switches
               25014  involuntary context switches
          6592668170  instructions retired
          3187674491  cycles elapsed
           181699760  peak memory footprint
