[package] /private/var/folders/sl/yxxj_m9n37sgntkntqw0x8yw0000gn/T/places-desktop-baseline-zlkc5twv (assets: /private/var/folders/sl/yxxj_m9n37sgntkntqw0x8yw0000gn/T/places-desktop-baseline-zlkc5twv/assets/levels)
[package] asset root: /private/var/folders/sl/yxxj_m9n37sgntkntqw0x8yw0000gn/T/places-desktop-baseline-zlkc5twv/assets
[settings] quality high (saved high) [startup override] | bloom on | reflections full | lightmaps full | vsync on | filtering high | window Windowed 640 x 360
[assets] 48 placeable asset(s) of 137 catalog entries; themes: office, pool, home
[renderer] wgpu | adapter: Apple M2 Pro | backend: Metal | device type: IntegratedGpu | surface format: Bgra8UnormSrgb | present mode: Fifo | alpha mode: Opaque | depth format: Depth32Float | drawable: 1280x720
[wgpu] texture filtering: world presets low 4x / medium 8x / high 16x requested | anisotropy supported
[lightmaps] atlas array: 2 of 8 layer(s) resident, 1024-texel edge, 8388608 bytes of page data (33554432 bytes allocated)
[wgpu] world upload: 7256 vertices, 11730 indices, 122 draws in 1 chunk(s) (neutral mesh: 7284 vertices, 11772 indices, 128 ranges)
[wgpu] textures: 35 unique, 31 uploaded, 60 cache hits, 13 fallbacks, 0 missing of 122 draws (194336044 bytes resident, max edge 1024px, high filtering)
[wgpu] materials: 39 resolved (23 response, 4 reflection-eligible), 3 normal maps (2 uploaded, 1 cache hits), 116 opaque / 1 cutout / 5 translucent of 122 draws (enabled response, high level)
[wgpu] world pipeline for surface format Bgra8UnormSrgb
[wgpu] decals: 6 draw(s), 1 chunk(s), 4 sheet(s) (3 external, 0 diagnostic)
[wgpu] reflection probes: 2 probe(s), 12 face(s), face edge 64px
[wgpu] characters: 2 character(s), 2 mesh(es), 5 draw(s), 3549 vertices
[settings] graphics applied: quality 'high', lightmaps 'full', reflections 'full', filtering 'high', bloom on
[props] 38 models cached (0 failed), 12042 triangles, 8656 KiB of textures, 44 draw call(s)
[level] 7284 static vertices, 36007 prop vertices, 44 prop draw call(s), built in 28999.7 ms (lighting 26.0 + props 1434.7 + surfaces 51.7)
[spatial] 122 static batch(es) (floor 24 / ceiling 11 / wall 56 / light 31 / prop box 0 / decal 0), 44 prop batch(es)
[lighting] baked 11 room(s) / 11 baseline area(s) from 42 fixture(s): 92 wall + 8829 slab + 588 prop blocker(s), baselines 0.32..0.41 (avg 0.38)
[lightmaps] 2 page(s), 1104 chart(s), 1086975 chart texels, 2097152 page texels (6144 KiB), filled in 27343.2 ms
[dynamic] 2 object(s): 2 draw call(s), 1537 vertices (the demonstration path; never part of the static bake)
PLACES_LEVEL: loading 'Capacity: Sparse World (dev)' (capacity_sparse) - 14 props
[lightmaps] atlas array: 3 of 8 layer(s) resident, 1024-texel edge, 12582912 bytes of page data (33554432 bytes allocated)
[wgpu] world upload: 3440 vertices, 7110 indices, 61 draws in 1 chunk(s) (neutral mesh: 3456 vertices, 7134 indices, 65 ranges)
[wgpu] textures: 6 unique, 0 uploaded, 25 cache hits, 16 fallbacks, 0 missing of 61 draws (34952528 bytes resident, max edge 1024px, high filtering)
[wgpu] materials: 7 resolved (3 response, 0 reflection-eligible), 0 normal maps (0 uploaded, 0 cache hits), 60 opaque / 0 cutout / 1 translucent of 61 draws (enabled response, high level)
[wgpu] decals: 4 draw(s), 1 chunk(s), 2 sheet(s) (1 external, 0 diagnostic)
[wgpu] characters: 1 character(s), 1 mesh(es), 1 draw(s), 1846 vertices
[settings] graphics applied: quality 'high', lightmaps 'full', reflections 'full', filtering 'high', bloom on
[props] 40 models cached (0 failed), 13558 triangles, 9168 KiB of textures, 12 draw call(s)
[level] 3456 static vertices, 4044 prop vertices, 12 prop draw call(s), built in 1547.4 ms (lighting 1.6 + props 15.2 + surfaces 0.8)
[spatial] 61 static batch(es) (floor 5 / ceiling 4 / wall 16 / light 36 / prop box 0 / decal 0), 12 prop batch(es)
[lighting] baked 4 room(s) / 4 baseline area(s) from 40 fixture(s): 24 wall + 356 slab + 176 prop blocker(s), baselines 0.37..0.37 (avg 0.37)
[lightmaps] 3 page(s), 84 chart(s), 1835080 chart texels, 3145728 page texels (9216 KiB), filled in 1516.8 ms
[dynamic] 1 object(s): 1 draw call(s), 1248 vertices (the demonstration path; never part of the static bake)
[window] logical 640x360 | drawable 1280x720 pixels | backing scale 2.0x
[wgpu] post targets: scene 1280x720, bloom 320x180, presented 1280x720
[startup] total 31069.0 ms
[startup]   package root: +0.2 ms (0.2 ms)
[startup]   settings: +0.2 ms (0.3 ms)
[startup]   window: +125.3 ms (125.6 ms)
[startup]   asset catalog: +8.3 ms (133.9 ms)
[startup]   level loaded: +310.2 ms (444.1 ms)
[startup]   renderer device: +9.1 ms (453.2 ms)
[startup]   world geometry: pack: +28879.0 ms (29332.2 ms)
[startup]   world geometry: GPU upload: +0.1 ms (29332.3 ms)
[startup]   world textures: plan: +0.0 ms (29332.3 ms)
[startup]   textures: CPU prepare: +21.1 ms (29353.4 ms)
[startup]   textures: GPU upload: +25.1 ms (29378.5 ms)
[startup]   world textures: batch: +0.0 ms (29378.5 ms)
[startup]   level uploaded: +105.6 ms (29484.1 ms)
[startup]   game ready: +1.8 ms (29485.9 ms)
[startup]   world geometry: pack: +1544.2 ms (31030.1 ms)
[startup]   world geometry: GPU upload: +0.1 ms (31030.1 ms)
[startup]   world textures: plan: +0.0 ms (31030.1 ms)
[startup]   textures: CPU prepare: +0.0 ms (31030.1 ms)
[startup]   textures: GPU upload: +0.0 ms (31030.1 ms)
[startup]   world textures: batch: +0.0 ms (31030.1 ms)
[startup]   input responsive: +31.9 ms (31062.1 ms)
[startup]   first scene submitted: +6.9 ms (31069.0 ms)
[startup]   first UI submitted: +0.0 ms (31069.0 ms)
[startup]   first presented: +0.0 ms (31069.0 ms)
BENCH_SUMMARY {"level":"capacity_sparse","frames":4,"swap_interval":1,"update_mean_ms":13.370,"render_mean_ms":4.149,"swap_mean_ms":0.014,"frame_mean_ms":17.534,"loop_mean_ms":25.839,"frame_median_ms":27.688,"loop_median_ms":33.811,"frame_p95_ms":33.811,"frame_p99_ms":33.811,"loop_p95_ms":33.885,"loop_p99_ms":33.885,"frame_min_ms":0.665,"frame_max_ms":33.811,"loop_min_ms":7.971,"loop_max_ms":33.885,"fps_median":29.58,"fps_p95":29.51,"fps_p99":29.51,"fps_1pct_low":29.51,"fps_mean":38.70,"measured_fps_mean":57.03,"worst_fps":29.51,"total_vertices":8732,"visible_vertices":240,"culled_vertices":8492,"total_batches":74,"visible_batches":7,"draw_calls":7,"vbo_bytes":558848,"index_bytes":29148,"texture_binds":6,"material_changes":6,"reflection_passes":0}
BENCH_SUMMARY {"level":"capacity_sparse","frames":4,"swap_interval":1,"update_mean_ms":13.370,"render_mean_ms":4.149,"swap_mean_ms":0.014,"frame_mean_ms":17.534,"loop_mean_ms":25.839,"frame_median_ms":27.688,"loop_median_ms":33.811,"frame_p95_ms":33.811,"frame_p99_ms":33.811,"loop_p95_ms":33.885,"loop_p99_ms":33.885,"frame_min_ms":0.665,"frame_max_ms":33.811,"loop_min_ms":7.971,"loop_max_ms":33.885,"fps_median":29.58,"fps_p95":29.51,"fps_p99":29.51,"fps_1pct_low":29.51,"fps_mean":38.70,"measured_fps_mean":57.03,"worst_fps":29.51,"total_vertices":8732,"visible_vertices":240,"culled_vertices":8492,"total_batches":74,"visible_batches":7,"draw_calls":7,"vbo_bytes":558848,"index_bytes":29148,"texture_binds":6,"material_changes":6,"reflection_passes":0}
       31.15 real        30.72 user         0.48 sys
           785235968  maximum resident set size
                   0  average shared memory size
                   0  average unshared data size
                   0  average unshared stack size
               50032  page reclaims
                   7  page faults
                   0  swaps
                   0  block input operations
                   0  block output operations
                   0  messages sent
                   0  messages received
                   0  signals received
                   3  voluntary context switches
                4995  involuntary context switches
        477721945644  instructions retired
        104969003785  cycles elapsed
           975881680  peak memory footprint
