[package] /private/var/folders/sl/yxxj_m9n37sgntkntqw0x8yw0000gn/T/places-desktop-baseline-zlkc5twv (assets: /private/var/folders/sl/yxxj_m9n37sgntkntqw0x8yw0000gn/T/places-desktop-baseline-zlkc5twv/assets/levels)
[package] asset root: /private/var/folders/sl/yxxj_m9n37sgntkntqw0x8yw0000gn/T/places-desktop-baseline-zlkc5twv/assets
[settings] quality high (saved high) [startup override] | bloom on | reflections full | lightmaps full | vsync on | filtering high | window Windowed 640 x 360
[assets] 48 placeable asset(s) of 137 catalog entries; themes: office, pool, home
[renderer] wgpu | adapter: Apple M2 Pro | backend: Metal | device type: IntegratedGpu | surface format: Bgra8UnormSrgb | present mode: Fifo | alpha mode: Opaque | depth format: Depth32Float | drawable: 1280x720
[wgpu] texture filtering: world presets low 4x / medium 8x / high 16x requested | anisotropy supported
[lightmaps] atlas array: 2 of 8 layer(s) resident, 1024-texel edge, 8388608 bytes of page data (33554432 bytes allocated)
[wgpu] world upload: 7256 vertices, 11730 indices, 122 draws in 1 chunk(s) (neutral mesh: 7284 vertices, 11772 indices, 128 ranges)
[wgpu] textures: 35 unique, 31 uploaded, 60 cache hits, 13 fallbacks, 0 missing of 122 draws (194336044 bytes resident, max edge 1024px, high filtering)
[wgpu] materials: 39 resolved (23 response, 4 reflection-eligible), 3 normal maps (2 uploaded, 1 cache hits), 116 opaque / 1 cutout / 5 translucent of 122 draws (enabled response, high level)
[wgpu] world pipeline for surface format Bgra8UnormSrgb
[wgpu] decals: 6 draw(s), 1 chunk(s), 4 sheet(s) (3 external, 0 diagnostic)
[wgpu] reflection probes: 2 probe(s), 12 face(s), face edge 64px
[wgpu] characters: 2 character(s), 2 mesh(es), 5 draw(s), 3549 vertices
[settings] graphics applied: quality 'high', lightmaps 'full', reflections 'full', filtering 'high', bloom on
[props] 38 models cached (0 failed), 12042 triangles, 8656 KiB of textures, 44 draw call(s)
[level] 7284 static vertices, 36007 prop vertices, 44 prop draw call(s), built in 29150.5 ms (lighting 25.5 + props 1435.0 + surfaces 52.1)
[spatial] 122 static batch(es) (floor 24 / ceiling 11 / wall 56 / light 31 / prop box 0 / decal 0), 44 prop batch(es)
[lighting] baked 11 room(s) / 11 baseline area(s) from 42 fixture(s): 92 wall + 8829 slab + 588 prop blocker(s), baselines 0.32..0.41 (avg 0.38)
[lightmaps] 2 page(s), 1104 chart(s), 1086975 chart texels, 2097152 page texels (6144 KiB), filled in 27491.3 ms
[dynamic] 2 object(s): 2 draw call(s), 1537 vertices (the demonstration path; never part of the static bake)
PLACES_LEVEL: loading 'Capacity: Dense Content (dev)' (capacity_dense) - 5312 props
[lightmaps] atlas array: 4 of 8 layer(s) resident, 1024-texel edge, 16777216 bytes of page data (33554432 bytes allocated)
[wgpu] world upload: 11744 vertices, 24528 indices, 103 draws in 1 chunk(s) (neutral mesh: 11936 vertices, 24816 indices, 115 ranges)
[wgpu] textures: 6 unique, 0 uploaded, 55 cache hits, 24 fallbacks, 0 missing of 103 draws (37748728 bytes resident, max edge 1024px, high filtering)
[wgpu] materials: 8 resolved (5 response, 0 reflection-eligible), 0 normal maps (0 uploaded, 0 cache hits), 102 opaque / 0 cutout / 1 translucent of 103 draws (enabled response, high level)
[characters] the level places more than 64 skinned characters; the rest stay in their static bind pose
[wgpu] decals: 12 draw(s), 1 chunk(s), 2 sheet(s) (1 external, 0 diagnostic)
[wgpu] characters: 64 character(s), 5 mesh(es), 101 draw(s), 147316 vertices
[settings] graphics applied: quality 'high', lightmaps 'full', reflections 'full', filtering 'high', bloom on
[props] 48 models cached (0 failed), 17748 triangles, 10784 KiB of textures, 1121 draw call(s)
[level] 11936 static vertices, 4098357 prop vertices, 1121 prop draw call(s), built in 49242.9 ms (lighting 10.4 + props 23719.6 + surfaces 5.8)
[spatial] 103 static batch(es) (floor 7 / ceiling 2 / wall 46 / light 48 / prop box 0 / decal 0), 1121 prop batch(es)
[lighting] baked 1 room(s) / 1 baseline area(s) from 120 fixture(s): 714 wall + 183 slab + 4096 prop blocker(s), baselines 0.38..0.38 (avg 0.38)
[lightmaps] 4 page(s), 487 chart(s), 3108428 chart texels, 4194304 page texels (12288 KiB), filled in 20961.9 ms
[dynamic] 0 object(s): 0 draw call(s), 0 vertices (the demonstration path; never part of the static bake)
[window] logical 640x360 | drawable 1280x720 pixels | backing scale 2.0x
[wgpu] post targets: scene 1280x720, bloom 320x180, presented 1280x720
[startup] total 78900.2 ms
[startup]   package root: +0.1 ms (0.1 ms)
[startup]   settings: +0.1 ms (0.2 ms)
[startup]   window: +101.5 ms (101.7 ms)
[startup]   asset catalog: +7.9 ms (109.6 ms)
[startup]   level loaded: +305.4 ms (415.1 ms)
[startup]   renderer device: +9.0 ms (424.0 ms)
[startup]   world geometry: pack: +29029.0 ms (29453.0 ms)
[startup]   world geometry: GPU upload: +0.1 ms (29453.1 ms)
[startup]   world textures: plan: +0.0 ms (29453.2 ms)
[startup]   textures: CPU prepare: +22.3 ms (29475.4 ms)
[startup]   textures: GPU upload: +25.3 ms (29500.7 ms)
[startup]   world textures: batch: +0.0 ms (29500.7 ms)
[startup]   level uploaded: +105.7 ms (29606.5 ms)
[startup]   game ready: +1.7 ms (29608.2 ms)
[startup]   world geometry: pack: +44719.2 ms (74327.4 ms)
[startup]   world geometry: GPU upload: +0.2 ms (74327.6 ms)
[startup]   world textures: plan: +0.0 ms (74327.6 ms)
[startup]   textures: CPU prepare: +0.0 ms (74327.6 ms)
[startup]   textures: GPU upload: +0.0 ms (74327.6 ms)
[startup]   world textures: batch: +0.0 ms (74327.6 ms)
[startup]   input responsive: +4563.2 ms (78890.7 ms)
[startup]   first scene submitted: +9.5 ms (78900.2 ms)
[startup]   first UI submitted: +0.0 ms (78900.2 ms)
[startup]   first presented: +0.0 ms (78900.2 ms)
BENCH_SUMMARY {"level":"capacity_dense","frames":4,"swap_interval":1,"update_mean_ms":10.594,"render_mean_ms":1.650,"swap_mean_ms":0.001,"frame_mean_ms":12.245,"loop_mean_ms":20.199,"frame_median_ms":8.966,"loop_median_ms":34.388,"frame_p95_ms":34.388,"frame_p99_ms":34.388,"loop_p95_ms":34.469,"loop_p99_ms":34.469,"frame_min_ms":2.654,"frame_max_ms":34.388,"loop_min_ms":2.973,"loop_max_ms":34.469,"fps_median":29.08,"fps_p95":29.01,"fps_p99":29.01,"fps_1pct_low":29.01,"fps_mean":49.51,"measured_fps_mean":81.67,"worst_fps":29.01,"total_vertices":0,"visible_vertices":0,"culled_vertices":0,"total_batches":0,"visible_batches":0,"draw_calls":0,"vbo_bytes":0,"index_bytes":0,"texture_binds":0,"material_changes":0,"reflection_passes":0}
BENCH_SUMMARY {"level":"capacity_dense","frames":4,"swap_interval":1,"update_mean_ms":10.594,"render_mean_ms":1.650,"swap_mean_ms":0.001,"frame_mean_ms":12.245,"loop_mean_ms":20.199,"frame_median_ms":8.966,"loop_median_ms":34.388,"frame_p95_ms":34.388,"frame_p99_ms":34.388,"loop_p95_ms":34.469,"loop_p99_ms":34.469,"frame_min_ms":2.654,"frame_max_ms":34.388,"loop_min_ms":2.973,"loop_max_ms":34.469,"fps_median":29.08,"fps_p95":29.01,"fps_p99":29.01,"fps_1pct_low":29.01,"fps_mean":49.51,"measured_fps_mean":81.67,"worst_fps":29.01,"total_vertices":0,"visible_vertices":0,"culled_vertices":0,"total_batches":0,"visible_batches":0,"draw_calls":0,"vbo_bytes":0,"index_bytes":0,"texture_binds":0,"material_changes":0,"reflection_passes":0}
       78.98 real        77.88 user         1.16 sys
          1498349568  maximum resident set size
                   0  average shared memory size
                   0  average unshared data size
                   0  average unshared stack size
               94796  page reclaims
                   7  page faults
                   0  swaps
                   0  block input operations
                   0  block output operations
                   0  messages sent
                   0  messages received
                   0  signals received
                   6  voluntary context switches
                6507  involuntary context switches
       1287660014058  instructions retired
        266633427879  cycles elapsed
          1691060216  peak memory footprint
