[package] /private/var/folders/sl/yxxj_m9n37sgntkntqw0x8yw0000gn/T/places-desktop-baseline-zlkc5twv (assets: /private/var/folders/sl/yxxj_m9n37sgntkntqw0x8yw0000gn/T/places-desktop-baseline-zlkc5twv/assets/levels)
[package] asset root: /private/var/folders/sl/yxxj_m9n37sgntkntqw0x8yw0000gn/T/places-desktop-baseline-zlkc5twv/assets
[settings] quality high (saved high) [startup override] | bloom on | reflections full | lightmaps full | vsync on | filtering high | window Windowed 640 x 360
[assets] 48 placeable asset(s) of 137 catalog entries; themes: office, pool, home
[renderer] wgpu | adapter: Apple M2 Pro | backend: Metal | device type: IntegratedGpu | surface format: Bgra8UnormSrgb | present mode: Fifo | alpha mode: Opaque | depth format: Depth32Float | drawable: 1280x720
[wgpu] texture filtering: world presets low 4x / medium 8x / high 16x requested | anisotropy supported
[lightmaps] atlas array: 2 of 8 layer(s) resident, 1024-texel edge, 8388608 bytes of page data (33554432 bytes allocated)
[wgpu] world upload: 7256 vertices, 11730 indices, 122 draws in 1 chunk(s) (neutral mesh: 7284 vertices, 11772 indices, 128 ranges)
[wgpu] textures: 35 unique, 31 uploaded, 60 cache hits, 13 fallbacks, 0 missing of 122 draws (194336044 bytes resident, max edge 1024px, high filtering)
[wgpu] materials: 39 resolved (23 response, 4 reflection-eligible), 3 normal maps (2 uploaded, 1 cache hits), 116 opaque / 1 cutout / 5 translucent of 122 draws (enabled response, high level)
[wgpu] world pipeline for surface format Bgra8UnormSrgb
[wgpu] decals: 6 draw(s), 1 chunk(s), 4 sheet(s) (3 external, 0 diagnostic)
[wgpu] reflection probes: 2 probe(s), 12 face(s), face edge 64px
[wgpu] characters: 2 character(s), 2 mesh(es), 5 draw(s), 3549 vertices
[settings] graphics applied: quality 'high', lightmaps 'full', reflections 'full', filtering 'high', bloom on
[props] 38 models cached (0 failed), 12042 triangles, 8656 KiB of textures, 44 draw call(s)
[level] 7284 static vertices, 36007 prop vertices, 44 prop draw call(s), built in 1642.3 ms (lighting 24.9 + props 1425.4 + surfaces 51.4)
[spatial] 122 static batch(es) (floor 24 / ceiling 11 / wall 56 / light 31 / prop box 0 / decal 0), 44 prop batch(es)
[lighting] baked 11 room(s) / 11 baseline area(s) from 42 fixture(s): 92 wall + 8829 slab + 588 prop blocker(s), baselines 0.32..0.41 (avg 0.38)
[lightmaps] 2 page(s), 1104 chart(s), 1086975 chart texels, 2097152 page texels (6144 KiB), filled in 0.0 ms
[dynamic] 2 object(s): 2 draw call(s), 1537 vertices (the demonstration path; never part of the static bake)
PLACES_LEVEL: loading 'Model Zoo' (model_zoo) - 61 props
[lightmaps] atlas array: 3 of 8 layer(s) resident, 1024-texel edge, 12582912 bytes of page data (33554432 bytes allocated)
[wgpu] world upload: 8699 vertices, 18840 indices, 70 draws in 1 chunk(s) (neutral mesh: 8723 vertices, 18876 indices, 74 ranges)
[wgpu] textures: 6 unique, 0 uploaded, 30 cache hits, 20 fallbacks, 0 missing of 70 draws (37748728 bytes resident, max edge 1024px, high filtering)
[wgpu] materials: 8 resolved (5 response, 0 reflection-eligible), 0 normal maps (0 uploaded, 0 cache hits), 69 opaque / 0 cutout / 1 translucent of 70 draws (enabled response, high level)
[wgpu] decals: 4 draw(s), 1 chunk(s), 3 sheet(s) (2 external, 0 diagnostic)
[wgpu] characters: 14 character(s), 5 mesh(es), 20 draw(s), 35470 vertices
[settings] graphics applied: quality 'high', lightmaps 'full', reflections 'full', filtering 'high', bloom on
[props] 48 models cached (0 failed), 17748 triangles, 10784 KiB of textures, 48 draw call(s)
[level] 8723 static vertices, 26397 prop vertices, 48 prop draw call(s), built in 592.1 ms (lighting 7.6 + props 379.1 + surfaces 1.9)
[spatial] 70 static batch(es) (floor 6 / ceiling 1 / wall 23 / light 40 / prop box 0 / decal 0), 48 prop batch(es)
[lighting] baked 1 room(s) / 1 baseline area(s) from 101 fixture(s): 230 wall + 197 slab + 589 prop blocker(s), baselines 0.40..0.40 (avg 0.40)
[lightmaps] 3 page(s), 169 chart(s), 1610551 chart texels, 3145728 page texels (9216 KiB), filled in 0.0 ms
[dynamic] 1 object(s): 1 draw call(s), 1248 vertices (the demonstration path; never part of the static bake)
[window] logical 640x360 | drawable 1280x720 pixels | backing scale 2.0x
[wgpu] post targets: scene 1280x720, bloom 320x180, presented 1280x720
[startup] total 2741.2 ms
[startup]   package root: +0.2 ms (0.2 ms)
[startup]   settings: +0.2 ms (0.4 ms)
[startup]   window: +107.4 ms (107.8 ms)
[startup]   asset catalog: +7.8 ms (115.7 ms)
[startup]   level loaded: +306.4 ms (422.1 ms)
[startup]   renderer device: +8.4 ms (430.5 ms)
[startup]   world geometry: pack: +1523.8 ms (1954.3 ms)
[startup]   world geometry: GPU upload: +0.2 ms (1954.4 ms)
[startup]   world textures: plan: +0.0 ms (1954.4 ms)
[startup]   textures: CPU prepare: +19.7 ms (1974.2 ms)
[startup]   textures: GPU upload: +24.8 ms (1999.0 ms)
[startup]   world textures: batch: +0.0 ms (1999.0 ms)
[startup]   level uploaded: +105.2 ms (2104.2 ms)
[startup]   game ready: +1.8 ms (2106.0 ms)
[startup]   world geometry: pack: +398.8 ms (2504.8 ms)
[startup]   world geometry: GPU upload: +0.2 ms (2504.9 ms)
[startup]   world textures: plan: +0.0 ms (2505.0 ms)
[startup]   textures: CPU prepare: +0.0 ms (2505.0 ms)
[startup]   textures: GPU upload: +0.0 ms (2505.0 ms)
[startup]   world textures: batch: +0.0 ms (2505.0 ms)
[startup]   input responsive: +232.3 ms (2737.2 ms)
[startup]   first scene submitted: +4.0 ms (2741.2 ms)
[startup]   first UI submitted: +0.0 ms (2741.2 ms)
[startup]   first presented: +0.0 ms (2741.2 ms)
BENCH_SUMMARY {"level":"model_zoo","frames":4,"swap_interval":1,"update_mean_ms":15.881,"render_mean_ms":3.403,"swap_mean_ms":0.020,"frame_mean_ms":19.304,"loop_mean_ms":28.408,"frame_median_ms":27.797,"loop_median_ms":38.217,"frame_p95_ms":38.217,"frame_p99_ms":38.217,"loop_p95_ms":38.293,"loop_p99_ms":38.293,"frame_min_ms":1.878,"frame_max_ms":38.217,"loop_min_ms":9.324,"loop_max_ms":38.293,"fps_median":26.17,"fps_p95":26.11,"fps_p99":26.11,"fps_1pct_low":26.11,"fps_mean":35.20,"measured_fps_mean":51.80,"worst_fps":26.11,"total_vertices":36344,"visible_vertices":21248,"culled_vertices":15096,"total_batches":119,"visible_batches":56,"draw_calls":56,"vbo_bytes":2326016,"index_bytes":116388,"texture_binds":34,"material_changes":33,"reflection_passes":0}
BENCH_SUMMARY {"level":"model_zoo","frames":4,"swap_interval":1,"update_mean_ms":15.881,"render_mean_ms":3.403,"swap_mean_ms":0.020,"frame_mean_ms":19.304,"loop_mean_ms":28.408,"frame_median_ms":27.797,"loop_median_ms":38.217,"frame_p95_ms":38.217,"frame_p99_ms":38.217,"loop_p95_ms":38.293,"loop_p99_ms":38.293,"frame_min_ms":1.878,"frame_max_ms":38.217,"loop_min_ms":9.324,"loop_max_ms":38.293,"fps_median":26.17,"fps_p95":26.11,"fps_p99":26.11,"fps_1pct_low":26.11,"fps_mean":35.20,"measured_fps_mean":51.80,"worst_fps":26.11,"total_vertices":36344,"visible_vertices":21248,"culled_vertices":15096,"total_batches":119,"visible_batches":56,"draw_calls":56,"vbo_bytes":2326016,"index_bytes":116388,"texture_binds":34,"material_changes":33,"reflection_passes":0}
        2.82 real         2.72 user         0.18 sys
           805879808  maximum resident set size
                   0  average shared memory size
                   0  average unshared data size
                   0  average unshared stack size
               51276  page reclaims
                  20  page faults
                   0  swaps
                   0  block input operations
                   0  block output operations
                   0  messages sent
                   0  messages received
                   0  signals received
                   0  voluntary context switches
                1601  involuntary context switches
         44206503844  instructions retired
          9823946581  cycles elapsed
          1032177152  peak memory footprint
