[package] /private/var/folders/sl/yxxj_m9n37sgntkntqw0x8yw0000gn/T/places-art-style-hero-7p88ed7k (assets: /private/var/folders/sl/yxxj_m9n37sgntkntqw0x8yw0000gn/T/places-art-style-hero-7p88ed7k/assets/levels)
[package] asset root: /private/var/folders/sl/yxxj_m9n37sgntkntqw0x8yw0000gn/T/places-art-style-hero-7p88ed7k/assets
[settings] quality high (saved high) [startup override] | lighting high | bloom on | reflections full | lightmaps full | vsync off | filtering high | window Windowed 640 x 360
[assets] 204 placeable asset(s) of 352 catalog entries; themes: office, pool, home, outdoor, winter
[renderer] wgpu | adapter: Apple M2 Pro | backend: Metal | device type: IntegratedGpu | surface format: Bgra8UnormSrgb | present mode: Fifo | alpha mode: Opaque | depth format: Depth32Float | drawable: 1280x720
[wgpu] texture filtering: world presets low 4x / medium 8x / high 16x requested | anisotropy supported
[wgpu] present mode Immediate (immediate)
[window] logical 640x360 | drawable 1280x720 pixels | backing scale 2.0x
[wgpu] world pipeline for surface format Bgra8UnormSrgb
[wgpu] post targets: scene 1280x720, bloom 320x180, presented 1280x720
[startup] total 237.8 ms
[startup]   package root: +0.1 ms (0.1 ms)
[startup]   settings: +0.2 ms (0.3 ms)
[startup]   window: +109.2 ms (109.6 ms)
[startup]   asset catalog: +1.4 ms (111.0 ms)
[startup]   renderer device: +9.1 ms (120.1 ms)
[startup]   input responsive: +55.1 ms (175.2 ms)
[startup]   first scene attempted: +23.3 ms (198.5 ms)
[startup]   first UI attempted: +0.0 ms (198.5 ms)
[startup]   first presented: +39.2 ms (237.8 ms)
[loading] package identity level=art_style_hero variant=full sha256=31daa5d7b7b4f617e0d4d681845df0322be83d0b5f3f996aa64cb07ec93d3ac2 source=/var/folders/sl/yxxj_m9n37sgntkntqw0x8yw0000gn/T/places-art-style-hero-7p88ed7k/assets/levels/art_style_hero.placesmap
[loading] compiled-cache miss level=art_style_hero variant=full
[lightmaps] atlas array: 2 page(s) in 4 layer(s), 1024-texel edge, 33554432 bytes resident
[wgpu] world upload: 312 vertices, 480 indices, 14 draws in 1 chunk(s) (neutral mesh: 312 vertices, 480 indices, 14 ranges)
[wgpu] textures: 10 unique, 9 uploaded, 3 cache hits, 1 fallbacks, 0 missing of 14 draws (53127840 bytes resident, max edge 1024px, high filtering)
[wgpu] materials: 11 resolved (6 response, 1 reflection-eligible), 2 normal maps (2 uploaded, 0 cache hits), 13 opaque / 0 cutout / 1 translucent of 14 draws (enabled response, high level)
[wgpu] decals: 0 draw(s), 0 chunk(s), 1 sheet(s) (0 external, 0 diagnostic)
[wgpu] sky `outdoor:tex_sky_stars_01`: 1024x512 uploaded
[wgpu] uploaded 1 packaged reflection probe(s) at 64 texels, 7 mip level(s)
[loading] committed art_style_hero
[props] 16 models cached (0 failed), 5300 triangles, 3856 KiB of textures, 21 draw call(s)
[level] 312 static vertices, 15900 prop vertices, 21 prop draw call(s), built in 0.2 ms (lighting 0.0 + props 0.0 + surfaces 0.0)
[spatial] 14 static batch(es) (floor 4 / ceiling 1 / wall 7 / light 2 / prop box 0 / decal 0), 21 prop batch(es)
[lighting] baked 3 room(s) / 3 baseline area(s) from 4 fixture(s): 14 wall + 36 slab + 222 prop blocker(s), baselines 0.31..0.41 (avg 0.37)
[lightmaps] 2 page(s), 5354 chart(s), 203798 chart texels, 2097152 page texels (32768 KiB), filled in 0.0 ms
[dynamic] 0 object(s): 0 draw call(s), 0 vertices (the demonstration path; never part of the static bake); doors: 0/0
[characters] `home:dining_chair` spawns through the dynamic path: the runtime model `environment/home/props/models/dining_chair.glb` carries no skin or animation; it cannot be posed
BENCH_SUMMARY {"level":"art_style_hero","frames":12000,"swap_interval":0,"update_mean_ms":0.073,"render_mean_ms":4.617,"swap_mean_ms":0.025,"frame_mean_ms":4.715,"loop_mean_ms":4.977,"frame_median_ms":2.032,"loop_median_ms":2.323,"frame_p95_ms":14.701,"frame_p99_ms":16.862,"loop_p95_ms":14.981,"loop_p99_ms":17.298,"frame_min_ms":0.198,"frame_max_ms":23.886,"loop_min_ms":0.280,"loop_max_ms":54.456,"fps_median":430.42,"fps_p95":66.75,"fps_p99":57.81,"fps_1pct_low":57.81,"fps_mean":200.91,"measured_fps_mean":212.09,"worst_fps":18.36,"total_vertices":16644,"visible_vertices":10688,"culled_vertices":5956,"total_batches":36,"visible_batches":17,"draw_calls":17,"vbo_bytes":1264944,"index_bytes":33984,"texture_binds":13,"material_changes":15,"reflection_passes":0}
BENCH_SUMMARY {"level":"art_style_hero","frames":12000,"swap_interval":0,"update_mean_ms":0.073,"render_mean_ms":4.617,"swap_mean_ms":0.025,"frame_mean_ms":4.715,"loop_mean_ms":4.977,"frame_median_ms":2.032,"loop_median_ms":2.323,"frame_p95_ms":14.701,"frame_p99_ms":16.862,"loop_p95_ms":14.981,"loop_p99_ms":17.298,"frame_min_ms":0.198,"frame_max_ms":23.886,"loop_min_ms":0.280,"loop_max_ms":54.456,"fps_median":430.42,"fps_p95":66.75,"fps_p99":57.81,"fps_1pct_low":57.81,"fps_mean":200.91,"measured_fps_mean":212.09,"worst_fps":18.36,"total_vertices":16644,"visible_vertices":10688,"culled_vertices":5956,"total_batches":36,"visible_batches":17,"draw_calls":17,"vbo_bytes":1264944,"index_bytes":33984,"texture_binds":13,"material_changes":15,"reflection_passes":0}
       60.90 real        11.79 user        14.35 sys
           452378624  maximum resident set size
                   0  average shared memory size
                   0  average unshared data size
                   0  average unshared stack size
               32848  page reclaims
                  37  page faults
                   0  swaps
                   0  block input operations
                   0  block output operations
                   0  messages sent
                   0  messages received
                   0  signals received
                  23  voluntary context switches
              598560  involuntary context switches
         76499373732  instructions retired
         53704635202  cycles elapsed
           505660784  peak memory footprint
