[package] /private/var/folders/sl/yxxj_m9n37sgntkntqw0x8yw0000gn/T/places-art-style-hero-1bv6uoh1 (assets: /private/var/folders/sl/yxxj_m9n37sgntkntqw0x8yw0000gn/T/places-art-style-hero-1bv6uoh1/assets/levels)
[package] asset root: /private/var/folders/sl/yxxj_m9n37sgntkntqw0x8yw0000gn/T/places-art-style-hero-1bv6uoh1/assets
[settings] quality high (saved high) [startup override] | lighting high | bloom on | reflections full | lightmaps full | vsync off | filtering high | window Windowed 640 x 360
[assets] 205 placeable asset(s) of 353 catalog entries; themes: office, pool, home, outdoor, winter
[renderer] wgpu | adapter: Apple M2 Pro | backend: Metal | device type: IntegratedGpu | surface format: Bgra8UnormSrgb | present mode: Fifo | alpha mode: Opaque | depth format: Depth32Float | drawable: 1280x720
[wgpu] texture filtering: world presets low 4x / medium 8x / high 16x requested | anisotropy supported
[wgpu] present mode Immediate (immediate)
[window] logical 640x360 | drawable 1280x720 pixels | backing scale 2.0x
[wgpu] world pipeline for surface format Bgra8UnormSrgb
[wgpu] post targets: scene 1280x720, bloom 320x180, presented 1280x720
[startup] total 411.3 ms
[startup]   package root: +0.3 ms (0.3 ms)
[startup]   settings: +0.5 ms (0.8 ms)
[startup]   window: +166.9 ms (167.6 ms)
[startup]   asset catalog: +52.4 ms (220.1 ms)
[startup]   renderer device: +9.3 ms (229.4 ms)
[startup]   input responsive: +111.1 ms (340.5 ms)
[startup]   first scene attempted: +31.5 ms (372.0 ms)
[startup]   first UI attempted: +0.0 ms (372.0 ms)
[startup]   first presented: +39.3 ms (411.3 ms)
[loading] package identity level=art_style_hero variant=full sha256=d76049f3a383db1d8a75d7dc4814054ccea297a69a2637d1ba7892406c444b5f source=/var/folders/sl/yxxj_m9n37sgntkntqw0x8yw0000gn/T/places-art-style-hero-1bv6uoh1/assets/levels/art_style_hero.placesmap
[loading] compiled-cache miss level=art_style_hero variant=full
[lightmaps] atlas array: 2 page(s) in 4 layer(s), 1024-texel edge, 33554432 bytes resident
[wgpu] world upload: 502 vertices, 762 indices, 21 draws in 1 chunk(s) (neutral mesh: 502 vertices, 762 indices, 21 ranges)
[wgpu] textures: 14 unique, 13 uploaded, 6 cache hits, 1 fallbacks, 0 missing of 21 draws (75497456 bytes resident, max edge 1024px, high filtering)
[wgpu] materials: 17 resolved (12 response, 3 reflection-eligible), 2 normal maps (2 uploaded, 0 cache hits), 18 opaque / 0 cutout / 3 translucent of 21 draws (enabled response, high level)
[wgpu] decals: 0 draw(s), 0 chunk(s), 1 sheet(s) (0 external, 0 diagnostic)
[wgpu] sky `outdoor:tex_sky_stars_01`: 1024x512 uploaded
[wgpu] uploaded 2 packaged reflection probe(s) at 64 texels, 7 mip level(s)
[loading] committed art_style_hero
[props] 21 models cached (0 failed), 6188 triangles, 5136 KiB of textures, 26 draw call(s)
[level] 502 static vertices, 20316 prop vertices, 26 prop draw call(s), built in 0.3 ms (lighting 0.0 + props 0.0 + surfaces 0.0)
[spatial] 21 static batch(es) (floor 8 / ceiling 1 / wall 10 / light 2 / prop box 0 / decal 0), 26 prop batch(es)
[lighting] baked 3 room(s) / 3 baseline area(s) from 5 fixture(s): 14 wall + 88 slab + 228 prop blocker(s), baselines 0.35..0.41 (avg 0.39)
[lightmaps] 2 page(s), 6874 chart(s), 246682 chart texels, 2097152 page texels (32768 KiB), filled in 0.0 ms
[dynamic] 0 object(s): 0 draw call(s), 0 vertices (the demonstration path; never part of the static bake); doors: 0/0
[characters] `home:dining_chair_refined` spawns through the dynamic path: the runtime model `environment/home/props/models/dining_chair_refined.glb` carries no skin or animation; it cannot be posed
[wgpu] characters: 1 character(s), 1 mesh(es), 2 draw(s), 3810 vertices
PLACES_CAPTURE: wrote /Users/connordawkins/Documents/GitHub/Places/docs/art-style/stage6/after/refined/water.png
BENCH_SUMMARY {"level":"art_style_hero","frames":48,"swap_interval":0,"update_mean_ms":0.087,"render_mean_ms":8.016,"swap_mean_ms":2.151,"frame_mean_ms":10.255,"loop_mean_ms":8.349,"frame_median_ms":8.060,"loop_median_ms":8.367,"frame_p95_ms":9.265,"frame_p99_ms":111.485,"loop_p95_ms":9.320,"loop_p99_ms":9.626,"frame_min_ms":7.107,"frame_max_ms":111.485,"loop_min_ms":7.373,"loop_max_ms":9.626,"fps_median":119.52,"fps_p95":107.30,"fps_p99":103.88,"fps_1pct_low":103.88,"fps_mean":119.77,"measured_fps_mean":97.52,"worst_fps":103.88,"total_vertices":21570,"visible_vertices":8270,"culled_vertices":13300,"total_batches":48,"visible_batches":10,"draw_calls":10,"vbo_bytes":1639320,"index_bytes":44100,"texture_binds":8,"material_changes":9,"reflection_passes":0,"visible_indices":6180}
        1.33 real         1.02 user         0.21 sys
           526893056  maximum resident set size
                   0  average shared memory size
                   0  average unshared data size
                   0  average unshared stack size
               35645  page reclaims
                   6  page faults
                   0  swaps
                   0  block input operations
                   0  block output operations
                   0  messages sent
                   0  messages received
                   0  signals received
                   3  voluntary context switches
                6483  involuntary context switches
         11710756014  instructions retired
          3779955868  cycles elapsed
           602768776  peak memory footprint
