[package] /private/var/folders/sl/yxxj_m9n37sgntkntqw0x8yw0000gn/T/places-art-style-hero-1bv6uoh1 (assets: /private/var/folders/sl/yxxj_m9n37sgntkntqw0x8yw0000gn/T/places-art-style-hero-1bv6uoh1/assets/levels)
[package] asset root: /private/var/folders/sl/yxxj_m9n37sgntkntqw0x8yw0000gn/T/places-art-style-hero-1bv6uoh1/assets
[settings] quality high (saved high) [startup override] | lighting high | bloom on | reflections full | lightmaps full | vsync off | filtering high | window Windowed 640 x 360
[assets] 205 placeable asset(s) of 353 catalog entries; themes: office, pool, home, outdoor, winter
[renderer] wgpu | adapter: Apple M2 Pro | backend: Metal | device type: IntegratedGpu | surface format: Bgra8UnormSrgb | present mode: Fifo | alpha mode: Opaque | depth format: Depth32Float | drawable: 1280x720
[wgpu] texture filtering: world presets low 4x / medium 8x / high 16x requested | anisotropy supported
[wgpu] present mode Immediate (immediate)
[window] logical 640x360 | drawable 1280x720 pixels | backing scale 2.0x
[wgpu] world pipeline for surface format Bgra8UnormSrgb
[wgpu] post targets: scene 1280x720, bloom 320x180, presented 1280x720
[startup] total 372.6 ms
[startup]   package root: +0.2 ms (0.2 ms)
[startup]   settings: +0.2 ms (0.4 ms)
[startup]   window: +115.6 ms (116.0 ms)
[startup]   asset catalog: +53.7 ms (169.7 ms)
[startup]   renderer device: +10.0 ms (179.7 ms)
[startup]   input responsive: +120.0 ms (299.7 ms)
[startup]   first scene attempted: +32.0 ms (331.7 ms)
[startup]   first UI attempted: +0.0 ms (331.7 ms)
[startup]   first presented: +41.0 ms (372.6 ms)
[loading] package identity level=art_style_hero variant=full sha256=d76049f3a383db1d8a75d7dc4814054ccea297a69a2637d1ba7892406c444b5f source=/var/folders/sl/yxxj_m9n37sgntkntqw0x8yw0000gn/T/places-art-style-hero-1bv6uoh1/assets/levels/art_style_hero.placesmap
[loading] compiled-cache miss level=art_style_hero variant=full
[lightmaps] atlas array: 2 page(s) in 4 layer(s), 1024-texel edge, 33554432 bytes resident
[wgpu] world upload: 502 vertices, 762 indices, 21 draws in 1 chunk(s) (neutral mesh: 502 vertices, 762 indices, 21 ranges)
[wgpu] textures: 14 unique, 13 uploaded, 6 cache hits, 1 fallbacks, 0 missing of 21 draws (75497456 bytes resident, max edge 1024px, high filtering)
[wgpu] materials: 17 resolved (12 response, 3 reflection-eligible), 2 normal maps (2 uploaded, 0 cache hits), 18 opaque / 0 cutout / 3 translucent of 21 draws (enabled response, high level)
[wgpu] decals: 0 draw(s), 0 chunk(s), 1 sheet(s) (0 external, 0 diagnostic)
[wgpu] sky `outdoor:tex_sky_stars_01`: 1024x512 uploaded
[wgpu] uploaded 2 packaged reflection probe(s) at 64 texels, 7 mip level(s)
[loading] committed art_style_hero
[props] 21 models cached (0 failed), 6188 triangles, 5136 KiB of textures, 26 draw call(s)
[level] 502 static vertices, 20316 prop vertices, 26 prop draw call(s), built in 0.4 ms (lighting 0.0 + props 0.0 + surfaces 0.0)
[spatial] 21 static batch(es) (floor 8 / ceiling 1 / wall 10 / light 2 / prop box 0 / decal 0), 26 prop batch(es)
[lighting] baked 3 room(s) / 3 baseline area(s) from 5 fixture(s): 14 wall + 88 slab + 228 prop blocker(s), baselines 0.35..0.41 (avg 0.39)
[lightmaps] 2 page(s), 6874 chart(s), 246682 chart texels, 2097152 page texels (32768 KiB), filled in 0.0 ms
[dynamic] 0 object(s): 0 draw call(s), 0 vertices (the demonstration path; never part of the static bake); doors: 0/0
[characters] `home:dining_chair_refined` spawns through the dynamic path: the runtime model `environment/home/props/models/dining_chair_refined.glb` carries no skin or animation; it cannot be posed
[wgpu] characters: 1 character(s), 1 mesh(es), 2 draw(s), 3810 vertices
PLACES_CAPTURE: wrote /Users/connordawkins/Documents/GitHub/Places/docs/art-style/stage6/after/refined/window.png
BENCH_SUMMARY {"level":"art_style_hero","frames":47,"swap_interval":0,"update_mean_ms":0.085,"render_mean_ms":8.194,"swap_mean_ms":2.215,"frame_mean_ms":10.494,"loop_mean_ms":8.527,"frame_median_ms":8.126,"loop_median_ms":8.373,"frame_p95_ms":9.394,"frame_p99_ms":111.440,"loop_p95_ms":9.484,"loop_p99_ms":15.654,"frame_min_ms":6.885,"frame_max_ms":111.440,"loop_min_ms":7.113,"loop_max_ms":15.654,"fps_median":119.43,"fps_p95":105.44,"fps_p99":63.88,"fps_1pct_low":63.88,"fps_mean":117.28,"measured_fps_mean":95.29,"worst_fps":63.88,"total_vertices":21570,"visible_vertices":20148,"culled_vertices":1422,"total_batches":48,"visible_batches":31,"draw_calls":31,"vbo_bytes":1639320,"index_bytes":44100,"texture_binds":24,"material_changes":26,"reflection_passes":0,"visible_indices":15678}
        1.27 real         1.01 user         0.20 sys
           527663104  maximum resident set size
                   0  average shared memory size
                   0  average unshared data size
                   0  average unshared stack size
               35938  page reclaims
                   7  page faults
                   0  swaps
                   0  block input operations
                   0  block output operations
                   0  messages sent
                   0  messages received
                   0  signals received
                   3  voluntary context switches
                6775  involuntary context switches
         11820124758  instructions retired
          3820738183  cycles elapsed
           603653512  peak memory footprint
