[package] /private/var/folders/sl/yxxj_m9n37sgntkntqw0x8yw0000gn/T/places-art-style-hero-33jglt2k (assets: /private/var/folders/sl/yxxj_m9n37sgntkntqw0x8yw0000gn/T/places-art-style-hero-33jglt2k/assets/levels)
[package] asset root: /private/var/folders/sl/yxxj_m9n37sgntkntqw0x8yw0000gn/T/places-art-style-hero-33jglt2k/assets
[settings] quality high (saved high) [startup override] | lighting high | bloom on | reflections full | lightmaps full | vsync off | filtering high | window Windowed 640 x 360
[assets] 204 placeable asset(s) of 352 catalog entries; themes: office, pool, home, outdoor, winter
[renderer] wgpu | adapter: Apple M2 Pro | backend: Metal | device type: IntegratedGpu | surface format: Bgra8UnormSrgb | present mode: Fifo | alpha mode: Opaque | depth format: Depth32Float | drawable: 1280x720
[wgpu] texture filtering: world presets low 4x / medium 8x / high 16x requested | anisotropy supported
[wgpu] present mode Immediate (immediate)
[window] logical 640x360 | drawable 1280x720 pixels | backing scale 2.0x
[wgpu] world pipeline for surface format Bgra8UnormSrgb
[wgpu] post targets: scene 1280x720, bloom 320x180, presented 1280x720
[startup] total 249.7 ms
[startup]   package root: +0.1 ms (0.1 ms)
[startup]   settings: +0.2 ms (0.4 ms)
[startup]   window: +114.5 ms (114.9 ms)
[startup]   asset catalog: +1.4 ms (116.3 ms)
[startup]   renderer device: +10.1 ms (126.4 ms)
[startup]   input responsive: +56.1 ms (182.5 ms)
[startup]   first scene attempted: +28.2 ms (210.7 ms)
[startup]   first UI attempted: +0.0 ms (210.7 ms)
[startup]   first presented: +39.0 ms (249.7 ms)
[loading] package identity level=art_style_hero variant=full sha256=3eeecc62e7fbf242037e6c25dab73329974e6653ac16808dbba3365638da432a source=/var/folders/sl/yxxj_m9n37sgntkntqw0x8yw0000gn/T/places-art-style-hero-33jglt2k/assets/levels/art_style_hero.placesmap
[loading] compiled-cache miss level=art_style_hero variant=full
[lightmaps] atlas array: 2 page(s) in 4 layer(s), 1024-texel edge, 33554432 bytes resident
[wgpu] world upload: 312 vertices, 480 indices, 14 draws in 1 chunk(s) (neutral mesh: 312 vertices, 480 indices, 14 ranges)
[wgpu] textures: 10 unique, 9 uploaded, 3 cache hits, 1 fallbacks, 0 missing of 14 draws (53127840 bytes resident, max edge 1024px, high filtering)
[wgpu] materials: 11 resolved (6 response, 1 reflection-eligible), 2 normal maps (2 uploaded, 0 cache hits), 13 opaque / 0 cutout / 1 translucent of 14 draws (enabled response, high level)
[wgpu] decals: 0 draw(s), 0 chunk(s), 1 sheet(s) (0 external, 0 diagnostic)
[wgpu] sky `outdoor:tex_sky_stars_01`: 1024x512 uploaded
[wgpu] uploaded 1 packaged reflection probe(s) at 64 texels, 7 mip level(s)
[loading] committed art_style_hero
[props] 16 models cached (0 failed), 5300 triangles, 3856 KiB of textures, 21 draw call(s)
[level] 312 static vertices, 15900 prop vertices, 21 prop draw call(s), built in 0.2 ms (lighting 0.0 + props 0.0 + surfaces 0.0)
[spatial] 14 static batch(es) (floor 4 / ceiling 1 / wall 7 / light 2 / prop box 0 / decal 0), 21 prop batch(es)
[lighting] baked 3 room(s) / 3 baseline area(s) from 4 fixture(s): 14 wall + 36 slab + 222 prop blocker(s), baselines 0.31..0.41 (avg 0.37)
[lightmaps] 2 page(s), 5354 chart(s), 203798 chart texels, 2097152 page texels (32768 KiB), filled in 0.0 ms
[dynamic] 0 object(s): 0 draw call(s), 0 vertices (the demonstration path; never part of the static bake); doors: 0/0
[lighting-sequence] frame=1 action=Spawn { key: 1000, model: "home:dining_chair", character: false, position: [1.7, 0.0, 1.1], yaw: 0.0, scale: 1.0 } applied=true
[lighting-sequence] frame=1 action=Spawn { key: 1001, model: "home:dining_chair", character: false, position: [2.35, 0.0, 1.1], yaw: 0.0, scale: 1.0 } applied=true
[lighting-sequence] frame=1 action=Spawn { key: 1002, model: "home:dining_chair", character: false, position: [3.0, 0.0, 1.1], yaw: 0.0, scale: 1.0 } applied=true
[lighting-sequence] frame=1 action=Spawn { key: 1003, model: "home:dining_chair", character: false, position: [3.65, 0.0, 1.1], yaw: 0.0, scale: 1.0 } applied=true
[lighting-sequence] frame=1 action=Spawn { key: 1004, model: "home:dining_chair", character: false, position: [4.3, 0.0, 1.1], yaw: 0.0, scale: 1.0 } applied=true
[lighting-sequence] frame=1 action=Spawn { key: 1005, model: "home:dining_chair", character: false, position: [4.95, 0.0, 1.1], yaw: 0.0, scale: 1.0 } applied=true
[lighting-sequence] frame=1 action=Spawn { key: 1006, model: "home:dining_chair", character: false, position: [5.6, 0.0, 1.1], yaw: 0.0, scale: 1.0 } applied=true
[lighting-sequence] frame=1 action=Spawn { key: 1007, model: "home:dining_chair", character: false, position: [6.25, 0.0, 1.1], yaw: 0.0, scale: 1.0 } applied=true
[lighting-sequence] frame=1 action=Spawn { key: 1008, model: "home:dining_chair", character: false, position: [1.7, 0.0, 1.65], yaw: 0.0, scale: 1.0 } applied=true
[lighting-sequence] frame=1 action=Spawn { key: 1009, model: "home:dining_chair", character: false, position: [2.35, 0.0, 1.65], yaw: 0.0, scale: 1.0 } applied=true
[lighting-sequence] frame=1 action=Spawn { key: 1010, model: "home:dining_chair", character: false, position: [3.0, 0.0, 1.65], yaw: 0.0, scale: 1.0 } applied=true
[lighting-sequence] frame=1 action=Spawn { key: 1011, model: "home:dining_chair", character: false, position: [3.65, 0.0, 1.65], yaw: 0.0, scale: 1.0 } applied=true
[lighting-sequence] frame=1 action=Spawn { key: 1012, model: "home:dining_chair", character: false, position: [4.3, 0.0, 1.65], yaw: 0.0, scale: 1.0 } applied=true
[lighting-sequence] frame=1 action=Spawn { key: 1013, model: "home:dining_chair", character: false, position: [4.95, 0.0, 1.65], yaw: 0.0, scale: 1.0 } applied=true
[lighting-sequence] frame=1 action=Spawn { key: 1014, model: "home:dining_chair", character: false, position: [5.6, 0.0, 1.65], yaw: 0.0, scale: 1.0 } applied=true
[lighting-sequence] frame=1 action=Spawn { key: 1015, model: "home:dining_chair", character: false, position: [6.25, 0.0, 1.65], yaw: 0.0, scale: 1.0 } applied=true
[lighting-sequence] frame=1 action=Spawn { key: 1016, model: "home:dining_chair", character: false, position: [1.7, 0.0, 2.2], yaw: 0.0, scale: 1.0 } applied=true
[lighting-sequence] frame=1 action=Spawn { key: 1017, model: "home:dining_chair", character: false, position: [2.35, 0.0, 2.2], yaw: 0.0, scale: 1.0 } applied=true
[lighting-sequence] frame=1 action=Spawn { key: 1018, model: "home:dining_chair", character: false, position: [3.0, 0.0, 2.2], yaw: 0.0, scale: 1.0 } applied=true
[lighting-sequence] frame=1 action=Spawn { key: 1019, model: "home:dining_chair", character: false, position: [3.65, 0.0, 2.2], yaw: 0.0, scale: 1.0 } applied=true
[lighting-sequence] frame=1 action=Spawn { key: 1020, model: "home:dining_chair", character: false, position: [4.3, 0.0, 2.2], yaw: 0.0, scale: 1.0 } applied=true
[lighting-sequence] frame=1 action=Spawn { key: 1021, model: "home:dining_chair", character: false, position: [4.95, 0.0, 2.2], yaw: 0.0, scale: 1.0 } applied=true
[lighting-sequence] frame=1 action=Spawn { key: 1022, model: "home:dining_chair", character: false, position: [5.6, 0.0, 2.2], yaw: 0.0, scale: 1.0 } applied=true
[lighting-sequence] frame=1 action=Spawn { key: 1023, model: "home:dining_chair", character: false, position: [6.25, 0.0, 2.2], yaw: 0.0, scale: 1.0 } applied=true
[lighting-sequence] frame=1 action=Spawn { key: 1024, model: "home:dining_chair", character: false, position: [1.7, 0.0, 2.75], yaw: 0.0, scale: 1.0 } applied=true
[lighting-sequence] frame=1 action=Spawn { key: 1025, model: "home:dining_chair", character: false, position: [2.35, 0.0, 2.75], yaw: 0.0, scale: 1.0 } applied=true
[lighting-sequence] frame=1 action=Spawn { key: 1026, model: "home:dining_chair", character: false, position: [3.0, 0.0, 2.75], yaw: 0.0, scale: 1.0 } applied=true
[lighting-sequence] frame=1 action=Spawn { key: 1027, model: "home:dining_chair", character: false, position: [3.65, 0.0, 2.75], yaw: 0.0, scale: 1.0 } applied=true
[lighting-sequence] frame=1 action=Spawn { key: 1028, model: "home:dining_chair", character: false, position: [4.3, 0.0, 2.75], yaw: 0.0, scale: 1.0 } applied=true
[lighting-sequence] frame=1 action=Spawn { key: 1029, model: "home:dining_chair", character: false, position: [4.95, 0.0, 2.75], yaw: 0.0, scale: 1.0 } applied=true
[lighting-sequence] frame=1 action=Spawn { key: 1030, model: "home:dining_chair", character: false, position: [5.6, 0.0, 2.75], yaw: 0.0, scale: 1.0 } applied=true
[characters] `home:dining_chair` spawns through the dynamic path: the runtime model `environment/home/props/models/dining_chair.glb` carries no skin or animation; it cannot be posed
BENCH_SUMMARY {"level":"art_style_hero","frames":12000,"swap_interval":0,"update_mean_ms":0.550,"render_mean_ms":4.503,"swap_mean_ms":0.020,"frame_mean_ms":5.073,"loop_mean_ms":5.278,"frame_median_ms":3.577,"loop_median_ms":3.767,"frame_p95_ms":14.072,"frame_p99_ms":15.596,"loop_p95_ms":14.273,"loop_p99_ms":15.887,"frame_min_ms":0.492,"frame_max_ms":22.241,"loop_min_ms":0.575,"loop_max_ms":23.963,"fps_median":265.47,"fps_p95":70.06,"fps_p99":62.95,"fps_1pct_low":62.95,"fps_mean":189.46,"measured_fps_mean":197.11,"worst_fps":41.73,"total_vertices":30036,"visible_vertices":28008,"culled_vertices":2028,"total_batches":67,"visible_batches":57,"draw_calls":57,"vbo_bytes":1264944,"index_bytes":33984,"texture_binds":51,"material_changes":53,"reflection_passes":0}
BENCH_SUMMARY {"level":"art_style_hero","frames":12000,"swap_interval":0,"update_mean_ms":0.550,"render_mean_ms":4.503,"swap_mean_ms":0.020,"frame_mean_ms":5.073,"loop_mean_ms":5.278,"frame_median_ms":3.577,"loop_median_ms":3.767,"frame_p95_ms":14.072,"frame_p99_ms":15.596,"loop_p95_ms":14.273,"loop_p99_ms":15.887,"frame_min_ms":0.492,"frame_max_ms":22.241,"loop_min_ms":0.575,"loop_max_ms":23.963,"fps_median":265.47,"fps_p95":70.06,"fps_p99":62.95,"fps_1pct_low":62.95,"fps_mean":189.46,"measured_fps_mean":197.11,"worst_fps":41.73,"total_vertices":30036,"visible_vertices":28008,"culled_vertices":2028,"total_batches":67,"visible_batches":57,"draw_calls":57,"vbo_bytes":1264944,"index_bytes":33984,"texture_binds":51,"material_changes":53,"reflection_passes":0}
       64.45 real        16.71 user        12.75 sys
           453656576  maximum resident set size
                   0  average shared memory size
                   0  average unshared data size
                   0  average unshared stack size
               33280  page reclaims
                  50  page faults
                   0  swaps
                   0  block input operations
                   0  block output operations
                   0  messages sent
                   0  messages received
                   0  signals received
                 102  voluntary context switches
              599064  involuntary context switches
        133704984005  instructions retired
         52774906999  cycles elapsed
           517965120  peak memory footprint
