[package] /private/var/folders/sl/yxxj_m9n37sgntkntqw0x8yw0000gn/T/places-art-style-hero-_nfgdyfp (assets: /private/var/folders/sl/yxxj_m9n37sgntkntqw0x8yw0000gn/T/places-art-style-hero-_nfgdyfp/assets/levels)
[package] asset root: /private/var/folders/sl/yxxj_m9n37sgntkntqw0x8yw0000gn/T/places-art-style-hero-_nfgdyfp/assets
[settings] quality high (saved high) [startup override] | lighting high | bloom on | reflections full | lightmaps full | vsync off | filtering high | window Windowed 640 x 360
[assets] 204 placeable asset(s) of 352 catalog entries; themes: office, pool, home, outdoor, winter
[renderer] wgpu | adapter: Apple M2 Pro | backend: Metal | device type: IntegratedGpu | surface format: Bgra8UnormSrgb | present mode: Fifo | alpha mode: Opaque | depth format: Depth32Float | drawable: 1280x720
[wgpu] texture filtering: world presets low 4x / medium 8x / high 16x requested | anisotropy supported
[wgpu] present mode Immediate (immediate)
[window] logical 640x360 | drawable 1280x720 pixels | backing scale 2.0x
[loading] package identity level=art_style_hero variant=full sha256=c4cc8aca8b9ace57ab2868e40a6caa6a1afa956e1ed5ccdfbcfccc712c1bca0e source=/var/folders/sl/yxxj_m9n37sgntkntqw0x8yw0000gn/T/places-art-style-hero-_nfgdyfp/assets/levels/art_style_hero.placesmap
[loading] compiled-cache miss level=art_style_hero variant=full
[wgpu] world pipeline for surface format Bgra8UnormSrgb
[wgpu] post targets: scene 1280x720, bloom 320x180, presented 1280x720
[lightmaps] atlas array: 2 page(s) in 4 layer(s), 1024-texel edge, 33554432 bytes resident
[startup] total 3142.6 ms
[startup]   package root: +0.4 ms (0.4 ms)
[startup]   settings: +0.5 ms (0.8 ms)
[startup]   window: +110.7 ms (111.5 ms)
[startup]   asset catalog: +2.5 ms (113.9 ms)
[startup]   renderer device: +11.2 ms (125.1 ms)
[startup]   input responsive: +65.5 ms (190.6 ms)
[startup]   first scene attempted: +2847.2 ms (3037.8 ms)
[startup]   first UI attempted: +0.0 ms (3037.9 ms)
[startup]   world geometry: pack: +68.3 ms (3106.1 ms)
[startup]   world geometry: GPU upload: +0.1 ms (3106.2 ms)
[startup]   first presented: +36.4 ms (3142.6 ms)
[wgpu] world upload: 456 vertices, 696 indices, 21 draws in 1 chunk(s) (neutral mesh: 456 vertices, 696 indices, 21 ranges)
[wgpu] textures: 14 unique, 13 uploaded, 6 cache hits, 1 fallbacks, 0 missing of 21 draws (75497456 bytes resident, max edge 1024px, high filtering)
[wgpu] materials: 17 resolved (11 response, 3 reflection-eligible), 2 normal maps (2 uploaded, 0 cache hits), 18 opaque / 0 cutout / 3 translucent of 21 draws (enabled response, high level)
[wgpu] decals: 0 draw(s), 0 chunk(s), 1 sheet(s) (0 external, 0 diagnostic)
[wgpu] sky `outdoor:tex_sky_stars_01`: 1024x512 uploaded
[wgpu] uploaded 2 packaged reflection probe(s) at 64 texels, 7 mip level(s)
[loading] committed art_style_hero
[props] 16 models cached (0 failed), 5300 triangles, 3856 KiB of textures, 21 draw call(s)
[level] 456 static vertices, 16524 prop vertices, 21 prop draw call(s), built in 0.4 ms (lighting 0.0 + props 0.0 + surfaces 0.0)
[spatial] 21 static batch(es) (floor 9 / ceiling 1 / wall 9 / light 2 / prop box 0 / decal 0), 21 prop batch(es)
[lighting] baked 3 room(s) / 3 baseline area(s) from 5 fixture(s): 14 wall + 91 slab + 223 prop blocker(s), baselines 0.35..0.41 (avg 0.39)
[lightmaps] 2 page(s), 5598 chart(s), 214709 chart texels, 2097152 page texels (32768 KiB), filled in 0.0 ms
[dynamic] 0 object(s): 0 draw call(s), 0 vertices (the demonstration path; never part of the static bake); doors: 0/0
[characters] `home:dining_chair` spawns through the dynamic path: the runtime model `environment/home/props/models/dining_chair.glb` carries no skin or animation; it cannot be posed
PLACES_CAPTURE: wrote /Users/connordawkins/Documents/GitHub/Places/docs/art-style/stage5/snapshot-replay/night/surfaces.png
BENCH_SUMMARY {"level":"art_style_hero","frames":59,"swap_interval":0,"update_mean_ms":0.079,"render_mean_ms":6.571,"swap_mean_ms":1.118,"frame_mean_ms":7.769,"loop_mean_ms":6.935,"frame_median_ms":8.009,"loop_median_ms":8.152,"frame_p95_ms":15.717,"frame_p99_ms":17.461,"loop_p95_ms":15.148,"loop_p99_ms":17.252,"frame_min_ms":0.292,"frame_max_ms":72.773,"loop_min_ms":0.415,"loop_max_ms":17.603,"fps_median":122.67,"fps_p95":66.01,"fps_p99":57.96,"fps_1pct_low":57.96,"fps_mean":144.19,"measured_fps_mean":128.72,"worst_fps":56.81,"total_vertices":17412,"visible_vertices":8496,"culled_vertices":8916,"total_batches":43,"visible_batches":13,"draw_calls":13,"vbo_bytes":1323312,"index_bytes":35664,"texture_binds":9,"material_changes":12,"reflection_passes":0}
        4.54 real         0.81 user         0.27 sys
           395427840  maximum resident set size
                   0  average shared memory size
                   0  average unshared data size
                   0  average unshared stack size
               49747  page reclaims
                 266  page faults
                   0  swaps
                   0  block input operations
                   0  block output operations
                   0  messages sent
                   0  messages received
                   0  signals received
                 109  voluntary context switches
                9768  involuntary context switches
          9504458166  instructions retired
          3431295783  cycles elapsed
           563676576  peak memory footprint
