[package] /private/var/folders/sl/yxxj_m9n37sgntkntqw0x8yw0000gn/T/places-art-style-hero-798if4n9 (assets: /private/var/folders/sl/yxxj_m9n37sgntkntqw0x8yw0000gn/T/places-art-style-hero-798if4n9/assets/levels)
[package] asset root: /private/var/folders/sl/yxxj_m9n37sgntkntqw0x8yw0000gn/T/places-art-style-hero-798if4n9/assets
[settings] quality high (saved high) [startup override] | lighting high | bloom on | reflections full | lightmaps full | vsync off | filtering high | window Windowed 640 x 360
[assets] 204 placeable asset(s) of 352 catalog entries; themes: office, pool, home, outdoor, winter
[renderer] wgpu | adapter: Apple M2 Pro | backend: Metal | device type: IntegratedGpu | surface format: Bgra8UnormSrgb | present mode: Fifo | alpha mode: Opaque | depth format: Depth32Float | drawable: 1280x720
[wgpu] texture filtering: world presets low 4x / medium 8x / high 16x requested | anisotropy supported
[wgpu] present mode Immediate (immediate)
[window] logical 640x360 | drawable 1280x720 pixels | backing scale 2.0x
[wgpu] world pipeline for surface format Bgra8UnormSrgb
[wgpu] post targets: scene 1280x720, bloom 320x180, presented 1280x720
[startup] total 251.8 ms
[startup]   package root: +0.1 ms (0.1 ms)
[startup]   settings: +0.2 ms (0.3 ms)
[startup]   window: +117.0 ms (117.3 ms)
[startup]   asset catalog: +1.3 ms (118.6 ms)
[startup]   renderer device: +9.1 ms (127.7 ms)
[startup]   input responsive: +57.1 ms (184.8 ms)
[startup]   first scene attempted: +27.9 ms (212.7 ms)
[startup]   first UI attempted: +0.0 ms (212.7 ms)
[startup]   first presented: +39.0 ms (251.8 ms)
[loading] package identity level=art_style_hero variant=full sha256=3eeecc62e7fbf242037e6c25dab73329974e6653ac16808dbba3365638da432a source=/var/folders/sl/yxxj_m9n37sgntkntqw0x8yw0000gn/T/places-art-style-hero-798if4n9/assets/levels/art_style_hero.placesmap
[loading] compiled-cache miss level=art_style_hero variant=full
[lightmaps] atlas array: 2 page(s) in 4 layer(s), 1024-texel edge, 33554432 bytes resident
[wgpu] world upload: 312 vertices, 480 indices, 14 draws in 1 chunk(s) (neutral mesh: 312 vertices, 480 indices, 14 ranges)
[wgpu] textures: 10 unique, 9 uploaded, 3 cache hits, 1 fallbacks, 0 missing of 14 draws (53127840 bytes resident, max edge 1024px, high filtering)
[wgpu] materials: 11 resolved (6 response, 1 reflection-eligible), 2 normal maps (2 uploaded, 0 cache hits), 13 opaque / 0 cutout / 1 translucent of 14 draws (enabled response, high level)
[wgpu] decals: 0 draw(s), 0 chunk(s), 1 sheet(s) (0 external, 0 diagnostic)
[wgpu] sky `outdoor:tex_sky_stars_01`: 1024x512 uploaded
[wgpu] uploaded 1 packaged reflection probe(s) at 64 texels, 7 mip level(s)
[loading] committed art_style_hero
[props] 16 models cached (0 failed), 5300 triangles, 3856 KiB of textures, 21 draw call(s)
[level] 312 static vertices, 15900 prop vertices, 21 prop draw call(s), built in 0.2 ms (lighting 0.0 + props 0.0 + surfaces 0.0)
[spatial] 14 static batch(es) (floor 4 / ceiling 1 / wall 7 / light 2 / prop box 0 / decal 0), 21 prop batch(es)
[lighting] baked 3 room(s) / 3 baseline area(s) from 4 fixture(s): 14 wall + 36 slab + 222 prop blocker(s), baselines 0.31..0.41 (avg 0.37)
[lightmaps] 2 page(s), 5354 chart(s), 203798 chart texels, 2097152 page texels (32768 KiB), filled in 0.0 ms
[dynamic] 0 object(s): 0 draw call(s), 0 vertices (the demonstration path; never part of the static bake); doors: 0/0
[characters] `home:dining_chair` spawns through the dynamic path: the runtime model `environment/home/props/models/dining_chair.glb` carries no skin or animation; it cannot be posed
[entity-light] name=DynamicId(0) path=dynamic:environment/home/props/models/dining_chair.glb map=Some("art_style_hero") graphics=GraphicsSpec { quality: High, lighting: High, filtering: "high", bloom: true, lightmaps: Full, reflections: Full } transform=Mat4 { x_axis: Vec4(1.0, 0.0, 0.0, 0.0), y_axis: Vec4(0.0, 1.0, 0.0, 0.0), z_axis: Vec4(0.0, 0.0, 1.0, 0.0), w_axis: Vec4(6.7, 0.0, 1.3, 1.0) } sample_position=[6.7, 0.451, 1.3] cell=Some([4.0, 0.0, 5.0]) room=Some(0) region=Some(0) sample=EntityLighting { prepared: Some(LightmapTexel { irradiance: [0.47291556, 0.45529893, 0.42320666], direction: [-0.14379531, 0.32510287, 0.2677904], axis: [0.5, 0.5] }), display: [0.47291556, 0.45529893, 0.42320666], source: Prepared } candidates=Some([ProbeContribution { id: 230, world_position: [6.75, 0.09999871, 1.1500025], distance_m: 0.3849690483953417, weight: 0.9016084501458327, probe: ProbeSample { irradiance: [0.46854758, 0.4508789, 0.41874203], direction: [-0.14016163, 0.32999378, 0.26875642], axis: [0.5, 0.5], room: 0 } }, ProbeContribution { id: 238, world_position: [5.25, 1.5999987, 1.1500025], distance_m: 1.856124111856875, weight: 0.0074209536583495495, probe: ProbeSample { irradiance: [0.4691195, 0.45421425, 0.4288054], direction: [0.06200957, 0.22354375, 0.41850567], axis: [0.5, 0.5], room: 0 } }, ProbeContribution { id: 239, world_position: [6.75, 1.5999987, 1.1500025], distance_m: 1.159826405468104, weight: 0.04918668326619723, probe: ProbeSample { irradiance: [0.46801808, 0.45240784, 0.42316964], direction: [-0.18890867, 0.17600307, 0.33799657], axis: [0.5, 0.5], room: 0 } }, ProbeContribution { id: 274, world_position: [5.25, 0.09999871, 2.6500025], distance_m: 2.012015948676511, weight: 0.004711432391785054, probe: ProbeSample { irradiance: [0.5943321, 0.57523024, 0.5394654], direction: [0.04877853, 0.49586445, 0.14985788], axis: [0.5, 0.5], room: 0 } }, ProbeContribution { id: 275, world_position: [6.75, 0.09999871, 2.6500025], distance_m: 1.395782486612162, weight: 0.02581112596640136, probe: ProbeSample { irradiance: [0.57449096, 0.55375886, 0.51618505], direction: [-0.21923521, 0.4369344, 0.112539425], axis: [0.5, 0.5], room: 0 } }, ProbeContribution { id: 283, world_position: [5.25, 1.5999987, 2.6500025], distance_m: 2.2902411009165147, weight: 0.0018766151484637928, probe: ProbeSample { irradiance: [0.5681668, 0.551184, 0.52154315], direction: [0.05475992, 0.46681726, 0.2401961], axis: [0.5, 0.5], room: 0 } }, ProbeContribution { id: 284, world_position: [6.75, 1.5999987, 2.6500025], distance_m: 1.773472546314681, weight: 0.00934590884200867, probe: ProbeSample { irradiance: [0.5618876, 0.5458118, 0.5142067], direction: [-0.3484823, 0.2948963, 0.18100576], axis: [0.5, 0.5], room: 0 } }, ProbeContribution { id: 320, world_position: [6.75, 0.09999871, 4.1500025], distance_m: 2.8719708096782677, weight: 3.883058096164374e-5, probe: ProbeSample { irradiance: [0.554261, 0.535467, 0.49977922], direction: [-0.25150484, 0.40332013, -0.16776958], axis: [0.5, 0.5], room: 0 } }]) uploaded_energy_moment_scale=Some(([0.47291556, 0.45529893, 0.42320666, 1.0], [-0.14379531, 0.32510287, 0.2677904, 0.0], [1.0, 1.0, 1.0])) pre_tonemap_normal_samples=Some([([1.0, 0.0, 0.0], [0.31717062, 0.30535567, 0.2838323]), ([-1.0, 0.0, 0.0], [0.41780993, 0.40224603, 0.37389326]), ([0.0, 1.0, 0.0], [0.54470325, 0.52441245, 0.48744863]), ([0.0, -1.0, 0.0], [0.31717062, 0.30535567, 0.2838323]), ([0.0, 0.0, 1.0], [0.50459146, 0.48579487, 0.45155308]), ([0.0, 0.0, -1.0], [0.31717062, 0.30535567, 0.2838323])])
[entity-spatial] {"always_on_source_indices":[0,1,2,3],"centre_trace_meaning":"combined legacy probe at bounds centre; not final spatial shader response","name":"DynamicId(0)","path":"dynamic:environment/home/props/models/dining_chair.glb","position":[6.699999809265137,0.45100000500679016,1.2999999523162842],"source_order_meaning":"always-on selected IDs, then unique prepared switchable IDs; disabled slots retain identity with zero descriptor","spatial":{"anchors":[{"attenuation":[1.0,1.0,1.0,0.0],"residual_irradiance_validity":[0.31739863753318787,0.29483577609062195,0.25777941942214966,1.0],"residual_moment":[0.052178267389535904,-0.010429862886667252,0.011228304356336594,0.0],"tap_visibility":[[1.0,1.0,1.0,1.0],[0.0,0.0,0.0,0.0],[0.0,0.0,0.0,0.0],[0.0,0.0,0.0,0.0],[0.0,0.0,0.0,0.0],[0.0,0.0,0.0,0.0],[0.0,0.0,0.0,0.0],[0.0,0.0,0.0,0.0]]},{"attenuation":[1.0,1.0,1.0,0.0],"residual_irradiance_validity":[0.3167978823184967,0.29425644874572754,0.25723588466644287,1.0],"residual_moment":[0.052061863243579865,-0.00970555655658245,0.011280655860900879,0.0],"tap_visibility":[[1.0,1.0,1.0,1.0],[0.0,0.0,0.0,0.0],[0.0,0.0,0.0,0.0],[0.0,0.0,0.0,0.0],[0.0,0.0,0.0,0.0],[0.0,0.0,0.0,0.0],[0.0,0.0,0.0,0.0],[0.0,0.0,0.0,0.0]]},{"attenuation":[1.0,1.0,1.0,0.0],"residual_irradiance_validity":[0.319539338350296,0.2980780005455017,0.26278120279312134,1.0],"residual_moment":[0.059324368834495544,-0.021144689992070198,0.004012347664684057,0.0],"tap_visibility":[[1.0,1.0,1.0,1.0],[0.0,0.0,1.0,1.0],[0.0,0.0,0.0,0.0],[0.0,0.0,0.0,0.0],[0.0,0.0,0.0,0.0],[0.0,0.0,0.0,0.0],[0.0,0.0,0.0,0.0],[0.0,0.0,0.0,0.0]]},{"attenuation":[1.0,1.0,1.0,0.0],"residual_irradiance_validity":[0.3192894458770752,0.29781079292297363,0.26231396198272705,1.0],"residual_moment":[0.058431196957826614,-0.01976589672267437,0.004440824035555124,0.0],"tap_visibility":[[1.0,1.0,1.0,1.0],[0.0,0.0,0.0,0.0],[0.0,0.0,0.0,0.0],[0.0,0.0,0.0,0.0],[0.0,0.0,0.0,0.0],[0.0,0.0,0.0,0.0],[0.0,0.0,0.0,0.0],[0.0,0.0,0.0,0.0]]},{"attenuation":[1.0,1.0,1.0,0.0],"residual_irradiance_validity":[0.3239727020263672,0.3010922968387604,0.26360535621643066,1.0],"residual_moment":[0.05072004348039627,-0.020590120926499367,0.008946143090724945,0.0],"tap_visibility":[[1.0,1.0,1.0,1.0],[0.0,0.0,1.0,0.0],[0.0,0.0,0.0,0.0],[0.0,0.0,0.0,0.0],[0.0,0.0,0.0,0.0],[0.0,0.0,0.0,0.0],[0.0,0.0,0.0,0.0],[0.0,0.0,0.0,0.0]]},{"attenuation":[1.0,1.0,1.0,0.0],"residual_irradiance_validity":[0.3221742808818817,0.29934147000312805,0.26187607645988464,1.0],"residual_moment":[0.05215957388281822,-0.01577145606279373,0.010218152776360512,0.0],"tap_visibility":[[1.0,1.0,1.0,1.0],[0.0,0.0,0.0,1.0],[0.0,0.0,0.0,0.0],[0.0,0.0,0.0,0.0],[0.0,0.0,0.0,0.0],[0.0,0.0,0.0,0.0],[0.0,0.0,0.0,0.0],[0.0,0.0,0.0,0.0]]},{"attenuation":[1.0,1.0,1.0,0.0],"residual_irradiance_validity":[0.32918059825897217,0.30719614028930664,0.27106234431266785,1.0],"residual_moment":[0.06072592735290527,-0.029345503076910973,0.0051549626514315605,0.0],"tap_visibility":[[1.0,1.0,1.0,1.0],[0.0,0.0,1.0,1.0],[0.0,0.0,0.0,0.0],[0.0,0.0,0.0,0.0],[0.0,0.0,0.0,0.0],[0.0,0.0,0.0,0.0],[0.0,0.0,0.0,0.0],[0.0,0.0,0.0,0.0]]},{"attenuation":[1.0,1.0,1.0,0.0],"residual_irradiance_validity":[0.3280925154685974,0.30613192915916443,0.26984280347824097,1.0],"residual_moment":[0.05973609536886215,-0.026789311319589615,0.005424517672508955,0.0],"tap_visibility":[[1.0,1.0,1.0,1.0],[0.0,0.0,0.0,1.0],[0.0,0.0,0.0,0.0],[0.0,0.0,0.0,0.0],[0.0,0.0,0.0,0.0],[0.0,0.0,0.0,0.0],[0.0,0.0,0.0,0.0],[0.0,0.0,0.0,0.0]]}],"bounds_extent":[0.5,0.9020000100135803,0.49000000953674316,0.0],"bounds_min":[-0.25,0.0,-0.24500000476837158,1.0],"enabled":true,"sources":[{"color_strength":[0.9399999976158142,0.9700000286102295,1.0,0.4360332787036896],"extent_falloff":[0.6000000238418579,0.30000001192092896,0.0,1.0],"position_range":[5.199999809265137,2.7899999618530273,3.200000047683716,6.0],"taps":[[4.599999904632568,2.7899999618530273,2.9000000953674316,0.25],[4.599999904632568,2.7899999618530273,3.5,0.25],[5.799999713897705,2.7899999618530273,2.9000000953674316,0.25],[5.799999713897705,2.7899999618530273,3.5,0.25]]},{"color_strength":[0.9399999976158142,0.9700000286102295,1.0,0.26832816004753113],"extent_falloff":[0.6000000238418579,0.30000001192092896,0.0,1.0],"position_range":[9.300000190734863,2.7899999618530273,6.699999809265137,5.0],"taps":[[8.699999809265137,2.7899999618530273,6.399999618530273,0.25],[8.699999809265137,2.7899999618530273,7.0,0.25],[9.90000057220459,2.7899999618530273,6.399999618530273,0.25],[9.90000057220459,2.7899999618530273,7.0,0.25]]},{"color_strength":[1.0,0.8799999952316284,0.6800000071525574,0.4024922549724579],"extent_falloff":[0.0,0.0,0.0,0.0],"position_range":[1.100000023841858,1.2400000095367432,1.100000023841858,4.400000095367432],"taps":[[1.100000023841858,1.2400000095367432,1.100000023841858,1.0],[0.0,0.0,0.0,0.0],[0.0,0.0,0.0,0.0],[0.0,0.0,0.0,0.0]]},{"color_strength":[1.0,0.8600000143051147,0.6399999856948853,0.21827448904514313],"extent_falloff":[0.0,0.0,0.0,0.0],"position_range":[2.0999999046325684,0.8600000143051147,-2.200000047683716,4.0],"taps":[[2.0999999046325684,0.8600000143051147,-2.200000047683716,1.0],[0.0,0.0,0.0,0.0],[0.0,0.0,0.0,0.0],[0.0,0.0,0.0,0.0]]},{"color_strength":[0.0,0.0,0.0,0.0],"extent_falloff":[0.0,0.0,0.0,0.0],"position_range":[0.0,0.0,0.0,0.0],"taps":[[0.0,0.0,0.0,0.0],[0.0,0.0,0.0,0.0],[0.0,0.0,0.0,0.0],[0.0,0.0,0.0,0.0]]},{"color_strength":[0.0,0.0,0.0,0.0],"extent_falloff":[0.0,0.0,0.0,0.0],"position_range":[0.0,0.0,0.0,0.0],"taps":[[0.0,0.0,0.0,0.0],[0.0,0.0,0.0,0.0],[0.0,0.0,0.0,0.0],[0.0,0.0,0.0,0.0]]},{"color_strength":[0.0,0.0,0.0,0.0],"extent_falloff":[0.0,0.0,0.0,0.0],"position_range":[0.0,0.0,0.0,0.0],"taps":[[0.0,0.0,0.0,0.0],[0.0,0.0,0.0,0.0],[0.0,0.0,0.0,0.0],[0.0,0.0,0.0,0.0]]},{"color_strength":[0.0,0.0,0.0,0.0],"extent_falloff":[0.0,0.0,0.0,0.0],"position_range":[0.0,0.0,0.0,0.0],"taps":[[0.0,0.0,0.0,0.0],[0.0,0.0,0.0,0.0],[0.0,0.0,0.0,0.0],[0.0,0.0,0.0,0.0]]}]},"uniform_bytes":5632}
PLACES_CAPTURE: wrote /Users/connordawkins/Documents/GitHub/Places/docs/art-style/stage4/after/high-v1/contact.png
BENCH_SUMMARY {"level":"art_style_hero","frames":63,"swap_interval":0,"update_mean_ms":0.127,"render_mean_ms":5.896,"swap_mean_ms":1.644,"frame_mean_ms":7.667,"loop_mean_ms":6.345,"frame_median_ms":7.729,"loop_median_ms":7.849,"frame_p95_ms":10.697,"frame_p99_ms":14.070,"loop_p95_ms":10.623,"loop_p99_ms":14.359,"frame_min_ms":0.652,"frame_max_ms":109.406,"loop_min_ms":0.918,"loop_max_ms":14.431,"fps_median":127.41,"fps_p95":94.13,"fps_p99":69.64,"fps_1pct_low":69.64,"fps_mean":157.60,"measured_fps_mean":130.42,"worst_fps":69.29,"total_vertices":16644,"visible_vertices":14364,"culled_vertices":2280,"total_batches":36,"visible_batches":23,"draw_calls":23,"vbo_bytes":1264944,"index_bytes":33984,"texture_binds":17,"material_changes":19,"reflection_passes":0}
        1.06 real         0.73 user         0.20 sys
           452362240  maximum resident set size
                   0  average shared memory size
                   0  average unshared data size
                   0  average unshared stack size
               31028  page reclaims
                   6  page faults
                   0  swaps
                   0  block input operations
                   0  block output operations
                   0  messages sent
                   0  messages received
                   0  signals received
                   1  voluntary context switches
                6298  involuntary context switches
          8306771022  instructions retired
          2767566933  cycles elapsed
           510936384  peak memory footprint
