[package] /Users/connordawkins/Documents/GitHub/Places (assets: /Users/connordawkins/Documents/GitHub/Places/assets/levels)
[package] asset root: /Users/connordawkins/Documents/GitHub/Places/assets
[settings] quality high (saved high) [startup override] | lighting high | bloom on | reflections off [startup override] | lightmaps full | vsync off | filtering high | window Windowed 1920 x 1080
[display] requested windowed 1920 x 1080 does not fit the display work area (1512 x 870); opening 1512 x 850 instead
[assets] 134 placeable asset(s) of 247 catalog entries; themes: office, pool, home, outdoor
[renderer] wgpu | adapter: Apple M2 Pro | backend: Metal | device type: IntegratedGpu | surface format: Bgra8UnormSrgb | present mode: Fifo | alpha mode: Opaque | depth format: Depth32Float | drawable: 3024x1676
[wgpu] texture filtering: world presets low 4x / medium 8x / high 16x requested | anisotropy supported
[wgpu] present mode Immediate (immediate)
[window] logical 1512x838 | drawable 3024x1676 pixels | backing scale 2.0x
[wgpu] world pipeline for surface format Bgra8UnormSrgb
[wgpu] post targets: scene 3024x1676, bloom 756x419, presented 3024x1676
[loading] package identity level=places_demo variant=full sha256=976ac094d05cfbd32e56e4f1c04b9f09e816089eda27c1ee43670a27eef933f5 source=/Users/connordawkins/Documents/GitHub/Places/assets/levels/places_demo.placesmap
[loading] compiled-cache miss level=places_demo variant=full
[lightmaps] atlas array: 8 page(s) in 32 layer(s), 1024-texel edge, 268435456 bytes resident
[wgpu] world upload: 10719 vertices, 17430 indices, 159 draws in 1 chunk(s) (neutral mesh: 11179 vertices, 18120 indices, 178 ranges)
[wgpu] textures: 40 unique, 36 uploaded, 93 cache hits, 11 fallbacks, 0 missing of 159 draws (205520848 bytes resident, max edge 1024px, high filtering)
[wgpu] materials: 51 resolved (28 response, 5 reflection-eligible), 4 normal maps (2 uploaded, 2 cache hits), 151 opaque / 1 cutout / 7 translucent of 159 draws (enabled response, high level)
[wgpu] decals: 19 draw(s), 1 chunk(s), 7 sheet(s) (6 external, 0 diagnostic)
[wgpu] sky `outdoor:tex_sky_stars_01`: 1024x512 uploaded
[wgpu] characters: 16 character(s), 6 mesh(es), 34 draw(s), 50080 vertices
[wgpu] effects: 5 emitter(s), 30 particle(s), 1 draw(s), 1 sheet(s) (1 uploaded, 0 cached)
[loading] committed places_demo
[props] 65 models cached (0 failed), 23955 triangles, 13588 KiB of textures, 230 draw call(s)
[level] 11179 static vertices, 454893 prop vertices, 230 prop draw call(s), built in 0.1 ms (lighting 0.0 + props 0.0 + surfaces 0.0)
[spatial] 159 static batch(es) (floor 44 / ceiling 13 / wall 72 / light 30 / prop box 0 / decal 0), 230 prop batch(es)
[lighting] baked 14 room(s) / 14 baseline area(s) from 73 fixture(s): 1599 wall + 16230 slab + 1243 prop blocker(s), baselines 0.32..0.43 (avg 0.39)
[lightmaps] 8 page(s), 153410 chart(s), 3711575 chart texels, 8388608 page texels (131072 KiB), filled in 0.0 ms
[dynamic] 16 object(s): 26 draw call(s), 9233 vertices (the demonstration path; never part of the static bake); doors: 7/7
BENCH_SUMMARY {"level":"places_demo","frames":1200,"swap_interval":0,"update_mean_ms":1.443,"render_mean_ms":0.655,"swap_mean_ms":0.000,"frame_mean_ms":2.098,"loop_mean_ms":2.325,"frame_median_ms":2.061,"loop_median_ms":2.211,"frame_p95_ms":2.464,"frame_p99_ms":2.720,"loop_p95_ms":3.056,"loop_p99_ms":4.416,"frame_min_ms":1.634,"frame_max_ms":7.904,"loop_min_ms":1.732,"loop_max_ms":8.753,"fps_median":452.26,"fps_p95":327.26,"fps_p99":226.46,"fps_1pct_low":226.46,"fps_mean":430.10,"measured_fps_mean":476.75,"worst_fps":114.24,"total_vertices":474845,"visible_vertices":674558,"culled_vertices":0,"total_batches":415,"visible_batches":274,"draw_calls":274,"vbo_bytes":30390080,"index_bytes":975714,"texture_binds":148,"material_changes":166,"reflection_passes":0}
BENCH_SUMMARY {"level":"places_demo","frames":1200,"swap_interval":0,"update_mean_ms":1.443,"render_mean_ms":0.655,"swap_mean_ms":0.000,"frame_mean_ms":2.098,"loop_mean_ms":2.325,"frame_median_ms":2.061,"loop_median_ms":2.211,"frame_p95_ms":2.464,"frame_p99_ms":2.720,"loop_p95_ms":3.056,"loop_p99_ms":4.416,"frame_min_ms":1.634,"frame_max_ms":7.904,"loop_min_ms":1.732,"loop_max_ms":8.753,"fps_median":452.26,"fps_p95":327.26,"fps_p99":226.46,"fps_1pct_low":226.46,"fps_mean":430.10,"measured_fps_mean":476.75,"worst_fps":114.24,"total_vertices":474845,"visible_vertices":674558,"culled_vertices":0,"total_batches":415,"visible_batches":274,"draw_calls":274,"vbo_bytes":30390080,"index_bytes":975714,"texture_binds":148,"material_changes":166,"reflection_passes":0}
