[package] /Users/connordawkins/Documents/GitHub/Places (assets: /Users/connordawkins/Documents/GitHub/Places/assets/levels)
[package] asset root: /Users/connordawkins/Documents/GitHub/Places/assets
[settings] quality medium (saved medium) [startup override] | lighting medium | bloom on | reflections off [startup override] | lightmaps medium | vsync off | filtering medium | window Windowed 1920 x 1080
[display] requested windowed 1920 x 1080 does not fit the display work area (1512 x 870); opening 1512 x 850 instead
[assets] 134 placeable asset(s) of 247 catalog entries; themes: office, pool, home, outdoor
[renderer] wgpu | adapter: Apple M2 Pro | backend: Metal | device type: IntegratedGpu | surface format: Bgra8UnormSrgb | present mode: Fifo | alpha mode: Opaque | depth format: Depth32Float | drawable: 3024x1676
[wgpu] texture filtering: world presets low 4x / medium 8x / high 16x requested | anisotropy supported
[wgpu] texture filtering: medium active (trilinear + 8x anisotropy requested)
[wgpu] present mode Immediate (immediate)
[window] logical 1512x838 | drawable 3024x1676 pixels | backing scale 2.0x
[wgpu] world pipeline for surface format Bgra8UnormSrgb
[wgpu] post targets: scene 1512x838, bloom 378x209, presented 3024x1676
[loading] package identity level=model_zoo variant=medium sha256=844224fdb5d0b8854e30d1ff514de23ae6999e5d7b960dcc1d152287a7608d3d source=/Users/connordawkins/Documents/GitHub/Places/assets/levels/model_zoo.placesmap
[loading] compiled-cache miss level=model_zoo variant=medium
[lightmaps] atlas array: 6 page(s) in 12 layer(s), 1024-texel edge, 100663296 bytes resident
[wgpu] world upload: 24186 vertices, 53244 indices, 98 draws in 1 chunk(s) (neutral mesh: 24210 vertices, 53280 indices, 102 ranges)
[wgpu] textures: 6 unique, 5 uploaded, 29 cache hits, 32 fallbacks, 0 missing of 98 draws (12582904 bytes resident, max edge 1024px, medium filtering)
[wgpu] materials: 8 resolved (5 response, 0 reflection-eligible), 0 normal maps (0 uploaded, 0 cache hits), 97 opaque / 0 cutout / 1 translucent of 98 draws (enabled response, medium level)
[wgpu] decals: 4 draw(s), 1 chunk(s), 3 sheet(s) (2 external, 0 diagnostic)
[wgpu] characters: 19 character(s), 10 mesh(es), 36 draw(s), 54040 vertices
[loading] committed model_zoo
[props] 134 models cached (0 failed), 35481 triangles, 24484 KiB of textures, 148 draw call(s)
[level] 24210 static vertices, 72444 prop vertices, 148 prop draw call(s), built in 0.1 ms (lighting 0.0 + props 0.0 + surfaces 0.0)
[spatial] 98 static batch(es) (floor 7 / ceiling 3 / wall 24 / light 64 / prop box 0 / decal 0), 148 prop batch(es)
[lighting] baked 1 room(s) / 1 baseline area(s) from 292 fixture(s): 710 wall + 197 slab + 1164 prop blocker(s), baselines 0.39..0.39 (avg 0.39)
[lightmaps] 6 page(s), 24321 chart(s), 3027718 chart texels, 6291456 page texels (98304 KiB), filled in 0.0 ms
[dynamic] 1 object(s): 1 draw call(s), 1248 vertices (the demonstration path; never part of the static bake); doors: 0/0
BENCH_SUMMARY {"level":"model_zoo","frames":1200,"swap_interval":0,"update_mean_ms":1.100,"render_mean_ms":0.227,"swap_mean_ms":0.000,"frame_mean_ms":1.327,"loop_mean_ms":1.439,"frame_median_ms":1.325,"loop_median_ms":1.436,"frame_p95_ms":1.379,"frame_p99_ms":1.438,"loop_p95_ms":1.493,"loop_p99_ms":1.571,"frame_min_ms":1.209,"frame_max_ms":1.853,"loop_min_ms":1.317,"loop_max_ms":2.417,"fps_median":696.32,"fps_p95":669.76,"fps_p99":636.54,"fps_1pct_low":636.54,"fps_mean":695.06,"measured_fps_mean":753.68,"worst_fps":413.69,"total_vertices":97878,"visible_vertices":9602,"culled_vertices":88276,"total_batches":247,"visible_batches":25,"draw_calls":25,"vbo_bytes":6264192,"index_bytes":254736,"texture_binds":17,"material_changes":17,"reflection_passes":0}
BENCH_SUMMARY {"level":"model_zoo","frames":1200,"swap_interval":0,"update_mean_ms":1.100,"render_mean_ms":0.227,"swap_mean_ms":0.000,"frame_mean_ms":1.327,"loop_mean_ms":1.439,"frame_median_ms":1.325,"loop_median_ms":1.436,"frame_p95_ms":1.379,"frame_p99_ms":1.438,"loop_p95_ms":1.493,"loop_p99_ms":1.571,"frame_min_ms":1.209,"frame_max_ms":1.853,"loop_min_ms":1.317,"loop_max_ms":2.417,"fps_median":696.32,"fps_p95":669.76,"fps_p99":636.54,"fps_1pct_low":636.54,"fps_mean":695.06,"measured_fps_mean":753.68,"worst_fps":413.69,"total_vertices":97878,"visible_vertices":9602,"culled_vertices":88276,"total_batches":247,"visible_batches":25,"draw_calls":25,"vbo_bytes":6264192,"index_bytes":254736,"texture_binds":17,"material_changes":17,"reflection_passes":0}
