    Checking places v0.8.0 (/Users/connordawkins/Documents/GitHub/Places)
error: unused import: `quantize_unit`
  --> src/render/wgpu/world.rs:84:5
   |
84 |     quantize_unit,
   |     ^^^^^^^^^^^^^
   |
   = note: `-D unused-imports` implied by `-D warnings`
   = help: to override `-D warnings` add `#[allow(unused_imports)]`

error: function `quantize_unit` is never used
   --> src/render/common/mesh.rs:135:14
    |
135 | pub const fn quantize_unit(value: f32) -> u8 {
    |              ^^^^^^^^^^^^^
    |
    = note: `-D dead-code` implied by `-D warnings`
    = help: to override `-D warnings` add `#[expect(dead_code)]` or `#[allow(dead_code)]`

error: function `halve` is never used
    --> src/render/wgpu/decals.rs:1009:4
     |
1009 | fn halve(source: &RawImage) -> RawImage {
     |    ^^^^^

error: function `buffer_len` is never used
    --> src/render/wgpu/decals.rs:1058:4
     |
1058 | fn buffer_len(width: u32, height: u32) -> Option<usize> {
     |    ^^^^^^^^^^

error: function `texel_offset` is never used
    --> src/render/wgpu/decals.rs:1066:4
     |
1066 | fn texel_offset(x: u32, y: u32, width: u32) -> Option<usize> {
     |    ^^^^^^^^^^^^

error: function `texel` is never used
    --> src/render/wgpu/decals.rs:1078:4
     |
1078 | fn texel(source: &RawImage, x: u32, y: u32) -> Option<[u8; 4]> {
     |    ^^^^^

error: could not compile `places` (lib) due to 6 previous errors
