[package] /private/var/folders/sl/yxxj_m9n37sgntkntqw0x8yw0000gn/T/places-art-style-hero-y8b0ztry (assets: /private/var/folders/sl/yxxj_m9n37sgntkntqw0x8yw0000gn/T/places-art-style-hero-y8b0ztry/assets/levels)
[package] asset root: /private/var/folders/sl/yxxj_m9n37sgntkntqw0x8yw0000gn/T/places-art-style-hero-y8b0ztry/assets
[settings] quality high (saved high) [startup override] | lighting high | bloom on | reflections full | lightmaps full | vsync off | filtering high | window Windowed 640 x 360
[assets] 204 placeable asset(s) of 352 catalog entries; themes: office, pool, home, outdoor, winter
[renderer] wgpu | adapter: Apple M2 Pro | backend: Metal | device type: IntegratedGpu | surface format: Bgra8UnormSrgb | present mode: Fifo | alpha mode: Opaque | depth format: Depth32Float | drawable: 1280x720
[wgpu] texture filtering: world presets low 4x / medium 8x / high 16x requested | anisotropy supported
[wgpu] present mode Immediate (immediate)
[window] logical 640x360 | drawable 1280x720 pixels | backing scale 2.0x
[wgpu] world pipeline for surface format Bgra8UnormSrgb
[wgpu] post targets: scene 1280x720, bloom 320x180, presented 1280x720
[startup] total 342.7 ms
[startup]   package root: +0.3 ms (0.3 ms)
[startup]   settings: +1.7 ms (2.0 ms)
[startup]   window: +162.7 ms (164.7 ms)
[startup]   asset catalog: +2.3 ms (167.0 ms)
[startup]   renderer device: +16.3 ms (183.2 ms)
[startup]   input responsive: +79.4 ms (262.6 ms)
[startup]   first scene attempted: +31.9 ms (294.5 ms)
[startup]   first UI attempted: +0.0 ms (294.5 ms)
[startup]   first presented: +48.2 ms (342.7 ms)
[loading] package identity level=art_style_hero variant=full sha256=37d9d3c66ae70e3b14335a930d18daa29d6395dd8a21df4b6ae473c5ebdf0097 source=/var/folders/sl/yxxj_m9n37sgntkntqw0x8yw0000gn/T/places-art-style-hero-y8b0ztry/assets/levels/art_style_hero.placesmap
[loading] compiled-cache miss level=art_style_hero variant=full
[lightmaps] atlas array: 2 page(s) in 4 layer(s), 1024-texel edge, 33554432 bytes resident
[wgpu] world upload: 284 vertices, 438 indices, 14 draws in 1 chunk(s) (neutral mesh: 284 vertices, 438 indices, 14 ranges)
[wgpu] textures: 10 unique, 9 uploaded, 3 cache hits, 1 fallbacks, 0 missing of 14 draws (53127840 bytes resident, max edge 1024px, high filtering)
[wgpu] materials: 11 resolved (6 response, 1 reflection-eligible), 2 normal maps (2 uploaded, 0 cache hits), 13 opaque / 0 cutout / 1 translucent of 14 draws (enabled response, high level)
[wgpu] decals: 0 draw(s), 0 chunk(s), 1 sheet(s) (0 external, 0 diagnostic)
[wgpu] sky `outdoor:tex_sky_stars_01`: 1024x512 uploaded
[wgpu] uploaded 1 packaged reflection probe(s) at 64 texels, 7 mip level(s)
[loading] committed art_style_hero
[props] 16 models cached (0 failed), 5300 triangles, 3856 KiB of textures, 21 draw call(s)
[level] 284 static vertices, 15900 prop vertices, 21 prop draw call(s), built in 0.2 ms (lighting 0.0 + props 0.0 + surfaces 0.0)
[spatial] 14 static batch(es) (floor 4 / ceiling 1 / wall 7 / light 2 / prop box 0 / decal 0), 21 prop batch(es)
[lighting] baked 3 room(s) / 3 baseline area(s) from 4 fixture(s): 12 wall + 36 slab + 222 prop blocker(s), baselines 0.31..0.41 (avg 0.37)
[lightmaps] 2 page(s), 5347 chart(s), 167960 chart texels, 2097152 page texels (32768 KiB), filled in 0.0 ms
[dynamic] 0 object(s): 0 draw call(s), 0 vertices (the demonstration path; never part of the static bake); doors: 0/0
[characters] `home:dining_chair` spawns through the dynamic path: the runtime model `environment/home/props/models/dining_chair.glb` carries no skin or animation; it cannot be posed
PLACES_CAPTURE: wrote /Users/connordawkins/Documents/GitHub/Places/docs/art-style/stage2/before/high/room.png
BENCH_SUMMARY {"level":"art_style_hero","frames":113,"swap_interval":0,"update_mean_ms":0.040,"render_mean_ms":3.290,"swap_mean_ms":0.789,"frame_mean_ms":4.118,"loop_mean_ms":3.508,"frame_median_ms":2.073,"loop_median_ms":2.199,"frame_p95_ms":8.654,"frame_p99_ms":16.311,"loop_p95_ms":8.497,"loop_p99_ms":10.686,"frame_min_ms":0.500,"frame_max_ms":95.519,"loop_min_ms":0.720,"loop_max_ms":16.452,"fps_median":454.82,"fps_p95":117.69,"fps_p99":93.58,"fps_1pct_low":93.58,"fps_mean":285.09,"measured_fps_mean":242.82,"worst_fps":60.78,"total_vertices":16616,"visible_vertices":21440,"culled_vertices":0,"total_batches":36,"visible_batches":31,"draw_calls":31,"vbo_bytes":1063424,"index_bytes":33900,"texture_binds":23,"material_changes":27,"reflection_passes":0}
        1.14 real         0.64 user         0.28 sys
           457867264  maximum resident set size
                   0  average shared memory size
                   0  average unshared data size
                   0  average unshared stack size
               30384  page reclaims
                1042  page faults
                   0  swaps
                   0  block input operations
                   0  block output operations
                   0  messages sent
                   0  messages received
                   0  signals received
                 306  voluntary context switches
               10003  involuntary context switches
          7233296609  instructions retired
          2832400728  cycles elapsed
           517932424  peak memory footprint
