[package] /private/var/folders/sl/yxxj_m9n37sgntkntqw0x8yw0000gn/T/places-art-style-hero-60txhawr (assets: /private/var/folders/sl/yxxj_m9n37sgntkntqw0x8yw0000gn/T/places-art-style-hero-60txhawr/assets/levels)
[package] asset root: /private/var/folders/sl/yxxj_m9n37sgntkntqw0x8yw0000gn/T/places-art-style-hero-60txhawr/assets
[settings] quality high (saved high) [startup override] | lighting high | bloom on | reflections full | lightmaps full | vsync off | filtering high | window Windowed 640 x 360
[assets] 204 placeable asset(s) of 352 catalog entries; themes: office, pool, home, outdoor, winter
[renderer] wgpu | adapter: Apple M2 Pro | backend: Metal | device type: IntegratedGpu | surface format: Bgra8UnormSrgb | present mode: Fifo | alpha mode: Opaque | depth format: Depth32Float | drawable: 1280x720
[wgpu] texture filtering: world presets low 4x / medium 8x / high 16x requested | anisotropy supported
[visual-diagnostic] {"applied":{"bloom":true,"filtering":"high","lighting":"high","lightmaps":"full","quality":"high","reflections":"full"},"capture_submission":null,"event":"select","frame":{"base_color_format":"Rgba8UnormSrgb decoded to linear","bloom_allowed":true,"bloom_requested":true,"culling":true,"diagnostic_identity_post":false,"drawable":[1280,720],"scene_format":"Rgba16Float linear HDR","scene_size":null,"scene_uploaded_selector":null,"sky_decals_effects_suppressed":false,"world_uploaded_selector":null},"level":null,"meaning":"ordinary final composition including sky, fog, response, emission, reflections and post","mode":"final","requested":{"bloom":true,"filtering":"high","lighting":"high","lightmaps":"full","quality":"high","reflections":"full"},"resident":{"active_plane":null,"active_probe":0,"atlas":{"bytes":0,"chart_texels":0,"charts":0,"format":"Rgba16Float irradiance+signed moment","page_edge":0,"pages":0},"characters":null,"contact_subjects":0,"dynamic":null,"entity_uniform_bytes":5632,"filtering":"high","irradiance_field":null,"lighting_uniform":null,"lightmaps":"full","lightmaps_resident":false,"movable_visibility":{"casters":0,"meshes":0,"model_builds":0,"preparation_millis":0.0,"triangles":0},"movable_visibility_error":null,"planar_resident":false,"props":null,"quality":"high","reflection_enabled":true,"reflection_probes":[],"runtime_visibility_scene":false,"world":null},"surface_submission":{"draw_calls":0,"material_changes":0,"source":"last surface RenderStats; may remain zero or stale when acquisition is skipped","texture_binds":0,"visible_batches":0,"visible_vertices":0},"unavailable":{"charts":"atlas grid has no true chart ID/boundary/seam metadata","decomposition":"direct/indirect/filter/fill remain offline solver exports","metallic":"no material shader input","probe_field":"native prepared-position provider; bounded markers and actual accepted contributor links","shadow_ao":"no standalone payload"}}
[wgpu] present mode Immediate (immediate)
[window] logical 640x360 | drawable 1280x720 pixels | backing scale 2.0x
[wgpu] world pipeline for surface format Bgra8UnormSrgb
[wgpu] post targets: scene 1280x720, bloom 320x180, presented 1280x720
[startup] total 239.0 ms
[startup]   package root: +0.1 ms (0.1 ms)
[startup]   settings: +0.2 ms (0.3 ms)
[startup]   window: +101.0 ms (101.3 ms)
[startup]   asset catalog: +1.5 ms (102.8 ms)
[startup]   renderer device: +9.1 ms (112.0 ms)
[startup]   input responsive: +56.5 ms (168.5 ms)
[startup]   first scene attempted: +31.4 ms (199.9 ms)
[startup]   first UI attempted: +0.0 ms (199.9 ms)
[startup]   first presented: +39.1 ms (239.0 ms)
[loading] package identity level=art_style_hero variant=full sha256=f4ffef2cfcb56c5ec8cdd4f25f3f5c195d8598a2f2e7f3aae253a9bab44739a7 source=/var/folders/sl/yxxj_m9n37sgntkntqw0x8yw0000gn/T/places-art-style-hero-60txhawr/assets/levels/art_style_hero.placesmap
[loading] compiled-cache miss level=art_style_hero variant=full
[lightmaps] atlas array: 2 page(s) in 4 layer(s), 1024-texel edge, 33554432 bytes resident
[wgpu] world upload: 348 vertices, 534 indices, 14 draws in 1 chunk(s) (neutral mesh: 348 vertices, 534 indices, 14 ranges)
[wgpu] textures: 10 unique, 9 uploaded, 3 cache hits, 1 fallbacks, 0 missing of 14 draws (53127840 bytes resident, max edge 1024px, high filtering)
[wgpu] materials: 11 resolved (6 response, 1 reflection-eligible), 2 normal maps (2 uploaded, 0 cache hits), 13 opaque / 0 cutout / 1 translucent of 14 draws (enabled response, high level)
[wgpu] decals: 0 draw(s), 0 chunk(s), 1 sheet(s) (0 external, 0 diagnostic)
[wgpu] sky `outdoor:tex_sky_stars_01`: 1024x512 uploaded
[wgpu] uploaded 1 packaged reflection probe(s) at 64 texels, 7 mip level(s)
[wgpu] characters: 3 character(s), 1 mesh(es), 9 draw(s), 9087 vertices
[loading] committed art_style_hero
[props] 17 models cached (0 failed), 6674 triangles, 4624 KiB of textures, 21 draw call(s)
[level] 348 static vertices, 15900 prop vertices, 21 prop draw call(s), built in 0.2 ms (lighting 0.0 + props 0.0 + surfaces 0.0)
[spatial] 14 static batch(es) (floor 4 / ceiling 1 / wall 7 / light 2 / prop box 0 / decal 0), 21 prop batch(es)
[lighting] baked 3 room(s) / 3 baseline area(s) from 4 fixture(s): 16 wall + 36 slab + 222 prop blocker(s), baselines 0.31..0.41 (avg 0.37)
[lightmaps] 2 page(s), 5363 chart(s), 203188 chart texels, 2097152 page texels (32768 KiB), filled in 0.0 ms
[dynamic] 2 object(s): 3 draw call(s), 1120 vertices (the demonstration path; never part of the static bake); doors: 1/1
[props] cannot read prop model /var/folders/sl/yxxj_m9n37sgntkntqw0x8yw0000gn/T/places-art-style-hero-60txhawr/assets/home:chair: No such file or directory (os error 2) - using the catalogue placeholder box
[lighting-sequence] frame=1 action=Spawn { key: 901, model: "home:chair", character: false, position: [8.65, 0.0, 4.2], yaw: 90.0, scale: 1.0 } applied=false
Error: "Native lighting sequence action failed"
        0.46 real         0.60 user         0.09 sys
           469204992  maximum resident set size
                   0  average shared memory size
                   0  average unshared data size
                   0  average unshared stack size
               31874  page reclaims
                   7  page faults
                   0  swaps
                   0  block input operations
                   0  block output operations
                   0  messages sent
                   0  messages received
                   0  signals received
                   1  voluntary context switches
                2190  involuntary context switches
          7832967225  instructions retired
          2297293133  cycles elapsed
           527304048  peak memory footprint
