[package] /private/var/folders/sl/yxxj_m9n37sgntkntqw0x8yw0000gn/T/places-art-style-hero-i6hhjbd8 (assets: /private/var/folders/sl/yxxj_m9n37sgntkntqw0x8yw0000gn/T/places-art-style-hero-i6hhjbd8/assets/levels)
[package] asset root: /private/var/folders/sl/yxxj_m9n37sgntkntqw0x8yw0000gn/T/places-art-style-hero-i6hhjbd8/assets
[settings] quality high (saved high) [startup override] | lighting high | bloom on | reflections full | lightmaps full | vsync off | filtering high | window Windowed 640 x 360
[assets] 204 placeable asset(s) of 352 catalog entries; themes: office, pool, home, outdoor, winter
[renderer] wgpu | adapter: Apple M2 Pro | backend: Metal | device type: IntegratedGpu | surface format: Bgra8UnormSrgb | present mode: Fifo | alpha mode: Opaque | depth format: Depth32Float | drawable: 1280x720
[wgpu] texture filtering: world presets low 4x / medium 8x / high 16x requested | anisotropy supported
[wgpu] present mode Immediate (immediate)
[window] logical 640x360 | drawable 1280x720 pixels | backing scale 2.0x
[loading] package identity level=art_style_hero variant=full sha256=ea8ba144cccbb9c9819b49d7b0f7ad128c764624da5e5cca72c29e2721f162f3 source=/var/folders/sl/yxxj_m9n37sgntkntqw0x8yw0000gn/T/places-art-style-hero-i6hhjbd8/assets/levels/art_style_hero.placesmap
[loading] compiled-cache miss level=art_style_hero variant=full
[wgpu] world pipeline for surface format Bgra8UnormSrgb
[wgpu] post targets: scene 1280x720, bloom 320x180, presented 1280x720
[lightmaps] atlas array: 2 page(s) in 4 layer(s), 1024-texel edge, 33554432 bytes resident
[startup] total 2371.6 ms
[startup]   package root: +0.3 ms (0.3 ms)
[startup]   settings: +0.5 ms (0.8 ms)
[startup]   window: +106.7 ms (107.5 ms)
[startup]   asset catalog: +2.3 ms (109.8 ms)
[startup]   renderer device: +11.0 ms (120.9 ms)
[startup]   input responsive: +58.0 ms (178.9 ms)
[startup]   first scene attempted: +2139.3 ms (2318.2 ms)
[startup]   first UI attempted: +0.0 ms (2318.2 ms)
[startup]   world geometry: pack: +49.6 ms (2367.8 ms)
[startup]   world geometry: GPU upload: +0.1 ms (2367.9 ms)
[startup]   first presented: +3.7 ms (2371.6 ms)
[wgpu] world upload: 456 vertices, 696 indices, 21 draws in 1 chunk(s) (neutral mesh: 456 vertices, 696 indices, 21 ranges)
[wgpu] textures: 14 unique, 13 uploaded, 6 cache hits, 1 fallbacks, 0 missing of 21 draws (75497456 bytes resident, max edge 1024px, high filtering)
[wgpu] materials: 17 resolved (11 response, 3 reflection-eligible), 2 normal maps (2 uploaded, 0 cache hits), 18 opaque / 0 cutout / 3 translucent of 21 draws (enabled response, high level)
[wgpu] decals: 0 draw(s), 0 chunk(s), 1 sheet(s) (0 external, 0 diagnostic)
[wgpu] sky `winter:tex_sky_aurora_01`: 2048x1024 uploaded
[wgpu] uploaded 2 packaged reflection probe(s) at 64 texels, 7 mip level(s)
[wgpu] effects: 1 emitter(s), 1400 particle(s), 1 draw(s), 1 sheet(s) (1 uploaded, 0 cached)
[loading] committed art_style_hero
[props] 16 models cached (0 failed), 5300 triangles, 3856 KiB of textures, 21 draw call(s)
[level] 456 static vertices, 16524 prop vertices, 21 prop draw call(s), built in 0.4 ms (lighting 0.0 + props 0.0 + surfaces 0.0)
[spatial] 21 static batch(es) (floor 9 / ceiling 1 / wall 9 / light 2 / prop box 0 / decal 0), 21 prop batch(es)
[lighting] baked 3 room(s) / 3 baseline area(s) from 5 fixture(s): 14 wall + 91 slab + 223 prop blocker(s), baselines 0.35..0.41 (avg 0.39)
[lightmaps] 2 page(s), 5598 chart(s), 214709 chart texels, 2097152 page texels (32768 KiB), filled in 0.0 ms
[dynamic] 0 object(s): 0 draw call(s), 0 vertices (the demonstration path; never part of the static bake); doors: 0/0
[characters] `home:dining_chair` spawns through the dynamic path: the runtime model `environment/home/props/models/dining_chair.glb` carries no skin or animation; it cannot be posed
PLACES_CAPTURE: wrote /Users/connordawkins/Documents/GitHub/Places/docs/art-style/stage5/snapshot-replay/aurora/sky.png
BENCH_SUMMARY {"level":"art_style_hero","frames":92,"swap_interval":0,"update_mean_ms":0.051,"render_mean_ms":4.773,"swap_mean_ms":0.885,"frame_mean_ms":5.708,"loop_mean_ms":4.815,"frame_median_ms":3.022,"loop_median_ms":3.019,"frame_p95_ms":14.578,"frame_p99_ms":15.905,"loop_p95_ms":13.122,"loop_p99_ms":15.823,"frame_min_ms":0.222,"frame_max_ms":94.744,"loop_min_ms":0.384,"loop_max_ms":16.013,"fps_median":331.27,"fps_p95":76.21,"fps_p99":63.20,"fps_1pct_low":63.20,"fps_mean":207.66,"measured_fps_mean":175.18,"worst_fps":62.45,"total_vertices":17412,"visible_vertices":4744,"culled_vertices":12668,"total_batches":43,"visible_batches":12,"draw_calls":12,"vbo_bytes":1323312,"index_bytes":35664,"texture_binds":8,"material_changes":7,"reflection_passes":0}
        3.81 real         0.86 user         0.22 sys
           520175616  maximum resident set size
                   0  average shared memory size
                   0  average unshared data size
                   0  average unshared stack size
               37087  page reclaims
                  48  page faults
                   0  swaps
                   0  block input operations
                   0  block output operations
                   0  messages sent
                   0  messages received
                   0  signals received
                  41  voluntary context switches
                9312  involuntary context switches
         10109707097  instructions retired
          3413669767  cycles elapsed
           604980640  peak memory footprint
