PASS assets/environment/outdoor/props/models/boundary_ridge_master.png → assets/environment/outdoor/props/models/boundary_ridge.png (256, 256)
PASS assets/environment/outdoor/props/models/bush_low_master.png → assets/environment/outdoor/props/models/bush_low.png (256, 256)
PASS assets/environment/outdoor/props/models/bush_round_master.png → assets/environment/outdoor/props/models/bush_round.png (256, 256)
PASS assets/environment/outdoor/props/models/fence_two_rail_master.png → assets/environment/outdoor/props/models/fence_two_rail.png (256, 256)
PASS assets/environment/outdoor/props/models/house_base_master.png → assets/environment/outdoor/props/models/house_base.png (256, 256)
PASS assets/environment/outdoor/props/models/lamp_fence_master.png → assets/environment/outdoor/props/models/lamp_fence.png (256, 256)
PASS assets/environment/outdoor/props/models/lamp_stand_master.png → assets/environment/outdoor/props/models/lamp_stand.png (256, 256)
PASS assets/environment/outdoor/props/models/lamp_wall_master.png → assets/environment/outdoor/props/models/lamp_wall.png (256, 256)
PASS assets/environment/outdoor/props/models/masonry_pier_master.png → assets/environment/outdoor/props/models/masonry_pier.png (256, 256)
PASS assets/environment/outdoor/props/models/porch_canopy_master.png → assets/environment/outdoor/props/models/porch_canopy.png (256, 256)
PASS assets/environment/outdoor/props/models/road_barrier_master.png → assets/environment/outdoor/props/models/road_barrier.png (256, 256)
PASS assets/environment/outdoor/props/models/showcase_boulder_master.png → assets/environment/outdoor/props/models/showcase_boulder.png (256, 256)
PASS assets/environment/outdoor/props/models/showcase_rock_face_master.png → assets/environment/outdoor/props/models/showcase_rock_face.png (256, 256)
PASS assets/environment/outdoor/props/models/showcase_rock_face_variant_master.png → assets/environment/outdoor/props/models/showcase_rock_face_variant.png (256, 256)
PASS assets/environment/outdoor/props/models/streetlight_master.png → assets/environment/outdoor/props/models/streetlight.png (256, 256)
PASS assets/environment/outdoor/props/models/tree_01_master.png → assets/environment/outdoor/props/models/tree_01.png (256, 256)
PASS assets/environment/outdoor/props/models/tree_02_master.png → assets/environment/outdoor/props/models/tree_02.png (256, 256)
PASS assets/environment/outdoor/props/models/tree_03_master.png → assets/environment/outdoor/props/models/tree_03.png (256, 256)
PASS assets/environment/outdoor/props/models/house_02_materials.png → assets/environment/outdoor/props/models/house_02_native_128.png (128, 128)
PASS assets/environment/outdoor/props/models/house_02_materials.png → assets/environment/outdoor/props/models/house_02_native_256.png (256, 256)
PASS assets/environment/outdoor/textures/ground/grass_ground_master.png → assets/environment/outdoor/textures/ground/grass_ground_01.png (512, 512)
PASS assets/environment/outdoor/textures/ground/dirt_gravel_master.png → assets/environment/outdoor/textures/ground/dirt_gravel_01.png (512, 512)
PASS assets/environment/outdoor/textures/ground/concrete_pavement_master.png → assets/environment/outdoor/textures/ground/concrete_pavement_01.png (512, 512)
PASS assets/environment/outdoor/textures/decals/path_edge_master.png → assets/environment/outdoor/textures/decals/path_edge_01.png (256, 128)
PASS assets/environment/outdoor/textures/decals/path_end_master.png → assets/environment/outdoor/textures/decals/path_end_01.png (128, 128)
PASS assets/environment/outdoor/textures/decals/path_corner_master.png → assets/environment/outdoor/textures/decals/path_corner_01.png (128, 128)
26 master/native pairs exactly match the authoring contract
