[package] /private/var/folders/sl/yxxj_m9n37sgntkntqw0x8yw0000gn/T/places-art-style-hero-c1nj95df (assets: /private/var/folders/sl/yxxj_m9n37sgntkntqw0x8yw0000gn/T/places-art-style-hero-c1nj95df/assets/levels)
[package] asset root: /private/var/folders/sl/yxxj_m9n37sgntkntqw0x8yw0000gn/T/places-art-style-hero-c1nj95df/assets
[settings] quality high (saved high) [startup override] | lighting high | bloom on | reflections full | lightmaps full | vsync off | filtering high | window Windowed 640 x 360
[assets] 204 placeable asset(s) of 352 catalog entries; themes: office, pool, home, outdoor, winter
[renderer] wgpu | adapter: Apple M2 Pro | backend: Metal | device type: IntegratedGpu | surface format: Bgra8UnormSrgb | present mode: Fifo | alpha mode: Opaque | depth format: Depth32Float | drawable: 1280x720
[wgpu] texture filtering: world presets low 4x / medium 8x / high 16x requested | anisotropy supported
[wgpu] present mode Immediate (immediate)
[window] logical 640x360 | drawable 1280x720 pixels | backing scale 2.0x
[wgpu] world pipeline for surface format Bgra8UnormSrgb
[wgpu] post targets: scene 1280x720, bloom 320x180, presented 1280x720
[startup] total 430.4 ms
[startup]   package root: +0.3 ms (0.3 ms)
[startup]   settings: +2.1 ms (2.4 ms)
[startup]   window: +140.0 ms (142.4 ms)
[startup]   asset catalog: +66.7 ms (209.1 ms)
[startup]   renderer device: +14.0 ms (223.0 ms)
[startup]   input responsive: +112.7 ms (335.8 ms)
[startup]   first scene attempted: +42.1 ms (377.9 ms)
[startup]   first UI attempted: +0.0 ms (377.9 ms)
[startup]   first presented: +52.4 ms (430.4 ms)
[loading] package identity level=art_style_hero variant=full sha256=daacd574b8d578fa1d3029487ffb8cea1d476e6d569262d5981bcf0fd8b87e50 source=/var/folders/sl/yxxj_m9n37sgntkntqw0x8yw0000gn/T/places-art-style-hero-c1nj95df/assets/levels/art_style_hero.placesmap
[loading] compiled-cache miss level=art_style_hero variant=full
[lightmaps] atlas array: 2 page(s) in 4 layer(s), 1024-texel edge, 33554432 bytes resident
[wgpu] world upload: 456 vertices, 696 indices, 21 draws in 1 chunk(s) (neutral mesh: 456 vertices, 696 indices, 21 ranges)
[wgpu] textures: 14 unique, 13 uploaded, 6 cache hits, 1 fallbacks, 0 missing of 21 draws (75497456 bytes resident, max edge 1024px, high filtering)
[wgpu] materials: 17 resolved (11 response, 3 reflection-eligible), 2 normal maps (2 uploaded, 0 cache hits), 18 opaque / 0 cutout / 3 translucent of 21 draws (enabled response, high level)
[wgpu] decals: 0 draw(s), 0 chunk(s), 1 sheet(s) (0 external, 0 diagnostic)
[wgpu] sky `outdoor:tex_sky_stars_01`: 1024x512 uploaded
[wgpu] uploaded 2 packaged reflection probe(s) at 64 texels, 7 mip level(s)
[loading] committed art_style_hero
[props] 16 models cached (0 failed), 5300 triangles, 3856 KiB of textures, 21 draw call(s)
[level] 456 static vertices, 16524 prop vertices, 21 prop draw call(s), built in 0.3 ms (lighting 0.0 + props 0.0 + surfaces 0.0)
[spatial] 21 static batch(es) (floor 9 / ceiling 1 / wall 9 / light 2 / prop box 0 / decal 0), 21 prop batch(es)
[lighting] baked 3 room(s) / 3 baseline area(s) from 5 fixture(s): 14 wall + 91 slab + 223 prop blocker(s), baselines 0.35..0.41 (avg 0.39)
[lightmaps] 2 page(s), 5598 chart(s), 214709 chart texels, 2097152 page texels (32768 KiB), filled in 0.0 ms
[dynamic] 0 object(s): 0 draw call(s), 0 vertices (the demonstration path; never part of the static bake); doors: 0/0
[characters] `home:dining_chair` spawns through the dynamic path: the runtime model `environment/home/props/models/dining_chair.glb` carries no skin or animation; it cannot be posed
[wgpu] characters: 1 character(s), 1 mesh(es), 2 draw(s), 3810 vertices
PLACES_CAPTURE: wrote /Users/connordawkins/Documents/GitHub/Places/docs/art-style/stage6/movement/native-before/walk.png
BENCH_SUMMARY {"level":"art_style_hero","frames":245,"swap_interval":0,"update_mean_ms":0.179,"render_mean_ms":5.203,"swap_mean_ms":0.517,"frame_mean_ms":5.899,"loop_mean_ms":5.735,"frame_median_ms":4.311,"loop_median_ms":4.821,"frame_p95_ms":14.346,"frame_p99_ms":16.186,"loop_p95_ms":14.498,"loop_p99_ms":16.609,"frame_min_ms":0.321,"frame_max_ms":121.958,"loop_min_ms":0.437,"loop_max_ms":16.826,"fps_median":207.41,"fps_p95":68.97,"fps_p99":60.21,"fps_1pct_low":60.21,"fps_mean":174.37,"measured_fps_mean":169.53,"worst_fps":59.43,"total_vertices":17412,"visible_vertices":96,"culled_vertices":17316,"total_batches":43,"visible_batches":2,"draw_calls":2,"vbo_bytes":1323312,"index_bytes":35664,"texture_binds":2,"material_changes":2,"reflection_passes":0,"visible_indices":144}
        2.40 real         1.22 user         0.52 sys
           484540416  maximum resident set size
                   0  average shared memory size
                   0  average unshared data size
                   0  average unshared stack size
               41241  page reclaims
                 205  page faults
                   0  swaps
                   0  block input operations
                   0  block output operations
                   0  messages sent
                   0  messages received
                   0  signals received
                 140  voluntary context switches
               22096  involuntary context switches
         12885516932  instructions retired
          4869788108  cycles elapsed
           605767072  peak memory footprint
