[renderer] wgpu | adapter: Apple M2 Pro | backend: Metal | device type: IntegratedGpu | surface format: Rgba8UnormSrgb | present mode: Fifo | alpha mode: Opaque | depth format: Depth32Float | drawable: 1280x720
[wgpu] texture filtering: world presets low 4x / medium 8x / high 16x requested | anisotropy supported
[lightmaps] 'lighting_quality' left 1 sub-texel sliver quad(s) vertex-lit
[lightmaps] transport scene triangles=4011 (0 skipped) emitters=17 (0 switchable)
[compile-timing] quality=medium legacy_lighting_ms=4.584 prop_geometry_and_charts_ms=9.467 architecture_and_charts_ms=4.300
[lightmaps] transport workers=12 charts=3683 bounces=1 taps=2
[transport-audit] stage=direct room=None kind=Prop mean=0.010255 peak=0.295168 shoulder_fraction=0.000000
[transport-audit] stage=direct room=None kind=Wall mean=0.000003 peak=0.000123 shoulder_fraction=0.000000
[transport-audit] stage=direct room=Some(0) kind=Floor mean=0.129978 peak=0.311921 shoulder_fraction=0.000000
[transport-audit] stage=direct room=Some(0) kind=Wall mean=0.043033 peak=0.184684 shoulder_fraction=0.000000
[transport-audit] stage=direct room=Some(1) kind=Floor mean=0.129978 peak=0.311921 shoulder_fraction=0.000000
[transport-audit] stage=direct room=Some(1) kind=Wall mean=0.043166 peak=0.184689 shoulder_fraction=0.000000
[transport-audit] stage=direct room=Some(10) kind=Ceiling mean=0.001203 peak=0.125804 shoulder_fraction=0.000000
[transport-audit] stage=direct room=Some(10) kind=Floor mean=0.114109 peak=0.311921 shoulder_fraction=0.000000
[transport-audit] stage=direct room=Some(10) kind=Wall mean=0.039340 peak=0.245880 shoulder_fraction=0.000000
[transport-audit] stage=direct room=Some(11) kind=Ceiling mean=0.001286 peak=0.122110 shoulder_fraction=0.000000
[transport-audit] stage=direct room=Some(11) kind=Floor mean=0.131881 peak=0.311921 shoulder_fraction=0.000000
[transport-audit] stage=direct room=Some(11) kind=Wall mean=0.038211 peak=0.245825 shoulder_fraction=0.000000
[transport-audit] stage=direct room=Some(12) kind=Ceiling mean=0.000000 peak=0.000000 shoulder_fraction=0.000000
[transport-audit] stage=direct room=Some(12) kind=Floor mean=0.000000 peak=0.000000 shoulder_fraction=0.000000
[transport-audit] stage=direct room=Some(12) kind=Wall mean=0.000197 peak=0.003411 shoulder_fraction=0.000000
[transport-audit] stage=direct room=Some(13) kind=Ceiling mean=0.001286 peak=0.122136 shoulder_fraction=0.000000
[transport-audit] stage=direct room=Some(13) kind=Floor mean=0.131881 peak=0.311921 shoulder_fraction=0.000000
[transport-audit] stage=direct room=Some(13) kind=Wall mean=0.041053 peak=0.245825 shoulder_fraction=0.000000
[transport-audit] stage=direct room=Some(14) kind=Floor mean=0.099903 peak=0.311921 shoulder_fraction=0.000000
[transport-audit] stage=direct room=Some(15) kind=Floor mean=0.107940 peak=0.311921 shoulder_fraction=0.000000
[transport-audit] stage=direct room=Some(15) kind=Wall mean=0.034032 peak=0.284602 shoulder_fraction=0.000000
[transport-audit] stage=direct room=Some(16) kind=Floor mean=0.126482 peak=0.311921 shoulder_fraction=0.000000
[transport-audit] stage=direct room=Some(16) kind=Wall mean=0.040898 peak=0.184685 shoulder_fraction=0.000000
[transport-audit] stage=direct room=Some(17) kind=Floor mean=0.123446 peak=0.311921 shoulder_fraction=0.000000
[transport-audit] stage=direct room=Some(18) kind=Floor mean=0.129791 peak=0.311921 shoulder_fraction=0.000000
[transport-audit] stage=direct room=Some(19) kind=Floor mean=0.000582 peak=0.017184 shoulder_fraction=0.000000
[transport-audit] stage=direct room=Some(2) kind=Floor mean=0.129978 peak=0.311921 shoulder_fraction=0.000000
[transport-audit] stage=direct room=Some(2) kind=Wall mean=0.039209 peak=0.184684 shoulder_fraction=0.000000
[transport-audit] stage=direct room=Some(20) kind=Floor mean=0.088494 peak=0.311959 shoulder_fraction=0.000000
[transport-audit] stage=direct room=Some(20) kind=Skirt mean=0.001221 peak=0.011447 shoulder_fraction=0.000000
[transport-audit] stage=direct room=Some(3) kind=Floor mean=0.129402 peak=0.311921 shoulder_fraction=0.000000
[transport-audit] stage=direct room=Some(3) kind=Wall mean=0.043022 peak=0.184669 shoulder_fraction=0.000000
[transport-audit] stage=direct room=Some(4) kind=Floor mean=0.129978 peak=0.311921 shoulder_fraction=0.000000
[transport-audit] stage=direct room=Some(4) kind=Wall mean=0.042037 peak=0.184680 shoulder_fraction=0.000000
[transport-audit] stage=direct room=Some(5) kind=Floor mean=0.129978 peak=0.311921 shoulder_fraction=0.000000
[transport-audit] stage=direct room=Some(5) kind=Wall mean=0.042037 peak=0.184680 shoulder_fraction=0.000000
[transport-audit] stage=direct room=Some(6) kind=Floor mean=0.125251 peak=0.311921 shoulder_fraction=0.000000
[transport-audit] stage=direct room=Some(6) kind=Wall mean=0.044181 peak=0.218308 shoulder_fraction=0.000000
[transport-audit] stage=direct room=Some(7) kind=Floor mean=0.113958 peak=0.311921 shoulder_fraction=0.000000
[transport-audit] stage=direct room=Some(7) kind=Wall mean=0.049831 peak=0.255396 shoulder_fraction=0.000000
[transport-audit] stage=direct room=Some(8) kind=Ceiling mean=0.000000 peak=0.000000 shoulder_fraction=0.000000
[transport-audit] stage=direct room=Some(8) kind=Floor mean=0.000000 peak=0.000000 shoulder_fraction=0.000000
[transport-audit] stage=direct room=Some(8) kind=Wall mean=0.000050 peak=0.001340 shoulder_fraction=0.000000
[transport-audit] stage=direct room=Some(9) kind=Ceiling mean=0.000000 peak=0.000000 shoulder_fraction=0.000000
[transport-audit] stage=direct room=Some(9) kind=Floor mean=0.000000 peak=0.000000 shoulder_fraction=0.000000
[transport-audit] stage=direct room=Some(9) kind=Wall mean=0.001823 peak=0.015888 shoulder_fraction=0.000000
[transport-audit] stage=bounced room=None kind=Prop mean=0.020593 peak=0.310505 shoulder_fraction=0.000000
[transport-audit] stage=bounced room=None kind=Wall mean=0.006247 peak=0.086776 shoulder_fraction=0.000000
[transport-audit] stage=bounced room=Some(0) kind=Floor mean=0.142081 peak=0.326273 shoulder_fraction=0.000000
[transport-audit] stage=bounced room=Some(0) kind=Wall mean=0.070544 peak=0.258622 shoulder_fraction=0.000000
[transport-audit] stage=bounced room=Some(1) kind=Floor mean=0.142406 peak=0.326419 shoulder_fraction=0.000000
[transport-audit] stage=bounced room=Some(1) kind=Wall mean=0.071045 peak=0.258822 shoulder_fraction=0.000000
[transport-audit] stage=bounced room=Some(10) kind=Ceiling mean=0.102112 peak=0.327392 shoulder_fraction=0.000000
[transport-audit] stage=bounced room=Some(10) kind=Floor mean=0.157568 peak=0.413011 shoulder_fraction=0.000000
[transport-audit] stage=bounced room=Some(10) kind=Wall mean=0.083055 peak=0.358616 shoulder_fraction=0.000000
[transport-audit] stage=bounced room=Some(11) kind=Ceiling mean=0.133276 peak=0.313997 shoulder_fraction=0.000000
[transport-audit] stage=bounced room=Some(11) kind=Floor mean=0.178975 peak=0.405680 shoulder_fraction=0.000000
[transport-audit] stage=bounced room=Some(11) kind=Wall mean=0.081769 peak=0.329584 shoulder_fraction=0.000000
[transport-audit] stage=bounced room=Some(12) kind=Ceiling mean=0.000000 peak=0.000000 shoulder_fraction=0.000000
[transport-audit] stage=bounced room=Some(12) kind=Floor mean=0.000000 peak=0.000000 shoulder_fraction=0.000000
[transport-audit] stage=bounced room=Some(12) kind=Wall mean=0.005721 peak=0.047420 shoulder_fraction=0.000000
[transport-audit] stage=bounced room=Some(13) kind=Ceiling mean=0.133276 peak=0.314023 shoulder_fraction=0.000000
[transport-audit] stage=bounced room=Some(13) kind=Floor mean=0.178976 peak=0.405680 shoulder_fraction=0.000000
[transport-audit] stage=bounced room=Some(13) kind=Wall mean=0.085834 peak=0.329584 shoulder_fraction=0.000000
[transport-audit] stage=bounced room=Some(14) kind=Floor mean=0.101189 peak=0.314148 shoulder_fraction=0.000000
[transport-audit] stage=bounced room=Some(15) kind=Floor mean=0.109965 peak=0.322937 shoulder_fraction=0.000000
[transport-audit] stage=bounced room=Some(15) kind=Wall mean=0.071765 peak=0.284611 shoulder_fraction=0.000000
[transport-audit] stage=bounced room=Some(16) kind=Floor mean=0.136331 peak=0.326327 shoulder_fraction=0.000000
[transport-audit] stage=bounced room=Some(16) kind=Wall mean=0.062831 peak=0.258569 shoulder_fraction=0.000000
[transport-audit] stage=bounced room=Some(17) kind=Floor mean=0.123889 peak=0.313971 shoulder_fraction=0.000000
[transport-audit] stage=bounced room=Some(18) kind=Floor mean=0.130280 peak=0.312435 shoulder_fraction=0.000000
[transport-audit] stage=bounced room=Some(19) kind=Floor mean=0.000802 peak=0.017414 shoulder_fraction=0.000000
[transport-audit] stage=bounced room=Some(2) kind=Floor mean=0.142477 peak=0.326514 shoulder_fraction=0.000000
[transport-audit] stage=bounced room=Some(2) kind=Wall mean=0.064822 peak=0.258097 shoulder_fraction=0.000000
[transport-audit] stage=bounced room=Some(20) kind=Floor mean=0.089241 peak=0.311959 shoulder_fraction=0.000000
[transport-audit] stage=bounced room=Some(20) kind=Skirt mean=0.027315 peak=0.207486 shoulder_fraction=0.000000
[transport-audit] stage=bounced room=Some(3) kind=Floor mean=0.141629 peak=0.326417 shoulder_fraction=0.000000
[transport-audit] stage=bounced room=Some(3) kind=Wall mean=0.069839 peak=0.265080 shoulder_fraction=0.000000
[transport-audit] stage=bounced room=Some(4) kind=Floor mean=0.140692 peak=0.326255 shoulder_fraction=0.000000
[transport-audit] stage=bounced room=Some(4) kind=Wall mean=0.075944 peak=0.259059 shoulder_fraction=0.000000
[transport-audit] stage=bounced room=Some(5) kind=Floor mean=0.141344 peak=0.326447 shoulder_fraction=0.000000
[transport-audit] stage=bounced room=Some(5) kind=Wall mean=0.078191 peak=0.259821 shoulder_fraction=0.000000
[transport-audit] stage=bounced room=Some(6) kind=Floor mean=0.137255 peak=0.336564 shoulder_fraction=0.000000
[transport-audit] stage=bounced room=Some(6) kind=Wall mean=0.081495 peak=0.285743 shoulder_fraction=0.000000
[transport-audit] stage=bounced room=Some(7) kind=Floor mean=0.125873 peak=0.338762 shoulder_fraction=0.000000
[transport-audit] stage=bounced room=Some(7) kind=Wall mean=0.092208 peak=0.330052 shoulder_fraction=0.000000
[transport-audit] stage=bounced room=Some(8) kind=Ceiling mean=0.000000 peak=0.000000 shoulder_fraction=0.000000
[transport-audit] stage=bounced room=Some(8) kind=Floor mean=0.000000 peak=0.000000 shoulder_fraction=0.000000
[transport-audit] stage=bounced room=Some(8) kind=Wall mean=0.002800 peak=0.033002 shoulder_fraction=0.000000
[transport-audit] stage=bounced room=Some(9) kind=Ceiling mean=0.000000 peak=0.000000 shoulder_fraction=0.000000
[transport-audit] stage=bounced room=Some(9) kind=Floor mean=0.000000 peak=0.000000 shoulder_fraction=0.000000
[transport-audit] stage=bounced room=Some(9) kind=Wall mean=0.008161 peak=0.059005 shoulder_fraction=0.000000
[transport-audit] stage=indirect room=None kind=Prop mean=0.010338 peak=0.289697 shoulder_fraction=0.000000
[transport-audit] stage=indirect room=None kind=Wall mean=0.006244 peak=0.086776 shoulder_fraction=0.000000
[transport-audit] stage=indirect room=Some(0) kind=Floor mean=0.012103 peak=0.055684 shoulder_fraction=0.000000
[transport-audit] stage=indirect room=Some(0) kind=Wall mean=0.027511 peak=0.118241 shoulder_fraction=0.000000
[transport-audit] stage=indirect room=Some(1) kind=Floor mean=0.012428 peak=0.055871 shoulder_fraction=0.000000
[transport-audit] stage=indirect room=Some(1) kind=Wall mean=0.027879 peak=0.117835 shoulder_fraction=0.000000
[transport-audit] stage=indirect room=Some(10) kind=Ceiling mean=0.100909 peak=0.236499 shoulder_fraction=0.000000
[transport-audit] stage=indirect room=Some(10) kind=Floor mean=0.043459 peak=0.125018 shoulder_fraction=0.000000
[transport-audit] stage=indirect room=Some(10) kind=Wall mean=0.043716 peak=0.191108 shoulder_fraction=0.000000
[transport-audit] stage=indirect room=Some(11) kind=Ceiling mean=0.131990 peak=0.235982 shoulder_fraction=0.000000
[transport-audit] stage=indirect room=Some(11) kind=Floor mean=0.047095 peak=0.119942 shoulder_fraction=0.000000
[transport-audit] stage=indirect room=Some(11) kind=Wall mean=0.043560 peak=0.178597 shoulder_fraction=0.000000
[transport-audit] stage=indirect room=Some(12) kind=Ceiling mean=0.000000 peak=0.000000 shoulder_fraction=0.000000
[transport-audit] stage=indirect room=Some(12) kind=Floor mean=0.000000 peak=0.000000 shoulder_fraction=0.000000
[transport-audit] stage=indirect room=Some(12) kind=Wall mean=0.005524 peak=0.047076 shoulder_fraction=0.000000
[transport-audit] stage=indirect room=Some(13) kind=Ceiling mean=0.131990 peak=0.235982 shoulder_fraction=0.000000
[transport-audit] stage=indirect room=Some(13) kind=Floor mean=0.047095 peak=0.119942 shoulder_fraction=0.000000
[transport-audit] stage=indirect room=Some(13) kind=Wall mean=0.044781 peak=0.178597 shoulder_fraction=0.000000
[transport-audit] stage=indirect room=Some(14) kind=Floor mean=0.001286 peak=0.006852 shoulder_fraction=0.000000
[transport-audit] stage=indirect room=Some(15) kind=Floor mean=0.002025 peak=0.035185 shoulder_fraction=0.000000
[transport-audit] stage=indirect room=Some(15) kind=Wall mean=0.037733 peak=0.197233 shoulder_fraction=0.000000
[transport-audit] stage=indirect room=Some(16) kind=Floor mean=0.009850 peak=0.056126 shoulder_fraction=0.000000
[transport-audit] stage=indirect room=Some(16) kind=Wall mean=0.021933 peak=0.118257 shoulder_fraction=0.000000
[transport-audit] stage=indirect room=Some(17) kind=Floor mean=0.000443 peak=0.007284 shoulder_fraction=0.000000
[transport-audit] stage=indirect room=Some(18) kind=Floor mean=0.000489 peak=0.012026 shoulder_fraction=0.000000
[transport-audit] stage=indirect room=Some(19) kind=Floor mean=0.000220 peak=0.001505 shoulder_fraction=0.000000
[transport-audit] stage=indirect room=Some(2) kind=Floor mean=0.012500 peak=0.056014 shoulder_fraction=0.000000
[transport-audit] stage=indirect room=Some(2) kind=Wall mean=0.025613 peak=0.117434 shoulder_fraction=0.000000
[transport-audit] stage=indirect room=Some(20) kind=Floor mean=0.000747 peak=0.003056 shoulder_fraction=0.000000
[transport-audit] stage=indirect room=Some(20) kind=Skirt mean=0.026093 peak=0.196082 shoulder_fraction=0.000000
[transport-audit] stage=indirect room=Some(3) kind=Floor mean=0.012228 peak=0.055708 shoulder_fraction=0.000000
[transport-audit] stage=indirect room=Some(3) kind=Wall mean=0.026817 peak=0.118269 shoulder_fraction=0.000000
[transport-audit] stage=indirect room=Some(4) kind=Floor mean=0.010714 peak=0.055714 shoulder_fraction=0.000000
[transport-audit] stage=indirect room=Some(4) kind=Wall mean=0.033907 peak=0.118146 shoulder_fraction=0.000000
[transport-audit] stage=indirect room=Some(5) kind=Floor mean=0.011366 peak=0.055850 shoulder_fraction=0.000000
[transport-audit] stage=indirect room=Some(5) kind=Wall mean=0.036154 peak=0.118673 shoulder_fraction=0.000000
[transport-audit] stage=indirect room=Some(6) kind=Floor mean=0.012004 peak=0.054869 shoulder_fraction=0.000000
[transport-audit] stage=indirect room=Some(6) kind=Wall mean=0.037314 peak=0.138928 shoulder_fraction=0.000000
[transport-audit] stage=indirect room=Some(7) kind=Floor mean=0.011915 peak=0.096494 shoulder_fraction=0.000000
[transport-audit] stage=indirect room=Some(7) kind=Wall mean=0.042377 peak=0.192064 shoulder_fraction=0.000000
[transport-audit] stage=indirect room=Some(8) kind=Ceiling mean=0.000000 peak=0.000000 shoulder_fraction=0.000000
[transport-audit] stage=indirect room=Some(8) kind=Floor mean=0.000000 peak=0.000000 shoulder_fraction=0.000000
[transport-audit] stage=indirect room=Some(8) kind=Wall mean=0.002750 peak=0.032715 shoulder_fraction=0.000000
[transport-audit] stage=indirect room=Some(9) kind=Ceiling mean=0.000000 peak=0.000000 shoulder_fraction=0.000000
[transport-audit] stage=indirect room=Some(9) kind=Floor mean=0.000000 peak=0.000000 shoulder_fraction=0.000000
[transport-audit] stage=indirect room=Some(9) kind=Wall mean=0.006338 peak=0.043119 shoulder_fraction=0.000000
[transport-audit] stage=filtered room=None kind=Prop mean=0.020577 peak=0.310505 shoulder_fraction=0.000000
[transport-audit] stage=filtered room=None kind=Wall mean=0.006250 peak=0.078946 shoulder_fraction=0.000000
[transport-audit] stage=filtered room=Some(0) kind=Floor mean=0.142080 peak=0.326273 shoulder_fraction=0.000000
[transport-audit] stage=filtered room=Some(0) kind=Wall mean=0.070546 peak=0.255506 shoulder_fraction=0.000000
[transport-audit] stage=filtered room=Some(1) kind=Floor mean=0.142405 peak=0.326417 shoulder_fraction=0.000000
[transport-audit] stage=filtered room=Some(1) kind=Wall mean=0.071050 peak=0.255871 shoulder_fraction=0.000000
[transport-audit] stage=filtered room=Some(10) kind=Ceiling mean=0.102111 peak=0.327413 shoulder_fraction=0.000000
[transport-audit] stage=filtered room=Some(10) kind=Floor mean=0.157566 peak=0.411700 shoulder_fraction=0.000000
[transport-audit] stage=filtered room=Some(10) kind=Wall mean=0.083062 peak=0.357953 shoulder_fraction=0.000000
[transport-audit] stage=filtered room=Some(11) kind=Ceiling mean=0.133277 peak=0.313777 shoulder_fraction=0.000000
[transport-audit] stage=filtered room=Some(11) kind=Floor mean=0.178974 peak=0.405602 shoulder_fraction=0.000000
[transport-audit] stage=filtered room=Some(11) kind=Wall mean=0.081773 peak=0.329279 shoulder_fraction=0.000000
[transport-audit] stage=filtered room=Some(12) kind=Ceiling mean=0.000000 peak=0.000000 shoulder_fraction=0.000000
[transport-audit] stage=filtered room=Some(12) kind=Floor mean=0.000000 peak=0.000000 shoulder_fraction=0.000000
[transport-audit] stage=filtered room=Some(12) kind=Wall mean=0.005721 peak=0.046231 shoulder_fraction=0.000000
[transport-audit] stage=filtered room=Some(13) kind=Ceiling mean=0.133277 peak=0.313803 shoulder_fraction=0.000000
[transport-audit] stage=filtered room=Some(13) kind=Floor mean=0.178974 peak=0.405602 shoulder_fraction=0.000000
[transport-audit] stage=filtered room=Some(13) kind=Wall mean=0.085836 peak=0.329279 shoulder_fraction=0.000000
[transport-audit] stage=filtered room=Some(14) kind=Floor mean=0.101187 peak=0.313930 shoulder_fraction=0.000000
[transport-audit] stage=filtered room=Some(15) kind=Floor mean=0.109963 peak=0.322549 shoulder_fraction=0.000000
[transport-audit] stage=filtered room=Some(15) kind=Wall mean=0.071772 peak=0.284612 shoulder_fraction=0.000000
[transport-audit] stage=filtered room=Some(16) kind=Floor mean=0.136331 peak=0.326326 shoulder_fraction=0.000000
[transport-audit] stage=filtered room=Some(16) kind=Wall mean=0.062829 peak=0.255443 shoulder_fraction=0.000000
[transport-audit] stage=filtered room=Some(17) kind=Floor mean=0.123889 peak=0.313716 shoulder_fraction=0.000000
[transport-audit] stage=filtered room=Some(18) kind=Floor mean=0.130280 peak=0.312397 shoulder_fraction=0.000000
[transport-audit] stage=filtered room=Some(19) kind=Floor mean=0.000802 peak=0.017412 shoulder_fraction=0.000000
[transport-audit] stage=filtered room=Some(2) kind=Floor mean=0.142476 peak=0.326506 shoulder_fraction=0.000000
[transport-audit] stage=filtered room=Some(2) kind=Wall mean=0.064824 peak=0.255725 shoulder_fraction=0.000000
[transport-audit] stage=filtered room=Some(20) kind=Floor mean=0.089242 peak=0.311960 shoulder_fraction=0.000000
[transport-audit] stage=filtered room=Some(20) kind=Skirt mean=0.027320 peak=0.207324 shoulder_fraction=0.000000
[transport-audit] stage=filtered room=Some(3) kind=Floor mean=0.141628 peak=0.326417 shoulder_fraction=0.000000
[transport-audit] stage=filtered room=Some(3) kind=Wall mean=0.069842 peak=0.264082 shoulder_fraction=0.000000
[transport-audit] stage=filtered room=Some(4) kind=Floor mean=0.140692 peak=0.326255 shoulder_fraction=0.000000
[transport-audit] stage=filtered room=Some(4) kind=Wall mean=0.075952 peak=0.256046 shoulder_fraction=0.000000
[transport-audit] stage=filtered room=Some(5) kind=Floor mean=0.141344 peak=0.326443 shoulder_fraction=0.000000
[transport-audit] stage=filtered room=Some(5) kind=Wall mean=0.078198 peak=0.257021 shoulder_fraction=0.000000
[transport-audit] stage=filtered room=Some(6) kind=Floor mean=0.137256 peak=0.335510 shoulder_fraction=0.000000
[transport-audit] stage=filtered room=Some(6) kind=Wall mean=0.081504 peak=0.284139 shoulder_fraction=0.000000
[transport-audit] stage=filtered room=Some(7) kind=Floor mean=0.125872 peak=0.335730 shoulder_fraction=0.000000
[transport-audit] stage=filtered room=Some(7) kind=Wall mean=0.092216 peak=0.329625 shoulder_fraction=0.000000
[transport-audit] stage=filtered room=Some(8) kind=Ceiling mean=0.000000 peak=0.000000 shoulder_fraction=0.000000
[transport-audit] stage=filtered room=Some(8) kind=Floor mean=0.000000 peak=0.000000 shoulder_fraction=0.000000
[transport-audit] stage=filtered room=Some(8) kind=Wall mean=0.002801 peak=0.031271 shoulder_fraction=0.000000
[transport-audit] stage=filtered room=Some(9) kind=Ceiling mean=0.000000 peak=0.000000 shoulder_fraction=0.000000
[transport-audit] stage=filtered room=Some(9) kind=Floor mean=0.000000 peak=0.000000 shoulder_fraction=0.000000
[transport-audit] stage=filtered room=Some(9) kind=Wall mean=0.008162 peak=0.058854 shoulder_fraction=0.000000
[transport-audit] stage=filled room=None kind=Prop mean=0.020577 peak=0.310505 shoulder_fraction=0.000000
[transport-audit] stage=filled room=None kind=Wall mean=0.006594 peak=0.182749 shoulder_fraction=0.000000
[transport-audit] stage=filled room=Some(0) kind=Floor mean=0.222404 peak=0.460574 shoulder_fraction=0.000000
[transport-audit] stage=filled room=Some(0) kind=Wall mean=0.090682 peak=0.314635 shoulder_fraction=0.000000
[transport-audit] stage=filled room=Some(1) kind=Floor mean=0.222604 peak=0.460668 shoulder_fraction=0.000000
[transport-audit] stage=filled room=Some(1) kind=Wall mean=0.091155 peak=0.314903 shoulder_fraction=0.000000
[transport-audit] stage=filled room=Some(10) kind=Ceiling mean=0.180868 peak=0.489509 shoulder_fraction=0.000000
[transport-audit] stage=filled room=Some(10) kind=Floor mean=0.215977 peak=0.544353 shoulder_fraction=0.000000
[transport-audit] stage=filled room=Some(10) kind=Wall mean=0.104520 peak=0.451825 shoulder_fraction=0.000000
[transport-audit] stage=filled room=Some(11) kind=Ceiling mean=0.220037 peak=0.452495 shoulder_fraction=0.000000
[transport-audit] stage=filled room=Some(11) kind=Floor mean=0.247122 peak=0.513536 shoulder_fraction=0.000000
[transport-audit] stage=filled room=Some(11) kind=Wall mean=0.097269 peak=0.411366 shoulder_fraction=0.000000
[transport-audit] stage=filled room=Some(12) kind=Ceiling mean=0.000000 peak=0.000000 shoulder_fraction=0.000000
[transport-audit] stage=filled room=Some(12) kind=Floor mean=0.000000 peak=0.000000 shoulder_fraction=0.000000
[transport-audit] stage=filled room=Some(12) kind=Wall mean=0.005721 peak=0.046231 shoulder_fraction=0.000000
[transport-audit] stage=filled room=Some(13) kind=Ceiling mean=0.220072 peak=0.452511 shoulder_fraction=0.000000
[transport-audit] stage=filled room=Some(13) kind=Floor mean=0.247093 peak=0.513536 shoulder_fraction=0.000000
[transport-audit] stage=filled room=Some(13) kind=Wall mean=0.102270 peak=0.411366 shoulder_fraction=0.000000
[transport-audit] stage=filled room=Some(14) kind=Floor mean=0.165733 peak=0.452595 shoulder_fraction=0.000000
[transport-audit] stage=filled room=Some(15) kind=Floor mean=0.179918 peak=0.458159 shoulder_fraction=0.000000
[transport-audit] stage=filled room=Some(15) kind=Wall mean=0.113958 peak=0.432822 shoulder_fraction=0.000000
[transport-audit] stage=filled room=Some(16) kind=Floor mean=0.213945 peak=0.460609 shoulder_fraction=0.000000
[transport-audit] stage=filled room=Some(16) kind=Wall mean=0.082408 peak=0.314623 shoulder_fraction=0.000000
[transport-audit] stage=filled room=Some(17) kind=Floor mean=0.203846 peak=0.452456 shoulder_fraction=0.000000
[transport-audit] stage=filled room=Some(18) kind=Floor mean=0.214721 peak=0.451607 shoulder_fraction=0.000000
[transport-audit] stage=filled room=Some(19) kind=Floor mean=0.000802 peak=0.017412 shoulder_fraction=0.000000
[transport-audit] stage=filled room=Some(2) kind=Floor mean=0.222649 peak=0.460726 shoulder_fraction=0.000000
[transport-audit] stage=filled room=Some(2) kind=Wall mean=0.087125 peak=0.314788 shoulder_fraction=0.000000
[transport-audit] stage=filled room=Some(20) kind=Floor mean=0.146407 peak=0.451326 shoulder_fraction=0.000000
[transport-audit] stage=filled room=Some(20) kind=Skirt mean=0.049042 peak=0.383163 shoulder_fraction=0.000000
[transport-audit] stage=filled room=Some(3) kind=Floor mean=0.221472 peak=0.460668 shoulder_fraction=0.000000
[transport-audit] stage=filled room=Some(3) kind=Wall mean=0.090104 peak=0.320679 shoulder_fraction=0.000000
[transport-audit] stage=filled room=Some(4) kind=Floor mean=0.221547 peak=0.460563 shoulder_fraction=0.000000
[transport-audit] stage=filled room=Some(4) kind=Wall mean=0.097034 peak=0.315042 shoulder_fraction=0.000000
[transport-audit] stage=filled room=Some(5) kind=Floor mean=0.221947 peak=0.460685 shoulder_fraction=0.000000
[transport-audit] stage=filled room=Some(5) kind=Wall mean=0.099116 peak=0.315724 shoulder_fraction=0.000000
[transport-audit] stage=filled room=Some(6) kind=Floor mean=0.212846 peak=0.466475 shoulder_fraction=0.000000
[transport-audit] stage=filled room=Some(6) kind=Wall mean=0.106628 peak=0.359600 shoulder_fraction=0.000000
[transport-audit] stage=filled room=Some(7) kind=Floor mean=0.193029 peak=0.463040 shoulder_fraction=0.000000
[transport-audit] stage=filled room=Some(7) kind=Wall mean=0.127146 peak=0.418759 shoulder_fraction=0.000000
[transport-audit] stage=filled room=Some(8) kind=Ceiling mean=0.000000 peak=0.000000 shoulder_fraction=0.000000
[transport-audit] stage=filled room=Some(8) kind=Floor mean=0.000000 peak=0.000000 shoulder_fraction=0.000000
[transport-audit] stage=filled room=Some(8) kind=Wall mean=0.002801 peak=0.031271 shoulder_fraction=0.000000
[transport-audit] stage=filled room=Some(9) kind=Ceiling mean=0.000000 peak=0.000000 shoulder_fraction=0.000000
[transport-audit] stage=filled room=Some(9) kind=Floor mean=0.000000 peak=0.000000 shoulder_fraction=0.000000
[transport-audit] stage=filled room=Some(9) kind=Wall mean=0.008162 peak=0.058854 shoulder_fraction=0.000000
[transport-timing] base=true taps=2 bounces=1 receivers_ms=95.233 direct_visibility_ms=107.941 indirect_ms=1638.543 probes_ms=30.836 filter_ms=332.592 fill_ms=81.648
[lightmap-timing] atlas_assembly_ms=6.079
[lightmaps] irradiance field probes=4060 valid=848
{
  "source": "/Users/connordawkins/Documents/GitHub/Places/target/lighting-quality-pass/sources/lighting_quality_local.json",
  "out": "/Users/connordawkins/Documents/GitHub/Places/target/lighting-quality-pass/performance-final/bake-after-medium-0.placesmap",
  "rebuilt": true,
  "reuse_reason": "",
  "variants": [
    "medium"
  ],
  "bytes": 4087952,
  "millis": 2739.328875,
  "warnings": [],
  "fingerprint": "cc997c14911d8f938ac04ff17a065a8e12af3628439540f29d4e0f3c0cd253d9",
  "variant_stats": [
    {
      "lightmap_quality": "medium",
      "mesh_ranges": 61,
      "mesh_vertices": 2881,
      "prop_batches": 11,
      "lightmap_pages": 2,
      "lightmap_charts": 3683,
      "irradiance_probes": 4060,
      "probe_points": 0,
      "wall_boxes": 438,
      "navigation_cells": 21911,
      "navigation_regions": 20
    }
  ]
}
