[renderer] wgpu | adapter: Apple M2 Pro | backend: Metal | device type: IntegratedGpu | surface format: Rgba8UnormSrgb | present mode: Fifo | alpha mode: Opaque | depth format: Depth32Float | drawable: 1280x720
[wgpu] texture filtering: world presets low 4x / medium 8x / high 16x requested | anisotropy supported
[lightmaps] 'lighting_quality' left 1 sub-texel sliver quad(s) vertex-lit
[lightmaps] transport scene triangles=4011 (0 skipped) emitters=17 (0 switchable)
[compile-timing] quality=medium legacy_lighting_ms=4.309 prop_geometry_and_charts_ms=8.880 architecture_and_charts_ms=4.004
[lightmaps] transport workers=12 charts=3683 bounces=1 taps=2
[transport-audit] stage=direct room=None kind=Prop mean=0.010320 peak=0.293661 shoulder_fraction=0.000000
[transport-audit] stage=direct room=None kind=Wall mean=0.000003 peak=0.000123 shoulder_fraction=0.000000
[transport-audit] stage=direct room=Some(0) kind=Floor mean=0.130501 peak=0.311921 shoulder_fraction=0.000000
[transport-audit] stage=direct room=Some(0) kind=Wall mean=0.043033 peak=0.184684 shoulder_fraction=0.000000
[transport-audit] stage=direct room=Some(1) kind=Floor mean=0.130501 peak=0.311921 shoulder_fraction=0.000000
[transport-audit] stage=direct room=Some(1) kind=Wall mean=0.043166 peak=0.184689 shoulder_fraction=0.000000
[transport-audit] stage=direct room=Some(10) kind=Ceiling mean=0.001203 peak=0.125804 shoulder_fraction=0.000000
[transport-audit] stage=direct room=Some(10) kind=Floor mean=0.114086 peak=0.311921 shoulder_fraction=0.000000
[transport-audit] stage=direct room=Some(10) kind=Wall mean=0.039342 peak=0.245880 shoulder_fraction=0.000000
[transport-audit] stage=direct room=Some(11) kind=Ceiling mean=0.001286 peak=0.122110 shoulder_fraction=0.000000
[transport-audit] stage=direct room=Some(11) kind=Floor mean=0.131881 peak=0.311921 shoulder_fraction=0.000000
[transport-audit] stage=direct room=Some(11) kind=Wall mean=0.038210 peak=0.245825 shoulder_fraction=0.000000
[transport-audit] stage=direct room=Some(12) kind=Ceiling mean=0.000000 peak=0.000000 shoulder_fraction=0.000000
[transport-audit] stage=direct room=Some(12) kind=Floor mean=0.000000 peak=0.000000 shoulder_fraction=0.000000
[transport-audit] stage=direct room=Some(12) kind=Wall mean=0.000197 peak=0.003411 shoulder_fraction=0.000000
[transport-audit] stage=direct room=Some(13) kind=Ceiling mean=0.001286 peak=0.122136 shoulder_fraction=0.000000
[transport-audit] stage=direct room=Some(13) kind=Floor mean=0.131881 peak=0.311921 shoulder_fraction=0.000000
[transport-audit] stage=direct room=Some(13) kind=Wall mean=0.041053 peak=0.245825 shoulder_fraction=0.000000
[transport-audit] stage=direct room=Some(14) kind=Floor mean=0.099841 peak=0.311921 shoulder_fraction=0.000000
[transport-audit] stage=direct room=Some(15) kind=Floor mean=0.107952 peak=0.311921 shoulder_fraction=0.000000
[transport-audit] stage=direct room=Some(15) kind=Wall mean=0.034016 peak=0.284602 shoulder_fraction=0.000000
[transport-audit] stage=direct room=Some(16) kind=Floor mean=0.126886 peak=0.311921 shoulder_fraction=0.000000
[transport-audit] stage=direct room=Some(16) kind=Wall mean=0.040873 peak=0.184685 shoulder_fraction=0.000000
[transport-audit] stage=direct room=Some(17) kind=Floor mean=0.123443 peak=0.311921 shoulder_fraction=0.000000
[transport-audit] stage=direct room=Some(18) kind=Floor mean=0.129840 peak=0.311921 shoulder_fraction=0.000000
[transport-audit] stage=direct room=Some(19) kind=Floor mean=0.000582 peak=0.017184 shoulder_fraction=0.000000
[transport-audit] stage=direct room=Some(2) kind=Floor mean=0.130501 peak=0.311921 shoulder_fraction=0.000000
[transport-audit] stage=direct room=Some(2) kind=Wall mean=0.039208 peak=0.184684 shoulder_fraction=0.000000
[transport-audit] stage=direct room=Some(20) kind=Floor mean=0.088222 peak=0.311959 shoulder_fraction=0.000000
[transport-audit] stage=direct room=Some(20) kind=Skirt mean=0.001187 peak=0.011448 shoulder_fraction=0.000000
[transport-audit] stage=direct room=Some(3) kind=Floor mean=0.129924 peak=0.311921 shoulder_fraction=0.000000
[transport-audit] stage=direct room=Some(3) kind=Wall mean=0.043022 peak=0.184669 shoulder_fraction=0.000000
[transport-audit] stage=direct room=Some(4) kind=Floor mean=0.130501 peak=0.311921 shoulder_fraction=0.000000
[transport-audit] stage=direct room=Some(4) kind=Wall mean=0.042043 peak=0.184680 shoulder_fraction=0.000000
[transport-audit] stage=direct room=Some(5) kind=Floor mean=0.130501 peak=0.311921 shoulder_fraction=0.000000
[transport-audit] stage=direct room=Some(5) kind=Wall mean=0.042043 peak=0.184680 shoulder_fraction=0.000000
[transport-audit] stage=direct room=Some(6) kind=Floor mean=0.124695 peak=0.311921 shoulder_fraction=0.000000
[transport-audit] stage=direct room=Some(6) kind=Wall mean=0.044183 peak=0.218308 shoulder_fraction=0.000000
[transport-audit] stage=direct room=Some(7) kind=Floor mean=0.114362 peak=0.311921 shoulder_fraction=0.000000
[transport-audit] stage=direct room=Some(7) kind=Wall mean=0.049806 peak=0.255396 shoulder_fraction=0.000000
[transport-audit] stage=direct room=Some(8) kind=Ceiling mean=0.000000 peak=0.000000 shoulder_fraction=0.000000
[transport-audit] stage=direct room=Some(8) kind=Floor mean=0.000000 peak=0.000000 shoulder_fraction=0.000000
[transport-audit] stage=direct room=Some(8) kind=Wall mean=0.000050 peak=0.001340 shoulder_fraction=0.000000
[transport-audit] stage=direct room=Some(9) kind=Ceiling mean=0.000000 peak=0.000000 shoulder_fraction=0.000000
[transport-audit] stage=direct room=Some(9) kind=Floor mean=0.000000 peak=0.000000 shoulder_fraction=0.000000
[transport-audit] stage=direct room=Some(9) kind=Wall mean=0.001823 peak=0.015888 shoulder_fraction=0.000000
[transport-audit] stage=bounced room=None kind=Prop mean=0.020122 peak=0.345365 shoulder_fraction=0.000000
[transport-audit] stage=bounced room=None kind=Wall mean=0.008645 peak=0.086591 shoulder_fraction=0.000000
[transport-audit] stage=bounced room=Some(0) kind=Floor mean=0.138812 peak=0.326210 shoulder_fraction=0.000000
[transport-audit] stage=bounced room=Some(0) kind=Wall mean=0.069291 peak=0.258625 shoulder_fraction=0.000000
[transport-audit] stage=bounced room=Some(1) kind=Floor mean=0.139090 peak=0.326333 shoulder_fraction=0.000000
[transport-audit] stage=bounced room=Some(1) kind=Wall mean=0.069814 peak=0.258783 shoulder_fraction=0.000000
[transport-audit] stage=bounced room=Some(10) kind=Ceiling mean=0.101346 peak=0.327225 shoulder_fraction=0.000000
[transport-audit] stage=bounced room=Some(10) kind=Floor mean=0.158466 peak=0.412877 shoulder_fraction=0.000000
[transport-audit] stage=bounced room=Some(10) kind=Wall mean=0.081863 peak=0.358728 shoulder_fraction=0.000000
[transport-audit] stage=bounced room=Some(11) kind=Ceiling mean=0.128558 peak=0.313953 shoulder_fraction=0.000000
[transport-audit] stage=bounced room=Some(11) kind=Floor mean=0.178875 peak=0.405693 shoulder_fraction=0.000000
[transport-audit] stage=bounced room=Some(11) kind=Wall mean=0.080708 peak=0.329642 shoulder_fraction=0.000000
[transport-audit] stage=bounced room=Some(12) kind=Ceiling mean=0.000000 peak=0.000000 shoulder_fraction=0.000000
[transport-audit] stage=bounced room=Some(12) kind=Floor mean=0.000004 peak=0.000535 shoulder_fraction=0.000000
[transport-audit] stage=bounced room=Some(12) kind=Wall mean=0.005333 peak=0.046862 shoulder_fraction=0.000000
[transport-audit] stage=bounced room=Some(13) kind=Ceiling mean=0.127256 peak=0.313979 shoulder_fraction=0.000000
[transport-audit] stage=bounced room=Some(13) kind=Floor mean=0.177832 peak=0.405647 shoulder_fraction=0.000000
[transport-audit] stage=bounced room=Some(13) kind=Wall mean=0.084098 peak=0.329643 shoulder_fraction=0.000000
[transport-audit] stage=bounced room=Some(14) kind=Floor mean=0.101441 peak=0.313461 shoulder_fraction=0.000000
[transport-audit] stage=bounced room=Some(15) kind=Floor mean=0.109750 peak=0.320886 shoulder_fraction=0.000000
[transport-audit] stage=bounced room=Some(15) kind=Wall mean=0.069918 peak=0.284611 shoulder_fraction=0.000000
[transport-audit] stage=bounced room=Some(16) kind=Floor mean=0.137850 peak=0.326346 shoulder_fraction=0.000000
[transport-audit] stage=bounced room=Some(16) kind=Wall mean=0.061711 peak=0.258569 shoulder_fraction=0.000000
[transport-audit] stage=bounced room=Some(17) kind=Floor mean=0.123809 peak=0.313834 shoulder_fraction=0.000000
[transport-audit] stage=bounced room=Some(18) kind=Floor mean=0.130305 peak=0.312435 shoulder_fraction=0.000000
[transport-audit] stage=bounced room=Some(19) kind=Floor mean=0.000753 peak=0.017414 shoulder_fraction=0.000000
[transport-audit] stage=bounced room=Some(2) kind=Floor mean=0.139031 peak=0.326496 shoulder_fraction=0.000000
[transport-audit] stage=bounced room=Some(2) kind=Wall mean=0.067733 peak=0.258075 shoulder_fraction=0.000000
[transport-audit] stage=bounced room=Some(20) kind=Floor mean=0.130144 peak=0.334085 shoulder_fraction=0.000000
[transport-audit] stage=bounced room=Some(20) kind=Skirt mean=0.027454 peak=0.207486 shoulder_fraction=0.000000
[transport-audit] stage=bounced room=Some(3) kind=Floor mean=0.138340 peak=0.326349 shoulder_fraction=0.000000
[transport-audit] stage=bounced room=Some(3) kind=Wall mean=0.068644 peak=0.265082 shoulder_fraction=0.000000
[transport-audit] stage=bounced room=Some(4) kind=Floor mean=0.142373 peak=0.326234 shoulder_fraction=0.000000
[transport-audit] stage=bounced room=Some(4) kind=Wall mean=0.071640 peak=0.259059 shoulder_fraction=0.000000
[transport-audit] stage=bounced room=Some(5) kind=Floor mean=0.143029 peak=0.326503 shoulder_fraction=0.000000
[transport-audit] stage=bounced room=Some(5) kind=Wall mean=0.072905 peak=0.259783 shoulder_fraction=0.000000
[transport-audit] stage=bounced room=Some(6) kind=Floor mean=0.140600 peak=0.336507 shoulder_fraction=0.000000
[transport-audit] stage=bounced room=Some(6) kind=Wall mean=0.076793 peak=0.285769 shoulder_fraction=0.000000
[transport-audit] stage=bounced room=Some(7) kind=Floor mean=0.127404 peak=0.338784 shoulder_fraction=0.000000
[transport-audit] stage=bounced room=Some(7) kind=Wall mean=0.088435 peak=0.330173 shoulder_fraction=0.000000
[transport-audit] stage=bounced room=Some(8) kind=Ceiling mean=0.000000 peak=0.000000 shoulder_fraction=0.000000
[transport-audit] stage=bounced room=Some(8) kind=Floor mean=0.000000 peak=0.000000 shoulder_fraction=0.000000
[transport-audit] stage=bounced room=Some(8) kind=Wall mean=0.002639 peak=0.032787 shoulder_fraction=0.000000
[transport-audit] stage=bounced room=Some(9) kind=Ceiling mean=0.000000 peak=0.000000 shoulder_fraction=0.000000
[transport-audit] stage=bounced room=Some(9) kind=Floor mean=0.000000 peak=0.000000 shoulder_fraction=0.000000
[transport-audit] stage=bounced room=Some(9) kind=Wall mean=0.007680 peak=0.059066 shoulder_fraction=0.000000
[transport-audit] stage=filtered room=None kind=Prop mean=0.020118 peak=0.345365 shoulder_fraction=0.000000
[transport-audit] stage=filtered room=None kind=Wall mean=0.008648 peak=0.080615 shoulder_fraction=0.000000
[transport-audit] stage=filtered room=Some(0) kind=Floor mean=0.138816 peak=0.325839 shoulder_fraction=0.000000
[transport-audit] stage=filtered room=Some(0) kind=Wall mean=0.069299 peak=0.255465 shoulder_fraction=0.000000
[transport-audit] stage=filtered room=Some(1) kind=Floor mean=0.139094 peak=0.325946 shoulder_fraction=0.000000
[transport-audit] stage=filtered room=Some(1) kind=Wall mean=0.069821 peak=0.255783 shoulder_fraction=0.000000
[transport-audit] stage=filtered room=Some(10) kind=Ceiling mean=0.101345 peak=0.275850 shoulder_fraction=0.000000
[transport-audit] stage=filtered room=Some(10) kind=Floor mean=0.158479 peak=0.411325 shoulder_fraction=0.000000
[transport-audit] stage=filtered room=Some(10) kind=Wall mean=0.081875 peak=0.355726 shoulder_fraction=0.000000
[transport-audit] stage=filtered room=Some(11) kind=Ceiling mean=0.128560 peak=0.276795 shoulder_fraction=0.000000
[transport-audit] stage=filtered room=Some(11) kind=Floor mean=0.178882 peak=0.405470 shoulder_fraction=0.000000
[transport-audit] stage=filtered room=Some(11) kind=Wall mean=0.080716 peak=0.329146 shoulder_fraction=0.000000
[transport-audit] stage=filtered room=Some(12) kind=Ceiling mean=0.000000 peak=0.000000 shoulder_fraction=0.000000
[transport-audit] stage=filtered room=Some(12) kind=Floor mean=0.000004 peak=0.000510 shoulder_fraction=0.000000
[transport-audit] stage=filtered room=Some(12) kind=Wall mean=0.005334 peak=0.046158 shoulder_fraction=0.000000
[transport-audit] stage=filtered room=Some(13) kind=Ceiling mean=0.127259 peak=0.274425 shoulder_fraction=0.000000
[transport-audit] stage=filtered room=Some(13) kind=Floor mean=0.177840 peak=0.404988 shoulder_fraction=0.000000
[transport-audit] stage=filtered room=Some(13) kind=Wall mean=0.084105 peak=0.329147 shoulder_fraction=0.000000
[transport-audit] stage=filtered room=Some(14) kind=Floor mean=0.101490 peak=0.313153 shoulder_fraction=0.000000
[transport-audit] stage=filtered room=Some(15) kind=Floor mean=0.109775 peak=0.317899 shoulder_fraction=0.000000
[transport-audit] stage=filtered room=Some(15) kind=Wall mean=0.069912 peak=0.277296 shoulder_fraction=0.000000
[transport-audit] stage=filtered room=Some(16) kind=Floor mean=0.137862 peak=0.326239 shoulder_fraction=0.000000
[transport-audit] stage=filtered room=Some(16) kind=Wall mean=0.061714 peak=0.254806 shoulder_fraction=0.000000
[transport-audit] stage=filtered room=Some(17) kind=Floor mean=0.123842 peak=0.312578 shoulder_fraction=0.000000
[transport-audit] stage=filtered room=Some(18) kind=Floor mean=0.130332 peak=0.312302 shoulder_fraction=0.000000
[transport-audit] stage=filtered room=Some(19) kind=Floor mean=0.000752 peak=0.016833 shoulder_fraction=0.000000
[transport-audit] stage=filtered room=Some(2) kind=Floor mean=0.139036 peak=0.326110 shoulder_fraction=0.000000
[transport-audit] stage=filtered room=Some(2) kind=Wall mean=0.067751 peak=0.255176 shoulder_fraction=0.000000
[transport-audit] stage=filtered room=Some(20) kind=Floor mean=0.130179 peak=0.333769 shoulder_fraction=0.000000
[transport-audit] stage=filtered room=Some(20) kind=Skirt mean=0.027449 peak=0.207320 shoulder_fraction=0.000000
[transport-audit] stage=filtered room=Some(3) kind=Floor mean=0.138346 peak=0.325973 shoulder_fraction=0.000000
[transport-audit] stage=filtered room=Some(3) kind=Wall mean=0.068650 peak=0.264015 shoulder_fraction=0.000000
[transport-audit] stage=filtered room=Some(4) kind=Floor mean=0.142380 peak=0.326131 shoulder_fraction=0.000000
[transport-audit] stage=filtered room=Some(4) kind=Wall mean=0.071648 peak=0.256004 shoulder_fraction=0.000000
[transport-audit] stage=filtered room=Some(5) kind=Floor mean=0.143037 peak=0.326390 shoulder_fraction=0.000000
[transport-audit] stage=filtered room=Some(5) kind=Wall mean=0.072916 peak=0.256937 shoulder_fraction=0.000000
[transport-audit] stage=filtered room=Some(6) kind=Floor mean=0.140611 peak=0.335311 shoulder_fraction=0.000000
[transport-audit] stage=filtered room=Some(6) kind=Wall mean=0.076808 peak=0.282544 shoulder_fraction=0.000000
[transport-audit] stage=filtered room=Some(7) kind=Floor mean=0.127416 peak=0.335452 shoulder_fraction=0.000000
[transport-audit] stage=filtered room=Some(7) kind=Wall mean=0.088450 peak=0.327599 shoulder_fraction=0.000000
[transport-audit] stage=filtered room=Some(8) kind=Ceiling mean=0.000000 peak=0.000000 shoulder_fraction=0.000000
[transport-audit] stage=filtered room=Some(8) kind=Floor mean=0.000000 peak=0.000000 shoulder_fraction=0.000000
[transport-audit] stage=filtered room=Some(8) kind=Wall mean=0.002641 peak=0.030975 shoulder_fraction=0.000000
[transport-audit] stage=filtered room=Some(9) kind=Ceiling mean=0.000000 peak=0.000000 shoulder_fraction=0.000000
[transport-audit] stage=filtered room=Some(9) kind=Floor mean=0.000000 peak=0.000000 shoulder_fraction=0.000000
[transport-audit] stage=filtered room=Some(9) kind=Wall mean=0.007682 peak=0.058929 shoulder_fraction=0.000000
[transport-audit] stage=filled room=None kind=Prop mean=0.020118 peak=0.345365 shoulder_fraction=0.000000
[transport-audit] stage=filled room=None kind=Wall mean=0.008988 peak=0.183898 shoulder_fraction=0.000000
[transport-audit] stage=filled room=Some(0) kind=Floor mean=0.220829 peak=0.460293 shoulder_fraction=0.000000
[transport-audit] stage=filled room=Some(0) kind=Wall mean=0.089813 peak=0.314607 shoulder_fraction=0.000000
[transport-audit] stage=filled room=Some(1) kind=Floor mean=0.220997 peak=0.460362 shoulder_fraction=0.000000
[transport-audit] stage=filled room=Some(1) kind=Wall mean=0.090295 peak=0.314842 shoulder_fraction=0.000000
[transport-audit] stage=filled room=Some(10) kind=Ceiling mean=0.180213 peak=0.457322 shoulder_fraction=0.000000
[transport-audit] stage=filled room=Some(10) kind=Floor mean=0.216891 peak=0.544101 shoulder_fraction=0.000000
[transport-audit] stage=filled room=Some(10) kind=Wall mean=0.103581 peak=0.450296 shoulder_fraction=0.000000
[transport-audit] stage=filled room=Some(11) kind=Ceiling mean=0.216996 peak=0.429002 shoulder_fraction=0.000000
[transport-audit] stage=filled room=Some(11) kind=Floor mean=0.247064 peak=0.513446 shoulder_fraction=0.000000
[transport-audit] stage=filled room=Some(11) kind=Wall mean=0.096436 peak=0.411274 shoulder_fraction=0.000000
[transport-audit] stage=filled room=Some(12) kind=Ceiling mean=0.000000 peak=0.000000 shoulder_fraction=0.000000
[transport-audit] stage=filled room=Some(12) kind=Floor mean=0.000004 peak=0.000510 shoulder_fraction=0.000000
[transport-audit] stage=filled room=Some(12) kind=Wall mean=0.005334 peak=0.046158 shoulder_fraction=0.000000
[transport-audit] stage=filled room=Some(13) kind=Ceiling mean=0.216168 peak=0.427517 shoulder_fraction=0.000000
[transport-audit] stage=filled room=Some(13) kind=Floor mean=0.246333 peak=0.513115 shoulder_fraction=0.000000
[transport-audit] stage=filled room=Some(13) kind=Wall mean=0.100870 peak=0.411274 shoulder_fraction=0.000000
[transport-audit] stage=filled room=Some(14) kind=Floor mean=0.166061 peak=0.452094 shoulder_fraction=0.000000
[transport-audit] stage=filled room=Some(15) kind=Floor mean=0.179941 peak=0.455092 shoulder_fraction=0.000000
[transport-audit] stage=filled room=Some(15) kind=Wall mean=0.112571 peak=0.428219 shoulder_fraction=0.000000
[transport-audit] stage=filled room=Some(16) kind=Floor mean=0.215329 peak=0.460552 shoulder_fraction=0.000000
[transport-audit] stage=filled room=Some(16) kind=Wall mean=0.081658 peak=0.314179 shoulder_fraction=0.000000
[transport-audit] stage=filled room=Some(17) kind=Floor mean=0.203872 peak=0.451723 shoulder_fraction=0.000000
[transport-audit] stage=filled room=Some(18) kind=Floor mean=0.214796 peak=0.451546 shoulder_fraction=0.000000
[transport-audit] stage=filled room=Some(19) kind=Floor mean=0.000752 peak=0.016833 shoulder_fraction=0.000000
[transport-audit] stage=filled room=Some(2) kind=Floor mean=0.220923 peak=0.460469 shoulder_fraction=0.000000
[transport-audit] stage=filled room=Some(2) kind=Wall mean=0.089338 peak=0.314340 shoulder_fraction=0.000000
[transport-audit] stage=filled room=Some(20) kind=Floor mean=0.187358 peak=0.451267 shoulder_fraction=0.000000
[transport-audit] stage=filled room=Some(20) kind=Skirt mean=0.049121 peak=0.380693 shoulder_fraction=0.000000
[transport-audit] stage=filled room=Some(3) kind=Floor mean=0.219869 peak=0.460380 shoulder_fraction=0.000000
[transport-audit] stage=filled room=Some(3) kind=Wall mean=0.089279 peak=0.320632 shoulder_fraction=0.000000
[transport-audit] stage=filled room=Some(4) kind=Floor mean=0.223042 peak=0.460482 shoulder_fraction=0.000000
[transport-audit] stage=filled room=Some(4) kind=Wall mean=0.093080 peak=0.315013 shoulder_fraction=0.000000
[transport-audit] stage=filled room=Some(5) kind=Floor mean=0.223454 peak=0.460651 shoulder_fraction=0.000000
[transport-audit] stage=filled room=Some(5) kind=Wall mean=0.094219 peak=0.315665 shoulder_fraction=0.000000
[transport-audit] stage=filled room=Some(6) kind=Floor mean=0.216259 peak=0.466346 shoulder_fraction=0.000000
[transport-audit] stage=filled room=Some(6) kind=Wall mean=0.102316 peak=0.358437 shoulder_fraction=0.000000
[transport-audit] stage=filled room=Some(7) kind=Floor mean=0.194451 peak=0.462902 shoulder_fraction=0.000000
[transport-audit] stage=filled room=Some(7) kind=Wall mean=0.123828 peak=0.417373 shoulder_fraction=0.000000
[transport-audit] stage=filled room=Some(8) kind=Ceiling mean=0.000000 peak=0.000000 shoulder_fraction=0.000000
[transport-audit] stage=filled room=Some(8) kind=Floor mean=0.000000 peak=0.000000 shoulder_fraction=0.000000
[transport-audit] stage=filled room=Some(8) kind=Wall mean=0.002641 peak=0.030975 shoulder_fraction=0.000000
[transport-audit] stage=filled room=Some(9) kind=Ceiling mean=0.000000 peak=0.000000 shoulder_fraction=0.000000
[transport-audit] stage=filled room=Some(9) kind=Floor mean=0.000000 peak=0.000000 shoulder_fraction=0.000000
[transport-audit] stage=filled room=Some(9) kind=Wall mean=0.007682 peak=0.058929 shoulder_fraction=0.000000
[transport-timing] base=true taps=2 bounces=1 receivers_ms=146.468 direct_visibility_ms=69.555 indirect_ms=1784.727 probes_ms=33.907 filter_ms=325.275 fill_ms=76.085
[lightmap-timing] atlas_assembly_ms=9.337
[lightmaps] irradiance field probes=4060 valid=848
{
  "source": "/Users/connordawkins/Documents/GitHub/Places/target/lighting-quality-pass/sources/lighting_quality_local.json",
  "out": "/Users/connordawkins/Documents/GitHub/Places/target/lighting-quality-pass/performance-final/bake-before-medium-0.placesmap",
  "rebuilt": true,
  "reuse_reason": "",
  "variants": [
    "medium"
  ],
  "bytes": 4394940,
  "millis": 2920.385291,
  "warnings": [],
  "fingerprint": "b6143736de5f104a39969a6cfa59633316e117724ca70ae2fa5937c3509a159a",
  "variant_stats": [
    {
      "lightmap_quality": "medium",
      "mesh_ranges": 61,
      "mesh_vertices": 2881,
      "prop_batches": 11,
      "lightmap_pages": 2,
      "lightmap_charts": 3683,
      "irradiance_probes": 4060,
      "probe_points": 0,
      "wall_boxes": 438,
      "navigation_cells": 21911,
      "navigation_regions": 20
    }
  ]
}
