[renderer] wgpu | adapter: Apple M2 Pro | backend: Metal | device type: IntegratedGpu | surface format: Rgba8UnormSrgb | present mode: Fifo | alpha mode: Opaque | depth format: Depth32Float | drawable: 1280x720
[wgpu] texture filtering: world presets low 4x / medium 8x / high 16x requested | anisotropy supported
[lightmaps] 'lighting_quality' left 1 sub-texel sliver quad(s) vertex-lit
[lightmaps] transport scene triangles=4011 (0 skipped) emitters=17 (0 switchable)
[compile-timing] quality=full legacy_lighting_ms=4.097 prop_geometry_and_charts_ms=8.527 architecture_and_charts_ms=3.168
[lightmaps] transport workers=12 charts=3683 bounces=2 taps=3
[transport-audit] stage=direct room=None kind=Prop mean=0.010305 peak=0.293655 shoulder_fraction=0.000000
[transport-audit] stage=direct room=None kind=Wall mean=0.000003 peak=0.000123 shoulder_fraction=0.000000
[transport-audit] stage=direct room=Some(0) kind=Floor mean=0.130529 peak=0.311938 shoulder_fraction=0.000000
[transport-audit] stage=direct room=Some(0) kind=Wall mean=0.043092 peak=0.184686 shoulder_fraction=0.000000
[transport-audit] stage=direct room=Some(1) kind=Floor mean=0.130529 peak=0.311938 shoulder_fraction=0.000000
[transport-audit] stage=direct room=Some(1) kind=Wall mean=0.043192 peak=0.184689 shoulder_fraction=0.000000
[transport-audit] stage=direct room=Some(10) kind=Ceiling mean=0.001099 peak=0.093798 shoulder_fraction=0.000000
[transport-audit] stage=direct room=Some(10) kind=Floor mean=0.114398 peak=0.311938 shoulder_fraction=0.000000
[transport-audit] stage=direct room=Some(10) kind=Wall mean=0.039403 peak=0.245849 shoulder_fraction=0.000000
[transport-audit] stage=direct room=Some(11) kind=Ceiling mean=0.001207 peak=0.112262 shoulder_fraction=0.000000
[transport-audit] stage=direct room=Some(11) kind=Floor mean=0.132196 peak=0.311938 shoulder_fraction=0.000000
[transport-audit] stage=direct room=Some(11) kind=Wall mean=0.038281 peak=0.245850 shoulder_fraction=0.000000
[transport-audit] stage=direct room=Some(12) kind=Ceiling mean=0.000000 peak=0.000000 shoulder_fraction=0.000000
[transport-audit] stage=direct room=Some(12) kind=Floor mean=0.000000 peak=0.000000 shoulder_fraction=0.000000
[transport-audit] stage=direct room=Some(12) kind=Wall mean=0.000197 peak=0.003411 shoulder_fraction=0.000000
[transport-audit] stage=direct room=Some(13) kind=Ceiling mean=0.001208 peak=0.112285 shoulder_fraction=0.000000
[transport-audit] stage=direct room=Some(13) kind=Floor mean=0.132196 peak=0.311938 shoulder_fraction=0.000000
[transport-audit] stage=direct room=Some(13) kind=Wall mean=0.041131 peak=0.245850 shoulder_fraction=0.000000
[transport-audit] stage=direct room=Some(14) kind=Floor mean=0.100080 peak=0.311938 shoulder_fraction=0.000000
[transport-audit] stage=direct room=Some(15) kind=Floor mean=0.108334 peak=0.311938 shoulder_fraction=0.000000
[transport-audit] stage=direct room=Some(15) kind=Wall mean=0.033795 peak=0.284010 shoulder_fraction=0.000000
[transport-audit] stage=direct room=Some(16) kind=Floor mean=0.127080 peak=0.311938 shoulder_fraction=0.000000
[transport-audit] stage=direct room=Some(16) kind=Wall mean=0.040992 peak=0.184687 shoulder_fraction=0.000000
[transport-audit] stage=direct room=Some(17) kind=Floor mean=0.123701 peak=0.311938 shoulder_fraction=0.000000
[transport-audit] stage=direct room=Some(18) kind=Floor mean=0.130115 peak=0.311938 shoulder_fraction=0.000000
[transport-audit] stage=direct room=Some(19) kind=Floor mean=0.000569 peak=0.017178 shoulder_fraction=0.000000
[transport-audit] stage=direct room=Some(2) kind=Floor mean=0.130528 peak=0.311938 shoulder_fraction=0.000000
[transport-audit] stage=direct room=Some(2) kind=Wall mean=0.039257 peak=0.184687 shoulder_fraction=0.000000
[transport-audit] stage=direct room=Some(20) kind=Floor mean=0.088369 peak=0.311959 shoulder_fraction=0.000000
[transport-audit] stage=direct room=Some(20) kind=Skirt mean=0.000822 peak=0.007636 shoulder_fraction=0.000000
[transport-audit] stage=direct room=Some(3) kind=Floor mean=0.129964 peak=0.311938 shoulder_fraction=0.000000
[transport-audit] stage=direct room=Some(3) kind=Wall mean=0.043061 peak=0.184678 shoulder_fraction=0.000000
[transport-audit] stage=direct room=Some(4) kind=Floor mean=0.130529 peak=0.311938 shoulder_fraction=0.000000
[transport-audit] stage=direct room=Some(4) kind=Wall mean=0.042069 peak=0.184684 shoulder_fraction=0.000000
[transport-audit] stage=direct room=Some(5) kind=Floor mean=0.130529 peak=0.311938 shoulder_fraction=0.000000
[transport-audit] stage=direct room=Some(5) kind=Wall mean=0.042069 peak=0.184684 shoulder_fraction=0.000000
[transport-audit] stage=direct room=Some(6) kind=Floor mean=0.125556 peak=0.311938 shoulder_fraction=0.000000
[transport-audit] stage=direct room=Some(6) kind=Wall mean=0.044234 peak=0.218334 shoulder_fraction=0.000000
[transport-audit] stage=direct room=Some(7) kind=Floor mean=0.114977 peak=0.311938 shoulder_fraction=0.000000
[transport-audit] stage=direct room=Some(7) kind=Wall mean=0.049652 peak=0.255396 shoulder_fraction=0.000000
[transport-audit] stage=direct room=Some(8) kind=Ceiling mean=0.000000 peak=0.000000 shoulder_fraction=0.000000
[transport-audit] stage=direct room=Some(8) kind=Floor mean=0.000000 peak=0.000000 shoulder_fraction=0.000000
[transport-audit] stage=direct room=Some(8) kind=Wall mean=0.000050 peak=0.001340 shoulder_fraction=0.000000
[transport-audit] stage=direct room=Some(9) kind=Ceiling mean=0.000000 peak=0.000000 shoulder_fraction=0.000000
[transport-audit] stage=direct room=Some(9) kind=Floor mean=0.000000 peak=0.000000 shoulder_fraction=0.000000
[transport-audit] stage=direct room=Some(9) kind=Wall mean=0.001826 peak=0.015888 shoulder_fraction=0.000000
[transport-audit] stage=bounced room=None kind=Prop mean=0.036588 peak=0.346928 shoulder_fraction=0.000000
[transport-audit] stage=bounced room=None kind=Wall mean=0.015783 peak=0.130328 shoulder_fraction=0.000000
[transport-audit] stage=bounced room=Some(0) kind=Floor mean=0.144178 peak=0.327229 shoulder_fraction=0.000000
[transport-audit] stage=bounced room=Some(0) kind=Wall mean=0.071660 peak=0.264322 shoulder_fraction=0.000000
[transport-audit] stage=bounced room=Some(1) kind=Floor mean=0.144642 peak=0.327962 shoulder_fraction=0.000000
[transport-audit] stage=bounced room=Some(1) kind=Wall mean=0.072466 peak=0.265583 shoulder_fraction=0.000000
[transport-audit] stage=bounced room=Some(10) kind=Ceiling mean=0.144383 peak=0.371290 shoulder_fraction=0.000000
[transport-audit] stage=bounced room=Some(10) kind=Floor mean=0.221935 peak=0.515291 shoulder_fraction=0.000000
[transport-audit] stage=bounced room=Some(10) kind=Wall mean=0.116242 peak=0.500003 shoulder_fraction=0.000000
[transport-audit] stage=bounced room=Some(11) kind=Ceiling mean=0.173550 peak=0.372910 shoulder_fraction=0.000000
[transport-audit] stage=bounced room=Some(11) kind=Floor mean=0.259691 peak=0.495487 shoulder_fraction=0.000000
[transport-audit] stage=bounced room=Some(11) kind=Wall mean=0.114513 peak=0.452840 shoulder_fraction=0.000000
[transport-audit] stage=bounced room=Some(12) kind=Ceiling mean=0.000000 peak=0.000000 shoulder_fraction=0.000000
[transport-audit] stage=bounced room=Some(12) kind=Floor mean=0.000400 peak=0.018330 shoulder_fraction=0.000000
[transport-audit] stage=bounced room=Some(12) kind=Wall mean=0.005608 peak=0.051172 shoulder_fraction=0.000000
[transport-audit] stage=bounced room=Some(13) kind=Ceiling mean=0.170574 peak=0.371062 shoulder_fraction=0.000000
[transport-audit] stage=bounced room=Some(13) kind=Floor mean=0.256128 peak=0.492961 shoulder_fraction=0.000000
[transport-audit] stage=bounced room=Some(13) kind=Wall mean=0.115696 peak=0.451190 shoulder_fraction=0.000000
[transport-audit] stage=bounced room=Some(14) kind=Floor mean=0.103623 peak=0.317528 shoulder_fraction=0.000000
[transport-audit] stage=bounced room=Some(15) kind=Floor mean=0.113552 peak=0.348840 shoulder_fraction=0.000000
[transport-audit] stage=bounced room=Some(15) kind=Wall mean=0.072080 peak=0.284433 shoulder_fraction=0.000000
[transport-audit] stage=bounced room=Some(16) kind=Floor mean=0.142608 peak=0.331538 shoulder_fraction=0.000000
[transport-audit] stage=bounced room=Some(16) kind=Wall mean=0.064338 peak=0.265906 shoulder_fraction=0.000000
[transport-audit] stage=bounced room=Some(17) kind=Floor mean=0.125118 peak=0.315361 shoulder_fraction=0.000000
[transport-audit] stage=bounced room=Some(18) kind=Floor mean=0.131108 peak=0.312499 shoulder_fraction=0.000000
[transport-audit] stage=bounced room=Some(19) kind=Floor mean=0.001314 peak=0.018317 shoulder_fraction=0.000000
[transport-audit] stage=bounced room=Some(2) kind=Floor mean=0.144457 peak=0.328229 shoulder_fraction=0.000000
[transport-audit] stage=bounced room=Some(2) kind=Wall mean=0.071381 peak=0.265695 shoulder_fraction=0.000000
[transport-audit] stage=bounced room=Some(20) kind=Floor mean=0.129723 peak=0.315581 shoulder_fraction=0.000000
[transport-audit] stage=bounced room=Some(20) kind=Skirt mean=0.027815 peak=0.196277 shoulder_fraction=0.000000
[transport-audit] stage=bounced room=Some(3) kind=Floor mean=0.143348 peak=0.327194 shoulder_fraction=0.000000
[transport-audit] stage=bounced room=Some(3) kind=Wall mean=0.070863 peak=0.270140 shoulder_fraction=0.000000
[transport-audit] stage=bounced room=Some(4) kind=Floor mean=0.149086 peak=0.329643 shoulder_fraction=0.000000
[transport-audit] stage=bounced room=Some(4) kind=Wall mean=0.075113 peak=0.266749 shoulder_fraction=0.000000
[transport-audit] stage=bounced room=Some(5) kind=Floor mean=0.150767 peak=0.331344 shoulder_fraction=0.000000
[transport-audit] stage=bounced room=Some(5) kind=Wall mean=0.078259 peak=0.268785 shoulder_fraction=0.000000
[transport-audit] stage=bounced room=Some(6) kind=Floor mean=0.151011 peak=0.344764 shoulder_fraction=0.000000
[transport-audit] stage=bounced room=Some(6) kind=Wall mean=0.082581 peak=0.298191 shoulder_fraction=0.000000
[transport-audit] stage=bounced room=Some(7) kind=Floor mean=0.141134 peak=0.361289 shoulder_fraction=0.000000
[transport-audit] stage=bounced room=Some(7) kind=Wall mean=0.099551 peak=0.346348 shoulder_fraction=0.000000
[transport-audit] stage=bounced room=Some(8) kind=Ceiling mean=0.000000 peak=0.000000 shoulder_fraction=0.000000
[transport-audit] stage=bounced room=Some(8) kind=Floor mean=0.000000 peak=0.000000 shoulder_fraction=0.000000
[transport-audit] stage=bounced room=Some(8) kind=Wall mean=0.003875 peak=0.037239 shoulder_fraction=0.000000
[transport-audit] stage=bounced room=Some(9) kind=Ceiling mean=0.000000 peak=0.000000 shoulder_fraction=0.000000
[transport-audit] stage=bounced room=Some(9) kind=Floor mean=0.000000 peak=0.000000 shoulder_fraction=0.000000
[transport-audit] stage=bounced room=Some(9) kind=Wall mean=0.009580 peak=0.065459 shoulder_fraction=0.000000
[transport-audit] stage=filtered room=None kind=Prop mean=0.036667 peak=0.346928 shoulder_fraction=0.000000
[transport-audit] stage=filtered room=None kind=Wall mean=0.015798 peak=0.123840 shoulder_fraction=0.000000
[transport-audit] stage=filtered room=Some(0) kind=Floor mean=0.144178 peak=0.325096 shoulder_fraction=0.000000
[transport-audit] stage=filtered room=Some(0) kind=Wall mean=0.071664 peak=0.263493 shoulder_fraction=0.000000
[transport-audit] stage=filtered room=Some(1) kind=Floor mean=0.144642 peak=0.325795 shoulder_fraction=0.000000
[transport-audit] stage=filtered room=Some(1) kind=Wall mean=0.072469 peak=0.264945 shoulder_fraction=0.000000
[transport-audit] stage=filtered room=Some(10) kind=Ceiling mean=0.144385 peak=0.354413 shoulder_fraction=0.000000
[transport-audit] stage=filtered room=Some(10) kind=Floor mean=0.221949 peak=0.513328 shoulder_fraction=0.000000
[transport-audit] stage=filtered room=Some(10) kind=Wall mean=0.116249 peak=0.498202 shoulder_fraction=0.000000
[transport-audit] stage=filtered room=Some(11) kind=Ceiling mean=0.173552 peak=0.343469 shoulder_fraction=0.000000
[transport-audit] stage=filtered room=Some(11) kind=Floor mean=0.259699 peak=0.494294 shoulder_fraction=0.000000
[transport-audit] stage=filtered room=Some(11) kind=Wall mean=0.114519 peak=0.452560 shoulder_fraction=0.000000
[transport-audit] stage=filtered room=Some(12) kind=Ceiling mean=0.000000 peak=0.000000 shoulder_fraction=0.000000
[transport-audit] stage=filtered room=Some(12) kind=Floor mean=0.000400 peak=0.017710 shoulder_fraction=0.000000
[transport-audit] stage=filtered room=Some(12) kind=Wall mean=0.005607 peak=0.049307 shoulder_fraction=0.000000
[transport-audit] stage=filtered room=Some(13) kind=Ceiling mean=0.170577 peak=0.339743 shoulder_fraction=0.000000
[transport-audit] stage=filtered room=Some(13) kind=Floor mean=0.256141 peak=0.490525 shoulder_fraction=0.000000
[transport-audit] stage=filtered room=Some(13) kind=Wall mean=0.115704 peak=0.451021 shoulder_fraction=0.000000
[transport-audit] stage=filtered room=Some(14) kind=Floor mean=0.103646 peak=0.316882 shoulder_fraction=0.000000
[transport-audit] stage=filtered room=Some(15) kind=Floor mean=0.113566 peak=0.340048 shoulder_fraction=0.000000
[transport-audit] stage=filtered room=Some(15) kind=Wall mean=0.072078 peak=0.278948 shoulder_fraction=0.000000
[transport-audit] stage=filtered room=Some(16) kind=Floor mean=0.142613 peak=0.330646 shoulder_fraction=0.000000
[transport-audit] stage=filtered room=Some(16) kind=Wall mean=0.064338 peak=0.265030 shoulder_fraction=0.000000
[transport-audit] stage=filtered room=Some(17) kind=Floor mean=0.125149 peak=0.313663 shoulder_fraction=0.000000
[transport-audit] stage=filtered room=Some(18) kind=Floor mean=0.131120 peak=0.312373 shoulder_fraction=0.000000
[transport-audit] stage=filtered room=Some(19) kind=Floor mean=0.001314 peak=0.017793 shoulder_fraction=0.000000
[transport-audit] stage=filtered room=Some(2) kind=Floor mean=0.144459 peak=0.325985 shoulder_fraction=0.000000
[transport-audit] stage=filtered room=Some(2) kind=Wall mean=0.071399 peak=0.265282 shoulder_fraction=0.000000
[transport-audit] stage=filtered room=Some(20) kind=Floor mean=0.129747 peak=0.315360 shoulder_fraction=0.000000
[transport-audit] stage=filtered room=Some(20) kind=Skirt mean=0.027813 peak=0.196116 shoulder_fraction=0.000000
[transport-audit] stage=filtered room=Some(3) kind=Floor mean=0.143349 peak=0.325093 shoulder_fraction=0.000000
[transport-audit] stage=filtered room=Some(3) kind=Wall mean=0.070866 peak=0.269683 shoulder_fraction=0.000000
[transport-audit] stage=filtered room=Some(4) kind=Floor mean=0.149088 peak=0.328501 shoulder_fraction=0.000000
[transport-audit] stage=filtered room=Some(4) kind=Wall mean=0.075118 peak=0.264783 shoulder_fraction=0.000000
[transport-audit] stage=filtered room=Some(5) kind=Floor mean=0.150769 peak=0.330389 shoulder_fraction=0.000000
[transport-audit] stage=filtered room=Some(5) kind=Wall mean=0.078262 peak=0.268226 shoulder_fraction=0.000000
[transport-audit] stage=filtered room=Some(6) kind=Floor mean=0.151016 peak=0.343586 shoulder_fraction=0.000000
[transport-audit] stage=filtered room=Some(6) kind=Wall mean=0.082585 peak=0.296092 shoulder_fraction=0.000000
[transport-audit] stage=filtered room=Some(7) kind=Floor mean=0.141136 peak=0.359942 shoulder_fraction=0.000000
[transport-audit] stage=filtered room=Some(7) kind=Wall mean=0.099556 peak=0.343910 shoulder_fraction=0.000000
[transport-audit] stage=filtered room=Some(8) kind=Ceiling mean=0.000000 peak=0.000000 shoulder_fraction=0.000000
[transport-audit] stage=filtered room=Some(8) kind=Floor mean=0.000000 peak=0.000000 shoulder_fraction=0.000000
[transport-audit] stage=filtered room=Some(8) kind=Wall mean=0.003876 peak=0.035473 shoulder_fraction=0.000000
[transport-audit] stage=filtered room=Some(9) kind=Ceiling mean=0.000000 peak=0.000000 shoulder_fraction=0.000000
[transport-audit] stage=filtered room=Some(9) kind=Floor mean=0.000000 peak=0.000000 shoulder_fraction=0.000000
[transport-audit] stage=filtered room=Some(9) kind=Wall mean=0.009581 peak=0.064822 shoulder_fraction=0.000000
[transport-audit] stage=filled room=None kind=Prop mean=0.036667 peak=0.346928 shoulder_fraction=0.000000
[transport-audit] stage=filled room=None kind=Wall mean=0.015995 peak=0.211495 shoulder_fraction=0.000000
[transport-audit] stage=filled room=Some(0) kind=Floor mean=0.224436 peak=0.459725 shoulder_fraction=0.000000
[transport-audit] stage=filled room=Some(0) kind=Wall mean=0.091340 peak=0.320263 shoulder_fraction=0.000000
[transport-audit] stage=filled room=Some(1) kind=Floor mean=0.224724 peak=0.460195 shoulder_fraction=0.000000
[transport-audit] stage=filled room=Some(1) kind=Wall mean=0.092025 peak=0.321287 shoulder_fraction=0.000000
[transport-audit] stage=filled room=Some(10) kind=Ceiling mean=0.208189 peak=0.506799 shoulder_fraction=0.000000
[transport-audit] stage=filled room=Some(10) kind=Floor mean=0.263036 peak=0.614487 shoulder_fraction=0.000000
[transport-audit] stage=filled room=Some(10) kind=Wall mean=0.129558 peak=0.551512 shoulder_fraction=0.000000
[transport-audit] stage=filled room=Some(11) kind=Ceiling mean=0.247249 peak=0.471810 shoulder_fraction=0.000000
[transport-audit] stage=filled room=Some(11) kind=Floor mean=0.304819 peak=0.576162 shoulder_fraction=0.000000
[transport-audit] stage=filled room=Some(11) kind=Wall mean=0.123709 peak=0.500053 shoulder_fraction=0.000000
[transport-audit] stage=filled room=Some(12) kind=Ceiling mean=0.000000 peak=0.000000 shoulder_fraction=0.000000
[transport-audit] stage=filled room=Some(12) kind=Floor mean=0.000400 peak=0.017710 shoulder_fraction=0.000000
[transport-audit] stage=filled room=Some(12) kind=Wall mean=0.005607 peak=0.049307 shoulder_fraction=0.000000
[transport-audit] stage=filled room=Some(13) kind=Ceiling mean=0.245207 peak=0.469364 shoulder_fraction=0.000000
[transport-audit] stage=filled room=Some(13) kind=Floor mean=0.302189 peak=0.573427 shoulder_fraction=0.000000
[transport-audit] stage=filled room=Some(13) kind=Wall mean=0.126097 peak=0.499139 shoulder_fraction=0.000000
[transport-audit] stage=filled room=Some(14) kind=Floor mean=0.167680 peak=0.454498 shoulder_fraction=0.000000
[transport-audit] stage=filled room=Some(15) kind=Floor mean=0.182761 peak=0.468834 shoulder_fraction=0.000000
[transport-audit] stage=filled room=Some(15) kind=Wall mean=0.115256 peak=0.429256 shoulder_fraction=0.000000
[transport-audit] stage=filled room=Some(16) kind=Floor mean=0.218788 peak=0.462685 shoulder_fraction=0.000000
[transport-audit] stage=filled room=Some(16) kind=Wall mean=0.083608 peak=0.321347 shoulder_fraction=0.000000
[transport-audit] stage=filled room=Some(17) kind=Floor mean=0.204895 peak=0.452421 shoulder_fraction=0.000000
[transport-audit] stage=filled room=Some(18) kind=Floor mean=0.215586 peak=0.451592 shoulder_fraction=0.000000
[transport-audit] stage=filled room=Some(19) kind=Floor mean=0.001314 peak=0.017793 shoulder_fraction=0.000000
[transport-audit] stage=filled room=Some(2) kind=Floor mean=0.224594 peak=0.460303 shoulder_fraction=0.000000
[transport-audit] stage=filled room=Some(2) kind=Wall mean=0.090984 peak=0.321524 shoulder_fraction=0.000000
[transport-audit] stage=filled room=Some(20) kind=Floor mean=0.186957 peak=0.451797 shoulder_fraction=0.000000
[transport-audit] stage=filled room=Some(20) kind=Skirt mean=0.049346 peak=0.376111 shoulder_fraction=0.000000
[transport-audit] stage=filled room=Some(3) kind=Floor mean=0.223284 peak=0.459791 shoulder_fraction=0.000000
[transport-audit] stage=filled room=Some(3) kind=Wall mean=0.090681 peak=0.324636 shoulder_fraction=0.000000
[transport-audit] stage=filled room=Some(4) kind=Floor mean=0.227529 peak=0.462022 shoulder_fraction=0.000000
[transport-audit] stage=filled room=Some(4) kind=Wall mean=0.095409 peak=0.321172 shoulder_fraction=0.000000
[transport-audit] stage=filled room=Some(5) kind=Floor mean=0.228607 peak=0.463251 shoulder_fraction=0.000000
[transport-audit] stage=filled room=Some(5) kind=Wall mean=0.098183 peak=0.323604 shoulder_fraction=0.000000
[transport-audit] stage=filled room=Some(6) kind=Floor mean=0.224469 peak=0.471803 shoulder_fraction=0.000000
[transport-audit] stage=filled room=Some(6) kind=Wall mean=0.106497 peak=0.367846 shoulder_fraction=0.000000
[transport-audit] stage=filled room=Some(7) kind=Floor mean=0.204129 peak=0.481195 shoulder_fraction=0.000000
[transport-audit] stage=filled room=Some(7) kind=Wall mean=0.131489 peak=0.427890 shoulder_fraction=0.000000
[transport-audit] stage=filled room=Some(8) kind=Ceiling mean=0.000000 peak=0.000000 shoulder_fraction=0.000000
[transport-audit] stage=filled room=Some(8) kind=Floor mean=0.000000 peak=0.000000 shoulder_fraction=0.000000
[transport-audit] stage=filled room=Some(8) kind=Wall mean=0.003876 peak=0.035473 shoulder_fraction=0.000000
[transport-audit] stage=filled room=Some(9) kind=Ceiling mean=0.000000 peak=0.000000 shoulder_fraction=0.000000
[transport-audit] stage=filled room=Some(9) kind=Floor mean=0.000000 peak=0.000000 shoulder_fraction=0.000000
[transport-audit] stage=filled room=Some(9) kind=Wall mean=0.009581 peak=0.064822 shoulder_fraction=0.000000
[transport-timing] base=true taps=3 bounces=2 receivers_ms=239.011 direct_visibility_ms=198.725 indirect_ms=11170.554 probes_ms=38.520 filter_ms=551.930 fill_ms=134.169
[lightmap-timing] atlas_assembly_ms=8.881
[lightmaps] irradiance field probes=4060 valid=848
{
  "source": "/Users/connordawkins/Documents/GitHub/Places/target/lighting-quality-pass/sources/lighting_quality_local.json",
  "out": "/Users/connordawkins/Documents/GitHub/Places/target/lighting-quality-pass/performance-final/bake-before-full-1.placesmap",
  "rebuilt": true,
  "reuse_reason": "",
  "variants": [
    "full"
  ],
  "bytes": 7453264,
  "millis": 12855.726625,
  "warnings": [],
  "fingerprint": "701556e119ec67cf2b2704afc567d4ecf8f508612efd70afd8a4b76ecbeaf11a",
  "variant_stats": [
    {
      "lightmap_quality": "full",
      "mesh_ranges": 61,
      "mesh_vertices": 2881,
      "prop_batches": 11,
      "lightmap_pages": 2,
      "lightmap_charts": 3683,
      "irradiance_probes": 4060,
      "probe_points": 0,
      "wall_boxes": 438,
      "navigation_cells": 21911,
      "navigation_regions": 20
    }
  ]
}
