[renderer] wgpu | adapter: Apple M2 Pro | backend: Metal | device type: IntegratedGpu | surface format: Rgba8UnormSrgb | present mode: Fifo | alpha mode: Opaque | depth format: Depth32Float | drawable: 1280x720
[wgpu] texture filtering: world presets low 4x / medium 8x / high 16x requested | anisotropy supported
[lightmaps] 'lantern_hollow' left 76 sub-texel sliver quad(s) vertex-lit
[lightmaps] transport scene triangles=259558 (0 skipped) emitters=40 (0 switchable)
[compile-timing] quality=full legacy_lighting_ms=34.421 prop_geometry_and_charts_ms=20011.246 architecture_and_charts_ms=272.514
[lightmaps] transport workers=12 charts=230117 bounces=2 taps=3
[transport-audit] stage=direct room=None kind=Prop mean=0.025603 peak=1.160025 shoulder_fraction=0.000000
[transport-audit] stage=direct room=Some(0) kind=Ceiling mean=0.189245 peak=0.950183 shoulder_fraction=0.000000
[transport-audit] stage=direct room=Some(0) kind=Floor mean=0.434543 peak=1.225235 shoulder_fraction=0.000000
[transport-audit] stage=direct room=Some(0) kind=Skirt mean=0.094070 peak=0.490038 shoulder_fraction=0.000000
[transport-audit] stage=direct room=Some(0) kind=Wall mean=0.369133 peak=0.886002 shoulder_fraction=0.000000
[transport-audit] stage=direct room=Some(1) kind=Ceiling mean=0.189255 peak=0.950188 shoulder_fraction=0.000000
[transport-audit] stage=direct room=Some(1) kind=Floor mean=0.433778 peak=1.225236 shoulder_fraction=0.000000
[transport-audit] stage=direct room=Some(1) kind=Skirt mean=0.094251 peak=0.490042 shoulder_fraction=0.000000
[transport-audit] stage=direct room=Some(1) kind=Wall mean=0.369866 peak=0.886001 shoulder_fraction=0.000000
[transport-audit] stage=direct room=Some(10) kind=Floor mean=0.032408 peak=0.086090 shoulder_fraction=0.000000
[transport-audit] stage=direct room=Some(11) kind=Floor mean=0.050026 peak=0.086090 shoulder_fraction=0.000000
[transport-audit] stage=direct room=Some(12) kind=Floor mean=0.110144 peak=0.593397 shoulder_fraction=0.000000
[transport-audit] stage=direct room=Some(13) kind=Floor mean=0.154207 peak=0.628928 shoulder_fraction=0.000000
[transport-audit] stage=direct room=Some(14) kind=Floor mean=0.043201 peak=0.086090 shoulder_fraction=0.000000
[transport-audit] stage=direct room=Some(15) kind=Floor mean=0.048463 peak=0.086090 shoulder_fraction=0.000000
[transport-audit] stage=direct room=Some(16) kind=Floor mean=0.053639 peak=0.086090 shoulder_fraction=0.000000
[transport-audit] stage=direct room=Some(17) kind=Floor mean=0.055002 peak=0.086090 shoulder_fraction=0.000000
[transport-audit] stage=direct room=Some(18) kind=Floor mean=0.033878 peak=0.086090 shoulder_fraction=0.000000
[transport-audit] stage=direct room=Some(19) kind=Floor mean=0.090954 peak=0.330652 shoulder_fraction=0.000000
[transport-audit] stage=direct room=Some(2) kind=Ceiling mean=0.189252 peak=0.950187 shoulder_fraction=0.000000
[transport-audit] stage=direct room=Some(2) kind=Floor mean=0.433410 peak=1.225236 shoulder_fraction=0.000000
[transport-audit] stage=direct room=Some(2) kind=Skirt mean=0.091015 peak=0.490308 shoulder_fraction=0.000000
[transport-audit] stage=direct room=Some(2) kind=Wall mean=0.368803 peak=0.886001 shoulder_fraction=0.000000
[transport-audit] stage=direct room=Some(20) kind=Floor mean=0.089356 peak=0.303649 shoulder_fraction=0.000000
[transport-audit] stage=direct room=Some(21) kind=Floor mean=0.068789 peak=0.094763 shoulder_fraction=0.000000
[transport-audit] stage=direct room=Some(22) kind=Floor mean=0.061502 peak=0.086090 shoulder_fraction=0.000000
[transport-audit] stage=direct room=Some(23) kind=Floor mean=0.043024 peak=0.086090 shoulder_fraction=0.000000
[transport-audit] stage=direct room=Some(24) kind=Floor mean=0.037490 peak=0.086090 shoulder_fraction=0.000000
[transport-audit] stage=direct room=Some(25) kind=Floor mean=0.052890 peak=0.086090 shoulder_fraction=0.000000
[transport-audit] stage=direct room=Some(25) kind=Skirt mean=0.014380 peak=0.051495 shoulder_fraction=0.000000
[transport-audit] stage=direct room=Some(26) kind=Floor mean=0.071222 peak=0.253091 shoulder_fraction=0.000000
[transport-audit] stage=direct room=Some(26) kind=Skirt mean=0.006495 peak=0.053857 shoulder_fraction=0.000000
[transport-audit] stage=direct room=Some(27) kind=Floor mean=0.097976 peak=0.291882 shoulder_fraction=0.000000
[transport-audit] stage=direct room=Some(28) kind=Floor mean=0.054991 peak=0.108486 shoulder_fraction=0.000000
[transport-audit] stage=direct room=Some(29) kind=Floor mean=0.072938 peak=0.174490 shoulder_fraction=0.000000
[transport-audit] stage=direct room=Some(3) kind=Ceiling mean=0.189246 peak=0.950182 shoulder_fraction=0.000000
[transport-audit] stage=direct room=Some(3) kind=Floor mean=0.433545 peak=1.231454 shoulder_fraction=0.000000
[transport-audit] stage=direct room=Some(3) kind=Skirt mean=0.097720 peak=0.493330 shoulder_fraction=0.000000
[transport-audit] stage=direct room=Some(3) kind=Wall mean=0.369966 peak=0.886002 shoulder_fraction=0.000000
[transport-audit] stage=direct room=Some(30) kind=Floor mean=0.065893 peak=0.303336 shoulder_fraction=0.000000
[transport-audit] stage=direct room=Some(31) kind=Floor mean=0.034264 peak=0.191239 shoulder_fraction=0.000000
[transport-audit] stage=direct room=Some(32) kind=Floor mean=0.043554 peak=0.147388 shoulder_fraction=0.000000
[transport-audit] stage=direct room=Some(32) kind=Skirt mean=0.005025 peak=0.111057 shoulder_fraction=0.000000
[transport-audit] stage=direct room=Some(33) kind=Floor mean=0.083059 peak=0.311071 shoulder_fraction=0.000000
[transport-audit] stage=direct room=Some(33) kind=Skirt mean=0.000000 peak=0.000000 shoulder_fraction=0.000000
[transport-audit] stage=direct room=Some(34) kind=Floor mean=0.069752 peak=0.252891 shoulder_fraction=0.000000
[transport-audit] stage=direct room=Some(35) kind=Floor mean=0.069288 peak=0.284927 shoulder_fraction=0.000000
[transport-audit] stage=direct room=Some(36) kind=Floor mean=0.083393 peak=0.310434 shoulder_fraction=0.000000
[transport-audit] stage=direct room=Some(37) kind=Floor mean=0.074815 peak=0.303670 shoulder_fraction=0.000000
[transport-audit] stage=direct room=Some(38) kind=Floor mean=0.063953 peak=0.190721 shoulder_fraction=0.000000
[transport-audit] stage=direct room=Some(39) kind=Floor mean=0.060306 peak=0.303374 shoulder_fraction=0.000000
[transport-audit] stage=direct room=Some(4) kind=Floor mean=0.028586 peak=0.086090 shoulder_fraction=0.000000
[transport-audit] stage=direct room=Some(40) kind=Floor mean=0.064742 peak=0.162158 shoulder_fraction=0.000000
[transport-audit] stage=direct room=Some(40) kind=Wall mean=0.001168 peak=0.049007 shoulder_fraction=0.000000
[transport-audit] stage=direct room=Some(41) kind=Floor mean=0.038024 peak=0.095480 shoulder_fraction=0.000000
[transport-audit] stage=direct room=Some(41) kind=Wall mean=0.000098 peak=0.008714 shoulder_fraction=0.000000
[transport-audit] stage=direct room=Some(42) kind=Floor mean=0.068332 peak=0.227407 shoulder_fraction=0.000000
[transport-audit] stage=direct room=Some(42) kind=Wall mean=0.018109 peak=0.049007 shoulder_fraction=0.000000
[transport-audit] stage=direct room=Some(43) kind=Floor mean=0.070911 peak=0.275869 shoulder_fraction=0.000000
[transport-audit] stage=direct room=Some(43) kind=Wall mean=0.000904 peak=0.049007 shoulder_fraction=0.000000
[transport-audit] stage=direct room=Some(44) kind=Floor mean=0.056904 peak=0.304103 shoulder_fraction=0.000000
[transport-audit] stage=direct room=Some(44) kind=Wall mean=0.001215 peak=0.049229 shoulder_fraction=0.000000
[transport-audit] stage=direct room=Some(45) kind=Floor mean=0.063612 peak=0.095498 shoulder_fraction=0.000000
[transport-audit] stage=direct room=Some(46) kind=Floor mean=0.132414 peak=0.913119 shoulder_fraction=0.000000
[transport-audit] stage=direct room=Some(46) kind=Skirt mean=0.031147 peak=0.116865 shoulder_fraction=0.000000
[transport-audit] stage=direct room=Some(46) kind=Wall mean=0.097890 peak=0.223086 shoulder_fraction=0.000000
[transport-audit] stage=direct room=Some(47) kind=Floor mean=0.129393 peak=0.884435 shoulder_fraction=0.000000
[transport-audit] stage=direct room=Some(47) kind=Skirt mean=0.034347 peak=0.116865 shoulder_fraction=0.000000
[transport-audit] stage=direct room=Some(47) kind=Wall mean=0.083190 peak=0.223093 shoulder_fraction=0.000000
[transport-audit] stage=direct room=Some(48) kind=Floor mean=0.127868 peak=0.884434 shoulder_fraction=0.000000
[transport-audit] stage=direct room=Some(48) kind=Skirt mean=0.030990 peak=0.116865 shoulder_fraction=0.000000
[transport-audit] stage=direct room=Some(48) kind=Wall mean=0.084218 peak=0.223090 shoulder_fraction=0.000000
[transport-audit] stage=direct room=Some(49) kind=Floor mean=0.084973 peak=0.232891 shoulder_fraction=0.000000
[transport-audit] stage=direct room=Some(49) kind=Wall mean=0.023428 peak=0.103437 shoulder_fraction=0.000000
[transport-audit] stage=direct room=Some(5) kind=Floor mean=0.032856 peak=0.190526 shoulder_fraction=0.000000
[transport-audit] stage=direct room=Some(50) kind=Floor mean=0.112971 peak=0.232780 shoulder_fraction=0.000000
[transport-audit] stage=direct room=Some(50) kind=Wall mean=0.034250 peak=0.134748 shoulder_fraction=0.000000
[transport-audit] stage=direct room=Some(51) kind=Floor mean=0.113173 peak=0.232891 shoulder_fraction=0.000000
[transport-audit] stage=direct room=Some(51) kind=Wall mean=0.034258 peak=0.134748 shoulder_fraction=0.000000
[transport-audit] stage=direct room=Some(52) kind=Floor mean=0.113265 peak=0.232780 shoulder_fraction=0.000000
[transport-audit] stage=direct room=Some(52) kind=Wall mean=0.034355 peak=0.134748 shoulder_fraction=0.000000
[transport-audit] stage=direct room=Some(53) kind=Floor mean=0.095954 peak=0.232891 shoulder_fraction=0.000000
[transport-audit] stage=direct room=Some(53) kind=Wall mean=0.044764 peak=0.134748 shoulder_fraction=0.000000
[transport-audit] stage=direct room=Some(6) kind=Floor mean=0.024481 peak=0.195370 shoulder_fraction=0.000000
[transport-audit] stage=direct room=Some(7) kind=Floor mean=0.023670 peak=0.086090 shoulder_fraction=0.000000
[transport-audit] stage=direct room=Some(8) kind=Floor mean=0.036652 peak=0.086090 shoulder_fraction=0.000000
[transport-audit] stage=direct room=Some(9) kind=Floor mean=0.022502 peak=0.086090 shoulder_fraction=0.000000
[transport-audit] stage=bounced room=None kind=Prop mean=0.093426 peak=1.860612 shoulder_fraction=0.000351
[transport-audit] stage=bounced room=Some(0) kind=Ceiling mean=0.872034 peak=1.784967 shoulder_fraction=0.044635
[transport-audit] stage=bounced room=Some(0) kind=Floor mean=0.780500 peak=1.918176 shoulder_fraction=0.235860
[transport-audit] stage=bounced room=Some(0) kind=Skirt mean=0.246062 peak=1.130850 shoulder_fraction=0.000000
[transport-audit] stage=bounced room=Some(0) kind=Wall mean=0.935671 peak=1.764951 shoulder_fraction=0.072309
[transport-audit] stage=bounced room=Some(1) kind=Ceiling mean=0.867565 peak=1.849640 shoulder_fraction=0.046405
[transport-audit] stage=bounced room=Some(1) kind=Floor mean=0.780587 peak=1.924570 shoulder_fraction=0.241521
[transport-audit] stage=bounced room=Some(1) kind=Skirt mean=0.238668 peak=1.118447 shoulder_fraction=0.000000
[transport-audit] stage=bounced room=Some(1) kind=Wall mean=0.935958 peak=1.773162 shoulder_fraction=0.074588
[transport-audit] stage=bounced room=Some(10) kind=Floor mean=0.080539 peak=0.191378 shoulder_fraction=0.000000
[transport-audit] stage=bounced room=Some(11) kind=Floor mean=0.119001 peak=0.198215 shoulder_fraction=0.000000
[transport-audit] stage=bounced room=Some(12) kind=Floor mean=0.189660 peak=0.698762 shoulder_fraction=0.000000
[transport-audit] stage=bounced room=Some(13) kind=Floor mean=0.241852 peak=0.720808 shoulder_fraction=0.000000
[transport-audit] stage=bounced room=Some(14) kind=Floor mean=0.099460 peak=0.190816 shoulder_fraction=0.000000
[transport-audit] stage=bounced room=Some(15) kind=Floor mean=0.111739 peak=0.189293 shoulder_fraction=0.000000
[transport-audit] stage=bounced room=Some(16) kind=Floor mean=0.118275 peak=0.183533 shoulder_fraction=0.000000
[transport-audit] stage=bounced room=Some(17) kind=Floor mean=0.122082 peak=0.193297 shoulder_fraction=0.000000
[transport-audit] stage=bounced room=Some(18) kind=Floor mean=0.088668 peak=0.184690 shoulder_fraction=0.000000
[transport-audit] stage=bounced room=Some(19) kind=Floor mean=0.170223 peak=0.427893 shoulder_fraction=0.000000
[transport-audit] stage=bounced room=Some(2) kind=Ceiling mean=0.866809 peak=1.756474 shoulder_fraction=0.042403
[transport-audit] stage=bounced room=Some(2) kind=Floor mean=0.777581 peak=1.902641 shoulder_fraction=0.234516
[transport-audit] stage=bounced room=Some(2) kind=Skirt mean=0.235382 peak=1.125066 shoulder_fraction=0.000000
[transport-audit] stage=bounced room=Some(2) kind=Wall mean=0.927243 peak=1.753679 shoulder_fraction=0.069002
[transport-audit] stage=bounced room=Some(20) kind=Floor mean=0.180742 peak=0.403219 shoulder_fraction=0.000000
[transport-audit] stage=bounced room=Some(21) kind=Floor mean=0.153494 peak=0.195599 shoulder_fraction=0.000000
[transport-audit] stage=bounced room=Some(22) kind=Floor mean=0.130916 peak=0.191499 shoulder_fraction=0.000000
[transport-audit] stage=bounced room=Some(23) kind=Floor mean=0.100374 peak=0.186339 shoulder_fraction=0.000000
[transport-audit] stage=bounced room=Some(24) kind=Floor mean=0.089903 peak=0.193088 shoulder_fraction=0.000000
[transport-audit] stage=bounced room=Some(25) kind=Floor mean=0.121311 peak=0.189219 shoulder_fraction=0.000000
[transport-audit] stage=bounced room=Some(25) kind=Skirt mean=0.093232 peak=0.157558 shoulder_fraction=0.000000
[transport-audit] stage=bounced room=Some(26) kind=Floor mean=0.154900 peak=0.349238 shoulder_fraction=0.000000
[transport-audit] stage=bounced room=Some(26) kind=Skirt mean=0.075714 peak=0.141896 shoulder_fraction=0.000000
[transport-audit] stage=bounced room=Some(27) kind=Floor mean=0.197643 peak=0.392180 shoulder_fraction=0.000000
[transport-audit] stage=bounced room=Some(28) kind=Floor mean=0.129721 peak=0.205560 shoulder_fraction=0.000000
[transport-audit] stage=bounced room=Some(29) kind=Floor mean=0.162727 peak=0.274801 shoulder_fraction=0.000000
[transport-audit] stage=bounced room=Some(3) kind=Ceiling mean=0.872348 peak=1.790918 shoulder_fraction=0.045406
[transport-audit] stage=bounced room=Some(3) kind=Floor mean=0.781305 peak=1.922613 shoulder_fraction=0.236585
[transport-audit] stage=bounced room=Some(3) kind=Skirt mean=0.269965 peak=1.152679 shoulder_fraction=0.000000
[transport-audit] stage=bounced room=Some(3) kind=Wall mean=0.938631 peak=1.765975 shoulder_fraction=0.074040
[transport-audit] stage=bounced room=Some(30) kind=Floor mean=0.140795 peak=0.400985 shoulder_fraction=0.000000
[transport-audit] stage=bounced room=Some(31) kind=Floor mean=0.082972 peak=0.284077 shoulder_fraction=0.000000
[transport-audit] stage=bounced room=Some(32) kind=Floor mean=0.108123 peak=0.254097 shoulder_fraction=0.000000
[transport-audit] stage=bounced room=Some(32) kind=Skirt mean=0.064363 peak=0.166071 shoulder_fraction=0.000000
[transport-audit] stage=bounced room=Some(33) kind=Floor mean=0.162922 peak=0.413115 shoulder_fraction=0.000000
[transport-audit] stage=bounced room=Some(33) kind=Skirt mean=0.066118 peak=0.127095 shoulder_fraction=0.000000
[transport-audit] stage=bounced room=Some(34) kind=Floor mean=0.156085 peak=0.326255 shoulder_fraction=0.000000
[transport-audit] stage=bounced room=Some(35) kind=Floor mean=0.151547 peak=0.363092 shoulder_fraction=0.000000
[transport-audit] stage=bounced room=Some(36) kind=Floor mean=0.165220 peak=0.407008 shoulder_fraction=0.000000
[transport-audit] stage=bounced room=Some(37) kind=Floor mean=0.154938 peak=0.404162 shoulder_fraction=0.000000
[transport-audit] stage=bounced room=Some(38) kind=Floor mean=0.142504 peak=0.284437 shoulder_fraction=0.000000
[transport-audit] stage=bounced room=Some(39) kind=Floor mean=0.129778 peak=0.400654 shoulder_fraction=0.000000
[transport-audit] stage=bounced room=Some(4) kind=Floor mean=0.080965 peak=0.187909 shoulder_fraction=0.000000
[transport-audit] stage=bounced room=Some(40) kind=Floor mean=0.148682 peak=0.252847 shoulder_fraction=0.000000
[transport-audit] stage=bounced room=Some(40) kind=Wall mean=0.074929 peak=0.174118 shoulder_fraction=0.000000
[transport-audit] stage=bounced room=Some(41) kind=Floor mean=0.100498 peak=0.202611 shoulder_fraction=0.000000
[transport-audit] stage=bounced room=Some(41) kind=Wall mean=0.050228 peak=0.122476 shoulder_fraction=0.000000
[transport-audit] stage=bounced room=Some(42) kind=Floor mean=0.143633 peak=0.314053 shoulder_fraction=0.000000
[transport-audit] stage=bounced room=Some(42) kind=Wall mean=0.094580 peak=0.175374 shoulder_fraction=0.000000
[transport-audit] stage=bounced room=Some(43) kind=Floor mean=0.154217 peak=0.382491 shoulder_fraction=0.000000
[transport-audit] stage=bounced room=Some(43) kind=Wall mean=0.075368 peak=0.181725 shoulder_fraction=0.000000
[transport-audit] stage=bounced room=Some(44) kind=Floor mean=0.131410 peak=0.410078 shoulder_fraction=0.000000
[transport-audit] stage=bounced room=Some(44) kind=Wall mean=0.074961 peak=0.174230 shoulder_fraction=0.000000
[transport-audit] stage=bounced room=Some(45) kind=Floor mean=0.148153 peak=0.207922 shoulder_fraction=0.000000
[transport-audit] stage=bounced room=Some(46) kind=Floor mean=0.220620 peak=1.174129 shoulder_fraction=0.000000
[transport-audit] stage=bounced room=Some(46) kind=Skirt mean=0.169166 peak=0.501202 shoulder_fraction=0.000000
[transport-audit] stage=bounced room=Some(46) kind=Wall mean=0.231538 peak=0.436992 shoulder_fraction=0.000000
[transport-audit] stage=bounced room=Some(47) kind=Floor mean=0.222677 peak=1.141824 shoulder_fraction=0.000000
[transport-audit] stage=bounced room=Some(47) kind=Skirt mean=0.175506 peak=0.494283 shoulder_fraction=0.000000
[transport-audit] stage=bounced room=Some(47) kind=Wall mean=0.203357 peak=0.418368 shoulder_fraction=0.000000
[transport-audit] stage=bounced room=Some(48) kind=Floor mean=0.215113 peak=1.220735 shoulder_fraction=0.000000
[transport-audit] stage=bounced room=Some(48) kind=Skirt mean=0.164862 peak=0.487666 shoulder_fraction=0.000000
[transport-audit] stage=bounced room=Some(48) kind=Wall mean=0.218681 peak=0.420570 shoulder_fraction=0.000000
[transport-audit] stage=bounced room=Some(49) kind=Floor mean=0.170547 peak=0.351365 shoulder_fraction=0.000000
[transport-audit] stage=bounced room=Some(49) kind=Wall mean=0.106340 peak=0.255408 shoulder_fraction=0.000000
[transport-audit] stage=bounced room=Some(5) kind=Floor mean=0.079920 peak=0.290498 shoulder_fraction=0.000000
[transport-audit] stage=bounced room=Some(50) kind=Floor mean=0.223096 peak=0.356328 shoulder_fraction=0.000000
[transport-audit] stage=bounced room=Some(50) kind=Wall mean=0.132284 peak=0.300633 shoulder_fraction=0.000000
[transport-audit] stage=bounced room=Some(51) kind=Floor mean=0.222635 peak=0.357944 shoulder_fraction=0.000000
[transport-audit] stage=bounced room=Some(51) kind=Wall mean=0.130758 peak=0.298882 shoulder_fraction=0.000000
[transport-audit] stage=bounced room=Some(52) kind=Floor mean=0.223466 peak=0.359739 shoulder_fraction=0.000000
[transport-audit] stage=bounced room=Some(52) kind=Wall mean=0.133355 peak=0.300462 shoulder_fraction=0.000000
[transport-audit] stage=bounced room=Some(53) kind=Floor mean=0.191280 peak=0.355817 shoulder_fraction=0.000000
[transport-audit] stage=bounced room=Some(53) kind=Wall mean=0.153098 peak=0.302601 shoulder_fraction=0.000000
[transport-audit] stage=bounced room=Some(6) kind=Floor mean=0.063429 peak=0.301419 shoulder_fraction=0.000000
[transport-audit] stage=bounced room=Some(7) kind=Floor mean=0.063512 peak=0.177305 shoulder_fraction=0.000000
[transport-audit] stage=bounced room=Some(8) kind=Floor mean=0.090918 peak=0.181377 shoulder_fraction=0.000000
[transport-audit] stage=bounced room=Some(9) kind=Floor mean=0.060498 peak=0.175519 shoulder_fraction=0.000000
[transport-audit] stage=indirect room=None kind=Prop mean=0.067862 peak=1.167059 shoulder_fraction=0.000000
[transport-audit] stage=indirect room=Some(0) kind=Ceiling mean=0.682790 peak=1.030849 shoulder_fraction=0.000000
[transport-audit] stage=indirect room=Some(0) kind=Floor mean=0.345960 peak=0.807441 shoulder_fraction=0.000000
[transport-audit] stage=indirect room=Some(0) kind=Skirt mean=0.151991 peak=0.701000 shoulder_fraction=0.000000
[transport-audit] stage=indirect room=Some(0) kind=Wall mean=0.566536 peak=1.078798 shoulder_fraction=0.000000
[transport-audit] stage=indirect room=Some(1) kind=Ceiling mean=0.678309 peak=1.026203 shoulder_fraction=0.000000
[transport-audit] stage=indirect room=Some(1) kind=Floor mean=0.346811 peak=0.814964 shoulder_fraction=0.000000
[transport-audit] stage=indirect room=Some(1) kind=Skirt mean=0.144417 peak=0.671276 shoulder_fraction=0.000000
[transport-audit] stage=indirect room=Some(1) kind=Wall mean=0.566090 peak=1.109734 shoulder_fraction=0.000000
[transport-audit] stage=indirect room=Some(10) kind=Floor mean=0.048130 peak=0.105287 shoulder_fraction=0.000000
[transport-audit] stage=indirect room=Some(11) kind=Floor mean=0.068970 peak=0.112124 shoulder_fraction=0.000000
[transport-audit] stage=indirect room=Some(12) kind=Floor mean=0.079514 peak=0.164214 shoulder_fraction=0.000000
[transport-audit] stage=indirect room=Some(13) kind=Floor mean=0.087638 peak=0.151187 shoulder_fraction=0.000000
[transport-audit] stage=indirect room=Some(14) kind=Floor mean=0.056257 peak=0.104726 shoulder_fraction=0.000000
[transport-audit] stage=indirect room=Some(15) kind=Floor mean=0.063272 peak=0.103203 shoulder_fraction=0.000000
[transport-audit] stage=indirect room=Some(16) kind=Floor mean=0.064632 peak=0.097442 shoulder_fraction=0.000000
[transport-audit] stage=indirect room=Some(17) kind=Floor mean=0.067076 peak=0.107206 shoulder_fraction=0.000000
[transport-audit] stage=indirect room=Some(18) kind=Floor mean=0.054789 peak=0.106064 shoulder_fraction=0.000000
[transport-audit] stage=indirect room=Some(19) kind=Floor mean=0.079272 peak=0.125795 shoulder_fraction=0.000000
[transport-audit] stage=indirect room=Some(2) kind=Ceiling mean=0.677555 peak=1.021240 shoulder_fraction=0.000000
[transport-audit] stage=indirect room=Some(2) kind=Floor mean=0.344168 peak=0.795267 shoulder_fraction=0.000000
[transport-audit] stage=indirect room=Some(2) kind=Skirt mean=0.144366 peak=0.688236 shoulder_fraction=0.000000
[transport-audit] stage=indirect room=Some(2) kind=Wall mean=0.558438 peak=1.035309 shoulder_fraction=0.000000
[transport-audit] stage=indirect room=Some(20) kind=Floor mean=0.091392 peak=0.112426 shoulder_fraction=0.000000
[transport-audit] stage=indirect room=Some(21) kind=Floor mean=0.084702 peak=0.109509 shoulder_fraction=0.000000
[transport-audit] stage=indirect room=Some(22) kind=Floor mean=0.069422 peak=0.105409 shoulder_fraction=0.000000
[transport-audit] stage=indirect room=Some(23) kind=Floor mean=0.057347 peak=0.100248 shoulder_fraction=0.000000
[transport-audit] stage=indirect room=Some(24) kind=Floor mean=0.052411 peak=0.106998 shoulder_fraction=0.000000
[transport-audit] stage=indirect room=Some(25) kind=Floor mean=0.068422 peak=0.106479 shoulder_fraction=0.000000
[transport-audit] stage=indirect room=Some(25) kind=Skirt mean=0.078851 peak=0.110327 shoulder_fraction=0.000000
[transport-audit] stage=indirect room=Some(26) kind=Floor mean=0.083676 peak=0.109921 shoulder_fraction=0.000000
[transport-audit] stage=indirect room=Some(26) kind=Skirt mean=0.069219 peak=0.108861 shoulder_fraction=0.000000
[transport-audit] stage=indirect room=Some(27) kind=Floor mean=0.099668 peak=0.112800 shoulder_fraction=0.000000
[transport-audit] stage=indirect room=Some(28) kind=Floor mean=0.074733 peak=0.111297 shoulder_fraction=0.000000
[transport-audit] stage=indirect room=Some(29) kind=Floor mean=0.089787 peak=0.116973 shoulder_fraction=0.000000
[transport-audit] stage=indirect room=Some(3) kind=Ceiling mean=0.683105 peak=1.026372 shoulder_fraction=0.000000
[transport-audit] stage=indirect room=Some(3) kind=Floor mean=0.347760 peak=0.810857 shoulder_fraction=0.000000
[transport-audit] stage=indirect room=Some(3) kind=Skirt mean=0.172245 peak=0.718538 shoulder_fraction=0.000000
[transport-audit] stage=indirect room=Some(3) kind=Wall mean=0.568663 peak=1.089175 shoulder_fraction=0.000000
[transport-audit] stage=indirect room=Some(30) kind=Floor mean=0.074909 peak=0.105107 shoulder_fraction=0.000000
[transport-audit] stage=indirect room=Some(31) kind=Floor mean=0.048707 peak=0.107162 shoulder_fraction=0.000000
[transport-audit] stage=indirect room=Some(32) kind=Floor mean=0.064569 peak=0.115696 shoulder_fraction=0.000000
[transport-audit] stage=indirect room=Some(32) kind=Skirt mean=0.059338 peak=0.114420 shoulder_fraction=0.000000
[transport-audit] stage=indirect room=Some(33) kind=Floor mean=0.079864 peak=0.139772 shoulder_fraction=0.000000
[transport-audit] stage=indirect room=Some(33) kind=Skirt mean=0.066118 peak=0.127095 shoulder_fraction=0.000000
[transport-audit] stage=indirect room=Some(34) kind=Floor mean=0.086337 peak=0.110965 shoulder_fraction=0.000000
[transport-audit] stage=indirect room=Some(35) kind=Floor mean=0.082263 peak=0.109089 shoulder_fraction=0.000000
[transport-audit] stage=indirect room=Some(36) kind=Floor mean=0.081828 peak=0.113022 shoulder_fraction=0.000000
[transport-audit] stage=indirect room=Some(37) kind=Floor mean=0.080124 peak=0.112443 shoulder_fraction=0.000000
[transport-audit] stage=indirect room=Some(38) kind=Floor mean=0.078553 peak=0.112425 shoulder_fraction=0.000000
[transport-audit] stage=indirect room=Some(39) kind=Floor mean=0.069473 peak=0.111675 shoulder_fraction=0.000000
[transport-audit] stage=indirect room=Some(4) kind=Floor mean=0.052380 peak=0.110592 shoulder_fraction=0.000000
[transport-audit] stage=indirect room=Some(40) kind=Floor mean=0.083949 peak=0.114264 shoulder_fraction=0.000000
[transport-audit] stage=indirect room=Some(40) kind=Wall mean=0.073761 peak=0.127628 shoulder_fraction=0.000000
[transport-audit] stage=indirect room=Some(41) kind=Floor mean=0.062473 peak=0.113505 shoulder_fraction=0.000000
[transport-audit] stage=indirect room=Some(41) kind=Wall mean=0.050131 peak=0.115454 shoulder_fraction=0.000000
[transport-audit] stage=indirect room=Some(42) kind=Floor mean=0.075300 peak=0.107280 shoulder_fraction=0.000000
[transport-audit] stage=indirect room=Some(42) kind=Wall mean=0.076471 peak=0.128268 shoulder_fraction=0.000000
[transport-audit] stage=indirect room=Some(43) kind=Floor mean=0.083305 peak=0.112736 shoulder_fraction=0.000000
[transport-audit] stage=indirect room=Some(43) kind=Wall mean=0.074464 peak=0.133383 shoulder_fraction=0.000000
[transport-audit] stage=indirect room=Some(44) kind=Floor mean=0.074508 peak=0.112804 shoulder_fraction=0.000000
[transport-audit] stage=indirect room=Some(44) kind=Wall mean=0.073746 peak=0.126641 shoulder_fraction=0.000000
[transport-audit] stage=indirect room=Some(45) kind=Floor mean=0.084536 peak=0.115705 shoulder_fraction=0.000000
[transport-audit] stage=indirect room=Some(46) kind=Floor mean=0.088207 peak=0.309111 shoulder_fraction=0.000000
[transport-audit] stage=indirect room=Some(46) kind=Skirt mean=0.138019 peak=0.396740 shoulder_fraction=0.000000
[transport-audit] stage=indirect room=Some(46) kind=Wall mean=0.133648 peak=0.248499 shoulder_fraction=0.000000
[transport-audit] stage=indirect room=Some(47) kind=Floor mean=0.093284 peak=0.302168 shoulder_fraction=0.000000
[transport-audit] stage=indirect room=Some(47) kind=Skirt mean=0.141160 peak=0.398476 shoulder_fraction=0.000000
[transport-audit] stage=indirect room=Some(47) kind=Wall mean=0.120168 peak=0.232576 shoulder_fraction=0.000000
[transport-audit] stage=indirect room=Some(48) kind=Floor mean=0.087241 peak=0.371575 shoulder_fraction=0.000000
[transport-audit] stage=indirect room=Some(48) kind=Skirt mean=0.133873 peak=0.396002 shoulder_fraction=0.000000
[transport-audit] stage=indirect room=Some(48) kind=Wall mean=0.134463 peak=0.311790 shoulder_fraction=0.000000
[transport-audit] stage=indirect room=Some(49) kind=Floor mean=0.085578 peak=0.119881 shoulder_fraction=0.000000
[transport-audit] stage=indirect room=Some(49) kind=Wall mean=0.082912 peak=0.180090 shoulder_fraction=0.000000
[transport-audit] stage=indirect room=Some(5) kind=Floor mean=0.047063 peak=0.145821 shoulder_fraction=0.000000
[transport-audit] stage=indirect room=Some(50) kind=Floor mean=0.110129 peak=0.176825 shoulder_fraction=0.000000
[transport-audit] stage=indirect room=Some(50) kind=Wall mean=0.098034 peak=0.190145 shoulder_fraction=0.000000
[transport-audit] stage=indirect room=Some(51) kind=Floor mean=0.109468 peak=0.178673 shoulder_fraction=0.000000
[transport-audit] stage=indirect room=Some(51) kind=Wall mean=0.096500 peak=0.189349 shoulder_fraction=0.000000
[transport-audit] stage=indirect room=Some(52) kind=Floor mean=0.110204 peak=0.181806 shoulder_fraction=0.000000
[transport-audit] stage=indirect room=Some(52) kind=Wall mean=0.099001 peak=0.191080 shoulder_fraction=0.000000
[transport-audit] stage=indirect room=Some(53) kind=Floor mean=0.095332 peak=0.176716 shoulder_fraction=0.000000
[transport-audit] stage=indirect room=Some(53) kind=Wall mean=0.108333 peak=0.192538 shoulder_fraction=0.000000
[transport-audit] stage=indirect room=Some(6) kind=Floor mean=0.038947 peak=0.138814 shoulder_fraction=0.000000
[transport-audit] stage=indirect room=Some(7) kind=Floor mean=0.039844 peak=0.092067 shoulder_fraction=0.000000
[transport-audit] stage=indirect room=Some(8) kind=Floor mean=0.054265 peak=0.095287 shoulder_fraction=0.000000
[transport-audit] stage=indirect room=Some(9) kind=Floor mean=0.037997 peak=0.091964 shoulder_fraction=0.000000
[transport-audit] stage=filtered room=None kind=Prop mean=0.093499 peak=1.867089 shoulder_fraction=0.000350
[transport-audit] stage=filtered room=Some(0) kind=Ceiling mean=0.872046 peak=1.789158 shoulder_fraction=0.044327
[transport-audit] stage=filtered room=Some(0) kind=Floor mean=0.780555 peak=1.915006 shoulder_fraction=0.235557
[transport-audit] stage=filtered room=Some(0) kind=Skirt mean=0.246412 peak=1.115091 shoulder_fraction=0.000000
[transport-audit] stage=filtered room=Some(0) kind=Wall mean=0.935676 peak=1.757913 shoulder_fraction=0.071993
[transport-audit] stage=filtered room=Some(1) kind=Ceiling mean=0.867580 peak=1.856725 shoulder_fraction=0.046251
[transport-audit] stage=filtered room=Some(1) kind=Floor mean=0.780633 peak=1.920865 shoulder_fraction=0.241053
[transport-audit] stage=filtered room=Some(1) kind=Skirt mean=0.239214 peak=1.102006 shoulder_fraction=0.000000
[transport-audit] stage=filtered room=Some(1) kind=Wall mean=0.935962 peak=1.765130 shoulder_fraction=0.074637
[transport-audit] stage=filtered room=Some(10) kind=Floor mean=0.080544 peak=0.191123 shoulder_fraction=0.000000
[transport-audit] stage=filtered room=Some(11) kind=Floor mean=0.119004 peak=0.194590 shoulder_fraction=0.000000
[transport-audit] stage=filtered room=Some(12) kind=Floor mean=0.189662 peak=0.698433 shoulder_fraction=0.000000
[transport-audit] stage=filtered room=Some(13) kind=Floor mean=0.241856 peak=0.717297 shoulder_fraction=0.000000
[transport-audit] stage=filtered room=Some(14) kind=Floor mean=0.099462 peak=0.188603 shoulder_fraction=0.000000
[transport-audit] stage=filtered room=Some(15) kind=Floor mean=0.111741 peak=0.186600 shoulder_fraction=0.000000
[transport-audit] stage=filtered room=Some(16) kind=Floor mean=0.118274 peak=0.181732 shoulder_fraction=0.000000
[transport-audit] stage=filtered room=Some(17) kind=Floor mean=0.122088 peak=0.191266 shoulder_fraction=0.000000
[transport-audit] stage=filtered room=Some(18) kind=Floor mean=0.088677 peak=0.183171 shoulder_fraction=0.000000
[transport-audit] stage=filtered room=Some(19) kind=Floor mean=0.170229 peak=0.422836 shoulder_fraction=0.000000
[transport-audit] stage=filtered room=Some(2) kind=Ceiling mean=0.866814 peak=1.763483 shoulder_fraction=0.042095
[transport-audit] stage=filtered room=Some(2) kind=Floor mean=0.777631 peak=1.899567 shoulder_fraction=0.233574
[transport-audit] stage=filtered room=Some(2) kind=Skirt mean=0.235641 peak=1.116014 shoulder_fraction=0.000000
[transport-audit] stage=filtered room=Some(2) kind=Wall mean=0.927256 peak=1.745656 shoulder_fraction=0.068961
[transport-audit] stage=filtered room=Some(20) kind=Floor mean=0.180745 peak=0.397910 shoulder_fraction=0.000000
[transport-audit] stage=filtered room=Some(21) kind=Floor mean=0.153498 peak=0.194041 shoulder_fraction=0.000000
[transport-audit] stage=filtered room=Some(22) kind=Floor mean=0.130921 peak=0.189981 shoulder_fraction=0.000000
[transport-audit] stage=filtered room=Some(23) kind=Floor mean=0.100380 peak=0.185579 shoulder_fraction=0.000000
[transport-audit] stage=filtered room=Some(24) kind=Floor mean=0.089909 peak=0.191116 shoulder_fraction=0.000000
[transport-audit] stage=filtered room=Some(25) kind=Floor mean=0.121323 peak=0.187902 shoulder_fraction=0.000000
[transport-audit] stage=filtered room=Some(25) kind=Skirt mean=0.093268 peak=0.150493 shoulder_fraction=0.000000
[transport-audit] stage=filtered room=Some(26) kind=Floor mean=0.154904 peak=0.348811 shoulder_fraction=0.000000
[transport-audit] stage=filtered room=Some(26) kind=Skirt mean=0.075717 peak=0.139178 shoulder_fraction=0.000000
[transport-audit] stage=filtered room=Some(27) kind=Floor mean=0.197641 peak=0.390779 shoulder_fraction=0.000000
[transport-audit] stage=filtered room=Some(28) kind=Floor mean=0.129726 peak=0.204591 shoulder_fraction=0.000000
[transport-audit] stage=filtered room=Some(29) kind=Floor mean=0.162723 peak=0.273336 shoulder_fraction=0.000000
[transport-audit] stage=filtered room=Some(3) kind=Ceiling mean=0.872358 peak=1.796921 shoulder_fraction=0.045406
[transport-audit] stage=filtered room=Some(3) kind=Floor mean=0.781358 peak=1.919477 shoulder_fraction=0.236513
[transport-audit] stage=filtered room=Some(3) kind=Skirt mean=0.270271 peak=1.147612 shoulder_fraction=0.000000
[transport-audit] stage=filtered room=Some(3) kind=Wall mean=0.938644 peak=1.757301 shoulder_fraction=0.073764
[transport-audit] stage=filtered room=Some(30) kind=Floor mean=0.140796 peak=0.397594 shoulder_fraction=0.000000
[transport-audit] stage=filtered room=Some(31) kind=Floor mean=0.082977 peak=0.284880 shoulder_fraction=0.000000
[transport-audit] stage=filtered room=Some(32) kind=Floor mean=0.108125 peak=0.252443 shoulder_fraction=0.000000
[transport-audit] stage=filtered room=Some(32) kind=Skirt mean=0.064395 peak=0.164060 shoulder_fraction=0.000000
[transport-audit] stage=filtered room=Some(33) kind=Floor mean=0.162930 peak=0.410719 shoulder_fraction=0.000000
[transport-audit] stage=filtered room=Some(33) kind=Skirt mean=0.066146 peak=0.120530 shoulder_fraction=0.000000
[transport-audit] stage=filtered room=Some(34) kind=Floor mean=0.156087 peak=0.323588 shoulder_fraction=0.000000
[transport-audit] stage=filtered room=Some(35) kind=Floor mean=0.151549 peak=0.361514 shoulder_fraction=0.000000
[transport-audit] stage=filtered room=Some(36) kind=Floor mean=0.165225 peak=0.403999 shoulder_fraction=0.000000
[transport-audit] stage=filtered room=Some(37) kind=Floor mean=0.154944 peak=0.399858 shoulder_fraction=0.000000
[transport-audit] stage=filtered room=Some(38) kind=Floor mean=0.142511 peak=0.283832 shoulder_fraction=0.000000
[transport-audit] stage=filtered room=Some(39) kind=Floor mean=0.129784 peak=0.396872 shoulder_fraction=0.000000
[transport-audit] stage=filtered room=Some(4) kind=Floor mean=0.080974 peak=0.186798 shoulder_fraction=0.000000
[transport-audit] stage=filtered room=Some(40) kind=Floor mean=0.148688 peak=0.254228 shoulder_fraction=0.000000
[transport-audit] stage=filtered room=Some(40) kind=Wall mean=0.074976 peak=0.172443 shoulder_fraction=0.000000
[transport-audit] stage=filtered room=Some(41) kind=Floor mean=0.100500 peak=0.202298 shoulder_fraction=0.000000
[transport-audit] stage=filtered room=Some(41) kind=Wall mean=0.050255 peak=0.116212 shoulder_fraction=0.000000
[transport-audit] stage=filtered room=Some(42) kind=Floor mean=0.143635 peak=0.312533 shoulder_fraction=0.000000
[transport-audit] stage=filtered room=Some(42) kind=Wall mean=0.094728 peak=0.173070 shoulder_fraction=0.000000
[transport-audit] stage=filtered room=Some(43) kind=Floor mean=0.154224 peak=0.382293 shoulder_fraction=0.000000
[transport-audit] stage=filtered room=Some(43) kind=Wall mean=0.075415 peak=0.177922 shoulder_fraction=0.000000
[transport-audit] stage=filtered room=Some(44) kind=Floor mean=0.131417 peak=0.404101 shoulder_fraction=0.000000
[transport-audit] stage=filtered room=Some(44) kind=Wall mean=0.074999 peak=0.173492 shoulder_fraction=0.000000
[transport-audit] stage=filtered room=Some(45) kind=Floor mean=0.148160 peak=0.207109 shoulder_fraction=0.000000
[transport-audit] stage=filtered room=Some(46) kind=Floor mean=0.220626 peak=1.173880 shoulder_fraction=0.000000
[transport-audit] stage=filtered room=Some(46) kind=Skirt mean=0.169235 peak=0.490052 shoulder_fraction=0.000000
[transport-audit] stage=filtered room=Some(46) kind=Wall mean=0.231581 peak=0.426485 shoulder_fraction=0.000000
[transport-audit] stage=filtered room=Some(47) kind=Floor mean=0.222682 peak=1.141763 shoulder_fraction=0.000000
[transport-audit] stage=filtered room=Some(47) kind=Skirt mean=0.175569 peak=0.479825 shoulder_fraction=0.000000
[transport-audit] stage=filtered room=Some(47) kind=Wall mean=0.203420 peak=0.411669 shoulder_fraction=0.000000
[transport-audit] stage=filtered room=Some(48) kind=Floor mean=0.215118 peak=1.220135 shoulder_fraction=0.000000
[transport-audit] stage=filtered room=Some(48) kind=Skirt mean=0.164926 peak=0.474304 shoulder_fraction=0.000000
[transport-audit] stage=filtered room=Some(48) kind=Wall mean=0.218718 peak=0.419603 shoulder_fraction=0.000000
[transport-audit] stage=filtered room=Some(49) kind=Floor mean=0.170554 peak=0.350830 shoulder_fraction=0.000000
[transport-audit] stage=filtered room=Some(49) kind=Wall mean=0.106339 peak=0.252142 shoulder_fraction=0.000000
[transport-audit] stage=filtered room=Some(5) kind=Floor mean=0.079927 peak=0.291075 shoulder_fraction=0.000000
[transport-audit] stage=filtered room=Some(50) kind=Floor mean=0.223094 peak=0.355809 shoulder_fraction=0.000000
[transport-audit] stage=filtered room=Some(50) kind=Wall mean=0.132288 peak=0.299808 shoulder_fraction=0.000000
[transport-audit] stage=filtered room=Some(51) kind=Floor mean=0.222638 peak=0.357356 shoulder_fraction=0.000000
[transport-audit] stage=filtered room=Some(51) kind=Wall mean=0.130761 peak=0.297682 shoulder_fraction=0.000000
[transport-audit] stage=filtered room=Some(52) kind=Floor mean=0.223467 peak=0.358741 shoulder_fraction=0.000000
[transport-audit] stage=filtered room=Some(52) kind=Wall mean=0.133362 peak=0.299661 shoulder_fraction=0.000000
[transport-audit] stage=filtered room=Some(53) kind=Floor mean=0.191285 peak=0.356110 shoulder_fraction=0.000000
[transport-audit] stage=filtered room=Some(53) kind=Wall mean=0.153104 peak=0.301016 shoulder_fraction=0.000000
[transport-audit] stage=filtered room=Some(6) kind=Floor mean=0.063439 peak=0.300230 shoulder_fraction=0.000000
[transport-audit] stage=filtered room=Some(7) kind=Floor mean=0.063522 peak=0.175563 shoulder_fraction=0.000000
[transport-audit] stage=filtered room=Some(8) kind=Floor mean=0.090926 peak=0.179425 shoulder_fraction=0.000000
[transport-audit] stage=filtered room=Some(9) kind=Floor mean=0.060506 peak=0.174552 shoulder_fraction=0.000000
[transport-audit] stage=filled room=None kind=Prop mean=0.093499 peak=1.867089 shoulder_fraction=0.000350
[transport-audit] stage=filled room=Some(0) kind=Ceiling mean=0.885260 peak=1.789158 shoulder_fraction=0.044327
[transport-audit] stage=filled room=Some(0) kind=Floor mean=0.781349 peak=1.915006 shoulder_fraction=0.235557
[transport-audit] stage=filled room=Some(0) kind=Skirt mean=0.248883 peak=1.115158 shoulder_fraction=0.000000
[transport-audit] stage=filled room=Some(0) kind=Wall mean=0.938673 peak=1.757913 shoulder_fraction=0.071993
[transport-audit] stage=filled room=Some(1) kind=Ceiling mean=0.881268 peak=1.856725 shoulder_fraction=0.046251
[transport-audit] stage=filled room=Some(1) kind=Floor mean=0.781402 peak=1.920865 shoulder_fraction=0.241053
[transport-audit] stage=filled room=Some(1) kind=Skirt mean=0.241389 peak=1.102096 shoulder_fraction=0.000000
[transport-audit] stage=filled room=Some(1) kind=Wall mean=0.938505 peak=1.765130 shoulder_fraction=0.074637
[transport-audit] stage=filled room=Some(10) kind=Floor mean=0.080544 peak=0.191123 shoulder_fraction=0.000000
[transport-audit] stage=filled room=Some(11) kind=Floor mean=0.119004 peak=0.194590 shoulder_fraction=0.000000
[transport-audit] stage=filled room=Some(12) kind=Floor mean=0.189662 peak=0.698433 shoulder_fraction=0.000000
[transport-audit] stage=filled room=Some(13) kind=Floor mean=0.255125 peak=0.739529 shoulder_fraction=0.000000
[transport-audit] stage=filled room=Some(14) kind=Floor mean=0.099462 peak=0.188603 shoulder_fraction=0.000000
[transport-audit] stage=filled room=Some(15) kind=Floor mean=0.111741 peak=0.186600 shoulder_fraction=0.000000
[transport-audit] stage=filled room=Some(16) kind=Floor mean=0.118274 peak=0.181732 shoulder_fraction=0.000000
[transport-audit] stage=filled room=Some(17) kind=Floor mean=0.122088 peak=0.191266 shoulder_fraction=0.000000
[transport-audit] stage=filled room=Some(18) kind=Floor mean=0.088677 peak=0.183171 shoulder_fraction=0.000000
[transport-audit] stage=filled room=Some(19) kind=Floor mean=0.198443 peak=0.504605 shoulder_fraction=0.000000
[transport-audit] stage=filled room=Some(2) kind=Ceiling mean=0.880355 peak=1.763483 shoulder_fraction=0.042095
[transport-audit] stage=filled room=Some(2) kind=Floor mean=0.778388 peak=1.899567 shoulder_fraction=0.233574
[transport-audit] stage=filled room=Some(2) kind=Skirt mean=0.237935 peak=1.116067 shoulder_fraction=0.000000
[transport-audit] stage=filled room=Some(2) kind=Wall mean=0.930051 peak=1.745656 shoulder_fraction=0.068961
[transport-audit] stage=filled room=Some(20) kind=Floor mean=0.185806 peak=0.456344 shoulder_fraction=0.000000
[transport-audit] stage=filled room=Some(21) kind=Floor mean=0.153498 peak=0.194041 shoulder_fraction=0.000000
[transport-audit] stage=filled room=Some(22) kind=Floor mean=0.130921 peak=0.189981 shoulder_fraction=0.000000
[transport-audit] stage=filled room=Some(23) kind=Floor mean=0.100380 peak=0.185579 shoulder_fraction=0.000000
[transport-audit] stage=filled room=Some(24) kind=Floor mean=0.089909 peak=0.191116 shoulder_fraction=0.000000
[transport-audit] stage=filled room=Some(25) kind=Floor mean=0.121323 peak=0.187902 shoulder_fraction=0.000000
[transport-audit] stage=filled room=Some(25) kind=Skirt mean=0.093268 peak=0.150493 shoulder_fraction=0.000000
[transport-audit] stage=filled room=Some(26) kind=Floor mean=0.154904 peak=0.348811 shoulder_fraction=0.000000
[transport-audit] stage=filled room=Some(26) kind=Skirt mean=0.075717 peak=0.139178 shoulder_fraction=0.000000
[transport-audit] stage=filled room=Some(27) kind=Floor mean=0.197641 peak=0.390779 shoulder_fraction=0.000000
[transport-audit] stage=filled room=Some(28) kind=Floor mean=0.129726 peak=0.204591 shoulder_fraction=0.000000
[transport-audit] stage=filled room=Some(29) kind=Floor mean=0.162723 peak=0.273336 shoulder_fraction=0.000000
[transport-audit] stage=filled room=Some(3) kind=Ceiling mean=0.885538 peak=1.796921 shoulder_fraction=0.045406
[transport-audit] stage=filled room=Some(3) kind=Floor mean=0.782110 peak=1.919477 shoulder_fraction=0.236513
[transport-audit] stage=filled room=Some(3) kind=Skirt mean=0.271957 peak=1.147647 shoulder_fraction=0.000000
[transport-audit] stage=filled room=Some(3) kind=Wall mean=0.941331 peak=1.757301 shoulder_fraction=0.073764
[transport-audit] stage=filled room=Some(30) kind=Floor mean=0.141215 peak=0.456041 shoulder_fraction=0.000000
[transport-audit] stage=filled room=Some(31) kind=Floor mean=0.082977 peak=0.284880 shoulder_fraction=0.000000
[transport-audit] stage=filled room=Some(32) kind=Floor mean=0.108125 peak=0.252443 shoulder_fraction=0.000000
[transport-audit] stage=filled room=Some(32) kind=Skirt mean=0.064395 peak=0.164060 shoulder_fraction=0.000000
[transport-audit] stage=filled room=Some(33) kind=Floor mean=0.193651 peak=0.498746 shoulder_fraction=0.000000
[transport-audit] stage=filled room=Some(33) kind=Skirt mean=0.079178 peak=0.284709 shoulder_fraction=0.000000
[transport-audit] stage=filled room=Some(34) kind=Floor mean=0.156087 peak=0.323588 shoulder_fraction=0.000000
[transport-audit] stage=filled room=Some(35) kind=Floor mean=0.156304 peak=0.428584 shoulder_fraction=0.000000
[transport-audit] stage=filled room=Some(36) kind=Floor mean=0.177203 peak=0.463786 shoulder_fraction=0.000000
[transport-audit] stage=filled room=Some(37) kind=Floor mean=0.154944 peak=0.399858 shoulder_fraction=0.000000
[transport-audit] stage=filled room=Some(38) kind=Floor mean=0.142511 peak=0.283832 shoulder_fraction=0.000000
[transport-audit] stage=filled room=Some(39) kind=Floor mean=0.143335 peak=0.455605 shoulder_fraction=0.000000
[transport-audit] stage=filled room=Some(4) kind=Floor mean=0.080974 peak=0.186798 shoulder_fraction=0.000000
[transport-audit] stage=filled room=Some(40) kind=Floor mean=0.148688 peak=0.254228 shoulder_fraction=0.000000
[transport-audit] stage=filled room=Some(40) kind=Wall mean=0.074976 peak=0.172443 shoulder_fraction=0.000000
[transport-audit] stage=filled room=Some(41) kind=Floor mean=0.100500 peak=0.202298 shoulder_fraction=0.000000
[transport-audit] stage=filled room=Some(41) kind=Wall mean=0.050255 peak=0.116212 shoulder_fraction=0.000000
[transport-audit] stage=filled room=Some(42) kind=Floor mean=0.143635 peak=0.312533 shoulder_fraction=0.000000
[transport-audit] stage=filled room=Some(42) kind=Wall mean=0.094728 peak=0.173070 shoulder_fraction=0.000000
[transport-audit] stage=filled room=Some(43) kind=Floor mean=0.154224 peak=0.382293 shoulder_fraction=0.000000
[transport-audit] stage=filled room=Some(43) kind=Wall mean=0.075415 peak=0.177922 shoulder_fraction=0.000000
[transport-audit] stage=filled room=Some(44) kind=Floor mean=0.142402 peak=0.460822 shoulder_fraction=0.000000
[transport-audit] stage=filled room=Some(44) kind=Wall mean=0.074999 peak=0.173492 shoulder_fraction=0.000000
[transport-audit] stage=filled room=Some(45) kind=Floor mean=0.148160 peak=0.207109 shoulder_fraction=0.000000
[transport-audit] stage=filled room=Some(46) kind=Floor mean=0.220731 peak=1.173880 shoulder_fraction=0.000000
[transport-audit] stage=filled room=Some(46) kind=Skirt mean=0.174269 peak=0.490052 shoulder_fraction=0.000000
[transport-audit] stage=filled room=Some(46) kind=Wall mean=0.231792 peak=0.426485 shoulder_fraction=0.000000
[transport-audit] stage=filled room=Some(47) kind=Floor mean=0.222915 peak=1.141763 shoulder_fraction=0.000000
[transport-audit] stage=filled room=Some(47) kind=Skirt mean=0.179628 peak=0.479825 shoulder_fraction=0.000000
[transport-audit] stage=filled room=Some(47) kind=Wall mean=0.203669 peak=0.411669 shoulder_fraction=0.000000
[transport-audit] stage=filled room=Some(48) kind=Floor mean=0.215301 peak=1.220135 shoulder_fraction=0.000000
[transport-audit] stage=filled room=Some(48) kind=Skirt mean=0.170059 peak=0.474304 shoulder_fraction=0.000000
[transport-audit] stage=filled room=Some(48) kind=Wall mean=0.218912 peak=0.419603 shoulder_fraction=0.000000
[transport-audit] stage=filled room=Some(49) kind=Floor mean=0.170554 peak=0.350830 shoulder_fraction=0.000000
[transport-audit] stage=filled room=Some(49) kind=Wall mean=0.106339 peak=0.252142 shoulder_fraction=0.000000
[transport-audit] stage=filled room=Some(5) kind=Floor mean=0.079927 peak=0.291075 shoulder_fraction=0.000000
[transport-audit] stage=filled room=Some(50) kind=Floor mean=0.223094 peak=0.355809 shoulder_fraction=0.000000
[transport-audit] stage=filled room=Some(50) kind=Wall mean=0.132288 peak=0.299808 shoulder_fraction=0.000000
[transport-audit] stage=filled room=Some(51) kind=Floor mean=0.222638 peak=0.357356 shoulder_fraction=0.000000
[transport-audit] stage=filled room=Some(51) kind=Wall mean=0.130761 peak=0.297682 shoulder_fraction=0.000000
[transport-audit] stage=filled room=Some(52) kind=Floor mean=0.223467 peak=0.358741 shoulder_fraction=0.000000
[transport-audit] stage=filled room=Some(52) kind=Wall mean=0.133362 peak=0.299661 shoulder_fraction=0.000000
[transport-audit] stage=filled room=Some(53) kind=Floor mean=0.191285 peak=0.356110 shoulder_fraction=0.000000
[transport-audit] stage=filled room=Some(53) kind=Wall mean=0.153104 peak=0.301016 shoulder_fraction=0.000000
[transport-audit] stage=filled room=Some(6) kind=Floor mean=0.063439 peak=0.300230 shoulder_fraction=0.000000
[transport-audit] stage=filled room=Some(7) kind=Floor mean=0.063522 peak=0.175563 shoulder_fraction=0.000000
[transport-audit] stage=filled room=Some(8) kind=Floor mean=0.090926 peak=0.179425 shoulder_fraction=0.000000
[transport-audit] stage=filled room=Some(9) kind=Floor mean=0.060506 peak=0.174552 shoulder_fraction=0.000000
[transport-timing] base=true taps=3 bounces=2 receivers_ms=2006.450 direct_visibility_ms=25866.661 indirect_ms=246708.636 probes_ms=753.884 filter_ms=5347.317 fill_ms=711.713
[lightmap-timing] atlas_assembly_ms=91.326
[lightmaps] irradiance field probes=18408 valid=13585
{
  "source": "assets/levels/lantern_hollow.json",
  "out": "/Users/connordawkins/Documents/GitHub/Places/target/lighting-quality-pass/performance-final/hollow-bake-after-full.placesmap",
  "rebuilt": true,
  "reuse_reason": "",
  "variants": [
    "full"
  ],
  "bytes": 59638106,
  "millis": 305562.67425,
  "warnings": [],
  "fingerprint": "6090a3c0dca3ef48fe81194530d56704feb6b365b51c87833a6b8b060eed9797",
  "variant_stats": [
    {
      "lightmap_quality": "full",
      "mesh_ranges": 158,
      "mesh_vertices": 9869,
      "prop_batches": 380,
      "lightmap_pages": 8,
      "lightmap_charts": 230117,
      "irradiance_probes": 18408,
      "probe_points": 0,
      "wall_boxes": 528,
      "navigation_cells": 129390,
      "navigation_regions": 8
    }
  ]
}
