[package] /Users/connordawkins/Documents/GitHub/Places/target/lighting-quality-pass/house-before-sweep/package-root (assets: /Users/connordawkins/Documents/GitHub/Places/target/lighting-quality-pass/house-before-sweep/package-root/assets/levels)
[package] asset root: /Users/connordawkins/Documents/GitHub/Places/target/lighting-quality-pass/house-before-sweep/package-root/assets
[settings] quality high (saved high) [startup override] | lighting high | bloom on | reflections off [startup override] | lightmaps full | vsync off | filtering high | window Windowed 1920 x 1080
[display] requested windowed 1920 x 1080 does not fit the display work area (1512 x 870); opening 1512 x 850 instead
[assets] 134 placeable asset(s) of 247 catalog entries; themes: office, pool, home, outdoor
[renderer] wgpu | adapter: Apple M2 Pro | backend: Metal | device type: IntegratedGpu | surface format: Bgra8UnormSrgb | present mode: Fifo | alpha mode: Opaque | depth format: Depth32Float | drawable: 3024x1676
[wgpu] texture filtering: world presets low 4x / medium 8x / high 16x requested | anisotropy supported
[wgpu] present mode Immediate (immediate)
[window] logical 1512x838 | drawable 3024x1676 pixels | backing scale 2.0x
[wgpu] world pipeline for surface format Bgra8UnormSrgb
[wgpu] post targets: scene 3024x1676, bloom 756x419, presented 3024x1676
[loading] package identity level=lantern_hollow variant=full sha256=7b2ad46cda0137e7d0aefb56fd5ea2e9172e3544b8d1b725f79c581295805edc source=/Users/connordawkins/Documents/GitHub/Places/target/lighting-quality-pass/house-before-sweep/package-root/assets/levels/lantern_hollow.placesmap
[loading] compiled-cache miss level=lantern_hollow variant=full
[lightmaps] atlas array: 7 page(s) in 14 layer(s), 1024-texel edge, 117440512 bytes resident
[wgpu] world upload: 9869 vertices, 15102 indices, 158 draws in 1 chunk(s) (neutral mesh: 9869 vertices, 15102 indices, 158 ranges)
[wgpu] textures: 14 unique, 13 uploaded, 137 cache hits, 4 fallbacks, 0 missing of 158 draws (65710744 bytes resident, max edge 1024px, high filtering)
[wgpu] materials: 18 resolved (6 response, 0 reflection-eligible), 0 normal maps (0 uploaded, 0 cache hits), 151 opaque / 0 cutout / 7 translucent of 158 draws (enabled response, high level)
[wgpu] decals: 0 draw(s), 0 chunk(s), 1 sheet(s) (0 external, 0 diagnostic)
[wgpu] sky `outdoor:tex_sky_stars_01`: 1024x512 uploaded
[wgpu] characters: 20 character(s), 5 mesh(es), 39 draw(s), 72188 vertices
[loading] committed lantern_hollow
[props] 60 models cached (0 failed), 17077 triangles, 10608 KiB of textures, 641 draw call(s)
[level] 9869 static vertices, 683616 prop vertices, 641 prop draw call(s), built in 0.1 ms (lighting 0.0 + props 0.0 + surfaces 0.0)
[spatial] 158 static batch(es) (floor 103 / ceiling 6 / wall 41 / light 8 / prop box 0 / decal 0), 641 prop batch(es)
[lighting] baked 54 room(s) / 54 baseline area(s) from 40 fixture(s): 74 wall + 15625 slab + 4096 prop blocker(s), baselines 0.10..0.43 (avg 0.18)
[lightmaps] 7 page(s), 230117 chart(s), 3186452 chart texels, 7340032 page texels (114688 KiB), filled in 0.0 ms
[dynamic] 8 object(s): 12 draw call(s), 4480 vertices (the demonstration path; never part of the static bake); doors: 4/4
PLACES_CAPTURE: wrote /Users/connordawkins/Documents/GitHub/Places/target/lighting-quality-pass/house-before-sweep/hollow_house0_gable-high.png
BENCH_SUMMARY {"level":"lantern_hollow","frames":1,"swap_interval":0,"update_mean_ms":107.371,"render_mean_ms":0.801,"swap_mean_ms":433.340,"frame_mean_ms":541.512,"loop_mean_ms":541.512,"frame_median_ms":541.512,"loop_median_ms":541.512,"frame_p95_ms":541.512,"frame_p99_ms":541.512,"loop_p95_ms":541.512,"loop_p99_ms":541.512,"frame_min_ms":541.512,"frame_max_ms":541.512,"loop_min_ms":541.512,"loop_max_ms":541.512,"fps_median":1.85,"fps_p95":1.85,"fps_p99":1.85,"fps_1pct_low":1.85,"fps_mean":1.85,"measured_fps_mean":1.85,"worst_fps":1.85,"total_vertices":697965,"visible_vertices":100719,"culled_vertices":597246,"total_batches":811,"visible_batches":91,"draw_calls":91,"vbo_bytes":44669760,"index_bytes":1412988,"texture_binds":60,"material_changes":63,"reflection_passes":0}
