[package] /Users/connordawkins/Documents/GitHub/Places (assets: /Users/connordawkins/Documents/GitHub/Places/assets/levels)
[package] asset root: /Users/connordawkins/Documents/GitHub/Places/assets
[settings] quality medium (saved medium) [startup override] | lighting medium | bloom on | reflections off [startup override] | lightmaps medium | vsync off | filtering medium | window Windowed 1920 x 1080
[display] requested windowed 1920 x 1080 does not fit the display work area (1512 x 870); opening 1512 x 850 instead
[assets] 134 placeable asset(s) of 247 catalog entries; themes: office, pool, home, outdoor
[renderer] wgpu | adapter: Apple M2 Pro | backend: Metal | device type: IntegratedGpu | surface format: Bgra8UnormSrgb | present mode: Fifo | alpha mode: Opaque | depth format: Depth32Float | drawable: 3024x1676
[wgpu] texture filtering: world presets low 4x / medium 8x / high 16x requested | anisotropy supported
[wgpu] texture filtering: medium active (trilinear + 8x anisotropy requested)
[wgpu] present mode Immediate (immediate)
[window] logical 1512x838 | drawable 3024x1676 pixels | backing scale 2.0x
[wgpu] world pipeline for surface format Bgra8UnormSrgb
[wgpu] post targets: scene 1512x838, bloom 378x209, presented 3024x1676
[loading] package identity level=places_demo variant=medium sha256=976ac094d05cfbd32e56e4f1c04b9f09e816089eda27c1ee43670a27eef933f5 source=/Users/connordawkins/Documents/GitHub/Places/assets/levels/places_demo.placesmap
[loading] compiled-cache miss level=places_demo variant=medium
[lightmaps] atlas array: 6 page(s) in 24 layer(s), 1024-texel edge, 201326592 bytes resident
[wgpu] world upload: 10719 vertices, 17430 indices, 159 draws in 1 chunk(s) (neutral mesh: 11179 vertices, 18120 indices, 178 ranges)
[wgpu] textures: 40 unique, 36 uploaded, 93 cache hits, 11 fallbacks, 0 missing of 159 draws (58720208 bytes resident, max edge 1024px, medium filtering)
[wgpu] materials: 51 resolved (28 response, 5 reflection-eligible), 4 normal maps (2 uploaded, 2 cache hits), 151 opaque / 1 cutout / 7 translucent of 159 draws (enabled response, medium level)
[wgpu] decals: 19 draw(s), 1 chunk(s), 7 sheet(s) (6 external, 0 diagnostic)
[wgpu] sky `outdoor:tex_sky_stars_01`: 1024x512 uploaded
[wgpu] characters: 16 character(s), 6 mesh(es), 34 draw(s), 50080 vertices
[wgpu] effects: 5 emitter(s), 30 particle(s), 1 draw(s), 1 sheet(s) (1 uploaded, 0 cached)
[loading] committed places_demo
[props] 65 models cached (0 failed), 23955 triangles, 13588 KiB of textures, 230 draw call(s)
[level] 11179 static vertices, 454893 prop vertices, 230 prop draw call(s), built in 0.1 ms (lighting 0.0 + props 0.0 + surfaces 0.0)
[spatial] 159 static batch(es) (floor 44 / ceiling 13 / wall 72 / light 30 / prop box 0 / decal 0), 230 prop batch(es)
[lighting] baked 14 room(s) / 14 baseline area(s) from 73 fixture(s): 1599 wall + 16230 slab + 1046 prop blocker(s), baselines 0.32..0.43 (avg 0.39)
[lightmaps] 6 page(s), 153410 chart(s), 2412603 chart texels, 6291456 page texels (98304 KiB), filled in 0.0 ms
[dynamic] 16 object(s): 26 draw call(s), 9233 vertices (the demonstration path; never part of the static bake); doors: 7/7
PLACES_CAPTURE: wrote /Users/connordawkins/Documents/GitHub/Places/target/lighting-quality-pass/demo-after-final/pool_window-medium.png
BENCH_SUMMARY {"level":"places_demo","frames":1,"swap_interval":0,"update_mean_ms":232.283,"render_mean_ms":1.257,"swap_mean_ms":207.394,"frame_mean_ms":440.934,"loop_mean_ms":440.934,"frame_median_ms":440.934,"loop_median_ms":440.934,"frame_p95_ms":440.934,"frame_p99_ms":440.934,"loop_p95_ms":440.934,"loop_p99_ms":440.934,"frame_min_ms":440.934,"frame_max_ms":440.934,"loop_min_ms":440.934,"loop_max_ms":440.934,"fps_median":2.27,"fps_p95":2.27,"fps_p99":2.27,"fps_1pct_low":2.27,"fps_mean":2.27,"measured_fps_mean":2.27,"worst_fps":2.27,"total_vertices":474845,"visible_vertices":674558,"culled_vertices":0,"total_batches":415,"visible_batches":274,"draw_calls":274,"vbo_bytes":30390080,"index_bytes":975714,"texture_binds":148,"material_changes":166,"reflection_passes":0}
