[package] /Users/connordawkins/Documents/GitHub/Places (assets: /Users/connordawkins/Documents/GitHub/Places/assets/levels)
[package] asset root: /Users/connordawkins/Documents/GitHub/Places/assets
[settings] quality high (saved high) [startup override] | lighting high | bloom on | reflections off [startup override] | lightmaps full | vsync off | filtering high | window Windowed 1920 x 1080
[display] requested windowed 1920 x 1080 does not fit the display work area (1512 x 870); opening 1512 x 850 instead
[levels] /Users/connordawkins/Documents/GitHub/Places/target/lighting-quality-pass/before-standard/state/corridor-high/levels/places_demo.placesmap has the same id 'places_demo' as /Users/connordawkins/Documents/GitHub/Places/assets/levels/places_demo.placesmap; keeping /Users/connordawkins/Documents/GitHub/Places/assets/levels/places_demo.placesmap
[assets] 134 placeable asset(s) of 247 catalog entries; themes: office, pool, home, outdoor
[renderer] wgpu | adapter: Apple M2 Pro | backend: Metal | device type: IntegratedGpu | surface format: Bgra8UnormSrgb | present mode: Fifo | alpha mode: Opaque | depth format: Depth32Float | drawable: 3024x1676
[wgpu] texture filtering: world presets low 4x / medium 8x / high 16x requested | anisotropy supported
[wgpu] present mode Immediate (immediate)
[window] logical 1512x838 | drawable 3024x1676 pixels | backing scale 2.0x
[wgpu] world pipeline for surface format Bgra8UnormSrgb
[wgpu] post targets: scene 3024x1676, bloom 756x419, presented 3024x1676
[loading] package identity level=places_demo variant=full sha256=88249d7fd02d0d79ad3c707a0315a7cff15fe19866db2c2f3e9434817bb807dd source=/Users/connordawkins/Documents/GitHub/Places/assets/levels/places_demo.placesmap
[loading] compiled-cache miss level=places_demo variant=full
[lightmaps] atlas array: 8 page(s) in 32 layer(s), 1024-texel edge, 268435456 bytes resident
[wgpu] world upload: 10719 vertices, 17430 indices, 159 draws in 1 chunk(s) (neutral mesh: 11179 vertices, 18120 indices, 178 ranges)
[wgpu] textures: 40 unique, 36 uploaded, 93 cache hits, 11 fallbacks, 0 missing of 159 draws (205520848 bytes resident, max edge 1024px, high filtering)
[wgpu] materials: 51 resolved (28 response, 5 reflection-eligible), 4 normal maps (2 uploaded, 2 cache hits), 151 opaque / 1 cutout / 7 translucent of 159 draws (enabled response, high level)
[wgpu] decals: 19 draw(s), 1 chunk(s), 7 sheet(s) (6 external, 0 diagnostic)
[wgpu] sky `outdoor:tex_sky_stars_01`: 1024x512 uploaded
[wgpu] characters: 16 character(s), 6 mesh(es), 34 draw(s), 50080 vertices
[wgpu] effects: 5 emitter(s), 30 particle(s), 1 draw(s), 1 sheet(s) (1 uploaded, 0 cached)
[loading] committed places_demo
[props] 65 models cached (0 failed), 23955 triangles, 13588 KiB of textures, 230 draw call(s)
[level] 11179 static vertices, 454893 prop vertices, 230 prop draw call(s), built in 0.0 ms (lighting 0.0 + props 0.0 + surfaces 0.0)
[spatial] 159 static batch(es) (floor 44 / ceiling 13 / wall 72 / light 30 / prop box 0 / decal 0), 230 prop batch(es)
[lighting] baked 14 room(s) / 14 baseline area(s) from 73 fixture(s): 1599 wall + 16350 slab + 1243 prop blocker(s), baselines 0.32..0.43 (avg 0.39)
[lightmaps] 8 page(s), 153410 chart(s), 3657561 chart texels, 8388608 page texels (131072 KiB), filled in 0.0 ms
[dynamic] 16 object(s): 26 draw call(s), 9233 vertices (the demonstration path; never part of the static bake); doors: 7/7
PLACES_CAPTURE: wrote /Users/connordawkins/Documents/GitHub/Places/target/lighting-quality-pass/before-standard/corridor-high.png
BENCH_SUMMARY {"level":"places_demo","frames":1,"swap_interval":0,"update_mean_ms":430.780,"render_mean_ms":1.509,"swap_mean_ms":367.014,"frame_mean_ms":799.303,"loop_mean_ms":799.303,"frame_median_ms":799.303,"loop_median_ms":799.303,"frame_p95_ms":799.303,"frame_p99_ms":799.303,"loop_p95_ms":799.303,"loop_p99_ms":799.303,"frame_min_ms":799.303,"frame_max_ms":799.303,"loop_min_ms":799.303,"loop_max_ms":799.303,"fps_median":1.25,"fps_p95":1.25,"fps_p99":1.25,"fps_1pct_low":1.25,"fps_mean":1.25,"measured_fps_mean":1.25,"worst_fps":1.25,"total_vertices":474845,"visible_vertices":58477,"culled_vertices":416368,"total_batches":415,"visible_batches":113,"draw_calls":113,"vbo_bytes":30390080,"index_bytes":975714,"texture_binds":74,"material_changes":74,"reflection_passes":0}
