   Compiling places v0.7.0 (/Users/connordawkins/Documents/GitHub/Places)
    Finished `test` profile [optimized + debuginfo] target(s) in 36.12s
     Running unittests src/lib.rs (target/debug/deps/places-001b48ecd8029188)

running 14 tests
[transport-audit] stage=direct room=None kind=Prop mean=0.456271 peak=0.536469 shoulder_fraction=0.000000
[transport-audit] stage=indirect room=None kind=Prop mean=0.000000 peak=0.000000 shoulder_fraction=0.000000
[transport-audit] stage=filtered room=None kind=Prop mean=0.456271 peak=0.536469 shoulder_fraction=0.000000
[transport-audit] stage=filled room=None kind=Prop mean=0.456271 peak=0.536469 shoulder_fraction=0.000000
[transport-timing] base=true taps=1 bounces=0 receivers_ms=0.105 direct_visibility_ms=0.040 indirect_ms=0.253 probes_ms=0.000 filter_ms=0.118 fill_ms=0.008
[transport-audit] stage=direct room=None kind=Prop mean=0.456271 peak=0.536469 shoulder_fraction=0.000000
[transport-audit] stage=bounced room=None kind=Prop mean=0.456271 peak=0.536469 shoulder_fraction=0.000000
[transport-audit] stage=indirect room=None kind=Prop mean=0.000000 peak=0.000000 shoulder_fraction=0.000000
[transport-audit] stage=filtered room=None kind=Prop mean=0.456271 peak=0.536469 shoulder_fraction=0.000000
[transport-audit] stage=filled room=None kind=Prop mean=0.456271 peak=0.536469 shoulder_fraction=0.000000
[transport-timing] base=true taps=1 bounces=1 receivers_ms=0.060 direct_visibility_ms=0.027 indirect_ms=0.211 probes_ms=0.000 filter_ms=0.060 fill_ms=0.009
[transport-audit] stage=direct room=None kind=Floor mean=0.290540 peak=0.574219 shoulder_fraction=0.000000
[transport-audit] stage=direct room=None kind=Wall mean=0.141612 peak=0.596962 shoulder_fraction=0.000000
[transport-audit] stage=direct room=None kind=Floor mean=0.000000 peak=0.000000 shoulder_fraction=0.000000
[transport-audit] stage=direct room=None kind=Floor mean=0.173333 peak=0.596962 shoulder_fraction=0.000000
[transport-audit] stage=indirect room=None kind=Floor mean=0.000000 peak=0.000000 shoulder_fraction=0.000000
[transport-audit] stage=filtered room=None kind=Floor mean=0.173333 peak=0.596962 shoulder_fraction=0.000000
[transport-audit] stage=filled room=None kind=Floor mean=0.173333 peak=0.596962 shoulder_fraction=0.000000
[transport-timing] base=true taps=1 bounces=0 receivers_ms=0.282 direct_visibility_ms=0.617 indirect_ms=11.990 probes_ms=0.000 filter_ms=0.321 fill_ms=0.029
[transport-audit] stage=direct room=None kind=Floor mean=0.174745 peak=0.596962 shoulder_fraction=0.000000
[transport-audit] stage=indirect room=None kind=Floor mean=0.000000 peak=0.000000 shoulder_fraction=0.000000
[transport-audit] stage=filtered room=None kind=Floor mean=0.174745 peak=0.596962 shoulder_fraction=0.000000
[transport-audit] stage=filled room=None kind=Floor mean=0.174745 peak=0.596962 shoulder_fraction=0.000000
[transport-timing] base=true taps=1 bounces=0 receivers_ms=0.116 direct_visibility_ms=0.222 indirect_ms=0.106 probes_ms=0.000 filter_ms=0.316 fill_ms=0.030
[transport-audit] stage=direct room=None kind=Floor mean=0.086073 peak=0.086073 shoulder_fraction=0.000000
[transport-audit] stage=indirect room=None kind=Floor mean=0.000000 peak=0.000000 shoulder_fraction=0.000000
[transport-audit] stage=filtered room=None kind=Floor mean=0.086073 peak=0.086073 shoulder_fraction=0.000000
[transport-audit] stage=filled room=None kind=Floor mean=0.086073 peak=0.086073 shoulder_fraction=0.000000
[transport-timing] base=true taps=3 bounces=0 receivers_ms=0.036 direct_visibility_ms=0.037 indirect_ms=13.852 probes_ms=0.000 filter_ms=0.050 fill_ms=0.007
[transport-audit] stage=direct room=None kind=Floor mean=0.086073 peak=0.086073 shoulder_fraction=0.000000
[transport-audit] stage=indirect room=None kind=Floor mean=0.000000 peak=0.000000 shoulder_fraction=0.000000
[transport-audit] stage=filtered room=None kind=Floor mean=0.086073 peak=0.086073 shoulder_fraction=0.000000
[transport-audit] stage=filled room=None kind=Floor mean=0.086073 peak=0.086073 shoulder_fraction=0.000000
[transport-timing] base=true taps=3 bounces=0 receivers_ms=0.015 direct_visibility_ms=0.013 indirect_ms=0.017 probes_ms=0.000 filter_ms=0.047 fill_ms=0.007
[transport-audit] stage=direct room=None kind=Floor mean=0.241717 peak=0.588194 shoulder_fraction=0.000000
[transport-audit] stage=indirect room=None kind=Floor mean=0.000000 peak=0.000000 shoulder_fraction=0.000000
[transport-audit] stage=filtered room=None kind=Floor mean=0.241717 peak=0.588194 shoulder_fraction=0.000000
[transport-audit] stage=filled room=None kind=Floor mean=0.241717 peak=0.588194 shoulder_fraction=0.000000
[transport-timing] base=true taps=1 bounces=0 receivers_ms=0.165 direct_visibility_ms=0.444 indirect_ms=13.536 probes_ms=0.000 filter_ms=0.205 fill_ms=0.017
[transport-audit] stage=indirect room=None kind=Floor mean=0.000000 peak=0.000000 shoulder_fraction=0.000000
[transport-audit] stage=filtered room=None kind=Floor mean=0.000000 peak=0.000000 shoulder_fraction=0.000000
[transport-audit] stage=filled room=None kind=Floor mean=0.000000 peak=0.000000 shoulder_fraction=0.000000
[transport-timing] base=true taps=3 bounces=0 receivers_ms=0.100 direct_visibility_ms=0.169 indirect_ms=12.713 probes_ms=0.000 filter_ms=2.036 fill_ms=0.006
[transport-audit] stage=direct room=None kind=Floor mean=0.000000 peak=0.000000 shoulder_fraction=0.000000
[transport-audit] stage=indirect room=None kind=Floor mean=0.000000 peak=0.000000 shoulder_fraction=0.000000
[transport-audit] stage=filtered room=None kind=Floor mean=0.000000 peak=0.000000 shoulder_fraction=0.000000
[transport-audit] stage=filled room=None kind=Floor mean=0.000000 peak=0.000000 shoulder_fraction=0.000000
[transport-timing] base=true taps=3 bounces=0 receivers_ms=0.041 direct_visibility_ms=0.063 indirect_ms=0.013 probes_ms=0.000 filter_ms=0.183 fill_ms=0.006
[transport-audit] stage=direct room=None kind=Floor mean=0.000000 peak=0.000000 shoulder_fraction=0.000000
[transport-audit] stage=indirect room=None kind=Floor mean=0.000000 peak=0.000000 shoulder_fraction=0.000000
[transport-audit] stage=filtered room=None kind=Floor mean=0.000000 peak=0.000000 shoulder_fraction=0.000000
[transport-audit] stage=filled room=None kind=Floor mean=0.000000 peak=0.000000 shoulder_fraction=0.000000
[transport-timing] base=true taps=3 bounces=0 receivers_ms=0.038 direct_visibility_ms=0.061 indirect_ms=0.013 probes_ms=0.000 filter_ms=0.189 fill_ms=0.005
[transport-audit] stage=direct room=None kind=Floor mean=0.173333 peak=0.596962 shoulder_fraction=0.000000
[transport-audit] stage=direct room=None kind=Wall mean=0.290540 peak=0.574219 shoulder_fraction=0.000000
[transport-audit] stage=direct room=None kind=Floor mean=0.474666 peak=0.707107 shoulder_fraction=0.000000
[transport-audit] stage=indirect room=None kind=Floor mean=0.000000 peak=0.000000 shoulder_fraction=0.000000
[transport-audit] stage=filtered room=None kind=Floor mean=0.474666 peak=0.707107 shoulder_fraction=0.000000
[transport-audit] stage=filled room=None kind=Floor mean=0.474666 peak=0.707107 shoulder_fraction=0.000000
[transport-timing] base=true taps=1 bounces=0 receivers_ms=0.080 direct_visibility_ms=0.059 indirect_ms=15.888 probes_ms=0.000 filter_ms=0.101 fill_ms=0.006
[transport-audit] stage=direct room=None kind=Floor mean=0.425463 peak=0.563550 shoulder_fraction=0.000000
[transport-audit] stage=direct room=None kind=Floor mean=0.464879 peak=0.707107 shoulder_fraction=0.000000
[transport-audit] stage=indirect room=None kind=Floor mean=0.000000 peak=0.000000 shoulder_fraction=0.000000
[transport-audit] stage=filtered room=None kind=Floor mean=0.464879 peak=0.707107 shoulder_fraction=0.000000
[transport-audit] stage=filled room=None kind=Floor mean=0.464879 peak=0.707107 shoulder_fraction=0.000000
[transport-timing] base=true taps=2 bounces=0 receivers_ms=0.026 direct_visibility_ms=0.058 indirect_ms=0.020 probes_ms=0.000 filter_ms=0.098 fill_ms=0.006
[transport-audit] stage=direct room=None kind=Floor mean=0.458457 peak=0.707107 shoulder_fraction=0.000000
[transport-audit] stage=indirect room=None kind=Floor mean=0.000000 peak=0.000000 shoulder_fraction=0.000000
[transport-audit] stage=filtered room=None kind=Floor mean=0.458457 peak=0.707107 shoulder_fraction=0.000000
[transport-audit] stage=filled room=None kind=Floor mean=0.458457 peak=0.707107 shoulder_fraction=0.000000
[transport-timing] base=true taps=3 bounces=0 receivers_ms=0.025 direct_visibility_ms=0.136 indirect_ms=0.015 probes_ms=0.000 filter_ms=0.101 fill_ms=0.006
[coverage-control] edge_texels=22 absolute_error=[7.6676893, 3.2703688, 1.6020381] direct_rays=[289, 509, 1169]
test lighting::transport::tests::quality::an_opaque_backface_blocks_light_without_emitting_front_light ... ok
test lighting::transport::tests::quality::shared_model_edges_keep_the_receiver_faces_normals_and_albedo ... ok
test lighting::transport::tests::quality::coplanar_triangle_diagonal_does_not_select_a_different_bounce_field ... ok
test lighting::transport::tests::quality::a_tilted_shading_normal_does_not_gather_light_from_its_own_backface ... ok
test lighting::transport::tests::quality::direct_light_is_invariant_at_a_coplanar_chart_seam ... ok
test lighting::transport::tests::quality::directional_source_has_constant_direction_and_no_distance_falloff ... ok
test lighting::transport::tests::quality::direct_shadow_coverage_does_not_depend_on_a_chart_boundary ... ok
test lighting::transport::tests::quality::closed_corners_and_a_ceiling_block_directional_light_at_multiple_scales ... ok
test lighting::transport::tests::quality::adaptive_coverage_reduces_diagonal_shadow_error_without_softening_interiors ... ok
[transport-audit] stage=bounced room=None kind=Floor mean=0.425463 peak=0.563550 shoulder_fraction=0.000000
[transport-audit] stage=indirect room=None kind=Floor mean=0.000000 peak=0.000000 shoulder_fraction=0.000000
[transport-audit] stage=filtered room=None kind=Floor mean=0.425463 peak=0.563550 shoulder_fraction=0.000000
[transport-audit] stage=filled room=None kind=Floor mean=0.425463 peak=0.563550 shoulder_fraction=0.000000
[transport-timing] base=true taps=3 bounces=1 receivers_ms=0.232 direct_visibility_ms=0.401 indirect_ms=19.226 probes_ms=0.000 filter_ms=0.521 fill_ms=0.046
[transport-audit] stage=direct room=None kind=Floor mean=0.425463 peak=0.563550 shoulder_fraction=0.000000
[transport-audit] stage=indirect room=None kind=Floor mean=0.000000 peak=0.000000 shoulder_fraction=0.000000
[transport-audit] stage=indirect room=None kind=Wall mean=0.000000 peak=0.000000 shoulder_fraction=0.000000
[transport-audit] stage=direct room=None kind=Prop mean=0.462424 peak=0.500413 shoulder_fraction=0.000000
[transport-audit] stage=indirect room=None kind=Prop mean=0.000000 peak=0.000000 shoulder_fraction=0.000000
[transport-audit] stage=filtered room=None kind=Prop mean=0.462424 peak=0.500413 shoulder_fraction=0.000000
[transport-audit] stage=filled room=None kind=Prop mean=0.462424 peak=0.500413 shoulder_fraction=0.000000
[transport-timing] base=true taps=1 bounces=0 receivers_ms=0.013 direct_visibility_ms=0.008 indirect_ms=0.018 probes_ms=0.000 filter_ms=0.024 fill_ms=0.004
[transport-audit] stage=bounced room=None kind=Floor mean=0.425463 peak=0.563550 shoulder_fraction=0.000000
[transport-audit] stage=indirect room=None kind=Floor mean=0.000000 peak=0.000000 shoulder_fraction=0.000000
[transport-audit] stage=filtered room=None kind=Floor mean=0.425463 peak=0.563550 shoulder_fraction=0.000000
[transport-audit] stage=filled room=None kind=Floor mean=0.425463 peak=0.563550 shoulder_fraction=0.000000
[transport-timing] base=true taps=3 bounces=1 receivers_ms=0.166 direct_visibility_ms=0.262 indirect_ms=4.750 probes_ms=0.000 filter_ms=0.561 fill_ms=0.029
[transport-audit] stage=direct room=None kind=Floor mean=0.141639 peak=0.596962 shoulder_fraction=0.000000
[transport-audit] stage=filtered room=None kind=Floor mean=0.173333 peak=0.596962 shoulder_fraction=0.000000
[transport-audit] stage=filtered room=None kind=Wall mean=0.290540 peak=0.574219 shoulder_fraction=0.000000
[transport-audit] stage=filled room=None kind=Floor mean=0.173333 peak=0.596962 shoulder_fraction=0.000000
[transport-audit] stage=filled room=None kind=Wall mean=0.290540 peak=0.574219 shoulder_fraction=0.000000
[transport-timing] base=true taps=2 bounces=0 receivers_ms=2.641 direct_visibility_ms=0.923 indirect_ms=11.657 probes_ms=0.000 filter_ms=11.645 fill_ms=0.245
[transport-audit] stage=direct room=None kind=Floor mean=0.174745 peak=0.596962 shoulder_fraction=0.000000
[transport-audit] stage=direct room=None kind=Wall mean=0.290540 peak=0.574219 shoulder_fraction=0.000000
test lighting::transport::tests::quality::smooth_model_normals_drive_integration_without_moving_visibility_origins ... ok
test lighting::transport::tests::quality::a_ceiling_shields_the_interior_from_pitched_roof_triangles ... ok
[transport-audit] stage=bounced room=None kind=Floor mean=0.141639 peak=0.596962 shoulder_fraction=0.000000
[transport-audit] stage=indirect room=None kind=Floor mean=0.000000 peak=0.000000 shoulder_fraction=0.000000
[transport-audit] stage=filtered room=None kind=Floor mean=0.141639 peak=0.596962 shoulder_fraction=0.000000
[transport-audit] stage=filled room=None kind=Floor mean=0.141639 peak=0.596962 shoulder_fraction=0.000000
[transport-timing] base=true taps=2 bounces=2 receivers_ms=0.524 direct_visibility_ms=0.675 indirect_ms=8.243 probes_ms=0.000 filter_ms=1.069 fill_ms=0.066
[transport-audit] stage=indirect room=None kind=Floor mean=0.000000 peak=0.000000 shoulder_fraction=0.000000
[transport-audit] stage=indirect room=None kind=Wall mean=0.000000 peak=0.000000 shoulder_fraction=0.000000
[transport-audit] stage=direct room=None kind=Floor mean=0.142446 peak=0.596962 shoulder_fraction=0.000000
[transport-audit] stage=filtered room=None kind=Floor mean=0.174745 peak=0.596962 shoulder_fraction=0.000000
[transport-audit] stage=filtered room=None kind=Wall mean=0.290540 peak=0.574219 shoulder_fraction=0.000000
[transport-audit] stage=filled room=None kind=Floor mean=0.174745 peak=0.596962 shoulder_fraction=0.000000
[transport-audit] stage=filled room=None kind=Wall mean=0.290540 peak=0.574219 shoulder_fraction=0.000000
[transport-timing] base=true taps=2 bounces=0 receivers_ms=1.385 direct_visibility_ms=2.619 indirect_ms=0.689 probes_ms=0.000 filter_ms=5.521 fill_ms=0.096
[transport-audit] stage=direct room=None kind=Floor mean=0.173333 peak=0.596962 shoulder_fraction=0.000000
[transport-audit] stage=direct room=None kind=Wall mean=0.290540 peak=0.574219 shoulder_fraction=0.000000
[transport-audit] stage=bounced room=None kind=Floor mean=0.142446 peak=0.596962 shoulder_fraction=0.000000
[transport-audit] stage=indirect room=None kind=Floor mean=0.000000 peak=0.000000 shoulder_fraction=0.000000
[transport-audit] stage=filtered room=None kind=Floor mean=0.142446 peak=0.596962 shoulder_fraction=0.000000
[transport-audit] stage=filled room=None kind=Floor mean=0.142446 peak=0.596962 shoulder_fraction=0.000000
[transport-timing] base=true taps=2 bounces=2 receivers_ms=0.531 direct_visibility_ms=0.642 indirect_ms=8.401 probes_ms=0.000 filter_ms=1.122 fill_ms=0.068
[transport-audit] stage=direct room=None kind=Floor mean=0.142298 peak=0.596962 shoulder_fraction=0.000000
[transport-audit] stage=bounced room=None kind=Floor mean=0.142298 peak=0.596962 shoulder_fraction=0.000000
[transport-audit] stage=indirect room=None kind=Floor mean=0.000000 peak=0.000000 shoulder_fraction=0.000000
[transport-audit] stage=filtered room=None kind=Floor mean=0.142298 peak=0.596962 shoulder_fraction=0.000000
[transport-audit] stage=filled room=None kind=Floor mean=0.142298 peak=0.596962 shoulder_fraction=0.000000
[transport-timing] base=true taps=2 bounces=2 receivers_ms=0.538 direct_visibility_ms=3.712 indirect_ms=21.906 probes_ms=0.000 filter_ms=1.164 fill_ms=0.069
[transport-audit] stage=direct room=None kind=Floor mean=0.141639 peak=0.596962 shoulder_fraction=0.000000
[transport-audit] stage=bounced room=None kind=Floor mean=0.141639 peak=0.596962 shoulder_fraction=0.000000
[transport-audit] stage=indirect room=None kind=Floor mean=0.000000 peak=0.000000 shoulder_fraction=0.000000
[transport-audit] stage=filtered room=None kind=Floor mean=0.141639 peak=0.596962 shoulder_fraction=0.000000
[transport-audit] stage=filled room=None kind=Floor mean=0.141639 peak=0.596962 shoulder_fraction=0.000000
[transport-timing] base=true taps=3 bounces=2 receivers_ms=0.512 direct_visibility_ms=0.595 indirect_ms=8.215 probes_ms=0.000 filter_ms=1.061 fill_ms=0.078
[transport-audit] stage=direct room=None kind=Floor mean=0.142446 peak=0.596962 shoulder_fraction=0.000000
[transport-audit] stage=bounced room=None kind=Floor mean=0.204612 peak=0.643361 shoulder_fraction=0.000000
[transport-audit] stage=bounced room=None kind=Wall mean=0.304728 peak=0.620257 shoulder_fraction=0.000000
[transport-audit] stage=indirect room=None kind=Floor mean=0.031278 peak=0.068954 shoulder_fraction=0.000000
[transport-audit] stage=indirect room=None kind=Wall mean=0.014189 peak=0.049162 shoulder_fraction=0.000000
[transport-audit] stage=filtered room=None kind=Floor mean=0.204615 peak=0.642561 shoulder_fraction=0.000000
[transport-audit] stage=filtered room=None kind=Wall mean=0.304730 peak=0.618441 shoulder_fraction=0.000000
[transport-audit] stage=bounced room=None kind=Floor mean=0.142446 peak=0.596962 shoulder_fraction=0.000000
[transport-audit] stage=filled room=None kind=Floor mean=0.204615 peak=0.642561 shoulder_fraction=0.000000
[transport-audit] stage=filled room=None kind=Wall mean=0.304730 peak=0.618441 shoulder_fraction=0.000000
[transport-timing] base=true taps=2 bounces=2 receivers_ms=0.510 direct_visibility_ms=0.830 indirect_ms=58.799 probes_ms=0.000 filter_ms=2.121 fill_ms=0.454
[transport-audit] stage=indirect room=None kind=Floor mean=0.000000 peak=0.000000 shoulder_fraction=0.000000
[transport-audit] stage=direct room=None kind=Floor mean=0.174745 peak=0.596962 shoulder_fraction=0.000000
[transport-audit] stage=direct room=None kind=Wall mean=0.290540 peak=0.574219 shoulder_fraction=0.000000
[transport-audit] stage=filtered room=None kind=Floor mean=0.142446 peak=0.596962 shoulder_fraction=0.000000
[transport-audit] stage=filled room=None kind=Floor mean=0.142446 peak=0.596962 shoulder_fraction=0.000000
[transport-timing] base=true taps=3 bounces=2 receivers_ms=3.527 direct_visibility_ms=0.657 indirect_ms=12.571 probes_ms=0.000 filter_ms=5.137 fill_ms=0.069
[transport-audit] stage=direct room=None kind=Floor mean=0.142298 peak=0.596962 shoulder_fraction=0.000000
[transport-audit] stage=bounced room=None kind=Floor mean=0.142298 peak=0.596962 shoulder_fraction=0.000000
[transport-audit] stage=indirect room=None kind=Floor mean=0.000000 peak=0.000000 shoulder_fraction=0.000000
[transport-audit] stage=filtered room=None kind=Floor mean=0.142298 peak=0.596962 shoulder_fraction=0.000000
[transport-audit] stage=filled room=None kind=Floor mean=0.142298 peak=0.596962 shoulder_fraction=0.000000
[transport-timing] base=true taps=3 bounces=2 receivers_ms=0.530 direct_visibility_ms=0.665 indirect_ms=8.519 probes_ms=0.000 filter_ms=1.161 fill_ms=0.069
test lighting::transport::tests::quality::vertical_and_horizontal_wall_strips_have_the_same_lighting_as_one_wall ... ok
[transport-audit] stage=bounced room=None kind=Floor mean=0.206138 peak=0.643361 shoulder_fraction=0.000000
[transport-audit] stage=bounced room=None kind=Wall mean=0.304728 peak=0.620257 shoulder_fraction=0.000000
[transport-audit] stage=indirect room=None kind=Floor mean=0.031394 peak=0.068954 shoulder_fraction=0.000000
[transport-audit] stage=indirect room=None kind=Wall mean=0.014189 peak=0.049162 shoulder_fraction=0.000000
[transport-audit] stage=filtered room=None kind=Floor mean=0.206140 peak=0.642561 shoulder_fraction=0.000000
[transport-audit] stage=filtered room=None kind=Wall mean=0.304730 peak=0.618441 shoulder_fraction=0.000000
[transport-audit] stage=filled room=None kind=Floor mean=0.206140 peak=0.642561 shoulder_fraction=0.000000
[transport-audit] stage=filled room=None kind=Wall mean=0.304730 peak=0.618441 shoulder_fraction=0.000000
[transport-timing] base=true taps=2 bounces=2 receivers_ms=1.380 direct_visibility_ms=2.488 indirect_ms=47.768 probes_ms=0.000 filter_ms=2.140 fill_ms=1.200
[transport-audit] stage=direct room=None kind=Floor mean=0.173333 peak=0.596962 shoulder_fraction=0.000000
[transport-audit] stage=direct room=None kind=Wall mean=0.290540 peak=0.574219 shoulder_fraction=0.000000
[transport-audit] stage=indirect room=None kind=Floor mean=0.000000 peak=0.000000 shoulder_fraction=0.000000
[transport-audit] stage=indirect room=None kind=Wall mean=0.000000 peak=0.000000 shoulder_fraction=0.000000
[transport-audit] stage=filtered room=None kind=Floor mean=0.173333 peak=0.596962 shoulder_fraction=0.000000
[transport-audit] stage=filtered room=None kind=Wall mean=0.290540 peak=0.574219 shoulder_fraction=0.000000
[transport-audit] stage=filled room=None kind=Floor mean=0.173333 peak=0.596962 shoulder_fraction=0.000000
[transport-audit] stage=filled room=None kind=Wall mean=0.290540 peak=0.574219 shoulder_fraction=0.000000
[transport-timing] base=true taps=3 bounces=0 receivers_ms=1.352 direct_visibility_ms=2.183 indirect_ms=1.333 probes_ms=0.000 filter_ms=5.527 fill_ms=0.652
[transport-audit] stage=direct room=None kind=Floor mean=0.174745 peak=0.596962 shoulder_fraction=0.000000
[transport-audit] stage=direct room=None kind=Wall mean=0.290540 peak=0.574219 shoulder_fraction=0.000000
[transport-audit] stage=indirect room=None kind=Floor mean=0.000000 peak=0.000000 shoulder_fraction=0.000000
[transport-audit] stage=indirect room=None kind=Wall mean=0.000000 peak=0.000000 shoulder_fraction=0.000000
[transport-audit] stage=filtered room=None kind=Floor mean=0.174745 peak=0.596962 shoulder_fraction=0.000000
[transport-audit] stage=filtered room=None kind=Wall mean=0.290540 peak=0.574219 shoulder_fraction=0.000000
[transport-audit] stage=filled room=None kind=Floor mean=0.174745 peak=0.596962 shoulder_fraction=0.000000
[transport-audit] stage=filled room=None kind=Wall mean=0.290540 peak=0.574219 shoulder_fraction=0.000000
[transport-timing] base=true taps=3 bounces=0 receivers_ms=0.522 direct_visibility_ms=0.859 indirect_ms=0.282 probes_ms=0.000 filter_ms=2.062 fill_ms=0.071
[transport-audit] stage=direct room=None kind=Floor mean=0.173333 peak=0.596962 shoulder_fraction=0.000000
[transport-audit] stage=direct room=None kind=Wall mean=0.290540 peak=0.574219 shoulder_fraction=0.000000
[transport-audit] stage=bounced room=None kind=Floor mean=0.204612 peak=0.643361 shoulder_fraction=0.000000
[transport-audit] stage=bounced room=None kind=Wall mean=0.304728 peak=0.620257 shoulder_fraction=0.000000
[transport-audit] stage=indirect room=None kind=Floor mean=0.031278 peak=0.068954 shoulder_fraction=0.000000
[transport-audit] stage=indirect room=None kind=Wall mean=0.014189 peak=0.049162 shoulder_fraction=0.000000
[transport-audit] stage=filtered room=None kind=Floor mean=0.204615 peak=0.642561 shoulder_fraction=0.000000
[transport-audit] stage=filtered room=None kind=Wall mean=0.304730 peak=0.618441 shoulder_fraction=0.000000
[transport-audit] stage=filled room=None kind=Floor mean=0.204615 peak=0.642561 shoulder_fraction=0.000000
[transport-audit] stage=filled room=None kind=Wall mean=0.304730 peak=0.618441 shoulder_fraction=0.000000
[transport-timing] base=true taps=3 bounces=2 receivers_ms=0.892 direct_visibility_ms=2.249 indirect_ms=74.382 probes_ms=0.000 filter_ms=5.319 fill_ms=0.225
[transport-audit] stage=bounced room=None kind=Floor mean=0.328717 peak=0.680223 shoulder_fraction=0.000000
[transport-audit] stage=bounced room=None kind=Wall mean=0.186596 peak=0.656673 shoulder_fraction=0.000000
[transport-audit] stage=indirect room=None kind=Floor mean=0.038178 peak=0.114519 shoulder_fraction=0.000000
[transport-audit] stage=indirect room=None kind=Wall mean=0.044983 peak=0.210339 shoulder_fraction=0.000000
[transport-audit] stage=direct room=None kind=Floor mean=0.174745 peak=0.596962 shoulder_fraction=0.000000
[transport-audit] stage=direct room=None kind=Wall mean=0.290540 peak=0.574219 shoulder_fraction=0.000000
[transport-audit] stage=filtered room=None kind=Floor mean=0.328720 peak=0.679232 shoulder_fraction=0.000000
[transport-audit] stage=filtered room=None kind=Wall mean=0.186583 peak=0.655615 shoulder_fraction=0.000000
[transport-audit] stage=filled room=None kind=Floor mean=0.328720 peak=0.679232 shoulder_fraction=0.000000
[transport-audit] stage=filled room=None kind=Wall mean=0.186583 peak=0.655615 shoulder_fraction=0.000000
[transport-timing] base=true taps=2 bounces=2 receivers_ms=2.958 direct_visibility_ms=4.668 indirect_ms=247.549 probes_ms=0.000 filter_ms=14.590 fill_ms=0.370
[transport-audit] stage=direct room=None kind=Floor mean=0.290540 peak=0.574219 shoulder_fraction=0.000000
[transport-audit] stage=direct room=None kind=Wall mean=0.142791 peak=0.596962 shoulder_fraction=0.000000
[transport-audit] stage=bounced room=None kind=Floor mean=0.206138 peak=0.643361 shoulder_fraction=0.000000
[transport-audit] stage=bounced room=None kind=Wall mean=0.304728 peak=0.620257 shoulder_fraction=0.000000
[transport-audit] stage=indirect room=None kind=Floor mean=0.031394 peak=0.068954 shoulder_fraction=0.000000
[transport-audit] stage=indirect room=None kind=Wall mean=0.014189 peak=0.049162 shoulder_fraction=0.000000
[transport-audit] stage=filtered room=None kind=Floor mean=0.206140 peak=0.642561 shoulder_fraction=0.000000
[transport-audit] stage=filtered room=None kind=Wall mean=0.304730 peak=0.618441 shoulder_fraction=0.000000
[transport-audit] stage=filled room=None kind=Floor mean=0.206140 peak=0.642561 shoulder_fraction=0.000000
[transport-audit] stage=filled room=None kind=Wall mean=0.304730 peak=0.618441 shoulder_fraction=0.000000
[transport-timing] base=true taps=3 bounces=2 receivers_ms=2.386 direct_visibility_ms=0.865 indirect_ms=53.575 probes_ms=0.000 filter_ms=2.185 fill_ms=0.074
test lighting::transport::tests::quality::medium_and_high_bounce_fields_remain_continuous_across_subdivisions ... ok
[transport-audit] stage=bounced room=None kind=Floor mean=0.328717 peak=0.680223 shoulder_fraction=0.000000
[transport-audit] stage=bounced room=None kind=Wall mean=0.187655 peak=0.656673 shoulder_fraction=0.000000
[transport-audit] stage=indirect room=None kind=Floor mean=0.038178 peak=0.114519 shoulder_fraction=0.000000
[transport-audit] stage=indirect room=None kind=Wall mean=0.044864 peak=0.210339 shoulder_fraction=0.000000
[transport-audit] stage=filtered room=None kind=Floor mean=0.328720 peak=0.679232 shoulder_fraction=0.000000
[transport-audit] stage=filtered room=None kind=Wall mean=0.187644 peak=0.655615 shoulder_fraction=0.000000
[transport-audit] stage=filled room=None kind=Floor mean=0.328720 peak=0.679232 shoulder_fraction=0.000000
[transport-audit] stage=filled room=None kind=Wall mean=0.187644 peak=0.655615 shoulder_fraction=0.000000
[transport-timing] base=true taps=2 bounces=2 receivers_ms=3.058 direct_visibility_ms=3.565 indirect_ms=239.563 probes_ms=0.000 filter_ms=4.423 fill_ms=0.114
[transport-audit] stage=direct room=None kind=Floor mean=0.290540 peak=0.574219 shoulder_fraction=0.000000
[transport-audit] stage=direct room=None kind=Wall mean=0.141612 peak=0.596962 shoulder_fraction=0.000000
[transport-audit] stage=bounced room=None kind=Floor mean=0.328717 peak=0.680223 shoulder_fraction=0.000000
[transport-audit] stage=bounced room=None kind=Wall mean=0.186596 peak=0.656673 shoulder_fraction=0.000000
[transport-audit] stage=indirect room=None kind=Floor mean=0.038178 peak=0.114519 shoulder_fraction=0.000000
[transport-audit] stage=indirect room=None kind=Wall mean=0.044983 peak=0.210339 shoulder_fraction=0.000000
[transport-audit] stage=filtered room=None kind=Floor mean=0.328720 peak=0.679232 shoulder_fraction=0.000000
[transport-audit] stage=filtered room=None kind=Wall mean=0.186583 peak=0.655615 shoulder_fraction=0.000000
[transport-audit] stage=filled room=None kind=Floor mean=0.328720 peak=0.679232 shoulder_fraction=0.000000
[transport-audit] stage=filled room=None kind=Wall mean=0.186583 peak=0.655615 shoulder_fraction=0.000000
[transport-timing] base=true taps=3 bounces=2 receivers_ms=1.155 direct_visibility_ms=6.619 indirect_ms=236.438 probes_ms=0.000 filter_ms=4.138 fill_ms=0.108
[transport-audit] stage=direct room=None kind=Floor mean=0.290540 peak=0.574219 shoulder_fraction=0.000000
[transport-audit] stage=direct room=None kind=Wall mean=0.142791 peak=0.596962 shoulder_fraction=0.000000
[transport-audit] stage=bounced room=None kind=Floor mean=0.328717 peak=0.680223 shoulder_fraction=0.000000
[transport-audit] stage=bounced room=None kind=Wall mean=0.187655 peak=0.656673 shoulder_fraction=0.000000
[transport-audit] stage=indirect room=None kind=Floor mean=0.038178 peak=0.114519 shoulder_fraction=0.000000
[transport-audit] stage=indirect room=None kind=Wall mean=0.044864 peak=0.210339 shoulder_fraction=0.000000
[transport-audit] stage=filtered room=None kind=Floor mean=0.328720 peak=0.679232 shoulder_fraction=0.000000
[transport-audit] stage=filtered room=None kind=Wall mean=0.187644 peak=0.655615 shoulder_fraction=0.000000
[transport-audit] stage=filled room=None kind=Floor mean=0.328720 peak=0.679232 shoulder_fraction=0.000000
[transport-audit] stage=filled room=None kind=Wall mean=0.187644 peak=0.655615 shoulder_fraction=0.000000
[transport-timing] base=true taps=3 bounces=2 receivers_ms=1.223 direct_visibility_ms=1.975 indirect_ms=199.114 probes_ms=0.000 filter_ms=14.698 fill_ms=0.115
test lighting::transport::tests::quality::rectangular_window_surrounds_keep_lighting_when_subdivided ... ok

test result: ok. 14 passed; 0 failed; 0 ignored; 0 measured; 1938 filtered out; finished in 0.99s
