   Compiling places v0.7.0 (/Users/connordawkins/Documents/GitHub/Places)
    Finished `test` profile [optimized + debuginfo] target(s) in 32.24s
     Running unittests src/lib.rs (target/debug/deps/places-001b48ecd8029188)

running 68 tests
test lighting::transport::tests::a_sealed_wall_blocks_direct_light_and_an_opening_admits_it ... ok
test lighting::transport::tests::a_transmissive_triangle_is_skipped_by_visibility_and_by_the_nearest_hit ... ok
test lighting::transport::tests::an_extended_emitter_produces_a_partial_soft_visibility_transition ... ok
test lighting::transport::tests::a_cancelled_solve_reports_a_fill_failure ... ok
test lighting::transport::tests::a_nonzero_sky_ambient_lights_an_open_receiver_and_zero_is_unchanged ... ok
test lighting::transport::tests::a_chart_brighter_than_its_target_is_untouched ... ok
test lighting::transport::tests::a_water_surface_transmits_attenuates_and_tints_while_an_opaque_barrier_blocks ... ok
test lighting::transport::tests::a_water_target_is_attenuated_with_the_direct_light ... ok
test lighting::transport::tests::fill::baseline_response_is_continuous_and_preserves_half_the_gradient ... ok
test lighting::transport::tests::corner_ray_origin_stays_on_the_charts_owning_side_and_surface ... ok
test lighting::transport::tests::fill::authored_support_is_continuous_and_excludes_switchable_lights ... ok
test lighting::transport::tests::fill::diffuse_hemisphere_preserves_the_cosine_integral ... ok
test lighting::transport::tests::fill::opposing_tangential_emitters_cannot_light_a_floor ... ok
test lighting::transport::tests::full_occlusion_reads_zero_in_the_solved_atlas ... ok
test lighting::transport::tests::grazing_ray_cancellation_does_not_invent_a_blocker_two_metres_away ... ok
test lighting::transport::tests::oblique_starting_surface_has_no_positive_self_hit ... ok
test lighting::transport::tests::perpendicular_corner_and_long_grazing_rays_do_not_self_occlude ... ok
test lighting::transport::tests::probes::a_capped_lattice_covers_low_air_spaces_and_uses_world_coordinates ... ok
test lighting::transport::tests::fill::splitting_a_chart_cannot_change_its_baseline_correction ... ok
test lighting::transport::tests::fill::coloured_fill_preserves_moments_and_has_finite_probes_and_texels ... ok
test lighting::transport::tests::a_sealed_room_blocks_every_direct_path_and_almost_the_whole_bounce_path ... ok
test lighting::transport::tests::probes::closed_solid_and_surface_clearance_reject_embedded_probes ... ok
test lighting::transport::tests::fill::package_round_trip_preserves_independent_surface_energy ... ok
test lighting::transport::tests::probes::escaping_probe_rays_see_authored_linear_hdr_sky ... ok
test lighting::transport::tests::a_chart_fill_preserves_the_tall_chamber_pool_contrast ... ok
test lighting::transport::tests::a_diffuse_bounce_reaches_a_surface_the_light_cannot_see ... ok
test lighting::transport::tests::probes::neutral_probe_diffuse_illumination_is_comparable_to_nearby_static_surface ... ok
test lighting::transport::tests::probes::parallel_receiver_work_is_bounded_and_interleaved ... ok
test lighting::transport::tests::probes::invalid_transport_input_and_overflow_fail_before_probe_compression ... ok
test lighting::transport::tests::probes::sky_is_injected_once_across_diffuse_orders ... ok
test lighting::transport::tests::probes::switchable_atlas_layers_do_not_duplicate_the_base_sky ... ok
test lighting::transport::tests::bounce_strength_follows_the_source_albedo ... ok
test lighting::transport::tests::quality::a_tilted_shading_normal_does_not_gather_light_from_its_own_backface ... ok
test lighting::transport::tests::quality::an_opaque_backface_blocks_light_without_emitting_front_light ... ok
test lighting::transport::tests::quality::coplanar_triangle_diagonal_does_not_select_a_different_bounce_field ... ok
test lighting::transport::tests::quality::closed_corners_and_a_ceiling_block_directional_light_at_multiple_scales ... ok
test lighting::transport::tests::quality::direct_shadow_coverage_does_not_depend_on_a_chart_boundary ... ok
test lighting::transport::tests::a_parallel_solve_is_identical_to_the_serial_solve ... ok
test lighting::transport::tests::quality::directional_source_has_constant_direction_and_no_distance_falloff ... ok
test lighting::transport::tests::quality::direct_light_is_invariant_at_a_coplanar_chart_seam ... ok
test lighting::transport::tests::quality::adaptive_coverage_reduces_diagonal_shadow_error_without_softening_interiors ... ok
test lighting::transport::tests::quality::shared_model_edges_keep_the_receiver_faces_normals_and_albedo ... ok
test lighting::transport::tests::quality::smooth_model_normals_drive_integration_without_moving_visibility_origins ... ok
test lighting::transport::tests::shared_triangle_edges_and_t_junctions_are_watertight ... ok
test lighting::transport::tests::stair_joint_blocks_even_submillimetre_hits ... ok
test lighting::transport::tests::stair_shared_edge_distinguishes_entering_solid_from_departing ... ok
test lighting::transport::tests::subdivided_coplanar_surfaces_keep_their_bounce_cache_light ... ok
test lighting::transport::tests::quality::a_ceiling_shields_the_interior_from_pitched_roof_triangles ... ok
test lighting::transport::tests::the_bvh_agrees_with_a_linear_scan ... ok
test lighting::transport::tests::switchable_fixtures_are_excluded_from_the_moving_object_field ... ok
test lighting::transport::tests::the_chart_fill_reaches_the_probe_field_with_the_same_target ... ok
test lighting::transport::tests::reordering_charts_does_not_change_the_indirect_field ... ok
test lighting::transport::tests::the_chart_fill_restores_the_authored_baseline_and_keeps_dark_rooms_dark ... ok
test lighting::transport::tests::the_emitter_shapes_sample_their_own_extents ... ok
test lighting::transport::tests::fill::a_second_bounce_cannot_repeat_a_single_reflection_path ... ok
test lighting::transport::tests::the_moment_reconstruction_is_exact_for_a_single_light ... ok
test lighting::transport::tests::the_solver_fingerprint_is_stable_and_distinct_from_the_lighting_model ... ok
test lighting::transport::tests::the_tone_map_preserves_the_calibrated_range_and_compresses_highlights ... ok
test lighting::transport::tests::the_probe_fill_preserves_a_rooms_internal_structure ... ok
test lighting::transport::tests::the_spatial_fill_includes_ceilings_and_preserves_their_physical_gradients ... ok
test lighting::transport::tests::probes::neighboring_probes_share_a_smooth_diffuse_estimator ... ok
test lighting::transport::tests::probes::recovery_fill_is_visibility_gated_across_a_sealed_wall ... ok
test lighting::transport::tests::probes::enclosed_dark_room_and_wall_separation_preserve_darkness ... ok
test lighting::transport::tests::probes::probe_bakes_are_bit_identical_across_workers_and_repeated_builds ... ok
test lighting::transport::tests::quality::vertical_and_horizontal_wall_strips_have_the_same_lighting_as_one_wall ... ok
test lighting::transport::tests::fill::maintained_hallway_recessed_and_hanging_fixtures_cast_direct_pools ... ok
test lighting::transport::tests::quality::medium_and_high_bounce_fields_remain_continuous_across_subdivisions ... ok
test lighting::transport::tests::quality::rectangular_window_surrounds_keep_lighting_when_subdivided ... ok

test result: ok. 68 passed; 0 failed; 0 ignored; 0 measured; 1884 filtered out; finished in 0.66s
