[package] /private/var/folders/sl/yxxj_m9n37sgntkntqw0x8yw0000gn/T/places-art-style-hero-xqu40z5n (assets: /private/var/folders/sl/yxxj_m9n37sgntkntqw0x8yw0000gn/T/places-art-style-hero-xqu40z5n/assets/levels)
[package] asset root: /private/var/folders/sl/yxxj_m9n37sgntkntqw0x8yw0000gn/T/places-art-style-hero-xqu40z5n/assets
[settings] quality high (saved high) [startup override] | lighting high | bloom on | reflections full | lightmaps full | vsync off | filtering high | window Windowed 640 x 360
[assets] 204 placeable asset(s) of 352 catalog entries; themes: office, pool, home, outdoor, winter
[renderer] wgpu | adapter: Apple M2 Pro | backend: Metal | device type: IntegratedGpu | surface format: Bgra8UnormSrgb | present mode: Fifo | alpha mode: Opaque | depth format: Depth32Float | drawable: 1280x720
[wgpu] texture filtering: world presets low 4x / medium 8x / high 16x requested | anisotropy supported
[wgpu] present mode Immediate (immediate)
[window] logical 640x360 | drawable 1280x720 pixels | backing scale 2.0x
[wgpu] world pipeline for surface format Bgra8UnormSrgb
[wgpu] post targets: scene 1280x720, bloom 320x180, presented 1280x720
[startup] total 268.6 ms
[startup]   package root: +0.6 ms (0.6 ms)
[startup]   settings: +0.8 ms (1.4 ms)
[startup]   window: +127.6 ms (129.1 ms)
[startup]   asset catalog: +2.3 ms (131.3 ms)
[startup]   renderer device: +11.3 ms (142.6 ms)
[startup]   input responsive: +58.5 ms (201.2 ms)
[startup]   first scene attempted: +28.3 ms (229.5 ms)
[startup]   first UI attempted: +0.0 ms (229.5 ms)
[startup]   first presented: +39.1 ms (268.6 ms)
[loading] package identity level=art_style_hero variant=full sha256=d42c4dbc365974ddb55580274f84a378ba264a93df11c9b1d81516c0b77fc038 source=/var/folders/sl/yxxj_m9n37sgntkntqw0x8yw0000gn/T/places-art-style-hero-xqu40z5n/assets/levels/art_style_hero.placesmap
[loading] compiled-cache miss level=art_style_hero variant=full
[lightmaps] atlas array: 2 page(s) in 4 layer(s), 1024-texel edge, 33554432 bytes resident
[wgpu] world upload: 348 vertices, 534 indices, 14 draws in 1 chunk(s) (neutral mesh: 348 vertices, 534 indices, 14 ranges)
[wgpu] textures: 10 unique, 9 uploaded, 3 cache hits, 1 fallbacks, 0 missing of 14 draws (53127840 bytes resident, max edge 1024px, high filtering)
[wgpu] materials: 11 resolved (6 response, 1 reflection-eligible), 2 normal maps (2 uploaded, 0 cache hits), 13 opaque / 0 cutout / 1 translucent of 14 draws (enabled response, high level)
[wgpu] decals: 0 draw(s), 0 chunk(s), 1 sheet(s) (0 external, 0 diagnostic)
[wgpu] sky `outdoor:tex_sky_stars_01`: 1024x512 uploaded
[wgpu] uploaded 1 packaged reflection probe(s) at 64 texels, 7 mip level(s)
[wgpu] characters: 3 character(s), 1 mesh(es), 9 draw(s), 9087 vertices
[loading] committed art_style_hero
[props] 17 models cached (0 failed), 6674 triangles, 4624 KiB of textures, 21 draw call(s)
[level] 348 static vertices, 15900 prop vertices, 21 prop draw call(s), built in 0.2 ms (lighting 0.0 + props 0.0 + surfaces 0.0)
[spatial] 14 static batch(es) (floor 4 / ceiling 1 / wall 7 / light 2 / prop box 0 / decal 0), 21 prop batch(es)
[lighting] baked 3 room(s) / 3 baseline area(s) from 4 fixture(s): 16 wall + 36 slab + 222 prop blocker(s), baselines 0.31..0.41 (avg 0.37)
[lightmaps] 2 page(s), 5363 chart(s), 203188 chart texels, 2097152 page texels (32768 KiB), filled in 0.0 ms
[dynamic] 2 object(s): 3 draw call(s), 1120 vertices (the demonstration path; never part of the static bake); doors: 1/1
[characters] `home:dining_chair` spawns through the dynamic path: the runtime model `environment/home/props/models/dining_chair.glb` carries no skin or animation; it cannot be posed
PLACES_CAPTURE: wrote /Users/connordawkins/Documents/GitHub/Places/docs/art-style/stage4/repair-snapshot-replay-movement/door.png
BENCH_SUMMARY {"level":"art_style_hero","frames":69,"swap_interval":0,"update_mean_ms":0.885,"render_mean_ms":4.690,"swap_mean_ms":1.355,"frame_mean_ms":6.931,"loop_mean_ms":5.813,"frame_median_ms":7.695,"loop_median_ms":7.925,"frame_p95_ms":12.772,"frame_p99_ms":13.979,"loop_p95_ms":12.174,"loop_p99_ms":14.200,"frame_min_ms":1.159,"frame_max_ms":100.904,"loop_min_ms":1.334,"loop_max_ms":14.226,"fps_median":126.18,"fps_p95":82.14,"fps_p99":70.42,"fps_1pct_low":70.42,"fps_mean":172.02,"measured_fps_mean":144.27,"worst_fps":70.30,"total_vertices":17800,"visible_vertices":26579,"culled_vertices":0,"total_batches":39,"visible_batches":40,"draw_calls":40,"vbo_bytes":1352800,"index_bytes":37980,"texture_binds":33,"material_changes":37,"reflection_passes":0}
        1.72 real         0.79 user         0.21 sys
           465584128  maximum resident set size
                   0  average shared memory size
                   0  average unshared data size
                   0  average unshared stack size
               35843  page reclaims
                  35  page faults
                   0  swaps
                   0  block input operations
                   0  block output operations
                   0  messages sent
                   0  messages received
                   0  signals received
                  75  voluntary context switches
                6284  involuntary context switches
          9384605719  instructions retired
          2938284186  cycles elapsed
           529057136  peak memory footprint
